Archive member included to satisfy reference by file (symbol)

c:/opt/bcc-2.0.2-gcc/bin/../lib/gcc/sparc-gaisler-elf/7.2.0/../../../../sparc-gaisler-elf/lib/leon/mfix-at697f\libm.a(lib_a-s_atan.o)
                              C:\Users\Bhagawat\AppData\Local\Temp\ccPbqKJR.o (atan)
c:/opt/bcc-2.0.2-gcc/bin/../lib/gcc/sparc-gaisler-elf/7.2.0/../../../../sparc-gaisler-elf/lib/leon/mfix-at697f\libm.a(lib_a-s_cos.o)
                              C:\Users\Bhagawat\AppData\Local\Temp\ccOyPUWX.o (cos)
c:/opt/bcc-2.0.2-gcc/bin/../lib/gcc/sparc-gaisler-elf/7.2.0/../../../../sparc-gaisler-elf/lib/leon/mfix-at697f\libm.a(lib_a-s_fabs.o)
                              c:/opt/bcc-2.0.2-gcc/bin/../lib/gcc/sparc-gaisler-elf/7.2.0/../../../../sparc-gaisler-elf/lib/leon/mfix-at697f\libm.a(lib_a-s_atan.o) (fabs)
c:/opt/bcc-2.0.2-gcc/bin/../lib/gcc/sparc-gaisler-elf/7.2.0/../../../../sparc-gaisler-elf/lib/leon/mfix-at697f\libm.a(lib_a-s_floor.o)
                              C:\Users\Bhagawat\AppData\Local\Temp\ccsUYOPQ.o (floor)
c:/opt/bcc-2.0.2-gcc/bin/../lib/gcc/sparc-gaisler-elf/7.2.0/../../../../sparc-gaisler-elf/lib/leon/mfix-at697f\libm.a(lib_a-s_round.o)
                              C:\Users\Bhagawat\AppData\Local\Temp\cc6P9c1U.o (round)
c:/opt/bcc-2.0.2-gcc/bin/../lib/gcc/sparc-gaisler-elf/7.2.0/../../../../sparc-gaisler-elf/lib/leon/mfix-at697f\libm.a(lib_a-s_sin.o)
                              C:\Users\Bhagawat\AppData\Local\Temp\ccOyPUWX.o (sin)
c:/opt/bcc-2.0.2-gcc/bin/../lib/gcc/sparc-gaisler-elf/7.2.0/../../../../sparc-gaisler-elf/lib/leon/mfix-at697f\libm.a(lib_a-s_tan.o)
                              C:\Users\Bhagawat\AppData\Local\Temp\ccPbqKJR.o (tan)
c:/opt/bcc-2.0.2-gcc/bin/../lib/gcc/sparc-gaisler-elf/7.2.0/../../../../sparc-gaisler-elf/lib/leon/mfix-at697f\libm.a(lib_a-w_acos.o)
                              C:\Users\Bhagawat\AppData\Local\Temp\ccTS9jLG.o (acos)
c:/opt/bcc-2.0.2-gcc/bin/../lib/gcc/sparc-gaisler-elf/7.2.0/../../../../sparc-gaisler-elf/lib/leon/mfix-at697f\libm.a(lib_a-w_asin.o)
                              C:\Users\Bhagawat\AppData\Local\Temp\ccsUYOPQ.o (asin)
c:/opt/bcc-2.0.2-gcc/bin/../lib/gcc/sparc-gaisler-elf/7.2.0/../../../../sparc-gaisler-elf/lib/leon/mfix-at697f\libm.a(lib_a-w_atan2.o)
                              C:\Users\Bhagawat\AppData\Local\Temp\ccTS9jLG.o (atan2)
c:/opt/bcc-2.0.2-gcc/bin/../lib/gcc/sparc-gaisler-elf/7.2.0/../../../../sparc-gaisler-elf/lib/leon/mfix-at697f\libm.a(lib_a-w_fmod.o)
                              C:\Users\Bhagawat\AppData\Local\Temp\ccsUYOPQ.o (fmod)
c:/opt/bcc-2.0.2-gcc/bin/../lib/gcc/sparc-gaisler-elf/7.2.0/../../../../sparc-gaisler-elf/lib/leon/mfix-at697f\libm.a(lib_a-w_pow.o)
                              C:\Users\Bhagawat\AppData\Local\Temp\ccTS9jLG.o (pow)
c:/opt/bcc-2.0.2-gcc/bin/../lib/gcc/sparc-gaisler-elf/7.2.0/../../../../sparc-gaisler-elf/lib/leon/mfix-at697f\libm.a(lib_a-w_sqrt.o)
                              C:\Users\Bhagawat\AppData\Local\Temp\ccOyPUWX.o (sqrt)
c:/opt/bcc-2.0.2-gcc/bin/../lib/gcc/sparc-gaisler-elf/7.2.0/../../../../sparc-gaisler-elf/lib/leon/mfix-at697f\libm.a(lib_a-e_acos.o)
                              c:/opt/bcc-2.0.2-gcc/bin/../lib/gcc/sparc-gaisler-elf/7.2.0/../../../../sparc-gaisler-elf/lib/leon/mfix-at697f\libm.a(lib_a-w_acos.o) (__ieee754_acos)
c:/opt/bcc-2.0.2-gcc/bin/../lib/gcc/sparc-gaisler-elf/7.2.0/../../../../sparc-gaisler-elf/lib/leon/mfix-at697f\libm.a(lib_a-e_asin.o)
                              c:/opt/bcc-2.0.2-gcc/bin/../lib/gcc/sparc-gaisler-elf/7.2.0/../../../../sparc-gaisler-elf/lib/leon/mfix-at697f\libm.a(lib_a-w_asin.o) (__ieee754_asin)
c:/opt/bcc-2.0.2-gcc/bin/../lib/gcc/sparc-gaisler-elf/7.2.0/../../../../sparc-gaisler-elf/lib/leon/mfix-at697f\libm.a(lib_a-e_atan2.o)
                              c:/opt/bcc-2.0.2-gcc/bin/../lib/gcc/sparc-gaisler-elf/7.2.0/../../../../sparc-gaisler-elf/lib/leon/mfix-at697f\libm.a(lib_a-w_atan2.o) (__ieee754_atan2)
c:/opt/bcc-2.0.2-gcc/bin/../lib/gcc/sparc-gaisler-elf/7.2.0/../../../../sparc-gaisler-elf/lib/leon/mfix-at697f\libm.a(lib_a-e_fmod.o)
                              c:/opt/bcc-2.0.2-gcc/bin/../lib/gcc/sparc-gaisler-elf/7.2.0/../../../../sparc-gaisler-elf/lib/leon/mfix-at697f\libm.a(lib_a-w_fmod.o) (__ieee754_fmod)
c:/opt/bcc-2.0.2-gcc/bin/../lib/gcc/sparc-gaisler-elf/7.2.0/../../../../sparc-gaisler-elf/lib/leon/mfix-at697f\libm.a(lib_a-e_pow.o)
                              c:/opt/bcc-2.0.2-gcc/bin/../lib/gcc/sparc-gaisler-elf/7.2.0/../../../../sparc-gaisler-elf/lib/leon/mfix-at697f\libm.a(lib_a-w_pow.o) (__ieee754_pow)
c:/opt/bcc-2.0.2-gcc/bin/../lib/gcc/sparc-gaisler-elf/7.2.0/../../../../sparc-gaisler-elf/lib/leon/mfix-at697f\libm.a(lib_a-e_rem_pio2.o)
                              c:/opt/bcc-2.0.2-gcc/bin/../lib/gcc/sparc-gaisler-elf/7.2.0/../../../../sparc-gaisler-elf/lib/leon/mfix-at697f\libm.a(lib_a-s_cos.o) (__ieee754_rem_pio2)
[...]
Memory Configuration

Name             Origin             Length             Attributes
rom              0x0000000000000000 0x0000000020000000
ram              0x0000000040000000 0x0000000040000000
*default*        0x0000000000000000 0xffffffffffffffff

Linker script and memory map

LOAD c:/opt/bcc-2.0.2-gcc/bin/../sparc-gaisler-elf/bsp/leon2/leon/mfix-at697f/trap_table_mvt.S.o
LOAD c:/opt/bcc-2.0.2-gcc/bin/../sparc-gaisler-elf/bsp/leon2/leon/mfix-at697f/crt0.S.o
LOAD c:/opt/bcc-2.0.2-gcc/bin/../lib/gcc/sparc-gaisler-elf/7.2.0/leon/mfix-at697f/crti.o
LOAD c:/opt/bcc-2.0.2-gcc/bin/../lib/gcc/sparc-gaisler-elf/7.2.0/leon/mfix-at697f/crtbegin.o
LOAD C:\Users\Bhagawat\AppData\Local\Temp\ccPXoFso.o
LOAD C:\Users\Bhagawat\AppData\Local\Temp\ccH5rDxX.o
LOAD C:\Users\Bhagawat\AppData\Local\Temp\ccaVcQzI.o
LOAD C:\Users\Bhagawat\AppData\Local\Temp\ccd8yaCI.o
LOAD C:\Users\Bhagawat\AppData\Local\Temp\cckTl2KQ.o
LOAD C:\Users\Bhagawat\AppData\Local\Temp\ccejDDB4.o
LOAD C:\Users\Bhagawat\AppData\Local\Temp\ccI9CjqF.o
LOAD C:\Users\Bhagawat\AppData\Local\Temp\cciHV2cs.o
LOAD C:\Users\Bhagawat\AppData\Local\Temp\ccegjPco.o
LOAD C:\Users\Bhagawat\AppData\Local\Temp\ccMYFv4r.o
LOAD C:\Users\Bhagawat\AppData\Local\Temp\ccFBaAUI.o
LOAD C:\Users\Bhagawat\AppData\Local\Temp\ccOaBTHq.o
LOAD C:\Users\Bhagawat\AppData\Local\Temp\ccn36hfl.o
LOAD C:\Users\Bhagawat\AppData\Local\Temp\ccLTIqPv.o
LOAD C:\Users\Bhagawat\AppData\Local\Temp\ccFcrPFS.o
LOAD C:\Users\Bhagawat\AppData\Local\Temp\ccOyPUWX.o
LOAD C:\Users\Bhagawat\AppData\Local\Temp\ccTS9jLG.o
LOAD C:\Users\Bhagawat\AppData\Local\Temp\ccoAbLkA.o
LOAD C:\Users\Bhagawat\AppData\Local\Temp\cc6P9c1U.o
LOAD C:\Users\Bhagawat\AppData\Local\Temp\ccSD4CRC.o
LOAD C:\Users\Bhagawat\AppData\Local\Temp\cciux2NS.o
LOAD C:\Users\Bhagawat\AppData\Local\Temp\ccPbqKJR.o
LOAD C:\Users\Bhagawat\AppData\Local\Temp\ccMWLRjZ.o
LOAD C:\Users\Bhagawat\AppData\Local\Temp\ccsUYOPQ.o
LOAD C:\Users\Bhagawat\AppData\Local\Temp\ccnjS42R.o
LOAD C:\Users\Bhagawat\AppData\Local\Temp\ccgZy5n0.o
LOAD c:/opt/bcc-2.0.2-gcc/bin/../lib/gcc/sparc-gaisler-elf/7.2.0/../../../../sparc-gaisler-elf/lib/leon/mfix-at697f\libm.a
                0x0000000000000000                PROVIDE (__bcc_cfg_skip_clear_bss, 0x0)

.text           0x0000000040000000    0x3f720
 CREATE_OBJECT_SYMBOLS
                0x0000000040000000                __text_start = .
                0x0000000040000000                . = ALIGN (0x1000)
 *(.text.traptable)
 .text.traptable
                0x0000000040000000     0x1000 c:/opt/bcc-2.0.2-gcc/bin/../sparc-gaisler-elf/bsp/leon2/leon/mfix-at697f/trap_table_mvt.S.o
                0x0000000040000000                __bcc_entry_point
                0x0000000040000000                __bcc_trap_table
 *(.text .text.*)
 .text          0x0000000040001000        0x0 c:/opt/bcc-2.0.2-gcc/bin/../sparc-gaisler-elf/bsp/leon2/leon/mfix-at697f/trap_table_mvt.S.o
 .text          0x0000000040001000       0xb8 c:/opt/bcc-2.0.2-gcc/bin/../sparc-gaisler-elf/bsp/leon2/leon/mfix-at697f/crt0.S.o
                0x0000000040001000                __bcc_crt0
 .text          0x00000000400010b8        0x0 c:/opt/bcc-2.0.2-gcc/bin/../lib/gcc/sparc-gaisler-elf/7.2.0/leon/mfix-at697f/crti.o
 .text          0x00000000400010b8      0x180 c:/opt/bcc-2.0.2-gcc/bin/../lib/gcc/sparc-gaisler-elf/7.2.0/leon/mfix-at697f/crtbegin.o
 .text          0x0000000040001238      0x97c C:\Users\Bhagawat\AppData\Local\Temp\ccPXoFso.o
                0x0000000040001238                rMinCycle_Wait
                0x00000000400012d4                OBC_Process
                0x0000000040001b64                rMinCycle_Flag_Reset
 .text.startup  0x0000000040001bb4       0xa0 C:\Users\Bhagawat\AppData\Local\Temp\ccPXoFso.o
                0x0000000040001bb4                main
 .text          0x0000000040001c54      0xaac C:\Users\Bhagawat\AppData\Local\Temp\ccH5rDxX.o
                0x0000000040001c74                Init_Memory
                0x0000000040001ca8                checksum_u32
                0x0000000040001d14                checksum_u8
                0x0000000040001d64                rOutput_Latch_Update
                0x0000000040001f40                ST_output_update
                0x0000000040002158                NMI_interrupt_test
                0x0000000040002214                MUX_Output
                0x0000000040002554                EEPROM_RST
                0x0000000040002588                EEPROM_RES
                0x00000000400025b8                s_ram_scrub
                0x0000000040002634                prom_chksum
 .text          0x0000000040002700     0xd810 C:\Users\Bhagawat\AppData\Local\Temp\ccaVcQzI.o
                0x00000000400028ec                rHAL_TM_Write
                0x0000000040002b50                rHAL_TM_HW_Status_Update
                0x0000000040002c74                rTM_Address_Table_Init
                0x000000004000c8f4                rTM_Copy_Subframe
                0x000000004000c964                Sampling_Rate_Select
                0x000000004000c9c0                Frame_Address_Select
                0x000000004000cb2c                rTCH_full_dump_cpy_buf
                0x000000004000cca8                rTCH_dump_cpy_buf
                0x000000004000d050                TC_Hist_dumping
                0x000000004000d09c                copy_frame
                0x000000004000d154                ST_Copy_Subframe
                0x000000004000d610                StorageTelemetry
                0x000000004000d6a8                Storage_Telemetry_Write
                0x000000004000d6d0                Norm_ST_1_Table_Init
                0x000000004000ef8c                Spec_ST_Table_Init
                0x000000004000fc28                ST_DUMPING
                0x000000004000fd8c                rTM_Real_st_write
                0x000000004000fecc                ST_full_dump
 .text          0x000000004000ff10     0x65f4 C:\Users\Bhagawat\AppData\Local\Temp\ccd8yaCI.o
                0x00000000400100ec                TC_IMU1_On
                0x000000004001012c                TC_IMU2_On
                0x000000004001016c                TC_IMU1_Off
                0x00000000400101ac                TC_IMU2_Off
                0x00000000400101ec                TC_NMI_count_reset
                0x0000000040010200                TC_GPS1_ON
                0x0000000040010230                TC_GPS1_OFF
                0x0000000040010264                TC_GPS2_on
                0x0000000040010298                TC_GPS2_off
                0x00000000400102d0                TC_W1_ON
                0x0000000040010300                TC_W2_ON
                0x0000000040010334                TC_W3_ON
                0x0000000040010364                TC_W4_ON
                0x0000000040010394                TC_W1_OFF
                0x00000000400103c4                TC_W2_OFF
                0x00000000400103f4                TC_W3_OFF
                0x0000000040010424                TC_W4_OFF
                0x0000000040010454                rTC_Detumbling_ModePreprocessing_BDOT
                0x0000000040010464                rTC_Detumbling_ModePreprocessing_GYRO
                0x0000000040010474                rTC_SunAcquisition_ModePreprocessing
                0x0000000040010484                rTC_ThreeAxis_ModePreprocessing
                0x0000000040010494                rTC_Suspended_ModePreprocessing
                0x00000000400104a0                PL_K_CMD_HLT
                0x00000000400104d0                Antenna_mechanism_ON
                0x0000000040010500                Antenna_mechanism_OFF
                0x0000000040010530                S_band_tx_on
                0x0000000040010560                S_band_tx_off
                0x0000000040010590                SA_DEPLOYMENT_MECHANISM_MAIN_OFF
                0x00000000400105c4                SA_DEPLOYMENT_MECHANISM_RED_OFF
                0x00000000400105f8                sunlit
                0x0000000040010608                eclipse
                0x0000000040010614                Sunlit_eclipse_both
                0x0000000040010624                rSafe_mode_PreProcessing
                0x0000000040010634                eeprom_en
                0x0000000040010644                eeprom_dis
                0x0000000040010650                TC_ATTC_CMD_clear
                0x0000000040010710                imu1_db_execute
                0x000000004001071c                imu2_db_execute
                0x0000000040010728                TC_ACC_Ang_RESET
                0x0000000040010734                TC_GPS1_NMEA_VTG_enable
                0x0000000040010760                TC_GPS1_NMEA_VTG_disable
                0x000000004001078c                TC_GPS1_NMEA_GGA_enable
                0x00000000400107b8                TC_GPS1_NMEA_GGA_disable
                0x00000000400107e4                TC_GPS1_NMEA_GSA_enable
                0x0000000040010810                TC_GPS1_NMEA_GSA_disable
                0x000000004001083c                TC_GPS1_cold_start
                0x0000000040010868                TC_GPS1_factory_reset
                0x0000000040010894                TC_GPS2_NMEA_VTG_enable
                0x00000000400108c0                TC_GPS2_NMEA_VTG_disable
                0x00000000400108ec                TC_GPS2_NMEA_GGA_enable
                0x0000000040010918                TC_GPS2_NMEA_GGA_disable
                0x0000000040010944                TC_GPS2_NMEA_GSA_enable
                0x0000000040010970                TC_GPS2_NMEA_GSA_disable
                0x000000004001099c                TC_GPS2_cold_start
                0x00000000400109c8                TC_GPS2_factory_reset
                0x00000000400109f4                TC_GPS1_NMEA_NMEA_GSV_Enable
                0x0000000040010a20                TC_GPS1_NMEA_NMEA_GSV_disable
                0x0000000040010a4c                TC_GPS2_NMEA_NMEA_GSV_Enable
                0x0000000040010a78                TC_GPS2_NMEA_NMEA_GSV_disable
                0x0000000040010aa4                TC_MTR_ON
                0x0000000040010ab0                TC_MTR_OFF
                0x0000000040010abc                payload_1_on
                0x0000000040010ae4                payload_1_off
                0x0000000040010af0                PL_K_CMD_STS
                0x0000000040010afc                PL_K_CMD_ACQ
                0x0000000040010b08                PL_K_DIAG
                0x0000000040010b14                PL_K_CMD_OFF
                0x0000000040010b20                PL_K_CMD_ON
                0x0000000040010b2c                ss_main_db_execute
                0x0000000040010b38                ss_redundant_db_execute
                0x0000000040010b44                TC_init_RW1
                0x0000000040010b78                TC_init_RW2
                0x0000000040010bac                TC_init_RW3
                0x0000000040010be0                TC_init_RW4
                0x0000000040010c14                TC_MTR_Yaw_Positive
                0x0000000040010c28                TC_MTR_Yaw_Negative
                0x0000000040010c3c                TC_MTR_Pitch_Positive
                0x0000000040010c50                TC_MTR_Pitch_Negative
                0x0000000040010c64                TC_MTR_Roll_Positive
                0x0000000040010c78                TC_MTR_Roll_Negative
                0x0000000040010c8c                TC_MTR_Roll_No_cuurent
                0x0000000040010ca0                TC_MTR_Pitch_No_cuurent
                0x0000000040010cb4                TC_MTR_Yaw_No_cuurent
                0x0000000040010cc8                payload_2_on
                0x0000000040010cf0                payload_2_off
                0x0000000040010cfc                X_band_tx_on
                0x0000000040010d24                X_band_tx_off
                0x0000000040010d30                SA_DEPLOYMENT_MECHANISM_MAIN_ON
                0x0000000040010d3c                SA_DEPLOYMENT_MECHANISM_RED_ON
                0x0000000040010d48                Antenna_mechanism_arm
                0x0000000040010d54                Antenna_deploy
                0x0000000040010d60                Antenna_mechanism_disarm
                0x0000000040010d6c                TC_pl_debug
                0x0000000040010d78                TC_TM_DS_EN
                0x0000000040010d84                Antenna_RESET_command
                0x0000000040010d90                Antenna_deploy_with_override
                0x0000000040010d9c                Antenna_system_temp
                0x0000000040010da8                Antenna_deploy_status_report
                0x0000000040010db4                Antenna_deploy_activation_count
                0x0000000040010dc0                Antenna_deploy_activation_time
                0x0000000040010ed0                TC_pl_tm
                0x0000000040010ed8                imu1_db_checksum
                0x0000000040010ee0                imu2_db_checksum
                0x0000000040010ee8                imu_test_sys_sel
                0x0000000040010ef0                TC_Drift_Uplink_Compenstation_Update_IMU1
                0x0000000040010ef8                TC_Drift_Uplink_Compenstation_Update_IMU2
                0x0000000040010f00                TC_Gyro_Misalignment_Update_IMU1
                0x0000000040010f08                TC_Gyro_Misalignment_Update_IMU2
                0x0000000040010f10                TC_Gyro_Scale_Factor_Update_IMU1
                0x0000000040010f18                TC_Gyro_Scale_Factor_Update_IMU2
                0x0000000040010f20                TC_MagBias_Uplink_Compenstation_Update_IMU1
                0x0000000040010f28                TC_MagBias_Uplink_Compenstation_Update_IMU2
                0x0000000040010f30                TC_Mag_Misalignment_Update_IMU1
                0x0000000040010f38                TC_Mag_Misalignment_Update_IMU2
                0x0000000040010f40                TC_Mag_Scale_Factor_Update_IMU1
                0x0000000040010f48                TC_Mag_Scale_Factor_Update_IMU2
                0x0000000040010f50                TC_Mag_LPF_Gain_Update_IMU1
                0x0000000040010f58                TC_Mag_LPF_Gain_Update_IMU2
                0x0000000040010f60                TC_Gyro_LPF_Gain_Update_IMU1
                0x0000000040010f68                TC_Gyro_LPF_Gain_Update_IMU2
                0x0000000040010f70                TC_Panel2_Deploy
                0x0000000040010f78                TC_Nominal_wheel_speed_execute
                0x0000000040010f80                Pitch_Torquer_ON
                0x0000000040010f88                Yaw_Torquer_ON
                0x0000000040010f90                Pitch_Torquer_OFF
                0x0000000040010f98                Yaw_Torquer_OFF
                0x0000000040010fa0                rHeater1_on
                0x0000000040010fa8                rHeater1_off
                0x0000000040010fb0                rHeater2_on
                0x0000000040010fb8                rHeater2_off
                0x0000000040010fc0                rHeater3_on
                0x0000000040010fc8                rHeater3_off
                0x0000000040010fd0                rHeater4_on
                0x0000000040010fd8                rHeater4_off
                0x0000000040010fe0                rHeater5_on
                0x0000000040010fe8                rHeater5_off
                0x0000000040010ff0                rHeater6_on
                0x0000000040010ff8                rHeater6_off
                0x0000000040011000                RX_TX_deployed
                0x0000000040011008                ss_main_db_checksum
                0x0000000040011010                ss_redundant_db_checksum
                0x0000000040011018                TC_Qinit
                0x0000000040011020                OBC_ON
                0x0000000040011028                OBC_OFF
                0x0000000040011030                SA1_DEPLOYMENT_AND_SA2_DEPLOYMENT_REDUNDANT_SPARE_BUS_ON
                0x0000000040011038                SA1_DEPLOYMENT_AND_SA2_DEPLOYMENT_REDUNDANT_SPARE_BUS_OFF
                0x0000000040011040                Test_ON
                0x0000000040011048                Test_OFF
                0x0000000040011050                rTC_write_tC_history
                0x0000000040011078                TC_status_reset
                0x000000004001108c                rContingency_TC
                0x0000000040011094                rData_TC
                0x00000000400115f8                rADCS_Data_TC
                0x00000000400129dc                rRemote_base_addr_TC
                0x0000000040012a8c                rRemote_data_view
                0x0000000040012b08                rBoolean_TC
                0x0000000040012b58                rFuncExecute_TC
                0x0000000040012bbc                rRemoteProgram_Addr_TC
                0x0000000040012c10                rRemoteProgram_Data_TC
                0x0000000040012c3c                rDifferential_TimeTag_TC
                0x0000000040012c98                initNodetable
                0x0000000040012cd4                getNode
                0x0000000040012d10                freeNode
                0x0000000040012d48                rAbsoluteTTC_Update
                0x0000000040012f00                rAbsolute_TimeTag_TC
                0x0000000040012f0c                rDifferential_TimeTag_Update
                0x0000000040012f68                rDifferential_TimeTag_Execute
                0x00000000400130c0                rDifferentialTTC_Execute
                0x00000000400130cc                rAbsoluteTTC_Delete
                0x0000000040013250                rAbsoluteTTC_Clear
                0x0000000040013310                rInit_Block
                0x0000000040013358                Block_update
                0x00000000400135d4                rBlock_TC
                0x00000000400135e0                TMTC_Assignment
                0x0000000040013d30                invertReverse
                0x0000000040013d58                BCHEncoder
                0x0000000040013ef8                rHAL_TC_Read
                0x00000000400141c4                TC_detumbling_rate_gain_1
                0x0000000040014608                TC_detumbling_bdot_gain_1
                0x0000000040014a4c                TC_BDOT_Det_Thresh_1
                0x0000000040014be0                TC_GYRO_Det_Min_Thres_1
                0x0000000040014d74                TC_AngMomDump_Thrsld_1
                0x0000000040014f08                TC_SpeedDump_Thrsld_1
                0x0000000040015034                TC_SpeedDump_TimeSelect_1
                0x00000000400151c8                TC_comd_pitch_rate_1
                0x000000004001535c                TC_Gyro_LPF_Gain_IMU1_1
                0x0000000040015594                TC_Gyro_LPF_Gain_IMU2_1
                0x00000000400157cc                TC_Mag_LPF_Gain_IMU1_1
                0x0000000040015a04                TC_Mag_LPF_Gain_IMU2_1
                0x0000000040015c3c                TC_Wheel_Cutoff_Threshold_1
                0x0000000040015dd0                adcsgains
                0x0000000040015eb4                rGainSelect_TC
                0x0000000040015f08                rReal_Time_TC
                0x000000004001618c                rTelecommand
                0x0000000040016304                rAbsoluteTTC_Execute
                0x0000000040016424                rBlockTC_Execute
 .text          0x0000000040016504       0x38 C:\Users\Bhagawat\AppData\Local\Temp\cckTl2KQ.o
                0x0000000040016504                fdi_nmi_int_handler
 .text          0x000000004001653c     0x1694 C:\Users\Bhagawat\AppData\Local\Temp\ccejDDB4.o
                0x000000004001653c                rPOR_Init
 .text          0x0000000040017bd0      0xd00 C:\Users\Bhagawat\AppData\Local\Temp\ccI9CjqF.o
                0x0000000040017bf8                rHAL_pl1_ON
                0x0000000040017c78                rHAL_pl1_OFF
                0x0000000040017cc8                rHAL_pl2_ON
                0x0000000040017d48                rHAL_pl2_OFF
                0x0000000040017d98                rHAL_tm_ds_en
                0x0000000040017dd4                rHAL_X_Tx_ON
                0x0000000040017e08                rHAL_X_Tx_OFF
                0x0000000040017e3c                rHAL_pl_sts_check
                0x0000000040017e6c                rHAL_pl_cmd_hlt
                0x0000000040017ee4                rHAL_pl_debug
                0x0000000040017fa4                rHAL_pl_x_tx_data_on
                0x0000000040018094                rHAL_pl_cmd_acq
                0x0000000040018174                rHAL_pl_x_tx_data_off
                0x00000000400181b4                rHAL_pl_diag
                0x000000004001822c                pl_tx_tm
                0x0000000040018354                pl_tx_tm_2
                0x0000000040018424                rpl_read
                0x0000000040018510                rpl_tm_write
 .text          0x00000000400188d0      0x4a8 C:\Users\Bhagawat\AppData\Local\Temp\cciHV2cs.o
                0x00000000400188d0                rHAL_EPS_Hardware_Status
                0x0000000040018938                rHAL_Battery_load_shedding
                0x0000000040018994                rHAL_EPS_shunt_switch
 .text          0x0000000040018d78      0x1b4 C:\Users\Bhagawat\AppData\Local\Temp\ccegjPco.o
                0x0000000040018d78                rIMU_Init
                0x0000000040018de4                HAL_IMU_Read
 .text          0x0000000040018f2c      0x3b4 C:\Users\Bhagawat\AppData\Local\Temp\ccMYFv4r.o
                0x0000000040018f2c                rHAL_ADC_Read
                0x0000000040018f88                rHAL_ADC_TM_Copy
                0x00000000400191b4                sun_Sensor_data
                0x00000000400192c8                rHAL_ADC_StatusREG_Enable
 .text          0x00000000400192e0     0x1010 C:\Users\Bhagawat\AppData\Local\Temp\ccFBaAUI.o
                0x00000000400192e0                rGPS_Buffer_Init
                0x0000000040019548                rGPS_pulsecheck
                0x00000000400195e4                rHAL_GPS_Read
                0x0000000040019854                GPS_1_DATA
                0x00000000400198b8                rHAL_GPS_Config
                0x0000000040019fb8                rGPS_TM_Extract
                0x000000004001a28c                ST_TM_gps_data
 .text          0x000000004001a2f0     0x1114 C:\Users\Bhagawat\AppData\Local\Temp\ccOaBTHq.o
                0x000000004001a2f0                Thermister_select
                0x000000004001a334                UTP_selection
                0x000000004001a388                LTP_selection
                0x000000004001a3e8                Heater_1_auto_control
                0x000000004001a458                Heater_2_auto_control
                0x000000004001a4c8                Heater_3_auto_control
                0x000000004001a538                Heater_4_auto_control
                0x000000004001a5a8                Heater_5_auto_control
                0x000000004001a618                Heater_6_auto_control
                0x000000004001a688                Heater_7_auto_control
                0x000000004001a6dc                Heater_8_auto_control
                0x000000004001a730                Heater_9_auto_control
                0x000000004001a784                Heater_10_auto_control
                0x000000004001a7d8                Heater_11_auto_control
                0x000000004001a82c                Heater_12_auto_control
                0x000000004001a880                Heater_13_auto_control
                0x000000004001a8dc                Heater_14_auto_control
                0x000000004001a938                Heater_1_manual_control
                0x000000004001a9a4                Heater_2_manual_control
                0x000000004001aa10                Heater_3_manual_control
                0x000000004001aa7c                Heater_4_manual_control
                0x000000004001aae8                Heater_5_manual_control
                0x000000004001ab54                Heater_6_manual_control
                0x000000004001abc0                Heater_control_auto_manual
                0x000000004001b264                Heater_7_manual_control
                0x000000004001b294                Heater_8_manual_control
                0x000000004001b2c4                Heater_9_manual_control
                0x000000004001b2f4                Heater_10_manual_control
                0x000000004001b324                Heater_11_manual_control
                0x000000004001b354                Heater_12_manual_control
                0x000000004001b384                Heater_13_manual_control
                0x000000004001b3c4                Heater_14_manual_control
 .text          0x000000004001b404      0x8dc C:\Users\Bhagawat\AppData\Local\Temp\ccn36hfl.o
                0x000000004001b404                rHAL_MTR_ON
                0x000000004001b438                rHAL_MTR_OFF
                0x000000004001b46c                rHAL_MTR
                0x000000004001baa4                MTR_Monitoring
                0x000000004001bad0                rHAL_MTR_TC
 .text          0x000000004001bce0     0x143c C:\Users\Bhagawat\AppData\Local\Temp\ccLTIqPv.o
                0x000000004001bce0                RW_Init
                0x000000004001be5c                HAL_RW_CRC_Check
                0x000000004001bec8                rHAL_RW_TM_Read
                0x000000004001c298                rRW_SlipFrame_Check
                0x000000004001c4dc                rHAL_RW_TC_Write
                0x000000004001c6b4                rHAL_RW_TM_Write
                0x000000004001c814                rHAL_RW_ConfigBuffer_Write
                0x000000004001c8b8                rRW_Data_Write
                0x000000004001cac4                rRW_Data_Request
                0x000000004001cc00                rRW_Data_Read
                0x000000004001cfac                rRW_init_cmd
 .text          0x000000004001d11c      0x6dc C:\Users\Bhagawat\AppData\Local\Temp\ccFcrPFS.o
                0x000000004001d11c                antennaCommand1
                0x000000004001d168                antennaCommand2
                0x000000004001d1b4                antennaCommand3
                0x000000004001d200                antennaCommand4
                0x000000004001d24c                antennaCommand5
                0x000000004001d298                antennaCommand6
                0x000000004001d2e4                antennaCommand7
                0x000000004001d32c                antennaCommand8
                0x000000004001d378                antennaCommand9
                0x000000004001d3c4                rHAL_Antenna_Read
                0x000000004001d40c                rHAL_SA_MAIN_Deploy_on
                0x000000004001d484                rHAL_SA_RED_Deploy_on
                0x000000004001d4ec                rHAL_SA1_Deploy_status_check
                0x000000004001d5d4                rHAL_SA2_Deploy_status_check
                0x000000004001d6bc                rHAL_SA_Deploy_Status_new
 .text          0x000000004001d7f8     0x32f0 C:\Users\Bhagawat\AppData\Local\Temp\ccOyPUWX.o
                0x000000004001d928                rQ_Propagation
                0x000000004001d958                rQuestDataProcessing
                0x000000004001dea4                rDAD_quest
                0x000000004001ee34                rErrorComputation
                0x000000004001f410                rExtendedKalmanFilter1_p1
                0x000000004002014c                rExtendedKalmanFilter1_p2
 .text          0x0000000040020ae8     0x2bec C:\Users\Bhagawat\AppData\Local\Temp\ccTS9jLG.o
                0x0000000040020ae8                rGH_generation
                0x0000000040020cac                rMagFieldComp1
                0x00000000400216fc                rMagFieldComp2
                0x0000000040021e14                rSun_Ephemeris
                0x0000000040022054                rReferenceQuatComputation
                0x0000000040022b28                rRefVectorGeneration
                0x0000000040023224                rRefRate_Computation
                0x0000000040023508                rSl_Ecl_OnBrd_detection
 .text          0x00000000400236d4        0x0 C:\Users\Bhagawat\AppData\Local\Temp\ccoAbLkA.o
 .text          0x00000000400236d4     0x2868 C:\Users\Bhagawat\AppData\Local\Temp\cc6P9c1U.o
                0x0000000040023810                rLinearController
                0x00000000400241fc                rDutyCycleGeneration
                0x0000000040024380                rAngularMomentumDumping
                0x000000004002481c                rTorquer_Polarity_Check
                0x0000000040024850                rSpeedBasedMomentumDumping
                0x0000000040024fa8                rWheel_Spin_updown
                0x0000000040025338                rWheel_Auto_Reconfiguration
 .text          0x0000000040025f3c     0x10f8 C:\Users\Bhagawat\AppData\Local\Temp\ccSD4CRC.o
                0x0000000040025f54                rSuspended_ModePreprocessing
                0x0000000040025fc8                rDetumbling_ModePreprocessing_BDOT_Logic
                0x0000000040026438                rDetumbling_ModePreprocessing_GYRO_Logic
                0x0000000040026880                rSunAcquisition_ModePreprocessing
                0x0000000040026c38                rThreeAxis_ModePreprocessing
                0x0000000040026e84                rRateReductionCheck
                0x0000000040026f80                rSafeMode_Preprocessing
                0x0000000040026fbc                rScModeSelection
 .text          0x0000000040027034     0x4a04 C:\Users\Bhagawat\AppData\Local\Temp\cciux2NS.o
                0x0000000040027034                rADCS_Pon_vars
 .text          0x000000004002ba38     0x9494 C:\Users\Bhagawat\AppData\Local\Temp\ccPbqKJR.o
                0x000000004002ba38                rIMUDataCorrection
                0x000000004002cdd4                rIMU_1_DB_Copy
                0x000000004002d674                rIMU_2_DB_Copy
                0x000000004002df14                rIMU_1_DB_Init
                0x000000004002e7b4                rIMU_2_DB_Init
                0x000000004002f054                rIMU_Angle_Reset
                0x000000004002f09c                rIMUDataProcessing
                0x0000000040030330                rTheta_Limit
                0x0000000040030390                rIMU1_DB_Execute
                0x00000000400303b4                rIMU2_DB_Execute
                0x00000000400303d8                rBDOT_Computation
                0x0000000040030604                rSunSensorVectorComp
                0x00000000400336f4                rSunSensorDataProcessing
                0x0000000040033ad0                rSS_Read_Data
                0x0000000040033b30                rSS_Main_DB_Init
                0x0000000040033b48                rSS_Redundant_DB_Init
                0x0000000040033b54                rSS_Main_DB_Copy
                0x00000000400344ac                rSS_Redundant_DB_Copy
                0x0000000040034e04                rSS_Main_DB_Execute
                0x0000000040034e68                rSS_Redundant_DB_Execute
 .text          0x0000000040034ecc        0x0 C:\Users\Bhagawat\AppData\Local\Temp\ccMWLRjZ.o
 .text          0x0000000040034ecc     0x4768 C:\Users\Bhagawat\AppData\Local\Temp\ccsUYOPQ.o
                0x00000000400365ac                rOrbit_Initialization
                0x000000004003797c                rOrbit_Propagation
                0x0000000040038d00                rOrbitalElements_computation
                0x0000000040038d28                rOrbitalElements_TLE
                0x0000000040038d60                rGPS_data_validity
                0x0000000040038d68                rJulian_Day
                0x0000000040038da4                rNEDtoECEF
                0x0000000040038e98                rECEFtoECItoECEF
                0x0000000040038ec0                rast_args
                0x0000000040038fcc                rnut_iau1980
                0x0000000040039128                rGPS2OE
                0x00000000400395ac                rGPSDataProcessing
 .text          0x0000000040039634      0xd4c C:\Users\Bhagawat\AppData\Local\Temp\ccnjS42R.o
                0x0000000040039634                rxRot
                0x00000000400396c4                ryRot
                0x0000000040039754                rzRot
                0x00000000400397dc                rMatInv
                0x0000000040039994                rCross_Product
                0x00000000400399fc                rMatMul3x1
                0x0000000040039a74                rMatMul3x3
                0x0000000040039b2c                rRM_to_Quat
                0x0000000040039e60                rQs_Normalization
                0x0000000040039f68                rQs_Multiplication
                0x000000004003a044                rVectorNorm
                0x000000004003a114                rMat_adjoint3
                0x000000004003a210                rMatMul34x1
                0x000000004003a28c                rMatMul43x1
                0x000000004003a308                rMatMul44x1
 .text          0x000000004003a380      0x284 C:\Users\Bhagawat\AppData\Local\Temp\ccgZy5n0.o
                0x000000004003a380                rSus_mode_remote_entry_hook
                0x000000004003a3ac                rSus_mode_remote_exit_hook
                0x000000004003a3b8                rDBDOT_mode_remote_entry_hook
                0x000000004003a3c4                rDBDOT_mode_remote_exit_hook
                0x000000004003a3d0                rDGYRO_mode_remote_entry_hook
                0x000000004003a3dc                rDGYRO_mode_remote_exit_hook
                0x000000004003a3e8                rSACQ_mode_remote_entry_hook
                0x000000004003a3f4                rSACQ_mode_remote_exit_hook
                0x000000004003a400                r3AXIS_mode_remote_entry_hook
                0x000000004003a40c                r3AXIS_mode_remote_exit_hook
                0x000000004003a418                rSAFE_mode_remote_entry_hook
                0x000000004003a424                rSAFE_mode_remote_exit_hook
                0x000000004003a430                rRemote_patch_area_1
                0x000000004003a5c8                rRemote_patch_area_2
                0x000000004003a5d4                rRemote_patch_area_3
                0x000000004003a5e0                rRemote_patch_area_4
                0x000000004003a5ec                rRemote_patch_area_5
                0x000000004003a5f8                rRemote_patch_area_6
 .text          0x000000004003a604      0x2d0 c:/opt/bcc-2.0.2-gcc/bin/../lib/gcc/sparc-gaisler-elf/7.2.0/../../../../sparc-gaisler-elf/lib/leon/mfix-at697f\libm.a(lib_a-s_atan.o)
                0x000000004003a604                atan
 .text          0x000000004003a8d4       0xe4 c:/opt/bcc-2.0.2-gcc/bin/../lib/gcc/sparc-gaisler-elf/7.2.0/../../../../sparc-gaisler-elf/lib/leon/mfix-at697f\libm.a(lib_a-s_cos.o)
                0x000000004003a8d4                cos
 .text          0x000000004003a9b8       0x28 c:/opt/bcc-2.0.2-gcc/bin/../lib/gcc/sparc-gaisler-elf/7.2.0/../../../../sparc-gaisler-elf/lib/leon/mfix-at697f\libm.a(lib_a-s_fabs.o)
                0x000000004003a9b8                fabs
 .text          0x000000004003a9e0      0x1f0 c:/opt/bcc-2.0.2-gcc/bin/../lib/gcc/sparc-gaisler-elf/7.2.0/../../../../sparc-gaisler-elf/lib/leon/mfix-at697f\libm.a(lib_a-s_floor.o)
                0x000000004003a9e0                floor
 .text          0x000000004003abd0       0xf4 c:/opt/bcc-2.0.2-gcc/bin/../lib/gcc/sparc-gaisler-elf/7.2.0/../../../../sparc-gaisler-elf/lib/leon/mfix-at697f\libm.a(lib_a-s_round.o)
                0x000000004003abd0                round
 .text          0x000000004003acc4       0xe8 c:/opt/bcc-2.0.2-gcc/bin/../lib/gcc/sparc-gaisler-elf/7.2.0/../../../../sparc-gaisler-elf/lib/leon/mfix-at697f\libm.a(lib_a-s_sin.o)
                0x000000004003acc4                sin
 .text          0x000000004003adac       0x9c c:/opt/bcc-2.0.2-gcc/bin/../lib/gcc/sparc-gaisler-elf/7.2.0/../../../../sparc-gaisler-elf/lib/leon/mfix-at697f\libm.a(lib_a-s_tan.o)
                0x000000004003adac                tan
 .text          0x000000004003ae48      0x128 c:/opt/bcc-2.0.2-gcc/bin/../lib/gcc/sparc-gaisler-elf/7.2.0/../../../../sparc-gaisler-elf/lib/leon/mfix-at697f\libm.a(lib_a-w_acos.o)
                0x000000004003ae48                acos
 .text          0x000000004003af70      0x128 c:/opt/bcc-2.0.2-gcc/bin/../lib/gcc/sparc-gaisler-elf/7.2.0/../../../../sparc-gaisler-elf/lib/leon/mfix-at697f\libm.a(lib_a-w_asin.o)
                0x000000004003af70                asin
 .text          0x000000004003b098        0xc c:/opt/bcc-2.0.2-gcc/bin/../lib/gcc/sparc-gaisler-elf/7.2.0/../../../../sparc-gaisler-elf/lib/leon/mfix-at697f\libm.a(lib_a-w_atan2.o)
                0x000000004003b098                atan2
 .text          0x000000004003b0a4      0x148 c:/opt/bcc-2.0.2-gcc/bin/../lib/gcc/sparc-gaisler-elf/7.2.0/../../../../sparc-gaisler-elf/lib/leon/mfix-at697f\libm.a(lib_a-w_fmod.o)
                0x000000004003b0a4                fmod
 .text          0x000000004003b1ec      0x4a8 c:/opt/bcc-2.0.2-gcc/bin/../lib/gcc/sparc-gaisler-elf/7.2.0/../../../../sparc-gaisler-elf/lib/leon/mfix-at697f\libm.a(lib_a-w_pow.o)
                0x000000004003b1ec                pow
 .text          0x000000004003b694       0xfc c:/opt/bcc-2.0.2-gcc/bin/../lib/gcc/sparc-gaisler-elf/7.2.0/../../../../sparc-gaisler-elf/lib/leon/mfix-at697f\libm.a(lib_a-w_sqrt.o)
                0x000000004003b694                sqrt
 .text          0x000000004003b790      0x37c c:/opt/bcc-2.0.2-gcc/bin/../lib/gcc/sparc-gaisler-elf/7.2.0/../../../../sparc-gaisler-elf/lib/leon/mfix-at697f\libm.a(lib_a-e_acos.o)
                0x000000004003b790                __ieee754_acos
 .text          0x000000004003bb0c      0x310 c:/opt/bcc-2.0.2-gcc/bin/../lib/gcc/sparc-gaisler-elf/7.2.0/../../../../sparc-gaisler-elf/lib/leon/mfix-at697f\libm.a(lib_a-e_asin.o)
                0x000000004003bb0c                __ieee754_asin
 .text          0x000000004003be1c      0x2b4 c:/opt/bcc-2.0.2-gcc/bin/../lib/gcc/sparc-gaisler-elf/7.2.0/../../../../sparc-gaisler-elf/lib/leon/mfix-at697f\libm.a(lib_a-e_atan2.o)
                0x000000004003be1c                __ieee754_atan2
 .text          0x000000004003c0d0      0x3ac c:/opt/bcc-2.0.2-gcc/bin/../lib/gcc/sparc-gaisler-elf/7.2.0/../../../../sparc-gaisler-elf/lib/leon/mfix-at697f\libm.a(lib_a-e_fmod.o)
                0x000000004003c0d0                __ieee754_fmod
 .text          0x000000004003c47c      0x8dc c:/opt/bcc-2.0.2-gcc/bin/../lib/gcc/sparc-gaisler-elf/7.2.0/../../../../sparc-gaisler-elf/lib/leon/mfix-at697f\libm.a(lib_a-e_pow.o)
                0x000000004003c47c                __ieee754_pow
 .text          0x000000004003cd58      0x39c c:/opt/bcc-2.0.2-gcc/bin/../lib/gcc/sparc-gaisler-elf/7.2.0/../../../../sparc-gaisler-elf/lib/leon/mfix-at697f\libm.a(lib_a-e_rem_pio2.o)
                0x000000004003cd58                __ieee754_rem_pio2
 .text          0x000000004003d0f4      0x270 c:/opt/bcc-2.0.2-gcc/bin/../lib/gcc/sparc-gaisler-elf/7.2.0/../../../../sparc-gaisler-elf/lib/leon/mfix-at697f\libm.a(lib_a-e_sqrt.o)
                0x000000004003d0f4                __ieee754_sqrt
 .text          0x000000004003d364      0x1bc c:/opt/bcc-2.0.2-gcc/bin/../lib/gcc/sparc-gaisler-elf/7.2.0/../../../../sparc-gaisler-elf/lib/leon/mfix-at697f\libm.a(lib_a-k_cos.o)
                0x000000004003d364                __kernel_cos
 .text          0x000000004003d520      0xbdc c:/opt/bcc-2.0.2-gcc/bin/../lib/gcc/sparc-gaisler-elf/7.2.0/../../../../sparc-gaisler-elf/lib/leon/mfix-at697f\libm.a(lib_a-k_rem_pio2.o)
                0x000000004003d520                __kernel_rem_pio2
 .text          0x000000004003e0fc      0x100 c:/opt/bcc-2.0.2-gcc/bin/../lib/gcc/sparc-gaisler-elf/7.2.0/../../../../sparc-gaisler-elf/lib/leon/mfix-at697f\libm.a(lib_a-k_sin.o)
                0x000000004003e0fc                __kernel_sin
 .text          0x000000004003e1fc      0x290 c:/opt/bcc-2.0.2-gcc/bin/../lib/gcc/sparc-gaisler-elf/7.2.0/../../../../sparc-gaisler-elf/lib/leon/mfix-at697f\libm.a(lib_a-k_tan.o)
                0x000000004003e1fc                __kernel_tan
 .text          0x000000004003e48c       0x18 c:/opt/bcc-2.0.2-gcc/bin/../lib/gcc/sparc-gaisler-elf/7.2.0/../../../../sparc-gaisler-elf/lib/leon/mfix-at697f\libm.a(lib_a-s_finite.o)
                0x000000004003e48c                finite
 .text          0x000000004003e4a4        0x0 c:/opt/bcc-2.0.2-gcc/bin/../lib/gcc/sparc-gaisler-elf/7.2.0/../../../../sparc-gaisler-elf/lib/leon/mfix-at697f\libm.a(lib_a-s_lib_ver.o)
 .text          0x000000004003e4a4        0x8 c:/opt/bcc-2.0.2-gcc/bin/../lib/gcc/sparc-gaisler-elf/7.2.0/../../../../sparc-gaisler-elf/lib/leon/mfix-at697f\libm.a(lib_a-s_matherr.o)
                0x000000004003e4a4                matherr
 .text          0x000000004003e4ac        0xc c:/opt/bcc-2.0.2-gcc/bin/../lib/gcc/sparc-gaisler-elf/7.2.0/../../../../sparc-gaisler-elf/lib/leon/mfix-at697f\libm.a(lib_a-s_nan.o)
                0x000000004003e4ac                nan
 .text          0x000000004003e4b8      0x1ac c:/opt/bcc-2.0.2-gcc/bin/../lib/gcc/sparc-gaisler-elf/7.2.0/../../../../sparc-gaisler-elf/lib/leon/mfix-at697f\libm.a(lib_a-s_rint.o)
                0x000000004003e4b8                rint
 .text          0x000000004003e664      0x14c c:/opt/bcc-2.0.2-gcc/bin/../lib/gcc/sparc-gaisler-elf/7.2.0/../../../../sparc-gaisler-elf/lib/leon/mfix-at697f\libm.a(lib_a-s_scalbn.o)
                0x000000004003e664                scalbn
 .text          0x000000004003e7b0       0x30 c:/opt/bcc-2.0.2-gcc/bin/../lib/gcc/sparc-gaisler-elf/7.2.0/../../../../sparc-gaisler-elf/lib/leon/mfix-at697f\libm.a(lib_a-s_copysign.o)
                0x000000004003e7b0                copysign
 .text          0x000000004003e7e0       0x7c c:/opt/bcc-2.0.2-gcc/bin/../sparc-gaisler-elf/bsp/leon2/leon/mfix-at697f\libbcc.a(reset_trap_mvt.S.o)
                0x000000004003e7e0                __bcc_trap_reset_mvt
 .text          0x000000004003e85c       0xb0 c:/opt/bcc-2.0.2-gcc/bin/../sparc-gaisler-elf/bsp/leon2/leon/mfix-at697f\libbcc.a(window_trap.S.o)
                0x000000004003e85c                __bcc_trap_window_overflow
                0x000000004003e8ac                __bcc_trap_window_underflow
 .text          0x000000004003e90c      0x1b4 c:/opt/bcc-2.0.2-gcc/bin/../sparc-gaisler-elf/bsp/leon2/leon/mfix-at697f\libbcc.a(interrupt_trap.S.o)
                0x000000004003e90c                __bcc_trap_interrupt_svt
                0x000000004003e910                __bcc_trap_interrupt
 .text          0x000000004003eac0       0x88 c:/opt/bcc-2.0.2-gcc/bin/../sparc-gaisler-elf/bsp/leon2/leon/mfix-at697f\libbcc.a(flush_windows_trap.S.o)
                0x000000004003eac0                __bcc_trap_flush_windows
 .text          0x000000004003eb48       0x2c c:/opt/bcc-2.0.2-gcc/bin/../sparc-gaisler-elf/bsp/leon2/leon/mfix-at697f\libbcc.a(sw_trap_set_pil.S.o)
                0x000000004003eb48                __bcc_trap_sw_set_pil
 .text          0x000000004003eb74       0xb0 c:/opt/bcc-2.0.2-gcc/bin/../sparc-gaisler-elf/bsp/leon2/leon/mfix-at697f\libbcc.a(trap.c.o)
                0x000000004003eb74                bcc_set_trap
 .text          0x000000004003ec24        0x0 c:/opt/bcc-2.0.2-gcc/bin/../sparc-gaisler-elf/bsp/leon2/leon/mfix-at697f\libbcc.a(isr.c.o)
 .text          0x000000004003ec24        0x0 c:/opt/bcc-2.0.2-gcc/bin/../sparc-gaisler-elf/bsp/leon2/leon/mfix-at697f\libbcc.a(int_nest.c.o)
 .text          0x000000004003ec24        0x8 c:/opt/bcc-2.0.2-gcc/bin/../sparc-gaisler-elf/bsp/leon2/leon/mfix-at697f\libbcc.a(init.S.o)
                0x000000004003ec24                __bcc_init40
                0x000000004003ec24                __bcc_init70
                0x000000004003ec24                __bcc_init60
                0x000000004003ec24                __bcc_init50
 .text          0x000000004003ec2c       0x84 c:/opt/bcc-2.0.2-gcc/bin/../sparc-gaisler-elf/bsp/leon2/leon/mfix-at697f\libbcc.a(leon_info.S.o)
                0x000000004003ec2c                __bcc_get_leon_info
                0x000000004003eca0                bcc_get_cpuid
 .text          0x000000004003ecb0       0x2c c:/opt/bcc-2.0.2-gcc/bin/../sparc-gaisler-elf/bsp/leon2/leon/mfix-at697f\libbcc.a(dwzero.S.o)
                0x000000004003ecb0                bcc_dwzero
 .text          0x000000004003ecdc       0x5c c:/opt/bcc-2.0.2-gcc/bin/../sparc-gaisler-elf/bsp/leon2/leon/mfix-at697f\libbcc.a(copy_data.c.o)
                0x000000004003ecdc                __bcc_copy_data
 *fill*         0x000000004003ed38        0x8 
 .text          0x000000004003ed40       0x90 c:/opt/bcc-2.0.2-gcc/bin/../sparc-gaisler-elf/bsp/leon2/leon/mfix-at697f\libbcc.a(lowlevel.S.o)
                0x000000004003ed40                bcc_loadnocache
                0x000000004003ed4c                bcc_loadnocache16
                0x000000004003ed58                bcc_loadnocache8
                0x000000004003ed70                bcc_ldstub
                0x000000004003ed7c                bcc_set_psr
                0x000000004003ed94                bcc_get_psr
                0x000000004003ed9c                bcc_get_pil
                0x000000004003edac                bcc_set_tbr
                0x000000004003edc4                bcc_get_tbr
 .text          0x000000004003edd0       0x50 c:/opt/bcc-2.0.2-gcc/bin/../sparc-gaisler-elf/bsp/leon2/leon/mfix-at697f\libbcc.a(lowlevel_leon2.S.o)
                0x000000004003edd0                bcc_set_ccr
                0x000000004003ede0                bcc_get_ccr
                0x000000004003edf0                bcc_flush_cache
                0x000000004003edfc                bcc_flush_icache
                0x000000004003ee04                bcc_flush_dcache
                0x000000004003ee0c                bcc_power_down
 .text          0x000000004003ee20      0x160 c:/opt/bcc-2.0.2-gcc/bin/../sparc-gaisler-elf/bsp/leon2/leon/mfix-at697f\libbcc.a(int_leon2.c.o)
                0x000000004003ee20                bcc_int_mask
                0x000000004003ee70                bcc_int_unmask
                0x000000004003eec0                bcc_int_clear
                0x000000004003eef8                bcc_int_force
                0x000000004003ef3c                bcc_int_pend
 .text          0x000000004003ef80        0x8 c:/opt/bcc-2.0.2-gcc/bin/../sparc-gaisler-elf/bsp/leon2/leon/mfix-at697f\libbcc.a(int_leon2_get_source.c.o)
                0x000000004003ef80                __bcc_int_get_source
 .text          0x000000004003ef88        0x8 c:/opt/bcc-2.0.2-gcc/bin/../sparc-gaisler-elf/bsp/leon2/leon/mfix-at697f\libbcc.a(int_leon2_init.c.o)
                0x000000004003ef88                __bcc_int_init
 .text          0x000000004003ef90       0x70 c:/opt/bcc-2.0.2-gcc/bin/../sparc-gaisler-elf/bsp/leon2/leon/mfix-at697f\libbcc.a(con_leon2.c.o)
                0x000000004003ef90                __bcc_con_init
                0x000000004003ef98                __bcc_con_outbyte
                0x000000004003efcc                __bcc_con_inbyte
 .text          0x000000004003f000       0x30 c:/opt/bcc-2.0.2-gcc/bin/../sparc-gaisler-elf/bsp/leon2/leon/mfix-at697f\libbcc.a(timer_leon2.c.o)
                0x000000004003f000                __bcc_timer_init
                0x000000004003f008                bcc_timer_get_us
 .text          0x000000004003f030        0xc c:/opt/bcc-2.0.2-gcc/bin/../sparc-gaisler-elf/bsp/leon2/leon/mfix-at697f\libbcc.a(set_pil.S.o)
                0x000000004003f030                bcc_set_pil
 .text          0x000000004003f03c        0x0 c:/opt/bcc-2.0.2-gcc/bin/../sparc-gaisler-elf/bsp/leon2/leon/mfix-at697f\libbcc.a(int_leon2_handle.c.o)
 .text          0x000000004003f03c        0x0 c:/opt/bcc-2.0.2-gcc/bin/../sparc-gaisler-elf/bsp/leon2/leon/mfix-at697f\libbcc.a(con_handle.c.o)
 .text          0x000000004003f03c        0x0 c:/opt/bcc-2.0.2-gcc/bin/../sparc-gaisler-elf/bsp/leon2/leon/mfix-at697f\libbcc.a(timer_handle.c.o)
 .text          0x000000004003f03c       0x1c c:/opt/bcc-2.0.2-gcc/bin/../lib/gcc/sparc-gaisler-elf/7.2.0/../../../../sparc-gaisler-elf/lib/leon/mfix-at697f\libc.a(lib_a-atexit.o)
                0x000000004003f03c                atexit
 .text          0x000000004003f058        0xc c:/opt/bcc-2.0.2-gcc/bin/../lib/gcc/sparc-gaisler-elf/7.2.0/../../../../sparc-gaisler-elf/lib/leon/mfix-at697f\libc.a(lib_a-errno.o)
                0x000000004003f058                __errno
 .text          0x000000004003f064       0x3c c:/opt/bcc-2.0.2-gcc/bin/../lib/gcc/sparc-gaisler-elf/7.2.0/../../../../sparc-gaisler-elf/lib/leon/mfix-at697f\libc.a(lib_a-exit.o)
                0x000000004003f064                exit
 .text          0x000000004003f0a0        0x0 c:/opt/bcc-2.0.2-gcc/bin/../lib/gcc/sparc-gaisler-elf/7.2.0/../../../../sparc-gaisler-elf/lib/leon/mfix-at697f\libc.a(lib_a-impure.o)
 .text          0x000000004003f0a0      0x19c c:/opt/bcc-2.0.2-gcc/bin/../lib/gcc/sparc-gaisler-elf/7.2.0/../../../../sparc-gaisler-elf/lib/leon/mfix-at697f\libc.a(lib_a-memcpy.o)
                0x000000004003f0a0                memcpy
 .text          0x000000004003f23c      0x158 c:/opt/bcc-2.0.2-gcc/bin/../lib/gcc/sparc-gaisler-elf/7.2.0/../../../../sparc-gaisler-elf/lib/leon/mfix-at697f\libc.a(lib_a-__atexit.o)
                0x000000004003f23c                __register_exitproc
 .text          0x000000004003f394      0x2b4 c:/opt/bcc-2.0.2-gcc/bin/../lib/gcc/sparc-gaisler-elf/7.2.0/../../../../sparc-gaisler-elf/lib/leon/mfix-at697f\libc.a(lib_a-__call_atexit.o)
                0x000000004003f394                __call_exitprocs
 .text          0x000000004003f648       0x18 c:/opt/bcc-2.0.2-gcc/bin/../sparc-gaisler-elf/bsp/leon2/leon/mfix-at697f\libbcc.a(_exit.S.o)
                0x000000004003f648                _exit
 .text          0x000000004003f660       0x48 c:/opt/bcc-2.0.2-gcc/bin/../lib/gcc/sparc-gaisler-elf/7.2.0/leon/mfix-at697f/crtend.o
 .text          0x000000004003f6a8        0x0 c:/opt/bcc-2.0.2-gcc/bin/../lib/gcc/sparc-gaisler-elf/7.2.0/leon/mfix-at697f/crtn.o
                0x000000004003f6b0                . = ALIGN (0x10)
 *fill*         0x000000004003f6a8        0x8 
 *(.eh_frame)
 .eh_frame      0x000000004003f6b0        0x0 c:/opt/bcc-2.0.2-gcc/bin/../lib/gcc/sparc-gaisler-elf/7.2.0/leon/mfix-at697f/crtbegin.o
 .eh_frame      0x000000004003f6b0        0x4 c:/opt/bcc-2.0.2-gcc/bin/../lib/gcc/sparc-gaisler-elf/7.2.0/leon/mfix-at697f/crtend.o
                0x000000004003f6c0                . = ALIGN (0x10)
 *fill*         0x000000004003f6b4        0xc 
 *(.gnu.linkonce.t*)
                0x000000004003f6c0                ___CTOR_LIST__ = .
                0x000000004003f6c0        0x4 LONG 0x2 (((___CTOR_END__ - ___CTOR_LIST__) / 0x4) - 0x2)
 *(SORT(.ctors.*))
 *(.ctors)
 .ctors         0x000000004003f6c4        0x4 c:/opt/bcc-2.0.2-gcc/bin/../lib/gcc/sparc-gaisler-elf/7.2.0/leon/mfix-at697f/crtbegin.o
 .ctors         0x000000004003f6c8        0x4 c:/opt/bcc-2.0.2-gcc/bin/../lib/gcc/sparc-gaisler-elf/7.2.0/leon/mfix-at697f/crtend.o
                0x000000004003f6cc        0x4 LONG 0x0
                0x000000004003f6d0                ___CTOR_END__ = .
                0x000000004003f6d0                ___DTOR_LIST__ = .
                0x000000004003f6d0        0x4 LONG 0x2 (((___DTOR_END__ - ___DTOR_LIST__) / 0x4) - 0x2)
 *(SORT(.dtors.*))
 *(.dtors)
 .dtors         0x000000004003f6d4        0x4 c:/opt/bcc-2.0.2-gcc/bin/../lib/gcc/sparc-gaisler-elf/7.2.0/leon/mfix-at697f/crtbegin.o
 .dtors         0x000000004003f6d8        0x4 c:/opt/bcc-2.0.2-gcc/bin/../lib/gcc/sparc-gaisler-elf/7.2.0/leon/mfix-at697f/crtend.o
                0x000000004003f6d8                __DTOR_END__
                0x000000004003f6dc        0x4 LONG 0x0
                0x000000004003f6e0                ___DTOR_END__ = .
 *(.gnu.linkonce*)
 *(.init)
 .init          0x000000004003f6e0        0x4 c:/opt/bcc-2.0.2-gcc/bin/../lib/gcc/sparc-gaisler-elf/7.2.0/leon/mfix-at697f/crti.o
                0x000000004003f6e0                _init
 .init          0x000000004003f6e4        0x8 c:/opt/bcc-2.0.2-gcc/bin/../lib/gcc/sparc-gaisler-elf/7.2.0/leon/mfix-at697f/crtbegin.o
 .init          0x000000004003f6ec        0x8 c:/opt/bcc-2.0.2-gcc/bin/../lib/gcc/sparc-gaisler-elf/7.2.0/leon/mfix-at697f/crtend.o
 .init          0x000000004003f6f4        0xc c:/opt/bcc-2.0.2-gcc/bin/../lib/gcc/sparc-gaisler-elf/7.2.0/leon/mfix-at697f/crtn.o
 *(.fini)
 .fini          0x000000004003f700        0x4 c:/opt/bcc-2.0.2-gcc/bin/../lib/gcc/sparc-gaisler-elf/7.2.0/leon/mfix-at697f/crti.o
                0x000000004003f700                _fini
 .fini          0x000000004003f704        0x8 c:/opt/bcc-2.0.2-gcc/bin/../lib/gcc/sparc-gaisler-elf/7.2.0/leon/mfix-at697f/crtbegin.o
 .fini          0x000000004003f70c        0xc c:/opt/bcc-2.0.2-gcc/bin/../lib/gcc/sparc-gaisler-elf/7.2.0/leon/mfix-at697f/crtn.o
 *(.lit)
 *(.shdata)
                0x000000004003f720                . = ALIGN (0x10)
 *fill*         0x000000004003f718        0x8 
                0x000000004003f720                __text_end = .

.gcc_except_table
 *(.gcc_except_table)

.rodata         0x000000004003f720     0x5130
                0x000000004003f720                __rodata_start = .
 *(.rodata*)
 .rodata.cst8   0x000000004003f720       0x38 C:\Users\Bhagawat\AppData\Local\Temp\ccPXoFso.o
 .rodata        0x000000004003f758        0x0 C:\Users\Bhagawat\AppData\Local\Temp\ccH5rDxX.o
 .rodata        0x000000004003f758       0x10 C:\Users\Bhagawat\AppData\Local\Temp\ccaVcQzI.o
 .rodata.cst4   0x000000004003f768        0x4 C:\Users\Bhagawat\AppData\Local\Temp\ccd8yaCI.o
 .rodata        0x000000004003f76c        0x0 C:\Users\Bhagawat\AppData\Local\Temp\ccd8yaCI.o
 .rodata        0x000000004003f76c        0x0 C:\Users\Bhagawat\AppData\Local\Temp\ccI9CjqF.o
 *fill*         0x000000004003f76c        0x4 
 .rodata.cst8   0x000000004003f770        0x8 C:\Users\Bhagawat\AppData\Local\Temp\ccLTIqPv.o
 .rodata.cst8   0x000000004003f778       0x58 C:\Users\Bhagawat\AppData\Local\Temp\ccOyPUWX.o
                                         0xc8 (size before relaxing)
 .rodata.cst4   0x000000004003f7d0        0x4 C:\Users\Bhagawat\AppData\Local\Temp\ccOyPUWX.o
 *fill*         0x000000004003f7d4        0x4 
 .rodata.cst8   0x000000004003f7d8       0x18 C:\Users\Bhagawat\AppData\Local\Temp\ccTS9jLG.o
                                         0x78 (size before relaxing)
 .rodata        0x000000004003f7f0     0x4724 C:\Users\Bhagawat\AppData\Local\Temp\ccoAbLkA.o
                0x000000004003f7f0                c_I_nine_cross_nine
                0x000000004003fa78                c_I_three_cross_three
                0x000000004003fac0                c_Tv_wof_0034
                0x000000004003fb08                c_Tv_wof_0204
                0x000000004003fb50                c_Tv_wof_0230
                0x000000004003fb98                c_Tv_wof_1004
                0x000000004003fbe0                c_Tv_wof_1030
                0x000000004003fc28                c_Tv_wof_1200
                0x000000004003fc70                c_B2wh_mat_0034
                0x000000004003fcd0                c_B2wh_mat_0204
                0x000000004003fd30                c_B2wh_mat_0230
                0x000000004003fd90                c_B2wh_mat_1004
                0x000000004003fdf0                c_B2wh_mat_1030
                0x000000004003fe50                c_B2wh_mat_1200
                0x000000004003feb0                c_B2wh_mat_0234
                0x000000004003ff10                c_B2wh_mat_1034
                0x000000004003ff70                c_B2wh_mat_1204
                0x000000004003ffd0                c_B2wh_mat_1230
                0x0000000040040030                c_B2wh_mat_4RW
                0x0000000040040090                c_wh2B_mat_0034
                0x00000000400400f0                c_wh2B_mat_0204
                0x0000000040040150                c_wh2B_mat_0230
                0x00000000400401b0                c_wh2B_mat_1004
                0x0000000040040210                c_wh2B_mat_1030
                0x0000000040040270                c_wh2B_mat_1200
                0x00000000400402d0                c_wh2B_mat_0234
                0x0000000040040330                c_wh2B_mat_1034
                0x0000000040040390                c_wh2B_mat_1204
                0x00000000400403f0                c_wh2B_mat_1230
                0x0000000040040450                c_wh2B_mat_4RW
                0x00000000400404b0                c_MOI_wh
                0x00000000400404b8                c_MOI_wh4
                0x00000000400404c0                c_MOI_wh3
                0x00000000400404c8                c_MOI_wh2
                0x00000000400404d0                c_MOI_wh1
                0x00000000400404d8                TC_T_RW_MAX
                0x00000000400404e0                c_RADps2RPM
                0x00000000400404e8                c_RPM2RADpS
                0x00000000400404f0                c_DPMMAX
                0x00000000400404f8                c_wkm_sunmag
                0x0000000040040500                c_wks_sunmag
                0x0000000040040508                c_wkm_mag
                0x0000000040040510                c_wks_mag
                0x0000000040040518                c_ss2b4156
                0x0000000040040560                c_ss2b3456
                0x00000000400405a8                c_ss2b2356
                0x00000000400405f0                c_ss2b1256
                0x0000000040040638                c_misaln_cor146
                0x0000000040040680                c_misaln_cor145
                0x00000000400406c8                c_misaln_cor346
                0x0000000040040710                c_misaln_cor345
                0x0000000040040758                c_misaln_cor326
                0x00000000400407a0                c_misaln_cor325
                0x00000000400407e8                c_misaln_cor126
                0x0000000040040830                c_misaln_cor125
                0x0000000040040878                c_AngDev_SAMtransit_thrsld
                0x0000000040040880                c_AngDev_SMtransit_thrsld
                0x0000000040040888                c_Sunlit_Thrsld
                0x0000000040040890                c_SSThrsld
                0x0000000040040898                c_Imax_YN_Main
                0x00000000400408a0                c_Imax_YP_Main
                0x00000000400408a8                c_Imax_PN_Main
                0x00000000400408b0                c_Imax_PP_Main
                0x00000000400408b8                c_Imax_RNND_Main
                0x00000000400408c0                c_Imax_RPND_Main
                0x00000000400408c8                c_Imax_RND_Main
                0x00000000400408d0                c_Imax_RPD_Main
                0x00000000400408d8                c_Imax_YN_Red
                0x00000000400408e0                c_Imax_YP_Red
                0x00000000400408e8                c_Imax_PN_Red
                0x00000000400408f0                c_Imax_PP_Red
                0x00000000400408f8                c_Imax_RNND_Red
                0x0000000040040900                c_Imax_RPND_Red
                0x0000000040040908                c_Imax_RND_Red
                0x0000000040040910                c_Imax_RPD_Red
                0x0000000040040918                c_KDset3
                0x0000000040040920                c_KDset2
                0x0000000040040928                c_KDset1
                0x0000000040040930                c_Epsilon2
                0x0000000040040938                c_Epsilon1
                0x0000000040040940                c_Sun_Dis3
                0x0000000040040948                c_Sun_Dis2
                0x0000000040040950                c_Sun_Dis1
                0x0000000040040958                c_L_Ecliptic2
                0x0000000040040960                c_L_Ecliptic1
                0x0000000040040968                c_Msun2
                0x0000000040040970                c_Msun1
                0x0000000040040978                c_L_Msun2
                0x0000000040040980                c_L_Msun1
                0x0000000040040988                c_hsval
                0x0000000040040cc8                c_hval
                0x0000000040041008                c_gsval
                0x0000000040041348                c_gval
                0x0000000040041688                c_sdmax
                0x0000000040041690                c_a
                0x0000000040041698                c_Pibytwo
                0x00000000400416a0                c_Kmax
                0x00000000400416a4                c_Nmax
                0x00000000400416a8                nut
                0x00000000400437c8                fc
                0x0000000040043890                c_rk_T
                0x0000000040043b18                c_rk
                0x0000000040043da0                c_I_four_cross_four
                0x0000000040043de0                c_onesecond
                0x0000000040043de8                c_oneminute
                0x0000000040043df0                c_halfhour
                0x0000000040043df8                c_Mmax
                0x0000000040043e00                c_AS2R
                0x0000000040043e08                c_R2D
                0x0000000040043e10                c_D2R
                0x0000000040043e18                c_min_per_day
                0x0000000040043e20                c_temp4
                0x0000000040043e28                c_j4
                0x0000000040043e30                c_j3oj2
                0x0000000040043e38                c_qzms2t
                0x0000000040043e40                c_ss
                0x0000000040043e48                c_xpdotp
                0x0000000040043e50                c_Pi
                0x0000000040043e58                c_Day_To_Seconds
                0x0000000040043e60                c_invmu
                0x0000000040043e68                c_mu
                0x0000000040043e70                c_dividebyzerovalue
                0x0000000040043e78                c_xke
                0x0000000040043e80                c_x2o3
                0x0000000040043e88                c_Twopi
                0x0000000040043e90                c_j2
                0x0000000040043e98                c_au
                0x0000000040043ea0                c_auer
                0x0000000040043ea8                c_radiusearthkm
                0x0000000040043eb0                c_vkmpersec
                0x0000000040043eb8                c_OMEGAE
                0x0000000040043ec0                c_tsince_min
                0x0000000040043ec8                c_twomu
                0x0000000040043ed0                c_MiC
                0x0000000040043ed8                c_MaC
                0x0000000040043ee0                c_TM_RW_Resol
                0x0000000040043ee8                c_TM_Resol_B
                0x0000000040043ef0                c_TM_Resol_w
                0x0000000040043ef8                c_TM_Resol_DelThta
                0x0000000040043f00                c_Resol_DelThta
                0x0000000040043f08                c_Resol_B
                0x0000000040043f10                c_FFFF
 *fill*         0x0000000040043f14        0x4 
 .rodata.cst8   0x0000000040043f18       0x58 C:\Users\Bhagawat\AppData\Local\Temp\cc6P9c1U.o
                                         0xb0 (size before relaxing)
 .rodata.cst8   0x0000000040043f70       0x30 C:\Users\Bhagawat\AppData\Local\Temp\ccSD4CRC.o
                                         0x78 (size before relaxing)
 .rodata        0x0000000040043fa0        0x0 C:\Users\Bhagawat\AppData\Local\Temp\ccSD4CRC.o
 .rodata.cst8   0x0000000040043fa0       0x48 C:\Users\Bhagawat\AppData\Local\Temp\cciux2NS.o
                                         0x68 (size before relaxing)
 .rodata.cst4   0x0000000040043fe8        0x8 C:\Users\Bhagawat\AppData\Local\Temp\cciux2NS.o
 .rodata.cst8   0x0000000040043ff0       0x38 C:\Users\Bhagawat\AppData\Local\Temp\ccPbqKJR.o
                                         0xa0 (size before relaxing)
 .rodata.cst4   0x0000000040044028        0x8 C:\Users\Bhagawat\AppData\Local\Temp\ccPbqKJR.o
                                          0xc (size before relaxing)
 .rodata.cst8   0x0000000040044030      0x290 C:\Users\Bhagawat\AppData\Local\Temp\ccsUYOPQ.o
                                        0x3c0 (size before relaxing)
 .rodata.cst8   0x00000000400442c0       0x88 C:\Users\Bhagawat\AppData\Local\Temp\ccnjS42R.o
 .rodata.cst8   0x00000000400442c0       0xa8 c:/opt/bcc-2.0.2-gcc/bin/../lib/gcc/sparc-gaisler-elf/7.2.0/../../../../sparc-gaisler-elf/lib/leon/mfix-at697f\libm.a(lib_a-s_atan.o)
                                         0xd0 (size before relaxing)
 .rodata.cst8   0x0000000040044368       0x10 c:/opt/bcc-2.0.2-gcc/bin/../lib/gcc/sparc-gaisler-elf/7.2.0/../../../../sparc-gaisler-elf/lib/leon/mfix-at697f\libm.a(lib_a-s_floor.o)
 .rodata.str1.8
                0x0000000040044368        0x9 c:/opt/bcc-2.0.2-gcc/bin/../lib/gcc/sparc-gaisler-elf/7.2.0/../../../../sparc-gaisler-elf/lib/leon/mfix-at697f\libm.a(lib_a-w_acos.o)
 .rodata.cst8   0x0000000040044371        0x8 c:/opt/bcc-2.0.2-gcc/bin/../lib/gcc/sparc-gaisler-elf/7.2.0/../../../../sparc-gaisler-elf/lib/leon/mfix-at697f\libm.a(lib_a-w_acos.o)
 *fill*         0x0000000040044371        0x7 
 .rodata.str1.8
                0x0000000040044378        0x5 c:/opt/bcc-2.0.2-gcc/bin/../lib/gcc/sparc-gaisler-elf/7.2.0/../../../../sparc-gaisler-elf/lib/leon/mfix-at697f\libm.a(lib_a-w_asin.o)
                                          0x9 (size before relaxing)
 .rodata.cst8   0x000000004004437d        0x8 c:/opt/bcc-2.0.2-gcc/bin/../lib/gcc/sparc-gaisler-elf/7.2.0/../../../../sparc-gaisler-elf/lib/leon/mfix-at697f\libm.a(lib_a-w_asin.o)
 *fill*         0x000000004004437d        0x3 
 .rodata.str1.8
                0x0000000040044380        0x5 c:/opt/bcc-2.0.2-gcc/bin/../lib/gcc/sparc-gaisler-elf/7.2.0/../../../../sparc-gaisler-elf/lib/leon/mfix-at697f\libm.a(lib_a-w_fmod.o)
 .rodata.cst8   0x0000000040044385        0x8 c:/opt/bcc-2.0.2-gcc/bin/../lib/gcc/sparc-gaisler-elf/7.2.0/../../../../sparc-gaisler-elf/lib/leon/mfix-at697f\libm.a(lib_a-w_fmod.o)
 *fill*         0x0000000040044385        0x3 
 .rodata.str1.8
                0x0000000040044388        0x4 c:/opt/bcc-2.0.2-gcc/bin/../lib/gcc/sparc-gaisler-elf/7.2.0/../../../../sparc-gaisler-elf/lib/leon/mfix-at697f\libm.a(lib_a-w_pow.o)
 *fill*         0x000000004004438c        0x4 
 .rodata.cst8   0x0000000040044390       0x20 c:/opt/bcc-2.0.2-gcc/bin/../lib/gcc/sparc-gaisler-elf/7.2.0/../../../../sparc-gaisler-elf/lib/leon/mfix-at697f\libm.a(lib_a-w_pow.o)
                                         0x38 (size before relaxing)
 .rodata.str1.8
                0x00000000400443b0        0x8 c:/opt/bcc-2.0.2-gcc/bin/../lib/gcc/sparc-gaisler-elf/7.2.0/../../../../sparc-gaisler-elf/lib/leon/mfix-at697f\libm.a(lib_a-w_sqrt.o)
                                          0x5 (size before relaxing)
 .rodata.cst8   0x00000000400443b8        0x8 c:/opt/bcc-2.0.2-gcc/bin/../lib/gcc/sparc-gaisler-elf/7.2.0/../../../../sparc-gaisler-elf/lib/leon/mfix-at697f\libm.a(lib_a-w_sqrt.o)
 .rodata.cst8   0x00000000400443b8       0x58 c:/opt/bcc-2.0.2-gcc/bin/../lib/gcc/sparc-gaisler-elf/7.2.0/../../../../sparc-gaisler-elf/lib/leon/mfix-at697f\libm.a(lib_a-e_acos.o)
                                         0x80 (size before relaxing)
 .rodata.cst8   0x0000000040044410       0x80 c:/opt/bcc-2.0.2-gcc/bin/../lib/gcc/sparc-gaisler-elf/7.2.0/../../../../sparc-gaisler-elf/lib/leon/mfix-at697f\libm.a(lib_a-e_asin.o)
 .rodata.cst8   0x0000000040044410       0x28 c:/opt/bcc-2.0.2-gcc/bin/../lib/gcc/sparc-gaisler-elf/7.2.0/../../../../sparc-gaisler-elf/lib/leon/mfix-at697f\libm.a(lib_a-e_atan2.o)
                                         0x58 (size before relaxing)
 .rodata        0x0000000040044438       0x10 c:/opt/bcc-2.0.2-gcc/bin/../lib/gcc/sparc-gaisler-elf/7.2.0/../../../../sparc-gaisler-elf/lib/leon/mfix-at697f\libm.a(lib_a-e_fmod.o)
 .rodata.str1.8
                0x0000000040044448        0x1 c:/opt/bcc-2.0.2-gcc/bin/../lib/gcc/sparc-gaisler-elf/7.2.0/../../../../sparc-gaisler-elf/lib/leon/mfix-at697f\libm.a(lib_a-e_pow.o)
 .rodata.cst8   0x0000000040044448       0xc8 c:/opt/bcc-2.0.2-gcc/bin/../lib/gcc/sparc-gaisler-elf/7.2.0/../../../../sparc-gaisler-elf/lib/leon/mfix-at697f\libm.a(lib_a-e_pow.o)
                                        0x120 (size before relaxing)
 .rodata.cst8   0x0000000040044510       0x40 c:/opt/bcc-2.0.2-gcc/bin/../lib/gcc/sparc-gaisler-elf/7.2.0/../../../../sparc-gaisler-elf/lib/leon/mfix-at697f\libm.a(lib_a-e_rem_pio2.o)
                                         0x50 (size before relaxing)
 .rodata        0x0000000040044550      0x188 c:/opt/bcc-2.0.2-gcc/bin/../lib/gcc/sparc-gaisler-elf/7.2.0/../../../../sparc-gaisler-elf/lib/leon/mfix-at697f\libm.a(lib_a-e_rem_pio2.o)
 .rodata.cst8   0x00000000400446d8       0x40 c:/opt/bcc-2.0.2-gcc/bin/../lib/gcc/sparc-gaisler-elf/7.2.0/../../../../sparc-gaisler-elf/lib/leon/mfix-at697f\libm.a(lib_a-k_cos.o)
                                         0x50 (size before relaxing)
 .rodata.cst8   0x0000000040044718       0x50 c:/opt/bcc-2.0.2-gcc/bin/../lib/gcc/sparc-gaisler-elf/7.2.0/../../../../sparc-gaisler-elf/lib/leon/mfix-at697f\libm.a(lib_a-k_rem_pio2.o)
                                         0x78 (size before relaxing)
 .rodata        0x0000000040044768       0x10 c:/opt/bcc-2.0.2-gcc/bin/../lib/gcc/sparc-gaisler-elf/7.2.0/../../../../sparc-gaisler-elf/lib/leon/mfix-at697f\libm.a(lib_a-k_rem_pio2.o)
 .rodata.cst8   0x0000000040044778       0x30 c:/opt/bcc-2.0.2-gcc/bin/../lib/gcc/sparc-gaisler-elf/7.2.0/../../../../sparc-gaisler-elf/lib/leon/mfix-at697f\libm.a(lib_a-k_sin.o)
                                         0x38 (size before relaxing)
 .rodata.cst8   0x00000000400447a8       0x68 c:/opt/bcc-2.0.2-gcc/bin/../lib/gcc/sparc-gaisler-elf/7.2.0/../../../../sparc-gaisler-elf/lib/leon/mfix-at697f\libm.a(lib_a-k_tan.o)
                                         0x90 (size before relaxing)
 .rodata.cst8   0x0000000040044810        0x8 c:/opt/bcc-2.0.2-gcc/bin/../lib/gcc/sparc-gaisler-elf/7.2.0/../../../../sparc-gaisler-elf/lib/leon/mfix-at697f\libm.a(lib_a-s_nan.o)
 .rodata        0x0000000040044818       0x10 c:/opt/bcc-2.0.2-gcc/bin/../lib/gcc/sparc-gaisler-elf/7.2.0/../../../../sparc-gaisler-elf/lib/leon/mfix-at697f\libm.a(lib_a-s_rint.o)
 .rodata.cst8   0x0000000040044828       0x18 c:/opt/bcc-2.0.2-gcc/bin/../lib/gcc/sparc-gaisler-elf/7.2.0/../../../../sparc-gaisler-elf/lib/leon/mfix-at697f\libm.a(lib_a-s_scalbn.o)
                                         0x20 (size before relaxing)
 .rodata        0x0000000040044840        0x4 c:/opt/bcc-2.0.2-gcc/bin/../lib/gcc/sparc-gaisler-elf/7.2.0/../../../../sparc-gaisler-elf/lib/leon/mfix-at697f\libc.a(lib_a-impure.o)
                0x0000000040044840                _global_impure_ptr
 *(.gnu.linkonce.r*)
                0x0000000040044850                . = ALIGN (0x10)
 *fill*         0x0000000040044844        0xc 
                0x0000000040044850                __rodata_end = .

.rela.dyn       0x0000000040044850        0x0
 .rela.iplt     0x0000000040044850        0x0 c:/opt/bcc-2.0.2-gcc/bin/../sparc-gaisler-elf/bsp/leon2/leon/mfix-at697f/trap_table_mvt.S.o
 .rela.text.traptable
                0x0000000040044850        0x0 c:/opt/bcc-2.0.2-gcc/bin/../sparc-gaisler-elf/bsp/leon2/leon/mfix-at697f/trap_table_mvt.S.o
 .rela.text     0x0000000040044850        0x0 c:/opt/bcc-2.0.2-gcc/bin/../sparc-gaisler-elf/bsp/leon2/leon/mfix-at697f/trap_table_mvt.S.o
 .rela.text.startup
                0x0000000040044850        0x0 c:/opt/bcc-2.0.2-gcc/bin/../sparc-gaisler-elf/bsp/leon2/leon/mfix-at697f/trap_table_mvt.S.o
 .rela.data     0x0000000040044850        0x0 c:/opt/bcc-2.0.2-gcc/bin/../sparc-gaisler-elf/bsp/leon2/leon/mfix-at697f/trap_table_mvt.S.o

.ext.data       0x0000000040044850        0x0
                0x0000000040044850                . = ALIGN (0x8)
                0x0000000040044850                __extdata_start = .
 *(.data.ext)
                0x0000000040044850                . = ALIGN (0x8)
                0x0000000040044850                __extdata_end = .
                0x0000000040044850                __extdata_start_lma = LOADADDR (.ext.data)
                0x0000000000000000                __extdata_size = SIZEOF (.ext.data)

.data           0x0000000040044850      0x550
                0x0000000040044850                . = ALIGN (0x8)
                0x0000000040044850                __data_start = .
 *(.data .data.*)
 .data          0x0000000040044850        0x0 c:/opt/bcc-2.0.2-gcc/bin/../sparc-gaisler-elf/bsp/leon2/leon/mfix-at697f/trap_table_mvt.S.o
 .data          0x0000000040044850        0x0 c:/opt/bcc-2.0.2-gcc/bin/../sparc-gaisler-elf/bsp/leon2/leon/mfix-at697f/crt0.S.o
 .data          0x0000000040044850        0x0 c:/opt/bcc-2.0.2-gcc/bin/../lib/gcc/sparc-gaisler-elf/7.2.0/leon/mfix-at697f/crti.o
 .data          0x0000000040044850        0x4 c:/opt/bcc-2.0.2-gcc/bin/../lib/gcc/sparc-gaisler-elf/7.2.0/leon/mfix-at697f/crtbegin.o
                0x0000000040044850                __dso_handle
 .data          0x0000000040044854        0x0 C:\Users\Bhagawat\AppData\Local\Temp\ccPXoFso.o
 .data          0x0000000040044854        0x0 C:\Users\Bhagawat\AppData\Local\Temp\ccH5rDxX.o
 .data          0x0000000040044854       0x18 C:\Users\Bhagawat\AppData\Local\Temp\ccaVcQzI.o
                0x0000000040044868                real_tm_wait
 .data          0x000000004004486c      0x3ac C:\Users\Bhagawat\AppData\Local\Temp\ccd8yaCI.o
                0x000000004004486c                Resol_Table_Adcs
                0x0000000040044950                BlkExe_Status
                0x0000000040044954                FuncExecute_Table
                0x0000000040044bac                Resol_Table
 .data          0x0000000040044c18        0x0 C:\Users\Bhagawat\AppData\Local\Temp\cckTl2KQ.o
 .data          0x0000000040044c18        0x0 C:\Users\Bhagawat\AppData\Local\Temp\ccejDDB4.o
 .data          0x0000000040044c18        0x8 C:\Users\Bhagawat\AppData\Local\Temp\ccI9CjqF.o
                0x0000000040044c18                PL_Debug_Data
 .data          0x0000000040044c20       0x20 C:\Users\Bhagawat\AppData\Local\Temp\cciHV2cs.o
                0x0000000040044c20                inter_HAL_EPS_Hardware_Status_SEL
 .data          0x0000000040044c40        0x0 C:\Users\Bhagawat\AppData\Local\Temp\ccegjPco.o
 .data          0x0000000040044c40        0x0 C:\Users\Bhagawat\AppData\Local\Temp\ccMYFv4r.o
 .data          0x0000000040044c40        0x0 C:\Users\Bhagawat\AppData\Local\Temp\ccFBaAUI.o
 .data          0x0000000040044c40       0xbc C:\Users\Bhagawat\AppData\Local\Temp\ccOaBTHq.o
                0x0000000040044c40                Auto_manual
                0x0000000040044c44                UTP
                0x0000000040044c84                LTP
                0x0000000040044cc4                Thermister_index_select
 .data          0x0000000040044cfc        0x0 C:\Users\Bhagawat\AppData\Local\Temp\ccn36hfl.o
 *fill*         0x0000000040044cfc        0x4 
 .data          0x0000000040044d00        0x4 C:\Users\Bhagawat\AppData\Local\Temp\ccLTIqPv.o
                0x0000000040044d00                NSP_addr_table
 .data          0x0000000040044d04        0x0 C:\Users\Bhagawat\AppData\Local\Temp\ccFcrPFS.o
 .data          0x0000000040044d04        0x0 C:\Users\Bhagawat\AppData\Local\Temp\ccOyPUWX.o
 .data          0x0000000040044d04        0x0 C:\Users\Bhagawat\AppData\Local\Temp\ccTS9jLG.o
 .data          0x0000000040044d04        0x0 C:\Users\Bhagawat\AppData\Local\Temp\ccoAbLkA.o
 .data          0x0000000040044d04        0x0 C:\Users\Bhagawat\AppData\Local\Temp\cc6P9c1U.o
 .data          0x0000000040044d04        0x0 C:\Users\Bhagawat\AppData\Local\Temp\ccSD4CRC.o
 .data          0x0000000040044d04        0x0 C:\Users\Bhagawat\AppData\Local\Temp\cciux2NS.o
 .data          0x0000000040044d04        0x0 C:\Users\Bhagawat\AppData\Local\Temp\ccPbqKJR.o
 .data          0x0000000040044d04        0x0 C:\Users\Bhagawat\AppData\Local\Temp\ccMWLRjZ.o
 .data          0x0000000040044d04        0x0 C:\Users\Bhagawat\AppData\Local\Temp\ccsUYOPQ.o
 .data          0x0000000040044d04        0x0 C:\Users\Bhagawat\AppData\Local\Temp\ccnjS42R.o
 .data          0x0000000040044d04        0x0 C:\Users\Bhagawat\AppData\Local\Temp\ccgZy5n0.o
 .data          0x0000000040044d04        0x0 c:/opt/bcc-2.0.2-gcc/bin/../lib/gcc/sparc-gaisler-elf/7.2.0/../../../../sparc-gaisler-elf/lib/leon/mfix-at697f\libm.a(lib_a-s_atan.o)
 .data          0x0000000040044d04        0x0 c:/opt/bcc-2.0.2-gcc/bin/../lib/gcc/sparc-gaisler-elf/7.2.0/../../../../sparc-gaisler-elf/lib/leon/mfix-at697f\libm.a(lib_a-s_cos.o)
 .data          0x0000000040044d04        0x0 c:/opt/bcc-2.0.2-gcc/bin/../lib/gcc/sparc-gaisler-elf/7.2.0/../../../../sparc-gaisler-elf/lib/leon/mfix-at697f\libm.a(lib_a-s_fabs.o)
 .data          0x0000000040044d04        0x0 c:/opt/bcc-2.0.2-gcc/bin/../lib/gcc/sparc-gaisler-elf/7.2.0/../../../../sparc-gaisler-elf/lib/leon/mfix-at697f\libm.a(lib_a-s_floor.o)
 .data          0x0000000040044d04        0x0 c:/opt/bcc-2.0.2-gcc/bin/../lib/gcc/sparc-gaisler-elf/7.2.0/../../../../sparc-gaisler-elf/lib/leon/mfix-at697f\libm.a(lib_a-s_round.o)
 .data          0x0000000040044d04        0x0 c:/opt/bcc-2.0.2-gcc/bin/../lib/gcc/sparc-gaisler-elf/7.2.0/../../../../sparc-gaisler-elf/lib/leon/mfix-at697f\libm.a(lib_a-s_sin.o)
 .data          0x0000000040044d04        0x0 c:/opt/bcc-2.0.2-gcc/bin/../lib/gcc/sparc-gaisler-elf/7.2.0/../../../../sparc-gaisler-elf/lib/leon/mfix-at697f\libm.a(lib_a-s_tan.o)
 .data          0x0000000040044d04        0x0 c:/opt/bcc-2.0.2-gcc/bin/../lib/gcc/sparc-gaisler-elf/7.2.0/../../../../sparc-gaisler-elf/lib/leon/mfix-at697f\libm.a(lib_a-w_acos.o)
 .data          0x0000000040044d04        0x0 c:/opt/bcc-2.0.2-gcc/bin/../lib/gcc/sparc-gaisler-elf/7.2.0/../../../../sparc-gaisler-elf/lib/leon/mfix-at697f\libm.a(lib_a-w_asin.o)
 .data          0x0000000040044d04        0x0 c:/opt/bcc-2.0.2-gcc/bin/../lib/gcc/sparc-gaisler-elf/7.2.0/../../../../sparc-gaisler-elf/lib/leon/mfix-at697f\libm.a(lib_a-w_atan2.o)
 .data          0x0000000040044d04        0x0 c:/opt/bcc-2.0.2-gcc/bin/../lib/gcc/sparc-gaisler-elf/7.2.0/../../../../sparc-gaisler-elf/lib/leon/mfix-at697f\libm.a(lib_a-w_fmod.o)
 .data          0x0000000040044d04        0x0 c:/opt/bcc-2.0.2-gcc/bin/../lib/gcc/sparc-gaisler-elf/7.2.0/../../../../sparc-gaisler-elf/lib/leon/mfix-at697f\libm.a(lib_a-w_pow.o)
 .data          0x0000000040044d04        0x0 c:/opt/bcc-2.0.2-gcc/bin/../lib/gcc/sparc-gaisler-elf/7.2.0/../../../../sparc-gaisler-elf/lib/leon/mfix-at697f\libm.a(lib_a-w_sqrt.o)
 .data          0x0000000040044d04        0x0 c:/opt/bcc-2.0.2-gcc/bin/../lib/gcc/sparc-gaisler-elf/7.2.0/../../../../sparc-gaisler-elf/lib/leon/mfix-at697f\libm.a(lib_a-e_acos.o)
 .data          0x0000000040044d04        0x0 c:/opt/bcc-2.0.2-gcc/bin/../lib/gcc/sparc-gaisler-elf/7.2.0/../../../../sparc-gaisler-elf/lib/leon/mfix-at697f\libm.a(lib_a-e_asin.o)
 .data          0x0000000040044d04        0x0 c:/opt/bcc-2.0.2-gcc/bin/../lib/gcc/sparc-gaisler-elf/7.2.0/../../../../sparc-gaisler-elf/lib/leon/mfix-at697f\libm.a(lib_a-e_atan2.o)
 .data          0x0000000040044d04        0x0 c:/opt/bcc-2.0.2-gcc/bin/../lib/gcc/sparc-gaisler-elf/7.2.0/../../../../sparc-gaisler-elf/lib/leon/mfix-at697f\libm.a(lib_a-e_fmod.o)
 .data          0x0000000040044d04        0x0 c:/opt/bcc-2.0.2-gcc/bin/../lib/gcc/sparc-gaisler-elf/7.2.0/../../../../sparc-gaisler-elf/lib/leon/mfix-at697f\libm.a(lib_a-e_pow.o)
 .data          0x0000000040044d04        0x0 c:/opt/bcc-2.0.2-gcc/bin/../lib/gcc/sparc-gaisler-elf/7.2.0/../../../../sparc-gaisler-elf/lib/leon/mfix-at697f\libm.a(lib_a-e_rem_pio2.o)
 .data          0x0000000040044d04        0x0 c:/opt/bcc-2.0.2-gcc/bin/../lib/gcc/sparc-gaisler-elf/7.2.0/../../../../sparc-gaisler-elf/lib/leon/mfix-at697f\libm.a(lib_a-e_sqrt.o)
 .data          0x0000000040044d04        0x0 c:/opt/bcc-2.0.2-gcc/bin/../lib/gcc/sparc-gaisler-elf/7.2.0/../../../../sparc-gaisler-elf/lib/leon/mfix-at697f\libm.a(lib_a-k_cos.o)
 .data          0x0000000040044d04        0x0 c:/opt/bcc-2.0.2-gcc/bin/../lib/gcc/sparc-gaisler-elf/7.2.0/../../../../sparc-gaisler-elf/lib/leon/mfix-at697f\libm.a(lib_a-k_rem_pio2.o)
 .data          0x0000000040044d04        0x0 c:/opt/bcc-2.0.2-gcc/bin/../lib/gcc/sparc-gaisler-elf/7.2.0/../../../../sparc-gaisler-elf/lib/leon/mfix-at697f\libm.a(lib_a-k_sin.o)
 .data          0x0000000040044d04        0x0 c:/opt/bcc-2.0.2-gcc/bin/../lib/gcc/sparc-gaisler-elf/7.2.0/../../../../sparc-gaisler-elf/lib/leon/mfix-at697f\libm.a(lib_a-k_tan.o)
 .data          0x0000000040044d04        0x0 c:/opt/bcc-2.0.2-gcc/bin/../lib/gcc/sparc-gaisler-elf/7.2.0/../../../../sparc-gaisler-elf/lib/leon/mfix-at697f\libm.a(lib_a-s_finite.o)
 .data          0x0000000040044d04        0x4 c:/opt/bcc-2.0.2-gcc/bin/../lib/gcc/sparc-gaisler-elf/7.2.0/../../../../sparc-gaisler-elf/lib/leon/mfix-at697f\libm.a(lib_a-s_lib_ver.o)
                0x0000000040044d04                __fdlib_version
 .data          0x0000000040044d08        0x0 c:/opt/bcc-2.0.2-gcc/bin/../lib/gcc/sparc-gaisler-elf/7.2.0/../../../../sparc-gaisler-elf/lib/leon/mfix-at697f\libm.a(lib_a-s_matherr.o)
 .data          0x0000000040044d08        0x0 c:/opt/bcc-2.0.2-gcc/bin/../lib/gcc/sparc-gaisler-elf/7.2.0/../../../../sparc-gaisler-elf/lib/leon/mfix-at697f\libm.a(lib_a-s_nan.o)
 .data          0x0000000040044d08        0x0 c:/opt/bcc-2.0.2-gcc/bin/../lib/gcc/sparc-gaisler-elf/7.2.0/../../../../sparc-gaisler-elf/lib/leon/mfix-at697f\libm.a(lib_a-s_rint.o)
 .data          0x0000000040044d08        0x0 c:/opt/bcc-2.0.2-gcc/bin/../lib/gcc/sparc-gaisler-elf/7.2.0/../../../../sparc-gaisler-elf/lib/leon/mfix-at697f\libm.a(lib_a-s_scalbn.o)
 .data          0x0000000040044d08        0x0 c:/opt/bcc-2.0.2-gcc/bin/../lib/gcc/sparc-gaisler-elf/7.2.0/../../../../sparc-gaisler-elf/lib/leon/mfix-at697f\libm.a(lib_a-s_copysign.o)
 .data          0x0000000040044d08        0x0 c:/opt/bcc-2.0.2-gcc/bin/../sparc-gaisler-elf/bsp/leon2/leon/mfix-at697f\libbcc.a(reset_trap_mvt.S.o)
 .data          0x0000000040044d08        0x0 c:/opt/bcc-2.0.2-gcc/bin/../sparc-gaisler-elf/bsp/leon2/leon/mfix-at697f\libbcc.a(window_trap.S.o)
 .data          0x0000000040044d08        0x0 c:/opt/bcc-2.0.2-gcc/bin/../sparc-gaisler-elf/bsp/leon2/leon/mfix-at697f\libbcc.a(interrupt_trap.S.o)
 .data          0x0000000040044d08        0x0 c:/opt/bcc-2.0.2-gcc/bin/../sparc-gaisler-elf/bsp/leon2/leon/mfix-at697f\libbcc.a(flush_windows_trap.S.o)
 .data          0x0000000040044d08        0x0 c:/opt/bcc-2.0.2-gcc/bin/../sparc-gaisler-elf/bsp/leon2/leon/mfix-at697f\libbcc.a(sw_trap_set_pil.S.o)
 .data          0x0000000040044d08        0x0 c:/opt/bcc-2.0.2-gcc/bin/../sparc-gaisler-elf/bsp/leon2/leon/mfix-at697f\libbcc.a(trap.c.o)
 .data          0x0000000040044d08        0x0 c:/opt/bcc-2.0.2-gcc/bin/../sparc-gaisler-elf/bsp/leon2/leon/mfix-at697f\libbcc.a(isr.c.o)
 .data          0x0000000040044d08       0x10 c:/opt/bcc-2.0.2-gcc/bin/../sparc-gaisler-elf/bsp/leon2/leon/mfix-at697f\libbcc.a(int_nest.c.o)
                0x0000000040044d08                __bcc_int_nest
 .data          0x0000000040044d18        0x0 c:/opt/bcc-2.0.2-gcc/bin/../sparc-gaisler-elf/bsp/leon2/leon/mfix-at697f\libbcc.a(init.S.o)
 .data          0x0000000040044d18       0x10 c:/opt/bcc-2.0.2-gcc/bin/../sparc-gaisler-elf/bsp/leon2/leon/mfix-at697f\libbcc.a(leon_info.S.o)
                0x0000000040044d18                __bcc_leon_version
                0x0000000040044d1c                __bcc_nwindows_min1
                0x0000000040044d20                __bcc_nwindows
                0x0000000040044d24                __bcc_cpuid
 .data          0x0000000040044d28        0x0 c:/opt/bcc-2.0.2-gcc/bin/../sparc-gaisler-elf/bsp/leon2/leon/mfix-at697f\libbcc.a(dwzero.S.o)
 .data          0x0000000040044d28        0x0 c:/opt/bcc-2.0.2-gcc/bin/../sparc-gaisler-elf/bsp/leon2/leon/mfix-at697f\libbcc.a(copy_data.c.o)
 .data          0x0000000040044d28        0x0 c:/opt/bcc-2.0.2-gcc/bin/../sparc-gaisler-elf/bsp/leon2/leon/mfix-at697f\libbcc.a(lowlevel.S.o)
 .data          0x0000000040044d28        0x0 c:/opt/bcc-2.0.2-gcc/bin/../sparc-gaisler-elf/bsp/leon2/leon/mfix-at697f\libbcc.a(lowlevel_leon2.S.o)
 .data          0x0000000040044d28        0x0 c:/opt/bcc-2.0.2-gcc/bin/../sparc-gaisler-elf/bsp/leon2/leon/mfix-at697f\libbcc.a(int_leon2.c.o)
 .data          0x0000000040044d28        0x0 c:/opt/bcc-2.0.2-gcc/bin/../sparc-gaisler-elf/bsp/leon2/leon/mfix-at697f\libbcc.a(int_leon2_get_source.c.o)
 .data          0x0000000040044d28        0x0 c:/opt/bcc-2.0.2-gcc/bin/../sparc-gaisler-elf/bsp/leon2/leon/mfix-at697f\libbcc.a(int_leon2_init.c.o)
 .data          0x0000000040044d28        0x0 c:/opt/bcc-2.0.2-gcc/bin/../sparc-gaisler-elf/bsp/leon2/leon/mfix-at697f\libbcc.a(con_leon2.c.o)
 .data          0x0000000040044d28        0x0 c:/opt/bcc-2.0.2-gcc/bin/../sparc-gaisler-elf/bsp/leon2/leon/mfix-at697f\libbcc.a(timer_leon2.c.o)
 .data          0x0000000040044d28        0x0 c:/opt/bcc-2.0.2-gcc/bin/../sparc-gaisler-elf/bsp/leon2/leon/mfix-at697f\libbcc.a(set_pil.S.o)
 .data          0x0000000040044d28        0x4 c:/opt/bcc-2.0.2-gcc/bin/../sparc-gaisler-elf/bsp/leon2/leon/mfix-at697f\libbcc.a(int_leon2_handle.c.o)
                0x0000000040044d28                __bcc_int_handle
 .data          0x0000000040044d2c        0x4 c:/opt/bcc-2.0.2-gcc/bin/../sparc-gaisler-elf/bsp/leon2/leon/mfix-at697f\libbcc.a(con_handle.c.o)
                0x0000000040044d2c                __bcc_con_handle
 .data          0x0000000040044d30        0x8 c:/opt/bcc-2.0.2-gcc/bin/../sparc-gaisler-elf/bsp/leon2/leon/mfix-at697f\libbcc.a(timer_handle.c.o)
                0x0000000040044d30                __bcc_timer_interrupt
                0x0000000040044d34                __bcc_timer_handle
 .data          0x0000000040044d38        0x0 c:/opt/bcc-2.0.2-gcc/bin/../lib/gcc/sparc-gaisler-elf/7.2.0/../../../../sparc-gaisler-elf/lib/leon/mfix-at697f\libc.a(lib_a-atexit.o)
 .data          0x0000000040044d38        0x0 c:/opt/bcc-2.0.2-gcc/bin/../lib/gcc/sparc-gaisler-elf/7.2.0/../../../../sparc-gaisler-elf/lib/leon/mfix-at697f\libc.a(lib_a-errno.o)
 .data          0x0000000040044d38        0x0 c:/opt/bcc-2.0.2-gcc/bin/../lib/gcc/sparc-gaisler-elf/7.2.0/../../../../sparc-gaisler-elf/lib/leon/mfix-at697f\libc.a(lib_a-exit.o)
 .data          0x0000000040044d38       0x64 c:/opt/bcc-2.0.2-gcc/bin/../lib/gcc/sparc-gaisler-elf/7.2.0/../../../../sparc-gaisler-elf/lib/leon/mfix-at697f\libc.a(lib_a-impure.o)
                0x0000000040044d38                _impure_ptr
 .data          0x0000000040044d9c        0x0 c:/opt/bcc-2.0.2-gcc/bin/../lib/gcc/sparc-gaisler-elf/7.2.0/../../../../sparc-gaisler-elf/lib/leon/mfix-at697f\libc.a(lib_a-memcpy.o)
 .data          0x0000000040044d9c        0x0 c:/opt/bcc-2.0.2-gcc/bin/../lib/gcc/sparc-gaisler-elf/7.2.0/../../../../sparc-gaisler-elf/lib/leon/mfix-at697f\libc.a(lib_a-__atexit.o)
 .data          0x0000000040044d9c        0x0 c:/opt/bcc-2.0.2-gcc/bin/../lib/gcc/sparc-gaisler-elf/7.2.0/../../../../sparc-gaisler-elf/lib/leon/mfix-at697f\libc.a(lib_a-__call_atexit.o)
 .data          0x0000000040044d9c        0x0 c:/opt/bcc-2.0.2-gcc/bin/../sparc-gaisler-elf/bsp/leon2/leon/mfix-at697f\libbcc.a(_exit.S.o)
 .data          0x0000000040044d9c        0x0 c:/opt/bcc-2.0.2-gcc/bin/../lib/gcc/sparc-gaisler-elf/7.2.0/leon/mfix-at697f/crtend.o
 .data          0x0000000040044d9c        0x0 c:/opt/bcc-2.0.2-gcc/bin/../lib/gcc/sparc-gaisler-elf/7.2.0/leon/mfix-at697f/crtn.o
                0x0000000040044da0                . = ALIGN (0x8)
 *fill*         0x0000000040044d9c        0x4 
                0x0000000040044da0                __data_end = .
                0x0000000040044850                __data_start_lma = LOADADDR (.data)
                0x0000000000000550                __data_size = SIZEOF (.data)

.iplt           0x0000000040044da0        0x0
 .iplt          0x0000000040044da0        0x0 c:/opt/bcc-2.0.2-gcc/bin/../sparc-gaisler-elf/bsp/leon2/leon/mfix-at697f/trap_table_mvt.S.o

.tm_clone_table
                0x0000000040044da0        0x0
 .tm_clone_table
                0x0000000040044da0        0x0 c:/opt/bcc-2.0.2-gcc/bin/../lib/gcc/sparc-gaisler-elf/7.2.0/leon/mfix-at697f/crtbegin.o
 .tm_clone_table
                0x0000000040044da0        0x0 c:/opt/bcc-2.0.2-gcc/bin/../lib/gcc/sparc-gaisler-elf/7.2.0/leon/mfix-at697f/crtend.o

.bss            0x0000000040044da0    0x8e980
                0x0000000040044da0                . = ALIGN (0x8)
                0x0000000040044da0                __bss_start = .
 *(.bss .bss.*)
 .bss           0x0000000040044da0        0x0 c:/opt/bcc-2.0.2-gcc/bin/../sparc-gaisler-elf/bsp/leon2/leon/mfix-at697f/trap_table_mvt.S.o
 .bss           0x0000000040044da0        0x4 c:/opt/bcc-2.0.2-gcc/bin/../sparc-gaisler-elf/bsp/leon2/leon/mfix-at697f/crt0.S.o
                0x0000000040044da0                __bcc_sp_at_entry
 .bss           0x0000000040044da4        0x0 c:/opt/bcc-2.0.2-gcc/bin/../lib/gcc/sparc-gaisler-elf/7.2.0/leon/mfix-at697f/crti.o
 .bss           0x0000000040044da4       0x20 c:/opt/bcc-2.0.2-gcc/bin/../lib/gcc/sparc-gaisler-elf/7.2.0/leon/mfix-at697f/crtbegin.o
 .bss           0x0000000040044dc4        0x0 C:\Users\Bhagawat\AppData\Local\Temp\ccPXoFso.o
 .bss           0x0000000040044dc4        0x1 C:\Users\Bhagawat\AppData\Local\Temp\ccH5rDxX.o
 *fill*         0x0000000040044dc5        0x3 
 .bss           0x0000000040044dc8        0x8 C:\Users\Bhagawat\AppData\Local\Temp\ccaVcQzI.o
                0x0000000040044dc8                test_st_sp
                0x0000000040044dc9                filler_byte
                0x0000000040044dcc                repeat_count
 .bss           0x0000000040044dd0       0x22 C:\Users\Bhagawat\AppData\Local\Temp\ccd8yaCI.o
                0x0000000040044dd0                Diff_stop_srl_num
                0x0000000040044dd4                Diff_start_srl_num
                0x0000000040044dd8                DTTC_count
                0x0000000040044ddc                head
                0x0000000040044de0                ATTC_count
                0x0000000040044de4                ATTC_exe_en
                0x0000000040044de8                ATTC_Master_en
                0x0000000040044dec                Nodeptrempty_flag
                0x0000000040044df0                ComputedParity
                0x0000000040044df1                RcvdParity
 .bss           0x0000000040044df2        0x0 C:\Users\Bhagawat\AppData\Local\Temp\cckTl2KQ.o
 .bss           0x0000000040044df2        0x0 C:\Users\Bhagawat\AppData\Local\Temp\ccejDDB4.o
 .bss           0x0000000040044df2        0x0 C:\Users\Bhagawat\AppData\Local\Temp\ccI9CjqF.o
 *fill*         0x0000000040044df2        0x2 
 .bss           0x0000000040044df4        0x8 C:\Users\Bhagawat\AppData\Local\Temp\cciHV2cs.o
                0x0000000040044df4                load_shedding_flag
                0x0000000040044df5                low_battery_voltage
                0x0000000040044df8                inter_HAL_EPS_Hardware_Status_count
 .bss           0x0000000040044dfc        0x4 C:\Users\Bhagawat\AppData\Local\Temp\ccegjPco.o
                0x0000000040044dfc                imu_count
 .bss           0x0000000040044e00        0x0 C:\Users\Bhagawat\AppData\Local\Temp\ccMYFv4r.o
 .bss           0x0000000040044e00        0xc C:\Users\Bhagawat\AppData\Local\Temp\ccFBaAUI.o
                0x0000000040044e00                gpstest
                0x0000000040044e04                gps_ready_bit
                0x0000000040044e08                gps_count
 .bss           0x0000000040044e0c        0x0 C:\Users\Bhagawat\AppData\Local\Temp\ccOaBTHq.o
 .bss           0x0000000040044e0c        0x4 C:\Users\Bhagawat\AppData\Local\Temp\ccn36hfl.o
                0x0000000040044e0c                MTR_Reset_Flag
 .bss           0x0000000040044e10        0xe C:\Users\Bhagawat\AppData\Local\Temp\ccLTIqPv.o
                0x0000000040044e1c                crc_test
 *fill*         0x0000000040044e1e        0x2 
 .bss           0x0000000040044e20       0x18 C:\Users\Bhagawat\AppData\Local\Temp\ccFcrPFS.o
                0x0000000040044e20                SA2_status
                0x0000000040044e24                SA1_status
                0x0000000040044e28                TC_HAL_SA_Deploy
                0x0000000040044e2c                SA_Command_Type
                0x0000000040044e30                SA2_Deploy_cmd_rcvd_time
                0x0000000040044e34                SA1_Deploy_cmd_rcvd_time
 .bss           0x0000000040044e38        0x0 C:\Users\Bhagawat\AppData\Local\Temp\ccOyPUWX.o
 .bss           0x0000000040044e38        0x0 C:\Users\Bhagawat\AppData\Local\Temp\ccTS9jLG.o
 .bss           0x0000000040044e38        0x0 C:\Users\Bhagawat\AppData\Local\Temp\ccoAbLkA.o
 .bss           0x0000000040044e38        0x0 C:\Users\Bhagawat\AppData\Local\Temp\cc6P9c1U.o
 .bss           0x0000000040044e38        0x0 C:\Users\Bhagawat\AppData\Local\Temp\ccSD4CRC.o
 .bss           0x0000000040044e38        0x0 C:\Users\Bhagawat\AppData\Local\Temp\cciux2NS.o
 .bss           0x0000000040044e38        0x0 C:\Users\Bhagawat\AppData\Local\Temp\ccPbqKJR.o
 .bss           0x0000000040044e38       0x30 C:\Users\Bhagawat\AppData\Local\Temp\ccMWLRjZ.o
                0x0000000040044e38                tmin
                0x0000000040044e40                distsqrd
                0x0000000040044e48                adotb
                0x0000000040044e50                asqrd