Archive member included to satisfy reference by file (symbol)

c:/opt/bcc-2.0.2-gcc/bin/../lib/gcc/sparc-gaisler-elf/7.2.0/../../../../sparc-gaisler-elf/lib/leon/mfix-at697f\libm.a(lib_a-s_atan.o)
                              C:\Users\ajarr\AppData\Local\Temp\ccb5CNBP.o (atan)
c:/opt/bcc-2.0.2-gcc/bin/../lib/gcc/sparc-gaisler-elf/7.2.0/../../../../sparc-gaisler-elf/lib/leon/mfix-at697f\libm.a(lib_a-s_cos.o)
                              C:\Users\ajarr\AppData\Local\Temp\ccdJI7oS.o (cos)
c:/opt/bcc-2.0.2-gcc/bin/../lib/gcc/sparc-gaisler-elf/7.2.0/../../../../sparc-gaisler-elf/lib/leon/mfix-at697f\libm.a(lib_a-s_fabs.o)
                              c:/opt/bcc-2.0.2-gcc/bin/../lib/gcc/sparc-gaisler-elf/7.2.0/../../../../sparc-gaisler-elf/lib/leon/mfix-at697f\libm.a(lib_a-s_atan.o) (fabs)
c:/opt/bcc-2.0.2-gcc/bin/../lib/gcc/sparc-gaisler-elf/7.2.0/../../../../sparc-gaisler-elf/lib/leon/mfix-at697f\libm.a(lib_a-s_floor.o)
                              C:\Users\ajarr\AppData\Local\Temp\ccJoLGpd.o (floor)
c:/opt/bcc-2.0.2-gcc/bin/../lib/gcc/sparc-gaisler-elf/7.2.0/../../../../sparc-gaisler-elf/lib/leon/mfix-at697f\libm.a(lib_a-s_round.o)
                              C:\Users\ajarr\AppData\Local\Temp\ccqDoNyv.o (round)
c:/opt/bcc-2.0.2-gcc/bin/../lib/gcc/sparc-gaisler-elf/7.2.0/../../../../sparc-gaisler-elf/lib/leon/mfix-at697f\libm.a(lib_a-s_sin.o)
                              C:\Users\ajarr\AppData\Local\Temp\ccdJI7oS.o (sin)
c:/opt/bcc-2.0.2-gcc/bin/../lib/gcc/sparc-gaisler-elf/7.2.0/../../../../sparc-gaisler-elf/lib/leon/mfix-at697f\libm.a(lib_a-s_tan.o)
                              C:\Users\ajarr\AppData\Local\Temp\ccb5CNBP.o (tan)
c:/opt/bcc-2.0.2-gcc/bin/../lib/gcc/sparc-gaisler-elf/7.2.0/../../../../sparc-gaisler-elf/lib/leon/mfix-at697f\libm.a(lib_a-w_acos.o)
                              C:\Users\ajarr\AppData\Local\Temp\ccKNpvhW.o (acos)
c:/opt/bcc-2.0.2-gcc/bin/../lib/gcc/sparc-gaisler-elf/7.2.0/../../../../sparc-gaisler-elf/lib/leon/mfix-at697f\libm.a(lib_a-w_asin.o)
                              C:\Users\ajarr\AppData\Local\Temp\ccJoLGpd.o (asin)
c:/opt/bcc-2.0.2-gcc/bin/../lib/gcc/sparc-gaisler-elf/7.2.0/../../../../sparc-gaisler-elf/lib/leon/mfix-at697f\libm.a(lib_a-w_atan2.o)
                              C:\Users\ajarr\AppData\Local\Temp\ccKNpvhW.o (atan2)
c:/opt/bcc-2.0.2-gcc/bin/../lib/gcc/sparc-gaisler-elf/7.2.0/../../../../sparc-gaisler-elf/lib/leon/mfix-at697f\libm.a(lib_a-w_fmod.o)
                              C:\Users\ajarr\AppData\Local\Temp\ccJoLGpd.o (fmod)
c:/opt/bcc-2.0.2-gcc/bin/../lib/gcc/sparc-gaisler-elf/7.2.0/../../../../sparc-gaisler-elf/lib/leon/mfix-at697f\libm.a(lib_a-w_pow.o)
                              C:\Users\ajarr\AppData\Local\Temp\ccKNpvhW.o (pow)
c:/opt/bcc-2.0.2-gcc/bin/../lib/gcc/sparc-gaisler-elf/7.2.0/../../../../sparc-gaisler-elf/lib/leon/mfix-at697f\libm.a(lib_a-w_sqrt.o)
                              C:\Users\ajarr\AppData\Local\Temp\ccdJI7oS.o (sqrt)
c:/opt/bcc-2.0.2-gcc/bin/../lib/gcc/sparc-gaisler-elf/7.2.0/../../../../sparc-gaisler-elf/lib/leon/mfix-at697f\libm.a(lib_a-e_acos.o)
                              c:/opt/bcc-2.0.2-gcc/bin/../lib/gcc/sparc-gaisler-elf/7.2.0/../../../../sparc-gaisler-elf/lib/leon/mfix-at697f\libm.a(lib_a-w_acos.o) (__ieee754_acos)
c:/opt/bcc-2.0.2-gcc/bin/../lib/gcc/sparc-gaisler-elf/7.2.0/../../../../sparc-gaisler-elf/lib/leon/mfix-at697f\libm.a(lib_a-e_asin.o)
                              c:/opt/bcc-2.0.2-gcc/bin/../lib/gcc/sparc-gaisler-elf/7.2.0/../../../../sparc-gaisler-elf/lib/leon/mfix-at697f\libm.a(lib_a-w_asin.o) (__ieee754_asin)
c:/opt/bcc-2.0.2-gcc/bin/../lib/gcc/sparc-gaisler-elf/7.2.0/../../../../sparc-gaisler-elf/lib/leon/mfix-at697f\libm.a(lib_a-e_atan2.o)
                              c:/opt/bcc-2.0.2-gcc/bin/../lib/gcc/sparc-gaisler-elf/7.2.0/../../../../sparc-gaisler-elf/lib/leon/mfix-at697f\libm.a(lib_a-w_atan2.o) (__ieee754_atan2)
c:/opt/bcc-2.0.2-gcc/bin/../lib/gcc/sparc-gaisler-elf/7.2.0/../../../../sparc-gaisler-elf/lib/leon/mfix-at697f\libm.a(lib_a-e_fmod.o)
                              c:/opt/bcc-2.0.2-gcc/bin/../lib/gcc/sparc-gaisler-elf/7.2.0/../../../../sparc-gaisler-elf/lib/leon/mfix-at697f\libm.a(lib_a-w_fmod.o) (__ieee754_fmod)
c:/opt/bcc-2.0.2-gcc/bin/../lib/gcc/sparc-gaisler-elf/7.2.0/../../../../sparc-gaisler-elf/lib/leon/mfix-at697f\libm.a(lib_a-e_pow.o)
                              c:/opt/bcc-2.0.2-gcc/bin/../lib/gcc/sparc-gaisler-elf/7.2.0/../../../../sparc-gaisler-elf/lib/leon/mfix-at697f\libm.a(lib_a-w_pow.o) (__ieee754_pow)
c:/opt/bcc-2.0.2-gcc/bin/../lib/gcc/sparc-gaisler-elf/7.2.0/../../../../sparc-gaisler-elf/lib/leon/mfix-at697f\libm.a(lib_a-e_rem_pio2.o)
                              c:/opt/bcc-2.0.2-gcc/bin/../lib/gcc/sparc-gaisler-elf/7.2.0/../../../../sparc-gaisler-elf/lib/leon/mfix-at697f\libm.a(lib_a-s_cos.o) (__ieee754_rem_pio2)
c:/opt/bcc-2.0.2-gcc/bin/../lib/gcc/sparc-gaisler-elf/7.2.0/../../../../sparc-gaisler-elf/lib/leon/mfix-at697f\libm.a(lib_a-e_sqrt.o)
[...]
Memory Configuration

Name             Origin             Length             Attributes
rom              0x0000000000000000 0x0000000020000000
ram              0x0000000040000000 0x0000000040000000
*default*        0x0000000000000000 0xffffffffffffffff

Linker script and memory map

LOAD c:/opt/bcc-2.0.2-gcc/bin/../sparc-gaisler-elf/bsp/leon2/leon/mfix-at697f/trap_table_mvt.S.o
LOAD c:/opt/bcc-2.0.2-gcc/bin/../sparc-gaisler-elf/bsp/leon2/leon/mfix-at697f/crt0.S.o
LOAD c:/opt/bcc-2.0.2-gcc/bin/../lib/gcc/sparc-gaisler-elf/7.2.0/leon/mfix-at697f/crti.o
LOAD c:/opt/bcc-2.0.2-gcc/bin/../lib/gcc/sparc-gaisler-elf/7.2.0/leon/mfix-at697f/crtbegin.o
LOAD C:\Users\ajarr\AppData\Local\Temp\ccCvDsQS.o
LOAD C:\Users\ajarr\AppData\Local\Temp\ccsLo09g.o
LOAD C:\Users\ajarr\AppData\Local\Temp\ccVDlUh4.o
LOAD C:\Users\ajarr\AppData\Local\Temp\ccTVPA9J.o
LOAD C:\Users\ajarr\AppData\Local\Temp\cclxQ4uu.o
LOAD C:\Users\ajarr\AppData\Local\Temp\ccEXLBI3.o
LOAD C:\Users\ajarr\AppData\Local\Temp\ccXfPisS.o
LOAD C:\Users\ajarr\AppData\Local\Temp\ccaPIZUN.o
LOAD C:\Users\ajarr\AppData\Local\Temp\cc54QwNN.o
LOAD C:\Users\ajarr\AppData\Local\Temp\cckV0DjX.o
LOAD C:\Users\ajarr\AppData\Local\Temp\ccKOVMRc.o
LOAD C:\Users\ajarr\AppData\Local\Temp\ccmeMGOG.o
LOAD C:\Users\ajarr\AppData\Local\Temp\ccg9pU5i.o
LOAD C:\Users\ajarr\AppData\Local\Temp\ccSO05Ff.o
LOAD C:\Users\ajarr\AppData\Local\Temp\cc23s2ah.o
LOAD C:\Users\ajarr\AppData\Local\Temp\ccdJI7oS.o
LOAD C:\Users\ajarr\AppData\Local\Temp\ccKNpvhW.o
LOAD C:\Users\ajarr\AppData\Local\Temp\ccEpYOQW.o
LOAD C:\Users\ajarr\AppData\Local\Temp\ccqDoNyv.o
LOAD C:\Users\ajarr\AppData\Local\Temp\ccWaZRuh.o
LOAD C:\Users\ajarr\AppData\Local\Temp\ccf2JRox.o
LOAD C:\Users\ajarr\AppData\Local\Temp\ccb5CNBP.o
LOAD C:\Users\ajarr\AppData\Local\Temp\ccD8vnje.o
LOAD C:\Users\ajarr\AppData\Local\Temp\ccJoLGpd.o
LOAD C:\Users\ajarr\AppData\Local\Temp\cceDLFVf.o
LOAD C:\Users\ajarr\AppData\Local\Temp\ccRX8Ros.o
LOAD c:/opt/bcc-2.0.2-gcc/bin/../lib/gcc/sparc-gaisler-elf/7.2.0/../../../../sparc-gaisler-elf/lib/leon/mfix-at697f\libm.a
                0x0000000000000000                PROVIDE (__bcc_cfg_skip_clear_bss, 0x0)

.text           0x0000000040000000    0x3f6a0
 CREATE_OBJECT_SYMBOLS
                0x0000000040000000                __text_start = .
                0x0000000040000000                . = ALIGN (0x1000)
 *(.text.traptable)
 .text.traptable
                0x0000000040000000     0x1000 c:/opt/bcc-2.0.2-gcc/bin/../sparc-gaisler-elf/bsp/leon2/leon/mfix-at697f/trap_table_mvt.S.o
                0x0000000040000000                __bcc_entry_point
                0x0000000040000000                __bcc_trap_table
 *(.text .text.*)
 .text          0x0000000040001000        0x0 c:/opt/bcc-2.0.2-gcc/bin/../sparc-gaisler-elf/bsp/leon2/leon/mfix-at697f/trap_table_mvt.S.o
 .text          0x0000000040001000       0xb8 c:/opt/bcc-2.0.2-gcc/bin/../sparc-gaisler-elf/bsp/leon2/leon/mfix-at697f/crt0.S.o
                0x0000000040001000                __bcc_crt0
 .text          0x00000000400010b8        0x0 c:/opt/bcc-2.0.2-gcc/bin/../lib/gcc/sparc-gaisler-elf/7.2.0/leon/mfix-at697f/crti.o
 .text          0x00000000400010b8      0x180 c:/opt/bcc-2.0.2-gcc/bin/../lib/gcc/sparc-gaisler-elf/7.2.0/leon/mfix-at697f/crtbegin.o
 .text          0x0000000040001238      0x974 C:\Users\ajarr\AppData\Local\Temp\ccCvDsQS.o
                0x0000000040001238                rMinCycle_Wait
                0x00000000400012d4                OBC_Process
                0x0000000040001b5c                rMinCycle_Flag_Reset
 .text.startup  0x0000000040001bac       0xa0 C:\Users\ajarr\AppData\Local\Temp\ccCvDsQS.o
                0x0000000040001bac                main
 .text          0x0000000040001c4c      0xa94 C:\Users\ajarr\AppData\Local\Temp\ccsLo09g.o
                0x0000000040001c6c                Init_Memory
                0x0000000040001ca0                checksum_u32
                0x0000000040001d0c                checksum_u8
                0x0000000040001d5c                rOutput_Latch_Update
                0x0000000040001f38                ST_output_update
                0x0000000040002150                NMI_interrupt_test
                0x000000004000220c                MUX_Output
                0x0000000040002534                EEPROM_RST
                0x0000000040002568                EEPROM_RES
                0x0000000040002598                s_ram_scrub
                0x0000000040002614                prom_chksum
 .text          0x00000000400026e0     0xd88c C:\Users\ajarr\AppData\Local\Temp\ccVDlUh4.o
                0x00000000400028cc                rHAL_TM_Write
                0x0000000040002b30                rHAL_TM_HW_Status_Update
                0x0000000040002c54                Update_TM_With_TMTC
                0x0000000040002c5c                rTM_Address_Table_Init
                0x000000004000c8dc                rTM_Copy_Subframe
                0x000000004000c94c                Sampling_Rate_Select
                0x000000004000c9a8                Frame_Address_Select
                0x000000004000cb14                rTCH_full_dump_cpy_buf
                0x000000004000cc90                rTCH_dump_cpy_buf
                0x000000004000d038                TC_Hist_dumping
                0x000000004000d084                copy_frame
                0x000000004000d13c                ST_Copy_Subframe
                0x000000004000d5d4                StorageTelemetry
                0x000000004000d66c                Storage_Telemetry_Write
                0x000000004000d694                Norm_ST_1_Table_Init
                0x000000004000efe0                TC_ST_Table_init
                0x000000004000efe8                Spec_ST_Table_Init
                0x000000004000fc84                ST_DUMPING
                0x000000004000fde8                rTM_Real_st_write
                0x000000004000ff28                ST_full_dump
 .text          0x000000004000ff6c     0x64dc C:\Users\ajarr\AppData\Local\Temp\ccTVPA9J.o
                0x0000000040010148                TC_IMU1_On
                0x0000000040010188                TC_IMU2_On
                0x00000000400101c8                TC_IMU1_Off
                0x0000000040010208                TC_IMU2_Off
                0x0000000040010248                TC_NMI_count_reset
                0x000000004001025c                TC_GPS1_ON
                0x000000004001028c                TC_GPS1_OFF
                0x00000000400102c0                TC_GPS2_on
                0x00000000400102f4                TC_GPS2_off
                0x000000004001032c                TC_W1_ON
                0x000000004001035c                TC_W2_ON
                0x0000000040010390                TC_W3_ON
                0x00000000400103c0                TC_W4_ON
                0x00000000400103f0                TC_W1_OFF
                0x0000000040010420                TC_W2_OFF
                0x0000000040010450                TC_W3_OFF
                0x0000000040010480                TC_W4_OFF
                0x00000000400104b0                rTC_Detumbling_ModePreprocessing_BDOT
                0x00000000400104c0                rTC_Detumbling_ModePreprocessing_GYRO
                0x00000000400104d0                rTC_SunAcquisition_ModePreprocessing
                0x00000000400104e0                rTC_ThreeAxis_ModePreprocessing
                0x00000000400104f0                rTC_Suspended_ModePreprocessing
                0x00000000400104fc                PL_K_CMD_HLT
                0x000000004001052c                Antenna_mechanism_ON
                0x000000004001055c                Antenna_mechanism_OFF
                0x000000004001058c                S_band_tx_on
                0x00000000400105bc                S_band_tx_off
                0x00000000400105ec                SA_DEPLOYMENT_MECHANISM_MAIN_OFF
                0x0000000040010620                SA_DEPLOYMENT_MECHANISM_RED_OFF
                0x0000000040010654                sunlit
                0x0000000040010664                eclipse
                0x0000000040010670                Sunlit_eclipse_both
                0x0000000040010680                rSafe_mode_PreProcessing
                0x0000000040010690                eeprom_en
                0x00000000400106a0                eeprom_dis
                0x00000000400106ac                TC_ATTC_CMD_clear
                0x000000004001076c                imu1_db_execute
                0x0000000040010778                imu2_db_execute
                0x0000000040010784                TC_ACC_Ang_RESET
                0x0000000040010790                TC_GPS1_NMEA_VTG_enable
                0x00000000400107bc                TC_GPS1_NMEA_VTG_disable
                0x00000000400107e8                TC_GPS1_NMEA_GGA_enable
                0x0000000040010814                TC_GPS1_NMEA_GGA_disable
                0x0000000040010840                TC_GPS1_NMEA_GSA_enable
                0x000000004001086c                TC_GPS1_NMEA_GSA_disable
                0x0000000040010898                TC_GPS1_cold_start
                0x00000000400108c4                TC_GPS1_factory_reset
                0x00000000400108f0                TC_GPS2_NMEA_VTG_enable
                0x000000004001091c                TC_GPS2_NMEA_VTG_disable
                0x0000000040010948                TC_GPS2_NMEA_GGA_enable
                0x0000000040010974                TC_GPS2_NMEA_GGA_disable
                0x00000000400109a0                TC_GPS2_NMEA_GSA_enable
                0x00000000400109cc                TC_GPS2_NMEA_GSA_disable
                0x00000000400109f8                TC_GPS2_cold_start
                0x0000000040010a24                TC_GPS2_factory_reset
                0x0000000040010a50                TC_GPS1_NMEA_NMEA_GSV_Enable
                0x0000000040010a7c                TC_GPS1_NMEA_NMEA_GSV_disable
                0x0000000040010aa8                TC_GPS2_NMEA_NMEA_GSV_Enable
                0x0000000040010ad4                TC_GPS2_NMEA_NMEA_GSV_disable
                0x0000000040010b00                TC_MTR_ON
                0x0000000040010b0c                TC_MTR_OFF
                0x0000000040010b18                payload_1_on
                0x0000000040010b40                payload_1_off
                0x0000000040010b4c                PL_K_CMD_STS
                0x0000000040010b58                PL_K_CMD_ACQ
                0x0000000040010b64                PL_K_DIAG
                0x0000000040010b70                PL_K_CMD_OFF
                0x0000000040010b7c                PL_K_CMD_ON
                0x0000000040010b88                ss_main_db_execute
                0x0000000040010b94                ss_redundant_db_execute
                0x0000000040010ba0                TC_init_RW1
                0x0000000040010bd4                TC_init_RW2
                0x0000000040010c08                TC_init_RW3
                0x0000000040010c3c                TC_init_RW4
                0x0000000040010c70                TC_MTR_Yaw_Positive
                0x0000000040010c84                TC_MTR_Yaw_Negative
                0x0000000040010c98                TC_MTR_Pitch_Positive
                0x0000000040010cac                TC_MTR_Pitch_Negative
                0x0000000040010cc0                TC_MTR_Roll_Positive
                0x0000000040010cd4                TC_MTR_Roll_Negative
                0x0000000040010ce8                TC_MTR_Roll_No_cuurent
                0x0000000040010cfc                TC_MTR_Pitch_No_cuurent
                0x0000000040010d10                TC_MTR_Yaw_No_cuurent
                0x0000000040010d24                payload_2_on
                0x0000000040010d4c                payload_2_off
                0x0000000040010d58                X_band_tx_on
                0x0000000040010d80                X_band_tx_off
                0x0000000040010d8c                SA_DEPLOYMENT_MECHANISM_MAIN_ON
                0x0000000040010d98                SA_DEPLOYMENT_MECHANISM_RED_ON
                0x0000000040010da4                Antenna_mechanism_arm
                0x0000000040010db0                Antenna_deploy
                0x0000000040010dbc                Antenna_mechanism_disarm
                0x0000000040010dc8                TC_pl_debug
                0x0000000040010dd4                TC_TM_DS_EN
                0x0000000040010de0                Antenna_RESET_command
                0x0000000040010dec                Antenna_deploy_with_override
                0x0000000040010df8                Antenna_system_temp
                0x0000000040010e04                Antenna_deploy_status_report
                0x0000000040010e10                Antenna_deploy_activation_count
                0x0000000040010e1c                Antenna_deploy_activation_time
                0x0000000040010f2c                TC_pl_tm
                0x0000000040010f34                imu1_db_checksum
                0x0000000040010f3c                imu2_db_checksum
                0x0000000040010f44                imu_test_sys_sel
                0x0000000040010f4c                TC_Drift_Uplink_Compenstation_Update_IMU1
                0x0000000040010f54                TC_Drift_Uplink_Compenstation_Update_IMU2
                0x0000000040010f5c                TC_Gyro_Misalignment_Update_IMU1
                0x0000000040010f64                TC_Gyro_Misalignment_Update_IMU2
                0x0000000040010f6c                TC_Gyro_Scale_Factor_Update_IMU1
                0x0000000040010f74                TC_Gyro_Scale_Factor_Update_IMU2
                0x0000000040010f7c                TC_MagBias_Uplink_Compenstation_Update_IMU1
                0x0000000040010f84                TC_MagBias_Uplink_Compenstation_Update_IMU2
                0x0000000040010f8c                TC_Mag_Misalignment_Update_IMU1
                0x0000000040010f94                TC_Mag_Misalignment_Update_IMU2
                0x0000000040010f9c                TC_Mag_Scale_Factor_Update_IMU1
                0x0000000040010fa4                TC_Mag_Scale_Factor_Update_IMU2
                0x0000000040010fac                TC_Mag_LPF_Gain_Update_IMU1
                0x0000000040010fb4                TC_Mag_LPF_Gain_Update_IMU2
                0x0000000040010fbc                TC_Gyro_LPF_Gain_Update_IMU1
                0x0000000040010fc4                TC_Gyro_LPF_Gain_Update_IMU2
                0x0000000040010fcc                TC_Panel2_Deploy
                0x0000000040010fd4                TC_Nominal_wheel_speed_execute
                0x0000000040010fdc                Pitch_Torquer_ON
                0x0000000040010fe4                Yaw_Torquer_ON
                0x0000000040010fec                Pitch_Torquer_OFF
                0x0000000040010ff4                Yaw_Torquer_OFF
                0x0000000040010ffc                rHeater1_on
                0x0000000040011004                rHeater1_off
                0x000000004001100c                rHeater2_on
                0x0000000040011014                rHeater2_off
                0x000000004001101c                rHeater3_on
                0x0000000040011024                rHeater3_off
                0x000000004001102c                rHeater4_on
                0x0000000040011034                rHeater4_off
                0x000000004001103c                rHeater5_on
                0x0000000040011044                rHeater5_off
                0x000000004001104c                rHeater6_on
                0x0000000040011054                rHeater6_off
                0x000000004001105c                RX_TX_deployed
                0x0000000040011064                ss_main_db_checksum
                0x000000004001106c                ss_redundant_db_checksum
                0x0000000040011074                TC_Qinit
                0x000000004001107c                OBC_ON
                0x0000000040011084                OBC_OFF
                0x000000004001108c                SA1_DEPLOYMENT_AND_SA2_DEPLOYMENT_REDUNDANT_SPARE_BUS_ON
                0x0000000040011094                SA1_DEPLOYMENT_AND_SA2_DEPLOYMENT_REDUNDANT_SPARE_BUS_OFF
                0x000000004001109c                Test_ON
                0x00000000400110a4                Test_OFF
                0x00000000400110ac                rTC_write_tC_history
                0x00000000400110d4                TC_status_reset
                0x00000000400110e8                rContingency_TC
                0x00000000400110f0                rData_TC
                0x0000000040011654                rADCS_Data_TC
                0x0000000040012a38                rRemote_base_addr_TC
                0x0000000040012ae8                rRemote_data_view
                0x0000000040012af0                rBoolean_TC
                0x0000000040012b40                rFuncExecute_TC
                0x0000000040012ba4                rRemoteProgram_Addr_TC
                0x0000000040012bf8                rRemoteProgram_Data_TC
                0x0000000040012c24                rDifferential_TimeTag_TC
                0x0000000040012c80                initNodetable
                0x0000000040012cbc                getNode
                0x0000000040012cf8                freeNode
                0x0000000040012d30                rAbsoluteTTC_Update
                0x0000000040012ee8                rAbsolute_TimeTag_TC
                0x0000000040012ef4                rDifferential_TimeTag_Update
                0x0000000040012f50                rDifferential_TimeTag_Execute
                0x00000000400130a8                rDifferentialTTC_Execute
                0x00000000400130b4                rAbsoluteTTC_Delete
                0x0000000040013238                rAbsoluteTTC_Clear
                0x00000000400132f8                rInit_Block
                0x0000000040013340                Block_update
                0x0000000040013518                rBlock_TC
                0x0000000040013524                TMTC_Assignment
                0x0000000040013c74                invertReverse
                0x0000000040013c9c                BCHEncoder
                0x0000000040013e3c                rHAL_TC_Read
                0x0000000040014108                TC_detumbling_rate_gain_1
                0x000000004001454c                TC_detumbling_bdot_gain_1
                0x0000000040014990                TC_BDOT_Det_Thresh_1
                0x0000000040014b24                TC_GYRO_Det_Min_Thres_1
                0x0000000040014cb8                TC_AngMomDump_Thrsld_1
                0x0000000040014e4c                TC_SpeedDump_Thrsld_1
                0x0000000040014f78                TC_SpeedDump_TimeSelect_1
                0x000000004001510c                TC_comd_pitch_rate_1
                0x00000000400152a0                TC_Gyro_LPF_Gain_IMU1_1
                0x00000000400154d8                TC_Gyro_LPF_Gain_IMU2_1
                0x0000000040015710                TC_Mag_LPF_Gain_IMU1_1
                0x0000000040015948                TC_Mag_LPF_Gain_IMU2_1
                0x0000000040015b80                TC_Wheel_Cutoff_Threshold_1
                0x0000000040015d14                adcsgains
                0x0000000040015df8                rGainSelect_TC
                0x0000000040015e4c                rReal_Time_TC
                0x00000000400160d0                rTelecommand
                0x0000000040016248                rAbsoluteTTC_Execute
                0x0000000040016368                rBlockTC_Execute
 .text          0x0000000040016448       0x38 C:\Users\ajarr\AppData\Local\Temp\cclxQ4uu.o
                0x0000000040016448                fdi_nmi_int_handler
 .text          0x0000000040016480     0x1660 C:\Users\ajarr\AppData\Local\Temp\ccEXLBI3.o
                0x0000000040016480                rPOR_Init
 .text          0x0000000040017ae0      0xd78 C:\Users\ajarr\AppData\Local\Temp\ccXfPisS.o
                0x0000000040017b08                rHAL_pl1_ON
                0x0000000040017b88                rHAL_pl1_OFF
                0x0000000040017bd8                rHAL_pl2_ON
                0x0000000040017c58                rHAL_pl2_OFF
                0x0000000040017ca8                rHAL_tm_ds_en
                0x0000000040017ce4                rHAL_X_Tx_ON
                0x0000000040017d18                rHAL_X_Tx_OFF
                0x0000000040017d4c                rpl_init
                0x0000000040017dbc                rHAL_pl_sts_check
                0x0000000040017dec                rHAL_pl_cmd_hlt
                0x0000000040017e6c                rHAL_pl_debug
                0x0000000040017f2c                rHAL_pl_x_tx_data_on
                0x000000004001801c                rHAL_pl_cmd_acq
                0x00000000400180fc                rHAL_pl_x_tx_data_off
                0x000000004001813c                rHAL_pl_diag
                0x00000000400181b4                pl_tx_tm
                0x00000000400182dc                pl_tx_tm_2
                0x00000000400183b4                rpl_read
                0x00000000400184a0                rpl_tm_write
 .text          0x0000000040018858      0x4a8 C:\Users\ajarr\AppData\Local\Temp\ccaPIZUN.o
                0x0000000040018858                rHAL_EPS_Hardware_Status
                0x00000000400188c0                rHAL_Battery_load_shedding
                0x000000004001891c                rHAL_EPS_shunt_switch
 .text          0x0000000040018d00      0x1b4 C:\Users\ajarr\AppData\Local\Temp\cc54QwNN.o
                0x0000000040018d00                rIMU_Init
                0x0000000040018d6c                HAL_IMU_Read
 .text          0x0000000040018eb4      0x3b4 C:\Users\ajarr\AppData\Local\Temp\cckV0DjX.o
                0x0000000040018eb4                rHAL_ADC_Read
                0x0000000040018f10                rHAL_ADC_TM_Copy
                0x000000004001913c                sun_Sensor_data
                0x0000000040019250                rHAL_ADC_StatusREG_Enable
 .text          0x0000000040019268     0x1010 C:\Users\ajarr\AppData\Local\Temp\ccKOVMRc.o
                0x0000000040019268                rGPS_Buffer_Init
                0x00000000400194d0                rGPS_pulsecheck
                0x000000004001956c                rHAL_GPS_Read
                0x00000000400197dc                GPS_1_DATA
                0x0000000040019840                rHAL_GPS_Config
                0x0000000040019f40                rGPS_TM_Extract
                0x000000004001a214                ST_TM_gps_data
 .text          0x000000004001a278     0x1114 C:\Users\ajarr\AppData\Local\Temp\ccmeMGOG.o
                0x000000004001a278                Thermister_select
                0x000000004001a2bc                UTP_selection
                0x000000004001a310                LTP_selection
                0x000000004001a370                Heater_1_auto_control
                0x000000004001a3e0                Heater_2_auto_control
                0x000000004001a450                Heater_3_auto_control
                0x000000004001a4c0                Heater_4_auto_control
                0x000000004001a530                Heater_5_auto_control
                0x000000004001a5a0                Heater_6_auto_control
                0x000000004001a610                Heater_7_auto_control
                0x000000004001a664                Heater_8_auto_control
                0x000000004001a6b8                Heater_9_auto_control
                0x000000004001a70c                Heater_10_auto_control
                0x000000004001a760                Heater_11_auto_control
                0x000000004001a7b4                Heater_12_auto_control
                0x000000004001a808                Heater_13_auto_control
                0x000000004001a864                Heater_14_auto_control
                0x000000004001a8c0                Heater_1_manual_control
                0x000000004001a92c                Heater_2_manual_control
                0x000000004001a998                Heater_3_manual_control
                0x000000004001aa04                Heater_4_manual_control
                0x000000004001aa70                Heater_5_manual_control
                0x000000004001aadc                Heater_6_manual_control
                0x000000004001ab48                Heater_control_auto_manual
                0x000000004001b1ec                Heater_7_manual_control
                0x000000004001b21c                Heater_8_manual_control
                0x000000004001b24c                Heater_9_manual_control
                0x000000004001b27c                Heater_10_manual_control
                0x000000004001b2ac                Heater_11_manual_control
                0x000000004001b2dc                Heater_12_manual_control
                0x000000004001b30c                Heater_13_manual_control
                0x000000004001b34c                Heater_14_manual_control
 .text          0x000000004001b38c      0x8dc C:\Users\ajarr\AppData\Local\Temp\ccg9pU5i.o
                0x000000004001b38c                rHAL_MTR_ON
                0x000000004001b3c0                rHAL_MTR_OFF
                0x000000004001b3f4                rHAL_MTR
                0x000000004001ba2c                MTR_Monitoring
                0x000000004001ba58                rHAL_MTR_TC
 .text          0x000000004001bc68     0x143c C:\Users\ajarr\AppData\Local\Temp\ccSO05Ff.o
                0x000000004001bc68                RW_Init
                0x000000004001bde4                HAL_RW_CRC_Check
                0x000000004001be50                rHAL_RW_TM_Read
                0x000000004001c220                rRW_SlipFrame_Check
                0x000000004001c464                rHAL_RW_TC_Write
                0x000000004001c63c                rHAL_RW_TM_Write
                0x000000004001c79c                rHAL_RW_ConfigBuffer_Write
                0x000000004001c840                rRW_Data_Write
                0x000000004001ca4c                rRW_Data_Request
                0x000000004001cb88                rRW_Data_Read
                0x000000004001cf34                rRW_init_cmd
 .text          0x000000004001d0a4      0x6dc C:\Users\ajarr\AppData\Local\Temp\cc23s2ah.o
                0x000000004001d0a4                antennaCommand1
                0x000000004001d0f0                antennaCommand2
                0x000000004001d13c                antennaCommand3
                0x000000004001d188                antennaCommand4
                0x000000004001d1d4                antennaCommand5
                0x000000004001d220                antennaCommand6
                0x000000004001d26c                antennaCommand7
                0x000000004001d2b4                antennaCommand8
                0x000000004001d300                antennaCommand9
                0x000000004001d34c                rHAL_Antenna_Read
                0x000000004001d394                rHAL_SA_MAIN_Deploy_on
                0x000000004001d40c                rHAL_SA_RED_Deploy_on
                0x000000004001d474                rHAL_SA1_Deploy_status_check
                0x000000004001d55c                rHAL_SA2_Deploy_status_check
                0x000000004001d644                rHAL_SA_Deploy_Status_new
 .text          0x000000004001d780     0x32f0 C:\Users\ajarr\AppData\Local\Temp\ccdJI7oS.o
                0x000000004001d8b0                rQ_Propagation
                0x000000004001d8e0                rQuestDataProcessing
                0x000000004001de2c                rDAD_quest
                0x000000004001edbc                rErrorComputation
                0x000000004001f398                rExtendedKalmanFilter1_p1
                0x00000000400200d4                rExtendedKalmanFilter1_p2
 .text          0x0000000040020a70     0x2bec C:\Users\ajarr\AppData\Local\Temp\ccKNpvhW.o
                0x0000000040020a70                rGH_generation
                0x0000000040020c34                rMagFieldComp1
                0x0000000040021684                rMagFieldComp2
                0x0000000040021d9c                rSun_Ephemeris
                0x0000000040021fdc                rReferenceQuatComputation
                0x0000000040022ab0                rRefVectorGeneration
                0x00000000400231ac                rRefRate_Computation
                0x0000000040023490                rSl_Ecl_OnBrd_detection
 .text          0x000000004002365c        0x0 C:\Users\ajarr\AppData\Local\Temp\ccEpYOQW.o
 .text          0x000000004002365c     0x2868 C:\Users\ajarr\AppData\Local\Temp\ccqDoNyv.o
                0x0000000040023798                rLinearController
                0x0000000040024184                rDutyCycleGeneration
                0x0000000040024308                rAngularMomentumDumping
                0x00000000400247a4                rTorquer_Polarity_Check
                0x00000000400247d8                rSpeedBasedMomentumDumping
                0x0000000040024f30                rWheel_Spin_updown
                0x00000000400252c0                rWheel_Auto_Reconfiguration
 .text          0x0000000040025ec4     0x10f8 C:\Users\ajarr\AppData\Local\Temp\ccWaZRuh.o
                0x0000000040025edc                rSuspended_ModePreprocessing
                0x0000000040025f50                rDetumbling_ModePreprocessing_BDOT_Logic
                0x00000000400263c0                rDetumbling_ModePreprocessing_GYRO_Logic
                0x0000000040026808                rSunAcquisition_ModePreprocessing
                0x0000000040026bc0                rThreeAxis_ModePreprocessing
                0x0000000040026e0c                rRateReductionCheck
                0x0000000040026f08                rSafeMode_Preprocessing
                0x0000000040026f44                rScModeSelection
 .text          0x0000000040026fbc     0x4a04 C:\Users\ajarr\AppData\Local\Temp\ccf2JRox.o
                0x0000000040026fbc                rADCS_Pon_vars
 .text          0x000000004002b9c0     0x9494 C:\Users\ajarr\AppData\Local\Temp\ccb5CNBP.o
                0x000000004002b9c0                rIMUDataCorrection
                0x000000004002cd5c                rIMU_1_DB_Copy
                0x000000004002d5fc                rIMU_2_DB_Copy
                0x000000004002de9c                rIMU_1_DB_Init
                0x000000004002e73c                rIMU_2_DB_Init
                0x000000004002efdc                rIMU_Angle_Reset
                0x000000004002f024                rIMUDataProcessing
                0x00000000400302b8                rTheta_Limit
                0x0000000040030318                rIMU1_DB_Execute
                0x000000004003033c                rIMU2_DB_Execute
                0x0000000040030360                rBDOT_Computation
                0x000000004003058c                rSunSensorVectorComp
                0x000000004003367c                rSunSensorDataProcessing
                0x0000000040033a58                rSS_Read_Data
                0x0000000040033ab8                rSS_Main_DB_Init
                0x0000000040033ad0                rSS_Redundant_DB_Init
                0x0000000040033adc                rSS_Main_DB_Copy
                0x0000000040034434                rSS_Redundant_DB_Copy
                0x0000000040034d8c                rSS_Main_DB_Execute
                0x0000000040034df0                rSS_Redundant_DB_Execute
 .text          0x0000000040034e54        0x0 C:\Users\ajarr\AppData\Local\Temp\ccD8vnje.o
 .text          0x0000000040034e54     0x4768 C:\Users\ajarr\AppData\Local\Temp\ccJoLGpd.o
                0x0000000040036534                rOrbit_Initialization
                0x0000000040037904                rOrbit_Propagation
                0x0000000040038c88                rOrbitalElements_computation
                0x0000000040038cb0                rOrbitalElements_TLE
                0x0000000040038ce8                rGPS_data_validity
                0x0000000040038cf0                rJulian_Day
                0x0000000040038d2c                rNEDtoECEF
                0x0000000040038e20                rECEFtoECItoECEF
                0x0000000040038e48                rast_args
                0x0000000040038f54                rnut_iau1980
                0x00000000400390b0                rGPS2OE
                0x0000000040039534                rGPSDataProcessing
 .text          0x00000000400395bc      0xd4c C:\Users\ajarr\AppData\Local\Temp\cceDLFVf.o
                0x00000000400395bc                rxRot
                0x000000004003964c                ryRot
                0x00000000400396dc                rzRot
                0x0000000040039764                rMatInv
                0x000000004003991c                rCross_Product
                0x0000000040039984                rMatMul3x1
                0x00000000400399fc                rMatMul3x3
                0x0000000040039ab4                rRM_to_Quat
                0x0000000040039de8                rQs_Normalization
                0x0000000040039ef0                rQs_Multiplication
                0x0000000040039fcc                rVectorNorm
                0x000000004003a09c                rMat_adjoint3
                0x000000004003a198                rMatMul34x1
                0x000000004003a214                rMatMul43x1
                0x000000004003a290                rMatMul44x1
 .text          0x000000004003a308      0x284 C:\Users\ajarr\AppData\Local\Temp\ccRX8Ros.o
                0x000000004003a308                rSus_mode_remote_entry_hook
                0x000000004003a334                rSus_mode_remote_exit_hook
                0x000000004003a340                rDBDOT_mode_remote_entry_hook
                0x000000004003a34c                rDBDOT_mode_remote_exit_hook
                0x000000004003a358                rDGYRO_mode_remote_entry_hook
                0x000000004003a364                rDGYRO_mode_remote_exit_hook
                0x000000004003a370                rSACQ_mode_remote_entry_hook
                0x000000004003a37c                rSACQ_mode_remote_exit_hook
                0x000000004003a388                r3AXIS_mode_remote_entry_hook
                0x000000004003a394                r3AXIS_mode_remote_exit_hook
                0x000000004003a3a0                rSAFE_mode_remote_entry_hook
                0x000000004003a3ac                rSAFE_mode_remote_exit_hook
                0x000000004003a3b8                rRemote_patch_area_1
                0x000000004003a550                rRemote_patch_area_2
                0x000000004003a55c                rRemote_patch_area_3
                0x000000004003a568                rRemote_patch_area_4
                0x000000004003a574                rRemote_patch_area_5
                0x000000004003a580                rRemote_patch_area_6
 .text          0x000000004003a58c      0x2d0 c:/opt/bcc-2.0.2-gcc/bin/../lib/gcc/sparc-gaisler-elf/7.2.0/../../../../sparc-gaisler-elf/lib/leon/mfix-at697f\libm.a(lib_a-s_atan.o)
                0x000000004003a58c                atan
 .text          0x000000004003a85c       0xe4 c:/opt/bcc-2.0.2-gcc/bin/../lib/gcc/sparc-gaisler-elf/7.2.0/../../../../sparc-gaisler-elf/lib/leon/mfix-at697f\libm.a(lib_a-s_cos.o)
                0x000000004003a85c                cos
 .text          0x000000004003a940       0x28 c:/opt/bcc-2.0.2-gcc/bin/../lib/gcc/sparc-gaisler-elf/7.2.0/../../../../sparc-gaisler-elf/lib/leon/mfix-at697f\libm.a(lib_a-s_fabs.o)
                0x000000004003a940                fabs
 .text          0x000000004003a968      0x1f0 c:/opt/bcc-2.0.2-gcc/bin/../lib/gcc/sparc-gaisler-elf/7.2.0/../../../../sparc-gaisler-elf/lib/leon/mfix-at697f\libm.a(lib_a-s_floor.o)
                0x000000004003a968                floor
 .text          0x000000004003ab58       0xf4 c:/opt/bcc-2.0.2-gcc/bin/../lib/gcc/sparc-gaisler-elf/7.2.0/../../../../sparc-gaisler-elf/lib/leon/mfix-at697f\libm.a(lib_a-s_round.o)
                0x000000004003ab58                round
 .text          0x000000004003ac4c       0xe8 c:/opt/bcc-2.0.2-gcc/bin/../lib/gcc/sparc-gaisler-elf/7.2.0/../../../../sparc-gaisler-elf/lib/leon/mfix-at697f\libm.a(lib_a-s_sin.o)
                0x000000004003ac4c                sin
 .text          0x000000004003ad34       0x9c c:/opt/bcc-2.0.2-gcc/bin/../lib/gcc/sparc-gaisler-elf/7.2.0/../../../../sparc-gaisler-elf/lib/leon/mfix-at697f\libm.a(lib_a-s_tan.o)
                0x000000004003ad34                tan
 .text          0x000000004003add0      0x128 c:/opt/bcc-2.0.2-gcc/bin/../lib/gcc/sparc-gaisler-elf/7.2.0/../../../../sparc-gaisler-elf/lib/leon/mfix-at697f\libm.a(lib_a-w_acos.o)
                0x000000004003add0                acos
 .text          0x000000004003aef8      0x128 c:/opt/bcc-2.0.2-gcc/bin/../lib/gcc/sparc-gaisler-elf/7.2.0/../../../../sparc-gaisler-elf/lib/leon/mfix-at697f\libm.a(lib_a-w_asin.o)
                0x000000004003aef8                asin
 .text          0x000000004003b020        0xc c:/opt/bcc-2.0.2-gcc/bin/../lib/gcc/sparc-gaisler-elf/7.2.0/../../../../sparc-gaisler-elf/lib/leon/mfix-at697f\libm.a(lib_a-w_atan2.o)
                0x000000004003b020                atan2
 .text          0x000000004003b02c      0x148 c:/opt/bcc-2.0.2-gcc/bin/../lib/gcc/sparc-gaisler-elf/7.2.0/../../../../sparc-gaisler-elf/lib/leon/mfix-at697f\libm.a(lib_a-w_fmod.o)
                0x000000004003b02c                fmod
 .text          0x000000004003b174      0x4a8 c:/opt/bcc-2.0.2-gcc/bin/../lib/gcc/sparc-gaisler-elf/7.2.0/../../../../sparc-gaisler-elf/lib/leon/mfix-at697f\libm.a(lib_a-w_pow.o)
                0x000000004003b174                pow
 .text          0x000000004003b61c       0xfc c:/opt/bcc-2.0.2-gcc/bin/../lib/gcc/sparc-gaisler-elf/7.2.0/../../../../sparc-gaisler-elf/lib/leon/mfix-at697f\libm.a(lib_a-w_sqrt.o)
                0x000000004003b61c                sqrt
 .text          0x000000004003b718      0x37c c:/opt/bcc-2.0.2-gcc/bin/../lib/gcc/sparc-gaisler-elf/7.2.0/../../../../sparc-gaisler-elf/lib/leon/mfix-at697f\libm.a(lib_a-e_acos.o)
                0x000000004003b718                __ieee754_acos
 .text          0x000000004003ba94      0x310 c:/opt/bcc-2.0.2-gcc/bin/../lib/gcc/sparc-gaisler-elf/7.2.0/../../../../sparc-gaisler-elf/lib/leon/mfix-at697f\libm.a(lib_a-e_asin.o)
                0x000000004003ba94                __ieee754_asin
 .text          0x000000004003bda4      0x2b4 c:/opt/bcc-2.0.2-gcc/bin/../lib/gcc/sparc-gaisler-elf/7.2.0/../../../../sparc-gaisler-elf/lib/leon/mfix-at697f\libm.a(lib_a-e_atan2.o)
                0x000000004003bda4                __ieee754_atan2
 .text          0x000000004003c058      0x3ac c:/opt/bcc-2.0.2-gcc/bin/../lib/gcc/sparc-gaisler-elf/7.2.0/../../../../sparc-gaisler-elf/lib/leon/mfix-at697f\libm.a(lib_a-e_fmod.o)
                0x000000004003c058                __ieee754_fmod
 .text          0x000000004003c404      0x8dc c:/opt/bcc-2.0.2-gcc/bin/../lib/gcc/sparc-gaisler-elf/7.2.0/../../../../sparc-gaisler-elf/lib/leon/mfix-at697f\libm.a(lib_a-e_pow.o)
                0x000000004003c404                __ieee754_pow
 .text          0x000000004003cce0      0x39c c:/opt/bcc-2.0.2-gcc/bin/../lib/gcc/sparc-gaisler-elf/7.2.0/../../../../sparc-gaisler-elf/lib/leon/mfix-at697f\libm.a(lib_a-e_rem_pio2.o)
                0x000000004003cce0                __ieee754_rem_pio2
 .text          0x000000004003d07c      0x270 c:/opt/bcc-2.0.2-gcc/bin/../lib/gcc/sparc-gaisler-elf/7.2.0/../../../../sparc-gaisler-elf/lib/leon/mfix-at697f\libm.a(lib_a-e_sqrt.o)
                0x000000004003d07c                __ieee754_sqrt
 .text          0x000000004003d2ec      0x1bc c:/opt/bcc-2.0.2-gcc/bin/../lib/gcc/sparc-gaisler-elf/7.2.0/../../../../sparc-gaisler-elf/lib/leon/mfix-at697f\libm.a(lib_a-k_cos.o)
                0x000000004003d2ec                __kernel_cos
 .text          0x000000004003d4a8      0xbdc c:/opt/bcc-2.0.2-gcc/bin/../lib/gcc/sparc-gaisler-elf/7.2.0/../../../../sparc-gaisler-elf/lib/leon/mfix-at697f\libm.a(lib_a-k_rem_pio2.o)
                0x000000004003d4a8                __kernel_rem_pio2
 .text          0x000000004003e084      0x100 c:/opt/bcc-2.0.2-gcc/bin/../lib/gcc/sparc-gaisler-elf/7.2.0/../../../../sparc-gaisler-elf/lib/leon/mfix-at697f\libm.a(lib_a-k_sin.o)
                0x000000004003e084                __kernel_sin
 .text          0x000000004003e184      0x290 c:/opt/bcc-2.0.2-gcc/bin/../lib/gcc/sparc-gaisler-elf/7.2.0/../../../../sparc-gaisler-elf/lib/leon/mfix-at697f\libm.a(lib_a-k_tan.o)
                0x000000004003e184                __kernel_tan
 .text          0x000000004003e414       0x18 c:/opt/bcc-2.0.2-gcc/bin/../lib/gcc/sparc-gaisler-elf/7.2.0/../../../../sparc-gaisler-elf/lib/leon/mfix-at697f\libm.a(lib_a-s_finite.o)
                0x000000004003e414                finite
 .text          0x000000004003e42c        0x0 c:/opt/bcc-2.0.2-gcc/bin/../lib/gcc/sparc-gaisler-elf/7.2.0/../../../../sparc-gaisler-elf/lib/leon/mfix-at697f\libm.a(lib_a-s_lib_ver.o)
 .text          0x000000004003e42c        0x8 c:/opt/bcc-2.0.2-gcc/bin/../lib/gcc/sparc-gaisler-elf/7.2.0/../../../../sparc-gaisler-elf/lib/leon/mfix-at697f\libm.a(lib_a-s_matherr.o)
                0x000000004003e42c                matherr
 .text          0x000000004003e434        0xc c:/opt/bcc-2.0.2-gcc/bin/../lib/gcc/sparc-gaisler-elf/7.2.0/../../../../sparc-gaisler-elf/lib/leon/mfix-at697f\libm.a(lib_a-s_nan.o)
                0x000000004003e434                nan
 .text          0x000000004003e440      0x1ac c:/opt/bcc-2.0.2-gcc/bin/../lib/gcc/sparc-gaisler-elf/7.2.0/../../../../sparc-gaisler-elf/lib/leon/mfix-at697f\libm.a(lib_a-s_rint.o)
                0x000000004003e440                rint
 .text          0x000000004003e5ec      0x14c c:/opt/bcc-2.0.2-gcc/bin/../lib/gcc/sparc-gaisler-elf/7.2.0/../../../../sparc-gaisler-elf/lib/leon/mfix-at697f\libm.a(lib_a-s_scalbn.o)
                0x000000004003e5ec                scalbn
 .text          0x000000004003e738       0x30 c:/opt/bcc-2.0.2-gcc/bin/../lib/gcc/sparc-gaisler-elf/7.2.0/../../../../sparc-gaisler-elf/lib/leon/mfix-at697f\libm.a(lib_a-s_copysign.o)
                0x000000004003e738                copysign
 .text          0x000000004003e768       0x7c c:/opt/bcc-2.0.2-gcc/bin/../sparc-gaisler-elf/bsp/leon2/leon/mfix-at697f\libbcc.a(reset_trap_mvt.S.o)
                0x000000004003e768                __bcc_trap_reset_mvt
 .text          0x000000004003e7e4       0xb0 c:/opt/bcc-2.0.2-gcc/bin/../sparc-gaisler-elf/bsp/leon2/leon/mfix-at697f\libbcc.a(window_trap.S.o)
                0x000000004003e7e4                __bcc_trap_window_overflow
                0x000000004003e834                __bcc_trap_window_underflow
 .text          0x000000004003e894      0x1b4 c:/opt/bcc-2.0.2-gcc/bin/../sparc-gaisler-elf/bsp/leon2/leon/mfix-at697f\libbcc.a(interrupt_trap.S.o)
                0x000000004003e894                __bcc_trap_interrupt_svt
                0x000000004003e898                __bcc_trap_interrupt
 .text          0x000000004003ea48       0x88 c:/opt/bcc-2.0.2-gcc/bin/../sparc-gaisler-elf/bsp/leon2/leon/mfix-at697f\libbcc.a(flush_windows_trap.S.o)
                0x000000004003ea48                __bcc_trap_flush_windows
 .text          0x000000004003ead0       0x2c c:/opt/bcc-2.0.2-gcc/bin/../sparc-gaisler-elf/bsp/leon2/leon/mfix-at697f\libbcc.a(sw_trap_set_pil.S.o)
                0x000000004003ead0                __bcc_trap_sw_set_pil
 .text          0x000000004003eafc       0xb0 c:/opt/bcc-2.0.2-gcc/bin/../sparc-gaisler-elf/bsp/leon2/leon/mfix-at697f\libbcc.a(trap.c.o)
                0x000000004003eafc                bcc_set_trap
 .text          0x000000004003ebac        0x0 c:/opt/bcc-2.0.2-gcc/bin/../sparc-gaisler-elf/bsp/leon2/leon/mfix-at697f\libbcc.a(isr.c.o)
 .text          0x000000004003ebac        0x0 c:/opt/bcc-2.0.2-gcc/bin/../sparc-gaisler-elf/bsp/leon2/leon/mfix-at697f\libbcc.a(int_nest.c.o)
 .text          0x000000004003ebac        0x8 c:/opt/bcc-2.0.2-gcc/bin/../sparc-gaisler-elf/bsp/leon2/leon/mfix-at697f\libbcc.a(init.S.o)
                0x000000004003ebac                __bcc_init40
                0x000000004003ebac                __bcc_init70
                0x000000004003ebac                __bcc_init60
                0x000000004003ebac                __bcc_init50
 .text          0x000000004003ebb4       0x84 c:/opt/bcc-2.0.2-gcc/bin/../sparc-gaisler-elf/bsp/leon2/leon/mfix-at697f\libbcc.a(leon_info.S.o)
                0x000000004003ebb4                __bcc_get_leon_info
                0x000000004003ec28                bcc_get_cpuid
 .text          0x000000004003ec38       0x2c c:/opt/bcc-2.0.2-gcc/bin/../sparc-gaisler-elf/bsp/leon2/leon/mfix-at697f\libbcc.a(dwzero.S.o)
                0x000000004003ec38                bcc_dwzero
 .text          0x000000004003ec64       0x5c c:/opt/bcc-2.0.2-gcc/bin/../sparc-gaisler-elf/bsp/leon2/leon/mfix-at697f\libbcc.a(copy_data.c.o)
                0x000000004003ec64                __bcc_copy_data
 .text          0x000000004003ecc0       0x90 c:/opt/bcc-2.0.2-gcc/bin/../sparc-gaisler-elf/bsp/leon2/leon/mfix-at697f\libbcc.a(lowlevel.S.o)
                0x000000004003ecc0                bcc_loadnocache
                0x000000004003eccc                bcc_loadnocache16
                0x000000004003ecd8                bcc_loadnocache8
                0x000000004003ecf0                bcc_ldstub
                0x000000004003ecfc                bcc_set_psr
                0x000000004003ed14                bcc_get_psr
                0x000000004003ed1c                bcc_get_pil
                0x000000004003ed2c                bcc_set_tbr
                0x000000004003ed44                bcc_get_tbr
 .text          0x000000004003ed50       0x50 c:/opt/bcc-2.0.2-gcc/bin/../sparc-gaisler-elf/bsp/leon2/leon/mfix-at697f\libbcc.a(lowlevel_leon2.S.o)
                0x000000004003ed50                bcc_set_ccr
                0x000000004003ed60                bcc_get_ccr
                0x000000004003ed70                bcc_flush_cache
                0x000000004003ed7c                bcc_flush_icache
                0x000000004003ed84                bcc_flush_dcache
                0x000000004003ed8c                bcc_power_down
 .text          0x000000004003eda0      0x160 c:/opt/bcc-2.0.2-gcc/bin/../sparc-gaisler-elf/bsp/leon2/leon/mfix-at697f\libbcc.a(int_leon2.c.o)
                0x000000004003eda0                bcc_int_mask
                0x000000004003edf0                bcc_int_unmask
                0x000000004003ee40                bcc_int_clear
                0x000000004003ee78                bcc_int_force
                0x000000004003eebc                bcc_int_pend
 .text          0x000000004003ef00        0x8 c:/opt/bcc-2.0.2-gcc/bin/../sparc-gaisler-elf/bsp/leon2/leon/mfix-at697f\libbcc.a(int_leon2_get_source.c.o)
                0x000000004003ef00                __bcc_int_get_source
 .text          0x000000004003ef08        0x8 c:/opt/bcc-2.0.2-gcc/bin/../sparc-gaisler-elf/bsp/leon2/leon/mfix-at697f\libbcc.a(int_leon2_init.c.o)
                0x000000004003ef08                __bcc_int_init
 .text          0x000000004003ef10       0x70 c:/opt/bcc-2.0.2-gcc/bin/../sparc-gaisler-elf/bsp/leon2/leon/mfix-at697f\libbcc.a(con_leon2.c.o)
                0x000000004003ef10                __bcc_con_init
                0x000000004003ef18                __bcc_con_outbyte
                0x000000004003ef4c                __bcc_con_inbyte
 .text          0x000000004003ef80       0x30 c:/opt/bcc-2.0.2-gcc/bin/../sparc-gaisler-elf/bsp/leon2/leon/mfix-at697f\libbcc.a(timer_leon2.c.o)
                0x000000004003ef80                __bcc_timer_init
                0x000000004003ef88                bcc_timer_get_us
 .text          0x000000004003efb0        0xc c:/opt/bcc-2.0.2-gcc/bin/../sparc-gaisler-elf/bsp/leon2/leon/mfix-at697f\libbcc.a(set_pil.S.o)
                0x000000004003efb0                bcc_set_pil
 .text          0x000000004003efbc        0x0 c:/opt/bcc-2.0.2-gcc/bin/../sparc-gaisler-elf/bsp/leon2/leon/mfix-at697f\libbcc.a(int_leon2_handle.c.o)
 .text          0x000000004003efbc        0x0 c:/opt/bcc-2.0.2-gcc/bin/../sparc-gaisler-elf/bsp/leon2/leon/mfix-at697f\libbcc.a(con_handle.c.o)
 .text          0x000000004003efbc        0x0 c:/opt/bcc-2.0.2-gcc/bin/../sparc-gaisler-elf/bsp/leon2/leon/mfix-at697f\libbcc.a(timer_handle.c.o)
 .text          0x000000004003efbc       0x1c c:/opt/bcc-2.0.2-gcc/bin/../lib/gcc/sparc-gaisler-elf/7.2.0/../../../../sparc-gaisler-elf/lib/leon/mfix-at697f\libc.a(lib_a-atexit.o)
                0x000000004003efbc                atexit
 .text          0x000000004003efd8        0xc c:/opt/bcc-2.0.2-gcc/bin/../lib/gcc/sparc-gaisler-elf/7.2.0/../../../../sparc-gaisler-elf/lib/leon/mfix-at697f\libc.a(lib_a-errno.o)
                0x000000004003efd8                __errno
 .text          0x000000004003efe4       0x3c c:/opt/bcc-2.0.2-gcc/bin/../lib/gcc/sparc-gaisler-elf/7.2.0/../../../../sparc-gaisler-elf/lib/leon/mfix-at697f\libc.a(lib_a-exit.o)
                0x000000004003efe4                exit
 .text          0x000000004003f020        0x0 c:/opt/bcc-2.0.2-gcc/bin/../lib/gcc/sparc-gaisler-elf/7.2.0/../../../../sparc-gaisler-elf/lib/leon/mfix-at697f\libc.a(lib_a-impure.o)
 .text          0x000000004003f020      0x19c c:/opt/bcc-2.0.2-gcc/bin/../lib/gcc/sparc-gaisler-elf/7.2.0/../../../../sparc-gaisler-elf/lib/leon/mfix-at697f\libc.a(lib_a-memcpy.o)
                0x000000004003f020                memcpy
 .text          0x000000004003f1bc      0x158 c:/opt/bcc-2.0.2-gcc/bin/../lib/gcc/sparc-gaisler-elf/7.2.0/../../../../sparc-gaisler-elf/lib/leon/mfix-at697f\libc.a(lib_a-__atexit.o)
                0x000000004003f1bc                __register_exitproc
 .text          0x000000004003f314      0x2b4 c:/opt/bcc-2.0.2-gcc/bin/../lib/gcc/sparc-gaisler-elf/7.2.0/../../../../sparc-gaisler-elf/lib/leon/mfix-at697f\libc.a(lib_a-__call_atexit.o)
                0x000000004003f314                __call_exitprocs
 .text          0x000000004003f5c8       0x18 c:/opt/bcc-2.0.2-gcc/bin/../sparc-gaisler-elf/bsp/leon2/leon/mfix-at697f\libbcc.a(_exit.S.o)
                0x000000004003f5c8                _exit
 .text          0x000000004003f5e0       0x48 c:/opt/bcc-2.0.2-gcc/bin/../lib/gcc/sparc-gaisler-elf/7.2.0/leon/mfix-at697f/crtend.o
 .text          0x000000004003f628        0x0 c:/opt/bcc-2.0.2-gcc/bin/../lib/gcc/sparc-gaisler-elf/7.2.0/leon/mfix-at697f/crtn.o
                0x000000004003f630                . = ALIGN (0x10)
 *fill*         0x000000004003f628        0x8 
 *(.eh_frame)
 .eh_frame      0x000000004003f630        0x0 c:/opt/bcc-2.0.2-gcc/bin/../lib/gcc/sparc-gaisler-elf/7.2.0/leon/mfix-at697f/crtbegin.o
 .eh_frame      0x000000004003f630        0x4 c:/opt/bcc-2.0.2-gcc/bin/../lib/gcc/sparc-gaisler-elf/7.2.0/leon/mfix-at697f/crtend.o
                0x000000004003f640                . = ALIGN (0x10)
 *fill*         0x000000004003f634        0xc 
 *(.gnu.linkonce.t*)
                0x000000004003f640                ___CTOR_LIST__ = .
                0x000000004003f640        0x4 LONG 0x2 (((___CTOR_END__ - ___CTOR_LIST__) / 0x4) - 0x2)
 *(SORT(.ctors.*))
 *(.ctors)
 .ctors         0x000000004003f644        0x4 c:/opt/bcc-2.0.2-gcc/bin/../lib/gcc/sparc-gaisler-elf/7.2.0/leon/mfix-at697f/crtbegin.o
 .ctors         0x000000004003f648        0x4 c:/opt/bcc-2.0.2-gcc/bin/../lib/gcc/sparc-gaisler-elf/7.2.0/leon/mfix-at697f/crtend.o
                0x000000004003f64c        0x4 LONG 0x0
                0x000000004003f650                ___CTOR_END__ = .
                0x000000004003f650                ___DTOR_LIST__ = .
                0x000000004003f650        0x4 LONG 0x2 (((___DTOR_END__ - ___DTOR_LIST__) / 0x4) - 0x2)
 *(SORT(.dtors.*))
 *(.dtors)
 .dtors         0x000000004003f654        0x4 c:/opt/bcc-2.0.2-gcc/bin/../lib/gcc/sparc-gaisler-elf/7.2.0/leon/mfix-at697f/crtbegin.o
 .dtors         0x000000004003f658        0x4 c:/opt/bcc-2.0.2-gcc/bin/../lib/gcc/sparc-gaisler-elf/7.2.0/leon/mfix-at697f/crtend.o
                0x000000004003f658                __DTOR_END__
                0x000000004003f65c        0x4 LONG 0x0
                0x000000004003f660                ___DTOR_END__ = .
 *(.gnu.linkonce*)
 *(.init)
 .init          0x000000004003f660        0x4 c:/opt/bcc-2.0.2-gcc/bin/../lib/gcc/sparc-gaisler-elf/7.2.0/leon/mfix-at697f/crti.o
                0x000000004003f660                _init
 .init          0x000000004003f664        0x8 c:/opt/bcc-2.0.2-gcc/bin/../lib/gcc/sparc-gaisler-elf/7.2.0/leon/mfix-at697f/crtbegin.o
 .init          0x000000004003f66c        0x8 c:/opt/bcc-2.0.2-gcc/bin/../lib/gcc/sparc-gaisler-elf/7.2.0/leon/mfix-at697f/crtend.o
 .init          0x000000004003f674        0xc c:/opt/bcc-2.0.2-gcc/bin/../lib/gcc/sparc-gaisler-elf/7.2.0/leon/mfix-at697f/crtn.o
 *(.fini)
 .fini          0x000000004003f680        0x4 c:/opt/bcc-2.0.2-gcc/bin/../lib/gcc/sparc-gaisler-elf/7.2.0/leon/mfix-at697f/crti.o
                0x000000004003f680                _fini
 .fini          0x000000004003f684        0x8 c:/opt/bcc-2.0.2-gcc/bin/../lib/gcc/sparc-gaisler-elf/7.2.0/leon/mfix-at697f/crtbegin.o
 .fini          0x000000004003f68c        0xc c:/opt/bcc-2.0.2-gcc/bin/../lib/gcc/sparc-gaisler-elf/7.2.0/leon/mfix-at697f/crtn.o
 *(.lit)
 *(.shdata)
                0x000000004003f6a0                . = ALIGN (0x10)
 *fill*         0x000000004003f698        0x8 
                0x000000004003f6a0                __text_end = .

.gcc_except_table
 *(.gcc_except_table)

.rodata         0x000000004003f6a0     0x5130
                0x000000004003f6a0                __rodata_start = .
 *(.rodata*)
 .rodata.cst8   0x000000004003f6a0       0x38 C:\Users\ajarr\AppData\Local\Temp\ccCvDsQS.o
 .rodata        0x000000004003f6d8        0x0 C:\Users\ajarr\AppData\Local\Temp\ccsLo09g.o
 .rodata        0x000000004003f6d8       0x10 C:\Users\ajarr\AppData\Local\Temp\ccVDlUh4.o
 .rodata.cst4   0x000000004003f6e8        0x4 C:\Users\ajarr\AppData\Local\Temp\ccTVPA9J.o
 .rodata        0x000000004003f6ec        0x0 C:\Users\ajarr\AppData\Local\Temp\ccTVPA9J.o
 .rodata        0x000000004003f6ec        0x0 C:\Users\ajarr\AppData\Local\Temp\ccXfPisS.o
 *fill*         0x000000004003f6ec        0x4 
 .rodata.cst8   0x000000004003f6f0        0x8 C:\Users\ajarr\AppData\Local\Temp\ccSO05Ff.o
 .rodata.cst8   0x000000004003f6f8       0x58 C:\Users\ajarr\AppData\Local\Temp\ccdJI7oS.o
                                         0xc8 (size before relaxing)
 .rodata.cst4   0x000000004003f750        0x4 C:\Users\ajarr\AppData\Local\Temp\ccdJI7oS.o
 *fill*         0x000000004003f754        0x4 
 .rodata.cst8   0x000000004003f758       0x18 C:\Users\ajarr\AppData\Local\Temp\ccKNpvhW.o
                                         0x78 (size before relaxing)
 .rodata        0x000000004003f770     0x4724 C:\Users\ajarr\AppData\Local\Temp\ccEpYOQW.o
                0x000000004003f770                c_I_nine_cross_nine
                0x000000004003f9f8                c_I_three_cross_three
                0x000000004003fa40                c_Tv_wof_0034
                0x000000004003fa88                c_Tv_wof_0204
                0x000000004003fad0                c_Tv_wof_0230
                0x000000004003fb18                c_Tv_wof_1004
                0x000000004003fb60                c_Tv_wof_1030
                0x000000004003fba8                c_Tv_wof_1200
                0x000000004003fbf0                c_B2wh_mat_0034
                0x000000004003fc50                c_B2wh_mat_0204
                0x000000004003fcb0                c_B2wh_mat_0230
                0x000000004003fd10                c_B2wh_mat_1004
                0x000000004003fd70                c_B2wh_mat_1030
                0x000000004003fdd0                c_B2wh_mat_1200
                0x000000004003fe30                c_B2wh_mat_0234
                0x000000004003fe90                c_B2wh_mat_1034
                0x000000004003fef0                c_B2wh_mat_1204
                0x000000004003ff50                c_B2wh_mat_1230
                0x000000004003ffb0                c_B2wh_mat_4RW
                0x0000000040040010                c_wh2B_mat_0034
                0x0000000040040070                c_wh2B_mat_0204
                0x00000000400400d0                c_wh2B_mat_0230
                0x0000000040040130                c_wh2B_mat_1004
                0x0000000040040190                c_wh2B_mat_1030
                0x00000000400401f0                c_wh2B_mat_1200
                0x0000000040040250                c_wh2B_mat_0234
                0x00000000400402b0                c_wh2B_mat_1034
                0x0000000040040310                c_wh2B_mat_1204
                0x0000000040040370                c_wh2B_mat_1230
                0x00000000400403d0                c_wh2B_mat_4RW
                0x0000000040040430                c_MOI_wh
                0x0000000040040438                c_MOI_wh4
                0x0000000040040440                c_MOI_wh3
                0x0000000040040448                c_MOI_wh2
                0x0000000040040450                c_MOI_wh1
                0x0000000040040458                TC_T_RW_MAX
                0x0000000040040460                c_RADps2RPM
                0x0000000040040468                c_RPM2RADpS
                0x0000000040040470                c_DPMMAX
                0x0000000040040478                c_wkm_sunmag
                0x0000000040040480                c_wks_sunmag
                0x0000000040040488                c_wkm_mag
                0x0000000040040490                c_wks_mag
                0x0000000040040498                c_ss2b4156
                0x00000000400404e0                c_ss2b3456
                0x0000000040040528                c_ss2b2356
                0x0000000040040570                c_ss2b1256
                0x00000000400405b8                c_misaln_cor146
                0x0000000040040600                c_misaln_cor145
                0x0000000040040648                c_misaln_cor346
                0x0000000040040690                c_misaln_cor345
                0x00000000400406d8                c_misaln_cor326
                0x0000000040040720                c_misaln_cor325
                0x0000000040040768                c_misaln_cor126
                0x00000000400407b0                c_misaln_cor125
                0x00000000400407f8                c_AngDev_SAMtransit_thrsld
                0x0000000040040800                c_AngDev_SMtransit_thrsld
                0x0000000040040808                c_Sunlit_Thrsld
                0x0000000040040810                c_SSThrsld
                0x0000000040040818                c_Imax_YN_Main
                0x0000000040040820                c_Imax_YP_Main
                0x0000000040040828                c_Imax_PN_Main
                0x0000000040040830                c_Imax_PP_Main
                0x0000000040040838                c_Imax_RNND_Main
                0x0000000040040840                c_Imax_RPND_Main
                0x0000000040040848                c_Imax_RND_Main
                0x0000000040040850                c_Imax_RPD_Main
                0x0000000040040858                c_Imax_YN_Red
                0x0000000040040860                c_Imax_YP_Red
                0x0000000040040868                c_Imax_PN_Red
                0x0000000040040870                c_Imax_PP_Red
                0x0000000040040878                c_Imax_RNND_Red
                0x0000000040040880                c_Imax_RPND_Red
                0x0000000040040888                c_Imax_RND_Red
                0x0000000040040890                c_Imax_RPD_Red
                0x0000000040040898                c_KDset3
                0x00000000400408a0                c_KDset2
                0x00000000400408a8                c_KDset1
                0x00000000400408b0                c_Epsilon2
                0x00000000400408b8                c_Epsilon1
                0x00000000400408c0                c_Sun_Dis3
                0x00000000400408c8                c_Sun_Dis2
                0x00000000400408d0                c_Sun_Dis1
                0x00000000400408d8                c_L_Ecliptic2
                0x00000000400408e0                c_L_Ecliptic1
                0x00000000400408e8                c_Msun2
                0x00000000400408f0                c_Msun1
                0x00000000400408f8                c_L_Msun2
                0x0000000040040900                c_L_Msun1
                0x0000000040040908                c_hsval
                0x0000000040040c48                c_hval
                0x0000000040040f88                c_gsval
                0x00000000400412c8                c_gval
                0x0000000040041608                c_sdmax
                0x0000000040041610                c_a
                0x0000000040041618                c_Pibytwo
                0x0000000040041620                c_Kmax
                0x0000000040041624                c_Nmax
                0x0000000040041628                nut
                0x0000000040043748                fc
                0x0000000040043810                c_rk_T
                0x0000000040043a98                c_rk
                0x0000000040043d20                c_I_four_cross_four
                0x0000000040043d60                c_onesecond
                0x0000000040043d68                c_oneminute
                0x0000000040043d70                c_halfhour
                0x0000000040043d78                c_Mmax
                0x0000000040043d80                c_AS2R
                0x0000000040043d88                c_R2D
                0x0000000040043d90                c_D2R
                0x0000000040043d98                c_min_per_day
                0x0000000040043da0                c_temp4
                0x0000000040043da8                c_j4
                0x0000000040043db0                c_j3oj2
                0x0000000040043db8                c_qzms2t
                0x0000000040043dc0                c_ss
                0x0000000040043dc8                c_xpdotp
                0x0000000040043dd0                c_Pi
                0x0000000040043dd8                c_Day_To_Seconds
                0x0000000040043de0                c_invmu
                0x0000000040043de8                c_mu
                0x0000000040043df0                c_dividebyzerovalue
                0x0000000040043df8                c_xke
                0x0000000040043e00                c_x2o3
                0x0000000040043e08                c_Twopi
                0x0000000040043e10                c_j2
                0x0000000040043e18                c_au
                0x0000000040043e20                c_auer
                0x0000000040043e28                c_radiusearthkm
                0x0000000040043e30                c_vkmpersec
                0x0000000040043e38                c_OMEGAE
                0x0000000040043e40                c_tsince_min
                0x0000000040043e48                c_twomu
                0x0000000040043e50                c_MiC
                0x0000000040043e58                c_MaC
                0x0000000040043e60                c_TM_RW_Resol
                0x0000000040043e68                c_TM_Resol_B
                0x0000000040043e70                c_TM_Resol_w
                0x0000000040043e78                c_TM_Resol_DelThta
                0x0000000040043e80                c_Resol_DelThta
                0x0000000040043e88                c_Resol_B
                0x0000000040043e90                c_FFFF
 *fill*         0x0000000040043e94        0x4 
 .rodata.cst8   0x0000000040043e98       0x58 C:\Users\ajarr\AppData\Local\Temp\ccqDoNyv.o
                                         0xb0 (size before relaxing)
 .rodata.cst8   0x0000000040043ef0       0x30 C:\Users\ajarr\AppData\Local\Temp\ccWaZRuh.o
                                         0x78 (size before relaxing)
 .rodata        0x0000000040043f20        0x0 C:\Users\ajarr\AppData\Local\Temp\ccWaZRuh.o
 .rodata.cst8   0x0000000040043f20       0x48 C:\Users\ajarr\AppData\Local\Temp\ccf2JRox.o
                                         0x68 (size before relaxing)
 .rodata.cst4   0x0000000040043f68        0x8 C:\Users\ajarr\AppData\Local\Temp\ccf2JRox.o
 .rodata.cst8   0x0000000040043f70       0x38 C:\Users\ajarr\AppData\Local\Temp\ccb5CNBP.o
                                         0xa0 (size before relaxing)
 .rodata.cst4   0x0000000040043fa8        0x8 C:\Users\ajarr\AppData\Local\Temp\ccb5CNBP.o
                                          0xc (size before relaxing)
 .rodata.cst8   0x0000000040043fb0      0x290 C:\Users\ajarr\AppData\Local\Temp\ccJoLGpd.o
                                        0x3c0 (size before relaxing)
 .rodata.cst8   0x0000000040044240       0x88 C:\Users\ajarr\AppData\Local\Temp\cceDLFVf.o
 .rodata.cst8   0x0000000040044240       0xa8 c:/opt/bcc-2.0.2-gcc/bin/../lib/gcc/sparc-gaisler-elf/7.2.0/../../../../sparc-gaisler-elf/lib/leon/mfix-at697f\libm.a(lib_a-s_atan.o)
                                         0xd0 (size before relaxing)
 .rodata.cst8   0x00000000400442e8       0x10 c:/opt/bcc-2.0.2-gcc/bin/../lib/gcc/sparc-gaisler-elf/7.2.0/../../../../sparc-gaisler-elf/lib/leon/mfix-at697f\libm.a(lib_a-s_floor.o)
 .rodata.str1.8
                0x00000000400442e8        0x9 c:/opt/bcc-2.0.2-gcc/bin/../lib/gcc/sparc-gaisler-elf/7.2.0/../../../../sparc-gaisler-elf/lib/leon/mfix-at697f\libm.a(lib_a-w_acos.o)
 .rodata.cst8   0x00000000400442f1        0x8 c:/opt/bcc-2.0.2-gcc/bin/../lib/gcc/sparc-gaisler-elf/7.2.0/../../../../sparc-gaisler-elf/lib/leon/mfix-at697f\libm.a(lib_a-w_acos.o)
 *fill*         0x00000000400442f1        0x7 
 .rodata.str1.8
                0x00000000400442f8        0x5 c:/opt/bcc-2.0.2-gcc/bin/../lib/gcc/sparc-gaisler-elf/7.2.0/../../../../sparc-gaisler-elf/lib/leon/mfix-at697f\libm.a(lib_a-w_asin.o)
                                          0x9 (size before relaxing)
 .rodata.cst8   0x00000000400442fd        0x8 c:/opt/bcc-2.0.2-gcc/bin/../lib/gcc/sparc-gaisler-elf/7.2.0/../../../../sparc-gaisler-elf/lib/leon/mfix-at697f\libm.a(lib_a-w_asin.o)
 *fill*         0x00000000400442fd        0x3 
 .rodata.str1.8
                0x0000000040044300        0x5 c:/opt/bcc-2.0.2-gcc/bin/../lib/gcc/sparc-gaisler-elf/7.2.0/../../../../sparc-gaisler-elf/lib/leon/mfix-at697f\libm.a(lib_a-w_fmod.o)
 .rodata.cst8   0x0000000040044305        0x8 c:/opt/bcc-2.0.2-gcc/bin/../lib/gcc/sparc-gaisler-elf/7.2.0/../../../../sparc-gaisler-elf/lib/leon/mfix-at697f\libm.a(lib_a-w_fmod.o)
 *fill*         0x0000000040044305        0x3 
 .rodata.str1.8
                0x0000000040044308        0x4 c:/opt/bcc-2.0.2-gcc/bin/../lib/gcc/sparc-gaisler-elf/7.2.0/../../../../sparc-gaisler-elf/lib/leon/mfix-at697f\libm.a(lib_a-w_pow.o)
 *fill*         0x000000004004430c        0x4 
 .rodata.cst8   0x0000000040044310       0x20 c:/opt/bcc-2.0.2-gcc/bin/../lib/gcc/sparc-gaisler-elf/7.2.0/../../../../sparc-gaisler-elf/lib/leon/mfix-at697f\libm.a(lib_a-w_pow.o)
                                         0x38 (size before relaxing)
 .rodata.str1.8
                0x0000000040044330        0x8 c:/opt/bcc-2.0.2-gcc/bin/../lib/gcc/sparc-gaisler-elf/7.2.0/../../../../sparc-gaisler-elf/lib/leon/mfix-at697f\libm.a(lib_a-w_sqrt.o)
                                          0x5 (size before relaxing)
 .rodata.cst8   0x0000000040044338        0x8 c:/opt/bcc-2.0.2-gcc/bin/../lib/gcc/sparc-gaisler-elf/7.2.0/../../../../sparc-gaisler-elf/lib/leon/mfix-at697f\libm.a(lib_a-w_sqrt.o)
 .rodata.cst8   0x0000000040044338       0x58 c:/opt/bcc-2.0.2-gcc/bin/../lib/gcc/sparc-gaisler-elf/7.2.0/../../../../sparc-gaisler-elf/lib/leon/mfix-at697f\libm.a(lib_a-e_acos.o)
                                         0x80 (size before relaxing)
 .rodata.cst8   0x0000000040044390       0x80 c:/opt/bcc-2.0.2-gcc/bin/../lib/gcc/sparc-gaisler-elf/7.2.0/../../../../sparc-gaisler-elf/lib/leon/mfix-at697f\libm.a(lib_a-e_asin.o)
 .rodata.cst8   0x0000000040044390       0x28 c:/opt/bcc-2.0.2-gcc/bin/../lib/gcc/sparc-gaisler-elf/7.2.0/../../../../sparc-gaisler-elf/lib/leon/mfix-at697f\libm.a(lib_a-e_atan2.o)
                                         0x58 (size before relaxing)
 .rodata        0x00000000400443b8       0x10 c:/opt/bcc-2.0.2-gcc/bin/../lib/gcc/sparc-gaisler-elf/7.2.0/../../../../sparc-gaisler-elf/lib/leon/mfix-at697f\libm.a(lib_a-e_fmod.o)
 .rodata.str1.8
                0x00000000400443c8        0x1 c:/opt/bcc-2.0.2-gcc/bin/../lib/gcc/sparc-gaisler-elf/7.2.0/../../../../sparc-gaisler-elf/lib/leon/mfix-at697f\libm.a(lib_a-e_pow.o)
 .rodata.cst8   0x00000000400443c8       0xc8 c:/opt/bcc-2.0.2-gcc/bin/../lib/gcc/sparc-gaisler-elf/7.2.0/../../../../sparc-gaisler-elf/lib/leon/mfix-at697f\libm.a(lib_a-e_pow.o)
                                        0x120 (size before relaxing)
 .rodata.cst8   0x0000000040044490       0x40 c:/opt/bcc-2.0.2-gcc/bin/../lib/gcc/sparc-gaisler-elf/7.2.0/../../../../sparc-gaisler-elf/lib/leon/mfix-at697f\libm.a(lib_a-e_rem_pio2.o)
                                         0x50 (size before relaxing)
 .rodata        0x00000000400444d0      0x188 c:/opt/bcc-2.0.2-gcc/bin/../lib/gcc/sparc-gaisler-elf/7.2.0/../../../../sparc-gaisler-elf/lib/leon/mfix-at697f\libm.a(lib_a-e_rem_pio2.o)
 .rodata.cst8   0x0000000040044658       0x40 c:/opt/bcc-2.0.2-gcc/bin/../lib/gcc/sparc-gaisler-elf/7.2.0/../../../../sparc-gaisler-elf/lib/leon/mfix-at697f\libm.a(lib_a-k_cos.o)
                                         0x50 (size before relaxing)
 .rodata.cst8   0x0000000040044698       0x50 c:/opt/bcc-2.0.2-gcc/bin/../lib/gcc/sparc-gaisler-elf/7.2.0/../../../../sparc-gaisler-elf/lib/leon/mfix-at697f\libm.a(lib_a-k_rem_pio2.o)
                                         0x78 (size before relaxing)
 .rodata        0x00000000400446e8       0x10 c:/opt/bcc-2.0.2-gcc/bin/../lib/gcc/sparc-gaisler-elf/7.2.0/../../../../sparc-gaisler-elf/lib/leon/mfix-at697f\libm.a(lib_a-k_rem_pio2.o)
 .rodata.cst8   0x00000000400446f8       0x30 c:/opt/bcc-2.0.2-gcc/bin/../lib/gcc/sparc-gaisler-elf/7.2.0/../../../../sparc-gaisler-elf/lib/leon/mfix-at697f\libm.a(lib_a-k_sin.o)
                                         0x38 (size before relaxing)
 .rodata.cst8   0x0000000040044728       0x68 c:/opt/bcc-2.0.2-gcc/bin/../lib/gcc/sparc-gaisler-elf/7.2.0/../../../../sparc-gaisler-elf/lib/leon/mfix-at697f\libm.a(lib_a-k_tan.o)
                                         0x90 (size before relaxing)
 .rodata.cst8   0x0000000040044790        0x8 c:/opt/bcc-2.0.2-gcc/bin/../lib/gcc/sparc-gaisler-elf/7.2.0/../../../../sparc-gaisler-elf/lib/leon/mfix-at697f\libm.a(lib_a-s_nan.o)
 .rodata        0x0000000040044798       0x10 c:/opt/bcc-2.0.2-gcc/bin/../lib/gcc/sparc-gaisler-elf/7.2.0/../../../../sparc-gaisler-elf/lib/leon/mfix-at697f\libm.a(lib_a-s_rint.o)
 .rodata.cst8   0x00000000400447a8       0x18 c:/opt/bcc-2.0.2-gcc/bin/../lib/gcc/sparc-gaisler-elf/7.2.0/../../../../sparc-gaisler-elf/lib/leon/mfix-at697f\libm.a(lib_a-s_scalbn.o)
                                         0x20 (size before relaxing)
 .rodata        0x00000000400447c0        0x4 c:/opt/bcc-2.0.2-gcc/bin/../lib/gcc/sparc-gaisler-elf/7.2.0/../../../../sparc-gaisler-elf/lib/leon/mfix-at697f\libc.a(lib_a-impure.o)
                0x00000000400447c0                _global_impure_ptr
 *(.gnu.linkonce.r*)
                0x00000000400447d0                . = ALIGN (0x10)
 *fill*         0x00000000400447c4        0xc 
                0x00000000400447d0                __rodata_end = .

.rela.dyn       0x00000000400447d0        0x0
 .rela.iplt     0x00000000400447d0        0x0 c:/opt/bcc-2.0.2-gcc/bin/../sparc-gaisler-elf/bsp/leon2/leon/mfix-at697f/trap_table_mvt.S.o
 .rela.text.traptable
                0x00000000400447d0        0x0 c:/opt/bcc-2.0.2-gcc/bin/../sparc-gaisler-elf/bsp/leon2/leon/mfix-at697f/trap_table_mvt.S.o
 .rela.text     0x00000000400447d0        0x0 c:/opt/bcc-2.0.2-gcc/bin/../sparc-gaisler-elf/bsp/leon2/leon/mfix-at697f/trap_table_mvt.S.o
 .rela.text.startup
                0x00000000400447d0        0x0 c:/opt/bcc-2.0.2-gcc/bin/../sparc-gaisler-elf/bsp/leon2/leon/mfix-at697f/trap_table_mvt.S.o
 .rela.data     0x00000000400447d0        0x0 c:/opt/bcc-2.0.2-gcc/bin/../sparc-gaisler-elf/bsp/leon2/leon/mfix-at697f/trap_table_mvt.S.o

.ext.data       0x00000000400447d0        0x0
                0x00000000400447d0                . = ALIGN (0x8)
                0x00000000400447d0                __extdata_start = .
 *(.data.ext)
                0x00000000400447d0                . = ALIGN (0x8)
                0x00000000400447d0                __extdata_end = .
                0x00000000400447d0                __extdata_start_lma = LOADADDR (.ext.data)
                0x0000000000000000                __extdata_size = SIZEOF (.ext.data)

.data           0x00000000400447d0      0x558
                0x00000000400447d0                . = ALIGN (0x8)
                0x00000000400447d0                __data_start = .
 *(.data .data.*)
 .data          0x00000000400447d0        0x0 c:/opt/bcc-2.0.2-gcc/bin/../sparc-gaisler-elf/bsp/leon2/leon/mfix-at697f/trap_table_mvt.S.o
 .data          0x00000000400447d0        0x0 c:/opt/bcc-2.0.2-gcc/bin/../sparc-gaisler-elf/bsp/leon2/leon/mfix-at697f/crt0.S.o
 .data          0x00000000400447d0        0x0 c:/opt/bcc-2.0.2-gcc/bin/../lib/gcc/sparc-gaisler-elf/7.2.0/leon/mfix-at697f/crti.o
 .data          0x00000000400447d0        0x4 c:/opt/bcc-2.0.2-gcc/bin/../lib/gcc/sparc-gaisler-elf/7.2.0/leon/mfix-at697f/crtbegin.o
                0x00000000400447d0                __dso_handle
 .data          0x00000000400447d4        0x0 C:\Users\ajarr\AppData\Local\Temp\ccCvDsQS.o
 .data          0x00000000400447d4        0x0 C:\Users\ajarr\AppData\Local\Temp\ccsLo09g.o
 .data          0x00000000400447d4       0x24 C:\Users\ajarr\AppData\Local\Temp\ccVDlUh4.o
                0x00000000400447e8                test_st_sp_d
                0x00000000400447ec                test_st_sp_c
                0x00000000400447f0                test_st_sp_b
                0x00000000400447f1                test_st_b
                0x00000000400447f2                test_st
                0x00000000400447f4                real_tm_wait
 .data          0x00000000400447f8      0x3ac C:\Users\ajarr\AppData\Local\Temp\ccTVPA9J.o
                0x00000000400447f8                Resol_Table_Adcs
                0x00000000400448dc                BlkExe_Status
                0x00000000400448e0                FuncExecute_Table
                0x0000000040044b38                Resol_Table
 .data          0x0000000040044ba4        0x0 C:\Users\ajarr\AppData\Local\Temp\cclxQ4uu.o
 .data          0x0000000040044ba4        0x0 C:\Users\ajarr\AppData\Local\Temp\ccEXLBI3.o
 .data          0x0000000040044ba4        0x8 C:\Users\ajarr\AppData\Local\Temp\ccXfPisS.o
                0x0000000040044ba4                PL_Debug_Data
 .data          0x0000000040044bac       0x20 C:\Users\ajarr\AppData\Local\Temp\ccaPIZUN.o
                0x0000000040044bac                inter_HAL_EPS_Hardware_Status_SEL
 .data          0x0000000040044bcc        0x0 C:\Users\ajarr\AppData\Local\Temp\cc54QwNN.o
 .data          0x0000000040044bcc        0x0 C:\Users\ajarr\AppData\Local\Temp\cckV0DjX.o
 .data          0x0000000040044bcc        0x0 C:\Users\ajarr\AppData\Local\Temp\ccKOVMRc.o
 .data          0x0000000040044bcc       0xbc C:\Users\ajarr\AppData\Local\Temp\ccmeMGOG.o
                0x0000000040044bcc                Auto_manual
                0x0000000040044bd0                UTP
                0x0000000040044c10                LTP
                0x0000000040044c50                Thermister_index_select
 .data          0x0000000040044c88        0x0 C:\Users\ajarr\AppData\Local\Temp\ccg9pU5i.o
 .data          0x0000000040044c88        0x4 C:\Users\ajarr\AppData\Local\Temp\ccSO05Ff.o
                0x0000000040044c88                NSP_addr_table
 .data          0x0000000040044c8c        0x0 C:\Users\ajarr\AppData\Local\Temp\cc23s2ah.o
 .data          0x0000000040044c8c        0x0 C:\Users\ajarr\AppData\Local\Temp\ccdJI7oS.o
 .data          0x0000000040044c8c        0x0 C:\Users\ajarr\AppData\Local\Temp\ccKNpvhW.o
 .data          0x0000000040044c8c        0x0 C:\Users\ajarr\AppData\Local\Temp\ccEpYOQW.o
 .data          0x0000000040044c8c        0x0 C:\Users\ajarr\AppData\Local\Temp\ccqDoNyv.o
 .data          0x0000000040044c8c        0x0 C:\Users\ajarr\AppData\Local\Temp\ccWaZRuh.o
 .data          0x0000000040044c8c        0x0 C:\Users\ajarr\AppData\Local\Temp\ccf2JRox.o
 .data          0x0000000040044c8c        0x0 C:\Users\ajarr\AppData\Local\Temp\ccb5CNBP.o
 .data          0x0000000040044c8c        0x0 C:\Users\ajarr\AppData\Local\Temp\ccD8vnje.o
 .data          0x0000000040044c8c        0x0 C:\Users\ajarr\AppData\Local\Temp\ccJoLGpd.o
 .data          0x0000000040044c8c        0x0 C:\Users\ajarr\AppData\Local\Temp\cceDLFVf.o
 .data          0x0000000040044c8c        0x0 C:\Users\ajarr\AppData\Local\Temp\ccRX8Ros.o
 .data          0x0000000040044c8c        0x0 c:/opt/bcc-2.0.2-gcc/bin/../lib/gcc/sparc-gaisler-elf/7.2.0/../../../../sparc-gaisler-elf/lib/leon/mfix-at697f\libm.a(lib_a-s_atan.o)
 .data          0x0000000040044c8c        0x0 c:/opt/bcc-2.0.2-gcc/bin/../lib/gcc/sparc-gaisler-elf/7.2.0/../../../../sparc-gaisler-elf/lib/leon/mfix-at697f\libm.a(lib_a-s_cos.o)
 .data          0x0000000040044c8c        0x0 c:/opt/bcc-2.0.2-gcc/bin/../lib/gcc/sparc-gaisler-elf/7.2.0/../../../../sparc-gaisler-elf/lib/leon/mfix-at697f\libm.a(lib_a-s_fabs.o)
 .data          0x0000000040044c8c        0x0 c:/opt/bcc-2.0.2-gcc/bin/../lib/gcc/sparc-gaisler-elf/7.2.0/../../../../sparc-gaisler-elf/lib/leon/mfix-at697f\libm.a(lib_a-s_floor.o)
 .data          0x0000000040044c8c        0x0 c:/opt/bcc-2.0.2-gcc/bin/../lib/gcc/sparc-gaisler-elf/7.2.0/../../../../sparc-gaisler-elf/lib/leon/mfix-at697f\libm.a(lib_a-s_round.o)
 .data          0x0000000040044c8c        0x0 c:/opt/bcc-2.0.2-gcc/bin/../lib/gcc/sparc-gaisler-elf/7.2.0/../../../../sparc-gaisler-elf/lib/leon/mfix-at697f\libm.a(lib_a-s_sin.o)
 .data          0x0000000040044c8c        0x0 c:/opt/bcc-2.0.2-gcc/bin/../lib/gcc/sparc-gaisler-elf/7.2.0/../../../../sparc-gaisler-elf/lib/leon/mfix-at697f\libm.a(lib_a-s_tan.o)
 .data          0x0000000040044c8c        0x0 c:/opt/bcc-2.0.2-gcc/bin/../lib/gcc/sparc-gaisler-elf/7.2.0/../../../../sparc-gaisler-elf/lib/leon/mfix-at697f\libm.a(lib_a-w_acos.o)
 .data          0x0000000040044c8c        0x0 c:/opt/bcc-2.0.2-gcc/bin/../lib/gcc/sparc-gaisler-elf/7.2.0/../../../../sparc-gaisler-elf/lib/leon/mfix-at697f\libm.a(lib_a-w_asin.o)
 .data          0x0000000040044c8c        0x0 c:/opt/bcc-2.0.2-gcc/bin/../lib/gcc/sparc-gaisler-elf/7.2.0/../../../../sparc-gaisler-elf/lib/leon/mfix-at697f\libm.a(lib_a-w_atan2.o)
 .data          0x0000000040044c8c        0x0 c:/opt/bcc-2.0.2-gcc/bin/../lib/gcc/sparc-gaisler-elf/7.2.0/../../../../sparc-gaisler-elf/lib/leon/mfix-at697f\libm.a(lib_a-w_fmod.o)
 .data          0x0000000040044c8c        0x0 c:/opt/bcc-2.0.2-gcc/bin/../lib/gcc/sparc-gaisler-elf/7.2.0/../../../../sparc-gaisler-elf/lib/leon/mfix-at697f\libm.a(lib_a-w_pow.o)
 .data          0x0000000040044c8c        0x0 c:/opt/bcc-2.0.2-gcc/bin/../lib/gcc/sparc-gaisler-elf/7.2.0/../../../../sparc-gaisler-elf/lib/leon/mfix-at697f\libm.a(lib_a-w_sqrt.o)
 .data          0x0000000040044c8c        0x0 c:/opt/bcc-2.0.2-gcc/bin/../lib/gcc/sparc-gaisler-elf/7.2.0/../../../../sparc-gaisler-elf/lib/leon/mfix-at697f\libm.a(lib_a-e_acos.o)
 .data          0x0000000040044c8c        0x0 c:/opt/bcc-2.0.2-gcc/bin/../lib/gcc/sparc-gaisler-elf/7.2.0/../../../../sparc-gaisler-elf/lib/leon/mfix-at697f\libm.a(lib_a-e_asin.o)
 .data          0x0000000040044c8c        0x0 c:/opt/bcc-2.0.2-gcc/bin/../lib/gcc/sparc-gaisler-elf/7.2.0/../../../../sparc-gaisler-elf/lib/leon/mfix-at697f\libm.a(lib_a-e_atan2.o)
 .data          0x0000000040044c8c        0x0 c:/opt/bcc-2.0.2-gcc/bin/../lib/gcc/sparc-gaisler-elf/7.2.0/../../../../sparc-gaisler-elf/lib/leon/mfix-at697f\libm.a(lib_a-e_fmod.o)
 .data          0x0000000040044c8c        0x0 c:/opt/bcc-2.0.2-gcc/bin/../lib/gcc/sparc-gaisler-elf/7.2.0/../../../../sparc-gaisler-elf/lib/leon/mfix-at697f\libm.a(lib_a-e_pow.o)
 .data          0x0000000040044c8c        0x0 c:/opt/bcc-2.0.2-gcc/bin/../lib/gcc/sparc-gaisler-elf/7.2.0/../../../../sparc-gaisler-elf/lib/leon/mfix-at697f\libm.a(lib_a-e_rem_pio2.o)
 .data          0x0000000040044c8c        0x0 c:/opt/bcc-2.0.2-gcc/bin/../lib/gcc/sparc-gaisler-elf/7.2.0/../../../../sparc-gaisler-elf/lib/leon/mfix-at697f\libm.a(lib_a-e_sqrt.o)
 .data          0x0000000040044c8c        0x0 c:/opt/bcc-2.0.2-gcc/bin/../lib/gcc/sparc-gaisler-elf/7.2.0/../../../../sparc-gaisler-elf/lib/leon/mfix-at697f\libm.a(lib_a-k_cos.o)
 .data          0x0000000040044c8c        0x0 c:/opt/bcc-2.0.2-gcc/bin/../lib/gcc/sparc-gaisler-elf/7.2.0/../../../../sparc-gaisler-elf/lib/leon/mfix-at697f\libm.a(lib_a-k_rem_pio2.o)
 .data          0x0000000040044c8c        0x0 c:/opt/bcc-2.0.2-gcc/bin/../lib/gcc/sparc-gaisler-elf/7.2.0/../../../../sparc-gaisler-elf/lib/leon/mfix-at697f\libm.a(lib_a-k_sin.o)
 .data          0x0000000040044c8c        0x0 c:/opt/bcc-2.0.2-gcc/bin/../lib/gcc/sparc-gaisler-elf/7.2.0/../../../../sparc-gaisler-elf/lib/leon/mfix-at697f\libm.a(lib_a-k_tan.o)
 .data          0x0000000040044c8c        0x0 c:/opt/bcc-2.0.2-gcc/bin/../lib/gcc/sparc-gaisler-elf/7.2.0/../../../../sparc-gaisler-elf/lib/leon/mfix-at697f\libm.a(lib_a-s_finite.o)
 .data          0x0000000040044c8c        0x4 c:/opt/bcc-2.0.2-gcc/bin/../lib/gcc/sparc-gaisler-elf/7.2.0/../../../../sparc-gaisler-elf/lib/leon/mfix-at697f\libm.a(lib_a-s_lib_ver.o)
                0x0000000040044c8c                __fdlib_version
 .data          0x0000000040044c90        0x0 c:/opt/bcc-2.0.2-gcc/bin/../lib/gcc/sparc-gaisler-elf/7.2.0/../../../../sparc-gaisler-elf/lib/leon/mfix-at697f\libm.a(lib_a-s_matherr.o)
 .data          0x0000000040044c90        0x0 c:/opt/bcc-2.0.2-gcc/bin/../lib/gcc/sparc-gaisler-elf/7.2.0/../../../../sparc-gaisler-elf/lib/leon/mfix-at697f\libm.a(lib_a-s_nan.o)
 .data          0x0000000040044c90        0x0 c:/opt/bcc-2.0.2-gcc/bin/../lib/gcc/sparc-gaisler-elf/7.2.0/../../../../sparc-gaisler-elf/lib/leon/mfix-at697f\libm.a(lib_a-s_rint.o)
 .data          0x0000000040044c90        0x0 c:/opt/bcc-2.0.2-gcc/bin/../lib/gcc/sparc-gaisler-elf/7.2.0/../../../../sparc-gaisler-elf/lib/leon/mfix-at697f\libm.a(lib_a-s_scalbn.o)
 .data          0x0000000040044c90        0x0 c:/opt/bcc-2.0.2-gcc/bin/../lib/gcc/sparc-gaisler-elf/7.2.0/../../../../sparc-gaisler-elf/lib/leon/mfix-at697f\libm.a(lib_a-s_copysign.o)
 .data          0x0000000040044c90        0x0 c:/opt/bcc-2.0.2-gcc/bin/../sparc-gaisler-elf/bsp/leon2/leon/mfix-at697f\libbcc.a(reset_trap_mvt.S.o)
 .data          0x0000000040044c90        0x0 c:/opt/bcc-2.0.2-gcc/bin/../sparc-gaisler-elf/bsp/leon2/leon/mfix-at697f\libbcc.a(window_trap.S.o)
 .data          0x0000000040044c90        0x0 c:/opt/bcc-2.0.2-gcc/bin/../sparc-gaisler-elf/bsp/leon2/leon/mfix-at697f\libbcc.a(interrupt_trap.S.o)
 .data          0x0000000040044c90        0x0 c:/opt/bcc-2.0.2-gcc/bin/../sparc-gaisler-elf/bsp/leon2/leon/mfix-at697f\libbcc.a(flush_windows_trap.S.o)
 .data          0x0000000040044c90        0x0 c:/opt/bcc-2.0.2-gcc/bin/../sparc-gaisler-elf/bsp/leon2/leon/mfix-at697f\libbcc.a(sw_trap_set_pil.S.o)
 .data          0x0000000040044c90        0x0 c:/opt/bcc-2.0.2-gcc/bin/../sparc-gaisler-elf/bsp/leon2/leon/mfix-at697f\libbcc.a(trap.c.o)
 .data          0x0000000040044c90        0x0 c:/opt/bcc-2.0.2-gcc/bin/../sparc-gaisler-elf/bsp/leon2/leon/mfix-at697f\libbcc.a(isr.c.o)
 .data          0x0000000040044c90       0x10 c:/opt/bcc-2.0.2-gcc/bin/../sparc-gaisler-elf/bsp/leon2/leon/mfix-at697f\libbcc.a(int_nest.c.o)
                0x0000000040044c90                __bcc_int_nest
 .data          0x0000000040044ca0        0x0 c:/opt/bcc-2.0.2-gcc/bin/../sparc-gaisler-elf/bsp/leon2/leon/mfix-at697f\libbcc.a(init.S.o)
 .data          0x0000000040044ca0       0x10 c:/opt/bcc-2.0.2-gcc/bin/../sparc-gaisler-elf/bsp/leon2/leon/mfix-at697f\libbcc.a(leon_info.S.o)
                0x0000000040044ca0                __bcc_leon_version
                0x0000000040044ca4                __bcc_nwindows_min1
                0x0000000040044ca8                __bcc_nwindows
                0x0000000040044cac                __bcc_cpuid
 .data          0x0000000040044cb0        0x0 c:/opt/bcc-2.0.2-gcc/bin/../sparc-gaisler-elf/bsp/leon2/leon/mfix-at697f\libbcc.a(dwzero.S.o)
 .data          0x0000000040044cb0        0x0 c:/opt/bcc-2.0.2-gcc/bin/../sparc-gaisler-elf/bsp/leon2/leon/mfix-at697f\libbcc.a(copy_data.c.o)
 .data          0x0000000040044cb0        0x0 c:/opt/bcc-2.0.2-gcc/bin/../sparc-gaisler-elf/bsp/leon2/leon/mfix-at697f\libbcc.a(lowlevel.S.o)
 .data          0x0000000040044cb0        0x0 c:/opt/bcc-2.0.2-gcc/bin/../sparc-gaisler-elf/bsp/leon2/leon/mfix-at697f\libbcc.a(lowlevel_leon2.S.o)
 .data          0x0000000040044cb0        0x0 c:/opt/bcc-2.0.2-gcc/bin/../sparc-gaisler-elf/bsp/leon2/leon/mfix-at697f\libbcc.a(int_leon2.c.o)
 .data          0x0000000040044cb0        0x0 c:/opt/bcc-2.0.2-gcc/bin/../sparc-gaisler-elf/bsp/leon2/leon/mfix-at697f\libbcc.a(int_leon2_get_source.c.o)
 .data          0x0000000040044cb0        0x0 c:/opt/bcc-2.0.2-gcc/bin/../sparc-gaisler-elf/bsp/leon2/leon/mfix-at697f\libbcc.a(int_leon2_init.c.o)
 .data          0x0000000040044cb0        0x0 c:/opt/bcc-2.0.2-gcc/bin/../sparc-gaisler-elf/bsp/leon2/leon/mfix-at697f\libbcc.a(con_leon2.c.o)
 .data          0x0000000040044cb0        0x0 c:/opt/bcc-2.0.2-gcc/bin/../sparc-gaisler-elf/bsp/leon2/leon/mfix-at697f\libbcc.a(timer_leon2.c.o)
 .data          0x0000000040044cb0        0x0 c:/opt/bcc-2.0.2-gcc/bin/../sparc-gaisler-elf/bsp/leon2/leon/mfix-at697f\libbcc.a(set_pil.S.o)
 .data          0x0000000040044cb0        0x4 c:/opt/bcc-2.0.2-gcc/bin/../sparc-gaisler-elf/bsp/leon2/leon/mfix-at697f\libbcc.a(int_leon2_handle.c.o)
                0x0000000040044cb0                __bcc_int_handle
 .data          0x0000000040044cb4        0x4 c:/opt/bcc-2.0.2-gcc/bin/../sparc-gaisler-elf/bsp/leon2/leon/mfix-at697f\libbcc.a(con_handle.c.o)
                0x0000000040044cb4                __bcc_con_handle
 .data          0x0000000040044cb8        0x8 c:/opt/bcc-2.0.2-gcc/bin/../sparc-gaisler-elf/bsp/leon2/leon/mfix-at697f\libbcc.a(timer_handle.c.o)
                0x0000000040044cb8                __bcc_timer_interrupt
                0x0000000040044cbc                __bcc_timer_handle
 .data          0x0000000040044cc0        0x0 c:/opt/bcc-2.0.2-gcc/bin/../lib/gcc/sparc-gaisler-elf/7.2.0/../../../../sparc-gaisler-elf/lib/leon/mfix-at697f\libc.a(lib_a-atexit.o)
 .data          0x0000000040044cc0        0x0 c:/opt/bcc-2.0.2-gcc/bin/../lib/gcc/sparc-gaisler-elf/7.2.0/../../../../sparc-gaisler-elf/lib/leon/mfix-at697f\libc.a(lib_a-errno.o)
 .data          0x0000000040044cc0        0x0 c:/opt/bcc-2.0.2-gcc/bin/../lib/gcc/sparc-gaisler-elf/7.2.0/../../../../sparc-gaisler-elf/lib/leon/mfix-at697f\libc.a(lib_a-exit.o)
 .data          0x0000000040044cc0       0x64 c:/opt/bcc-2.0.2-gcc/bin/../lib/gcc/sparc-gaisler-elf/7.2.0/../../../../sparc-gaisler-elf/lib/leon/mfix-at697f\libc.a(lib_a-impure.o)
                0x0000000040044cc0                _impure_ptr
 .data          0x0000000040044d24        0x0 c:/opt/bcc-2.0.2-gcc/bin/../lib/gcc/sparc-gaisler-elf/7.2.0/../../../../sparc-gaisler-elf/lib/leon/mfix-at697f\libc.a(lib_a-memcpy.o)
 .data          0x0000000040044d24        0x0 c:/opt/bcc-2.0.2-gcc/bin/../lib/gcc/sparc-gaisler-elf/7.2.0/../../../../sparc-gaisler-elf/lib/leon/mfix-at697f\libc.a(lib_a-__atexit.o)
 .data          0x0000000040044d24        0x0 c:/opt/bcc-2.0.2-gcc/bin/../lib/gcc/sparc-gaisler-elf/7.2.0/../../../../sparc-gaisler-elf/lib/leon/mfix-at697f\libc.a(lib_a-__call_atexit.o)
 .data          0x0000000040044d24        0x0 c:/opt/bcc-2.0.2-gcc/bin/../sparc-gaisler-elf/bsp/leon2/leon/mfix-at697f\libbcc.a(_exit.S.o)
 .data          0x0000000040044d24        0x0 c:/opt/bcc-2.0.2-gcc/bin/../lib/gcc/sparc-gaisler-elf/7.2.0/leon/mfix-at697f/crtend.o
 .data          0x0000000040044d24        0x0 c:/opt/bcc-2.0.2-gcc/bin/../lib/gcc/sparc-gaisler-elf/7.2.0/leon/mfix-at697f/crtn.o
                0x0000000040044d28                . = ALIGN (0x8)
 *fill*         0x0000000040044d24        0x4 
                0x0000000040044d28                __data_end = .
                0x00000000400447d0                __data_start_lma = LOADADDR (.data)
                0x0000000000000558                __data_size = SIZEOF (.data)

.iplt           0x0000000040044d28        0x0
 .iplt          0x0000000040044d28        0x0 c:/opt/bcc-2.0.2-gcc/bin/../sparc-gaisler-elf/bsp/leon2/leon/mfix-at697f/trap_table_mvt.S.o

.tm_clone_table
                0x0000000040044d28        0x0
 .tm_clone_table
                0x0000000040044d28        0x0 c:/opt/bcc-2.0.2-gcc/bin/../lib/gcc/sparc-gaisler-elf/7.2.0/leon/mfix-at697f/crtbegin.o
 .tm_clone_table
                0x0000000040044d28        0x0 c:/opt/bcc-2.0.2-gcc/bin/../lib/gcc/sparc-gaisler-elf/7.2.0/leon/mfix-at697f/crtend.o

.bss            0x0000000040044d28    0x8e9b8
                0x0000000040044d28                . = ALIGN (0x8)
                0x0000000040044d28                __bss_start = .
 *(.bss .bss.*)
 .bss           0x0000000040044d28        0x0 c:/opt/bcc-2.0.2-gcc/bin/../sparc-gaisler-elf/bsp/leon2/leon/mfix-at697f/trap_table_mvt.S.o
 .bss           0x0000000040044d28        0x4 c:/opt/bcc-2.0.2-gcc/bin/../sparc-gaisler-elf/bsp/leon2/leon/mfix-at697f/crt0.S.o
                0x0000000040044d28                __bcc_sp_at_entry
 .bss           0x0000000040044d2c        0x0 c:/opt/bcc-2.0.2-gcc/bin/../lib/gcc/sparc-gaisler-elf/7.2.0/leon/mfix-at697f/crti.o
 .bss           0x0000000040044d2c       0x20 c:/opt/bcc-2.0.2-gcc/bin/../lib/gcc/sparc-gaisler-elf/7.2.0/leon/mfix-at697f/crtbegin.o
 .bss           0x0000000040044d4c        0x0 C:\Users\ajarr\AppData\Local\Temp\ccCvDsQS.o
 .bss           0x0000000040044d4c        0x1 C:\Users\ajarr\AppData\Local\Temp\ccsLo09g.o
 *fill*         0x0000000040044d4d        0x3 
 .bss           0x0000000040044d50        0x8 C:\Users\ajarr\AppData\Local\Temp\ccVDlUh4.o
                0x0000000040044d50                test_st_sp
                0x0000000040044d51                filler_byte3
                0x0000000040044d52                filler_byte2
                0x0000000040044d53                filler_byte1
                0x0000000040044d54                repeat_count
 .bss           0x0000000040044d58       0x22 C:\Users\ajarr\AppData\Local\Temp\ccTVPA9J.o
                0x0000000040044d58                Diff_stop_srl_num
                0x0000000040044d5c                Diff_start_srl_num
                0x0000000040044d60                DTTC_count
                0x0000000040044d64                head
                0x0000000040044d68                ATTC_count
                0x0000000040044d6c                ATTC_exe_en
                0x0000000040044d70                ATTC_Master_en
                0x0000000040044d74                Nodeptrempty_flag
                0x0000000040044d78                ComputedParity
                0x0000000040044d79                RcvdParity
 .bss           0x0000000040044d7a        0x0 C:\Users\ajarr\AppData\Local\Temp\cclxQ4uu.o
 .bss           0x0000000040044d7a        0x0 C:\Users\ajarr\AppData\Local\Temp\ccEXLBI3.o
 .bss           0x0000000040044d7a        0x0 C:\Users\ajarr\AppData\Local\Temp\ccXfPisS.o
 *fill*         0x0000000040044d7a        0x2 
 .bss           0x0000000040044d7c        0x8 C:\Users\ajarr\AppData\Local\Temp\ccaPIZUN.o
                0x0000000040044d7c                load_shedding_flag
                0x0000000040044d7d                low_battery_voltage
                0x0000000040044d80                inter_HAL_EPS_Hardware_Status_count
 .bss           0x0000000040044d84        0x4 C:\Users\ajarr\AppData\Local\Temp\cc54QwNN.o
                0x0000000040044d84                imu_count
 .bss           0x0000000040044d88        0x0 C:\Users\ajarr\AppData\Local\Temp\cckV0DjX.o
 .bss           0x0000000040044d88        0xc C:\Users\ajarr\AppData\Local\Temp\ccKOVMRc.o
                0x0000000040044d88                gpstest
                0x0000000040044d8c                gps_ready_bit
                0x0000000040044d90                gps_count
 .bss           0x0000000040044d94        0x0 C:\Users\ajarr\AppData\Local\Temp\ccmeMGOG.o
 .bss           0x0000000040044d94        0x4 C:\Users\ajarr\AppData\Local\Temp\ccg9pU5i.o
                0x0000000040044d94                MTR_Reset_Flag
 .bss           0x0000000040044d98        0xe C:\Users\ajarr\AppData\Local\Temp\ccSO05Ff.o
                0x0000000040044da4                crc_test
 *fill*         0x0000000040044da6        0x2 
 .bss           0x0000000040044da8       0x18 C:\Users\ajarr\AppData\Local\Temp\cc23s2ah.o
                0x0000000040044da8                SA2_status
                0x0000000040044dac                SA1_status
                0x0000000040044db0                TC_HAL_SA_Deploy
                0x0000000040044db4                SA_Command_Type
                0x0000000040044db8                SA2_Deploy_cmd_rcvd_time
                0x0000000040044dbc                SA1_Deploy_cmd_rcvd_time
 .bss           0x0000000040044dc0        0x0 C:\Users\ajarr\AppData\Local\Temp\ccdJI7oS.o
 .bss           0x0000000040044dc0        0x0 C:\Users\ajarr\AppData\Local\Temp\ccKNpvhW.o
 .bss           0x0000000040044dc0        0x0 C:\Users\ajarr\AppData\Local\Temp\ccEpYOQW.o
 .bss           0x0000000040044dc0        0x0 C:\Users\ajarr\AppData\Local\Temp\ccqDoNyv.o
 .bss           0x0000000040044dc0        0x0 C:\Users\ajarr\AppData\Local\Temp\ccWaZRuh.o
 .bss           0x0000000040044dc0        0x0 C:\Users\ajarr\AppData\Local\Temp\ccf2JRox.o
 .bss           0x0000000040044dc0        0x0 C:\Users\ajarr\AppData\Local\Temp\ccb5CNBP.o
 .bss           0x0000000040044dc0       0x30 C:\Users\ajarr\AppData\Local\Temp\ccD8vnje.o
                0x0000000040044dc0                tmin