Archive member included to satisfy reference by file (symbol)

c:/opt/bcc-2.0.2-gcc/bin/../lib/gcc/sparc-gaisler-elf/7.2.0/../../../../sparc-gaisler-elf/lib/leon/mfix-at697f\libm.a(lib_a-s_atan.o)
                              C:\Users\Bhagawat\AppData\Local\Temp\ccOFQIts.o (atan)
c:/opt/bcc-2.0.2-gcc/bin/../lib/gcc/sparc-gaisler-elf/7.2.0/../../../../sparc-gaisler-elf/lib/leon/mfix-at697f\libm.a(lib_a-s_cos.o)
                              C:\Users\Bhagawat\AppData\Local\Temp\ccnVCvgo.o (cos)
c:/opt/bcc-2.0.2-gcc/bin/../lib/gcc/sparc-gaisler-elf/7.2.0/../../../../sparc-gaisler-elf/lib/leon/mfix-at697f\libm.a(lib_a-s_fabs.o)
                              c:/opt/bcc-2.0.2-gcc/bin/../lib/gcc/sparc-gaisler-elf/7.2.0/../../../../sparc-gaisler-elf/lib/leon/mfix-at697f\libm.a(lib_a-s_atan.o) (fabs)
c:/opt/bcc-2.0.2-gcc/bin/../lib/gcc/sparc-gaisler-elf/7.2.0/../../../../sparc-gaisler-elf/lib/leon/mfix-at697f\libm.a(lib_a-s_floor.o)
                              C:\Users\Bhagawat\AppData\Local\Temp\cckp7sPI.o (floor)
c:/opt/bcc-2.0.2-gcc/bin/../lib/gcc/sparc-gaisler-elf/7.2.0/../../../../sparc-gaisler-elf/lib/leon/mfix-at697f\libm.a(lib_a-s_sin.o)
                              C:\Users\Bhagawat\AppData\Local\Temp\ccnVCvgo.o (sin)
c:/opt/bcc-2.0.2-gcc/bin/../lib/gcc/sparc-gaisler-elf/7.2.0/../../../../sparc-gaisler-elf/lib/leon/mfix-at697f\libm.a(lib_a-s_tan.o)
                              C:\Users\Bhagawat\AppData\Local\Temp\ccOFQIts.o (tan)
c:/opt/bcc-2.0.2-gcc/bin/../lib/gcc/sparc-gaisler-elf/7.2.0/../../../../sparc-gaisler-elf/lib/leon/mfix-at697f\libm.a(lib_a-w_acos.o)
                              C:\Users\Bhagawat\AppData\Local\Temp\ccQ4MEYV.o (acos)
c:/opt/bcc-2.0.2-gcc/bin/../lib/gcc/sparc-gaisler-elf/7.2.0/../../../../sparc-gaisler-elf/lib/leon/mfix-at697f\libm.a(lib_a-w_atan2.o)
                              C:\Users\Bhagawat\AppData\Local\Temp\ccOFQIts.o (atan2)
c:/opt/bcc-2.0.2-gcc/bin/../lib/gcc/sparc-gaisler-elf/7.2.0/../../../../sparc-gaisler-elf/lib/leon/mfix-at697f\libm.a(lib_a-w_fmod.o)
                              C:\Users\Bhagawat\AppData\Local\Temp\cckp7sPI.o (fmod)
c:/opt/bcc-2.0.2-gcc/bin/../lib/gcc/sparc-gaisler-elf/7.2.0/../../../../sparc-gaisler-elf/lib/leon/mfix-at697f\libm.a(lib_a-w_pow.o)
                              C:\Users\Bhagawat\AppData\Local\Temp\ccQ4MEYV.o (pow)
c:/opt/bcc-2.0.2-gcc/bin/../lib/gcc/sparc-gaisler-elf/7.2.0/../../../../sparc-gaisler-elf/lib/leon/mfix-at697f\libm.a(lib_a-w_sqrt.o)
                              C:\Users\Bhagawat\AppData\Local\Temp\ccmw7Rup.o (sqrt)
c:/opt/bcc-2.0.2-gcc/bin/../lib/gcc/sparc-gaisler-elf/7.2.0/../../../../sparc-gaisler-elf/lib/leon/mfix-at697f\libm.a(lib_a-e_acos.o)
                              c:/opt/bcc-2.0.2-gcc/bin/../lib/gcc/sparc-gaisler-elf/7.2.0/../../../../sparc-gaisler-elf/lib/leon/mfix-at697f\libm.a(lib_a-w_acos.o) (__ieee754_acos)
c:/opt/bcc-2.0.2-gcc/bin/../lib/gcc/sparc-gaisler-elf/7.2.0/../../../../sparc-gaisler-elf/lib/leon/mfix-at697f\libm.a(lib_a-e_atan2.o)
                              c:/opt/bcc-2.0.2-gcc/bin/../lib/gcc/sparc-gaisler-elf/7.2.0/../../../../sparc-gaisler-elf/lib/leon/mfix-at697f\libm.a(lib_a-w_atan2.o) (__ieee754_atan2)
c:/opt/bcc-2.0.2-gcc/bin/../lib/gcc/sparc-gaisler-elf/7.2.0/../../../../sparc-gaisler-elf/lib/leon/mfix-at697f\libm.a(lib_a-e_fmod.o)
                              c:/opt/bcc-2.0.2-gcc/bin/../lib/gcc/sparc-gaisler-elf/7.2.0/../../../../sparc-gaisler-elf/lib/leon/mfix-at697f\libm.a(lib_a-w_fmod.o) (__ieee754_fmod)
c:/opt/bcc-2.0.2-gcc/bin/../lib/gcc/sparc-gaisler-elf/7.2.0/../../../../sparc-gaisler-elf/lib/leon/mfix-at697f\libm.a(lib_a-e_pow.o)
                              c:/opt/bcc-2.0.2-gcc/bin/../lib/gcc/sparc-gaisler-elf/7.2.0/../../../../sparc-gaisler-elf/lib/leon/mfix-at697f\libm.a(lib_a-w_pow.o) (__ieee754_pow)
c:/opt/bcc-2.0.2-gcc/bin/../lib/gcc/sparc-gaisler-elf/7.2.0/../../../../sparc-gaisler-elf/lib/leon/mfix-at697f\libm.a(lib_a-e_rem_pio2.o)
                              c:/opt/bcc-2.0.2-gcc/bin/../lib/gcc/sparc-gaisler-elf/7.2.0/../../../../sparc-gaisler-elf/lib/leon/mfix-at697f\libm.a(lib_a-s_cos.o) (__ieee754_rem_pio2)
c:/opt/bcc-2.0.2-gcc/bin/../lib/gcc/sparc-gaisler-elf/7.2.0/../../../../sparc-gaisler-elf/lib/leon/mfix-at697f\libm.a(lib_a-e_sqrt.o)
                              c:/opt/bcc-2.0.2-gcc/bin/../lib/gcc/sparc-gaisler-elf/7.2.0/../../../../sparc-gaisler-elf/lib/leon/mfix-at697f\libm.a(lib_a-w_sqrt.o) (__ieee754_sqrt)
c:/opt/bcc-2.0.2-gcc/bin/../lib/gcc/sparc-gaisler-elf/7.2.0/../../../../sparc-gaisler-elf/lib/leon/mfix-at697f\libm.a(lib_a-k_cos.o)
                              c:/opt/bcc-2.0.2-gcc/bin/../lib/gcc/sparc-gaisler-elf/7.2.0/../../../../sparc-gaisler-elf/lib/leon/mfix-at697f\libm.a(lib_a-s_cos.o) (__kernel_cos)
c:/opt/bcc-2.0.2-gcc/bin/../lib/gcc/sparc-gaisler-elf/7.2.0/../../../../sparc-gaisler-elf/lib/leon/mfix-at697f\libm.a(lib_a-k_rem_pio2.o)
[...]
Memory Configuration

Name             Origin             Length             Attributes
rom              0x0000000000000000 0x0000000020000000
ram              0x0000000040000000 0x0000000040000000
*default*        0x0000000000000000 0xffffffffffffffff

Linker script and memory map

LOAD c:/opt/bcc-2.0.2-gcc/bin/../sparc-gaisler-elf/bsp/leon2/leon/mfix-at697f/trap_table_mvt.S.o
LOAD c:/opt/bcc-2.0.2-gcc/bin/../sparc-gaisler-elf/bsp/leon2/leon/mfix-at697f/crt0.S.o
LOAD c:/opt/bcc-2.0.2-gcc/bin/../lib/gcc/sparc-gaisler-elf/7.2.0/leon/mfix-at697f/crti.o
LOAD c:/opt/bcc-2.0.2-gcc/bin/../lib/gcc/sparc-gaisler-elf/7.2.0/leon/mfix-at697f/crtbegin.o
LOAD C:\Users\Bhagawat\AppData\Local\Temp\ccE7w4HL.o
LOAD C:\Users\Bhagawat\AppData\Local\Temp\ccVFMsXW.o
LOAD C:\Users\Bhagawat\AppData\Local\Temp\ccFQNBuK.o
LOAD C:\Users\Bhagawat\AppData\Local\Temp\ccnVCvgo.o
LOAD C:\Users\Bhagawat\AppData\Local\Temp\ccn9fpRc.o
LOAD C:\Users\Bhagawat\AppData\Local\Temp\ccwBSvgj.o
LOAD C:\Users\Bhagawat\AppData\Local\Temp\ccmrUMoB.o
LOAD C:\Users\Bhagawat\AppData\Local\Temp\cck1vZm3.o
LOAD C:\Users\Bhagawat\AppData\Local\Temp\ccEUPKYB.o
LOAD C:\Users\Bhagawat\AppData\Local\Temp\ccGwB0vi.o
LOAD C:\Users\Bhagawat\AppData\Local\Temp\ccIUlZWk.o
LOAD C:\Users\Bhagawat\AppData\Local\Temp\ccDQ3k3B.o
LOAD C:\Users\Bhagawat\AppData\Local\Temp\ccasJVod.o
LOAD C:\Users\Bhagawat\AppData\Local\Temp\ccNQYCSi.o
LOAD C:\Users\Bhagawat\AppData\Local\Temp\cc1R2QIq.o
LOAD C:\Users\Bhagawat\AppData\Local\Temp\ccmw7Rup.o
LOAD C:\Users\Bhagawat\AppData\Local\Temp\ccQ4MEYV.o
LOAD C:\Users\Bhagawat\AppData\Local\Temp\ccIBrkJz.o
LOAD C:\Users\Bhagawat\AppData\Local\Temp\ccxUbsRB.o
LOAD C:\Users\Bhagawat\AppData\Local\Temp\cckga6c0.o
LOAD C:\Users\Bhagawat\AppData\Local\Temp\ccOsnxCi.o
LOAD C:\Users\Bhagawat\AppData\Local\Temp\ccOFQIts.o
LOAD C:\Users\Bhagawat\AppData\Local\Temp\ccnojkYC.o
LOAD C:\Users\Bhagawat\AppData\Local\Temp\cckp7sPI.o
LOAD C:\Users\Bhagawat\AppData\Local\Temp\cccZUFX5.o
LOAD C:\Users\Bhagawat\AppData\Local\Temp\ccIrygBD.o
LOAD c:/opt/bcc-2.0.2-gcc/bin/../lib/gcc/sparc-gaisler-elf/7.2.0/../../../../sparc-gaisler-elf/lib/leon/mfix-at697f\libm.a
                0x0000000000000000                PROVIDE (__bcc_cfg_skip_clear_bss, 0x0)

.text           0x0000000040000000    0x40bc0
 CREATE_OBJECT_SYMBOLS
                0x0000000040000000                __text_start = .
                0x0000000040000000                . = ALIGN (0x1000)
 *(.text.traptable)
 .text.traptable
                0x0000000040000000     0x1000 c:/opt/bcc-2.0.2-gcc/bin/../sparc-gaisler-elf/bsp/leon2/leon/mfix-at697f/trap_table_mvt.S.o
                0x0000000040000000                __bcc_entry_point
                0x0000000040000000                __bcc_trap_table
 *(.text .text.*)
 .text          0x0000000040001000        0x0 c:/opt/bcc-2.0.2-gcc/bin/../sparc-gaisler-elf/bsp/leon2/leon/mfix-at697f/trap_table_mvt.S.o
 .text          0x0000000040001000       0xb8 c:/opt/bcc-2.0.2-gcc/bin/../sparc-gaisler-elf/bsp/leon2/leon/mfix-at697f/crt0.S.o
                0x0000000040001000                __bcc_crt0
 .text          0x00000000400010b8        0x0 c:/opt/bcc-2.0.2-gcc/bin/../lib/gcc/sparc-gaisler-elf/7.2.0/leon/mfix-at697f/crti.o
 .text          0x00000000400010b8      0x180 c:/opt/bcc-2.0.2-gcc/bin/../lib/gcc/sparc-gaisler-elf/7.2.0/leon/mfix-at697f/crtbegin.o
 .text          0x0000000040001238      0x974 C:\Users\Bhagawat\AppData\Local\Temp\ccE7w4HL.o
                0x0000000040001238                rMinCycle_Wait
                0x00000000400012d4                OBC_Process
                0x0000000040001b5c                rMinCycle_Flag_Reset
 .text.startup  0x0000000040001bac       0xa0 C:\Users\Bhagawat\AppData\Local\Temp\ccE7w4HL.o
                0x0000000040001bac                main
 .text          0x0000000040001c4c      0xe7c C:\Users\Bhagawat\AppData\Local\Temp\ccVFMsXW.o
                0x0000000040001c6c                Init_Memory
                0x0000000040001ca0                checksum_u32
                0x0000000040001d0c                chksum8
                0x0000000040001d44                rOutput_Latch_Update
                0x0000000040001f00                STS_reg_TM
                0x0000000040002014                ST_output_update
                0x000000004000222c                NMI_interrupt_test
                0x00000000400022e8                MUX_Output
                0x00000000400028a0                EEPROM_RST
                0x00000000400028d4                EEPROM_RES
                0x0000000040002904                s_ram_scrub
                0x00000000400029a4                prom_chksum
 .text          0x0000000040002ac8     0xd9a8 C:\Users\Bhagawat\AppData\Local\Temp\ccFQNBuK.o
                0x0000000040002cb4                rHAL_TM_Write
                0x0000000040002f14                rHAL_TM_HW_Status_Update
                0x0000000040003038                rTM_Address_Table_Init
                0x000000004000ce48                rTM_Copy_Subframe
                0x000000004000ceb8                Sampling_Rate_Select
                0x000000004000cf14                Frame_Address_Select
                0x000000004000d080                rTCH_full_dump_cpy_buf
                0x000000004000d1f0                rTCH_dump_cpy_buf
                0x000000004000d580                TC_Hist_dumping
                0x000000004000d5cc                copy_frame
                0x000000004000d684                ST_Copy_Subframe
                0x000000004000db48                StorageTelemetry
                0x000000004000dbe0                Storage_Telemetry_Write
                0x000000004000dc08                Norm_ST_1_Table_Init
                0x000000004000f4ec                Spec_ST_Table_Init
                0x0000000040010188                ST_DUMPING
                0x00000000400102ec                rTM_Real_st_write
                0x000000004001042c                ST_full_dump
 .text          0x0000000040010470     0x8234 C:\Users\Bhagawat\AppData\Local\Temp\ccnVCvgo.o
                0x0000000040010668                TC_IMU1_Off
                0x00000000400106a8                TC_IMU2_Off
                0x00000000400106e8                TC_Drift_Uplink_Compenstation_Update_IMU1
                0x0000000040010788                TC_Drift_Uplink_Compenstation_Update_IMU2
                0x0000000040010828                TC_Gyro_Misalignment_Update_IMU1
                0x0000000040010a8c                TC_Gyro_Misalignment_Update_IMU2
                0x0000000040010cf0                TC_Gyro_Scale_Factor_Update_IMU1
                0x0000000040010e98                TC_Gyro_Scale_Factor_Update_IMU2
                0x0000000040011040                TC_MagBias_Uplink_Compenstation_Update_IMU1
                0x00000000400110e0                TC_MagBias_Uplink_Compenstation_Update_IMU2
                0x0000000040011180                rSSmain_ImaxF_update
                0x000000004001141c                rSSredt_ImaxF_update
                0x0000000040011698                TC_NMI_count_reset
                0x00000000400116ac                TC_GPS1_ON
                0x00000000400116dc                TC_GPS1_OFF
                0x0000000040011710                TC_GPS2_on
                0x0000000040011744                TC_GPS2_off
                0x000000004001177c                TC_W1_ON
                0x00000000400117ac                TC_W2_ON
                0x00000000400117e0                TC_W3_ON
                0x0000000040011810                TC_W4_ON
                0x0000000040011840                TC_W1_OFF
                0x0000000040011870                TC_W2_OFF
                0x00000000400118a0                TC_W3_OFF
                0x00000000400118d0                TC_W4_OFF
                0x0000000040011900                TC_Nominal_wheel_speed_execute
                0x0000000040011910                rTC_Detumbling_ModePreprocessing_BDOT
                0x0000000040011920                rTC_Detumbling_ModePreprocessing_GYRO
                0x0000000040011930                rTC_SunAcquisition_ModePreprocessing
                0x0000000040011940                rTC_ThreeAxis_ModePreprocessing
                0x000000004001195c                rTC_Suspended_ModePreprocessing
                0x0000000040011968                PL_K_CMD_HLT
                0x0000000040011998                rTC_HILS_MODE_IDLE
                0x00000000400119a8                rTC_HILS_MODE_START
                0x00000000400119b8                rTC_HILS_MODE_STOP
                0x00000000400119c8                Antenna_mechanism_ON
                0x00000000400119f8                Antenna_mechanism_OFF
                0x0000000040011a28                S_band_tx_on
                0x0000000040011a58                S_band_tx_off
                0x0000000040011a88                SA_DEPLOYMENT_MECHANISM_MAIN_OFF
                0x0000000040011abc                SA_DEPLOYMENT_MECHANISM_RED_OFF
                0x0000000040011af0                sunlit
                0x0000000040011b00                eclipse
                0x0000000040011b0c                Sunlit_eclipse_both
                0x0000000040011b1c                rTC_Safe_mode_PreProcessing
                0x0000000040011b2c                eeprom_en
                0x0000000040011b3c                eeprom_dis
                0x0000000040011b48                TC_ATTC_CMD_clear
                0x0000000040011c08                rElapsedTimerAssign
                0x0000000040011c44                TC_IMU1_On
                0x0000000040011c88                TC_IMU2_On
                0x0000000040011ccc                TC_ACC_Ang_RESET
                0x0000000040011cd8                rMag_Refeci_update
                0x0000000040011d6c                rSun_Ephemeris_update
                0x0000000040011dd8                TC_GPS1_NMEA_VTG_enable
                0x0000000040011e04                TC_GPS1_NMEA_VTG_disable
                0x0000000040011e30                TC_GPS1_NMEA_GGA_enable
                0x0000000040011e5c                TC_GPS1_NMEA_GGA_disable
                0x0000000040011e88                TC_GPS1_NMEA_GSA_enable
                0x0000000040011eb4                TC_GPS1_NMEA_GSA_disable
                0x0000000040011ee0                TC_GPS1_cold_start
                0x0000000040011f0c                TC_GPS1_factory_reset
                0x0000000040011f38                TC_GPS2_NMEA_VTG_enable
                0x0000000040011f64                TC_GPS2_NMEA_VTG_disable
                0x0000000040011f90                TC_GPS2_NMEA_GGA_enable
                0x0000000040011fbc                TC_GPS2_NMEA_GGA_disable
                0x0000000040011fe8                TC_GPS2_NMEA_GSA_enable
                0x0000000040012014                TC_GPS2_NMEA_GSA_disable
                0x0000000040012040                TC_GPS2_cold_start
                0x000000004001206c                TC_GPS2_factory_reset
                0x0000000040012098                TC_GPS1_NMEA_NMEA_GSV_Enable
                0x00000000400120c4                TC_GPS1_NMEA_NMEA_GSV_disable
                0x00000000400120f0                TC_GPS2_NMEA_NMEA_GSV_Enable
                0x000000004001211c                TC_GPS2_NMEA_NMEA_GSV_disable
                0x0000000040012148                TC_MTR_ON
                0x0000000040012154                TC_MTR_OFF
                0x0000000040012160                payload_1_on
                0x0000000040012188                payload_1_off
                0x0000000040012194                PL_K_CMD_STS
                0x00000000400121a0                PL_K_CMD_ACQ
                0x00000000400121ac                PL_K_DIAG
                0x00000000400121b8                PL_K_CMD_OFF
                0x00000000400121c4                PL_K_CMD_ON
                0x00000000400121d0                rTLE_Update
                0x000000004001250c                TC_init_RW1
                0x0000000040012540                TC_init_RW2
                0x0000000040012574                TC_init_RW3
                0x00000000400125a8                TC_init_RW4
                0x00000000400125dc                TC_MTR_Yaw_Positive
                0x00000000400125f0                TC_MTR_Yaw_Negative
                0x0000000040012604                TC_MTR_Pitch_Positive
                0x0000000040012618                TC_MTR_Pitch_Negative
                0x000000004001262c                TC_MTR_Roll_Positive
                0x0000000040012640                TC_MTR_Roll_Negative
                0x0000000040012654                TC_MTR_Roll_No_cuurent
                0x0000000040012668                TC_MTR_Pitch_No_cuurent
                0x000000004001267c                TC_MTR_Yaw_No_cuurent
                0x0000000040012690                payload_2_on
                0x00000000400126b8                payload_2_off
                0x00000000400126c4                X_band_tx_on
                0x00000000400126ec                X_band_tx_off
                0x00000000400126f8                SA_DEPLOYMENT_MECHANISM_MAIN_ON
                0x0000000040012704                SA_DEPLOYMENT_MECHANISM_RED_ON
                0x0000000040012710                Antenna_mechanism_arm
                0x000000004001271c                Antenna_deploy
                0x0000000040012728                Antenna_mechanism_disarm
                0x0000000040012734                TC_pl_debug
                0x0000000040012740                TC_TM_DS_EN
                0x000000004001274c                Antenna_RESET_command
                0x0000000040012758                Antenna_deploy_with_override
                0x0000000040012764                Antenna_system_temp
                0x0000000040012770                Antenna_deploy_status_report
                0x000000004001277c                Antenna_deploy_activation_count
                0x0000000040012788                Antenna_deploy_activation_time
                0x0000000040012794                rTC_ref_snv_bias_q_update
                0x0000000040012864                rTC_ref_stn_bias_q_update
                0x0000000040012990                rTC_ref_q_gnd_update
                0x0000000040012abc                TC_q_body_init
                0x0000000040012be8                rTC_HILS_ENABLE
                0x0000000040012bf4                rTC_HILS_DISABLE
                0x0000000040012d04                TC_pl_tm
                0x0000000040012d0c                imu1_db_execute
                0x0000000040012d14                imu2_db_execute
                0x0000000040012d1c                imu1_db_checksum
                0x0000000040012d24                imu2_db_checksum
                0x0000000040012d2c                imu_test_sys_sel
                0x0000000040012d34                TC_Mag_Misalignment_Update_IMU1
                0x0000000040012d3c                TC_Mag_Misalignment_Update_IMU2
                0x0000000040012d44                TC_Mag_Scale_Factor_Update_IMU1
                0x0000000040012d4c                TC_Mag_Scale_Factor_Update_IMU2
                0x0000000040012d54                TC_Gyro_LPF_Gain_Update_IMU1
                0x0000000040012d5c                TC_Gyro_LPF_Gain_Update_IMU2
                0x0000000040012d64                Pitch_Torquer_ON
                0x0000000040012d6c                Yaw_Torquer_ON
                0x0000000040012d74                rHeater1_on
                0x0000000040012d7c                rHeater1_off
                0x0000000040012d84                rHeater2_on
                0x0000000040012d8c                rHeater2_off
                0x0000000040012d94                rHeater3_on
                0x0000000040012d9c                rHeater3_off
                0x0000000040012da4                rHeater4_on
                0x0000000040012dac                rHeater4_off
                0x0000000040012db4                rHeater5_on
                0x0000000040012dbc                rHeater5_off
                0x0000000040012dc4                rHeater6_on
                0x0000000040012dcc                rHeater6_off
                0x0000000040012dd4                RX_TX_deployed
                0x0000000040012ddc                OBC_ON
                0x0000000040012de4                OBC_OFF
                0x0000000040012dec                SA1_DEPLOYMENT_AND_SA2_DEPLOYMENT_REDUNDANT_SPARE_BUS_ON
                0x0000000040012df4                SA1_DEPLOYMENT_AND_SA2_DEPLOYMENT_REDUNDANT_SPARE_BUS_OFF
                0x0000000040012dfc                Test_ON
                0x0000000040012e04                Test_OFF
                0x0000000040012e0c                rTC_write_tC_history
                0x0000000040012e34                TC_status_reset
                0x0000000040012e48                rContingency_TC
                0x0000000040012e50                rData_TC
                0x00000000400133b4                rADCS_Data_TC
                0x00000000400143f4                rRemote_base_addr_TC
                0x00000000400144a4                rRemote_data_view
                0x0000000040014524                rBoolean_TC
                0x0000000040014574                rFuncExecute_TC
                0x00000000400145d8                rRemoteProgram_Addr_TC
                0x000000004001462c                rRemoteProgram_Data_TC
                0x0000000040014658                rDifferential_TimeTag_TC
                0x00000000400146b4                initNodetable
                0x00000000400146f0                getNode
                0x000000004001472c                freeNode
                0x0000000040014764                rAbsoluteTTC_Update
                0x000000004001491c                rAbsolute_TimeTag_TC
                0x0000000040014928                rDifferential_TimeTag_Update
                0x0000000040014984                rDifferential_TimeTag_Execute
                0x0000000040014adc                rDifferentialTTC_Execute
                0x0000000040014ae8                rAbsoluteTTC_Delete
                0x0000000040014cf0                rAbsoluteTTC_Clear
                0x0000000040014db0                rInit_Block
                0x0000000040014df8                Block_update
                0x0000000040015034                rBlock_TC
                0x0000000040015040                TMTC_Assignment
                0x000000004001597c                invertReverse
                0x00000000400159a4                BCHEncoder
                0x0000000040015b44                rHAL_TC_Read
                0x0000000040015e10                Pitch_Torquer_OFF
                0x0000000040015e18                Yaw_Torquer_OFF
                0x0000000040015e20                TC_detumbling_rate_gain_1
                0x0000000040016264                TC_detumbling_bdot_gain_1
                0x00000000400166a8                TC_BDOT_Det_Thresh_1
                0x000000004001683c                TC_GYRO_Det_Min_Thres_1
                0x00000000400169d0                rTc_nominal_speed_RW1
                0x0000000040016aac                rTc_nominal_speed_RW2
                0x0000000040016b88                rTc_nominal_speed_RW3
                0x0000000040016c64                rTc_nominal_speed_RW4
                0x0000000040016d40                TC_AngMomDump_Thrsld_1
                0x0000000040016ed4                TC_SpeedDump_Thrsld_1
                0x0000000040017068                TC_SpeedDump_TimeSelect_1
                0x00000000400171fc                TC_comd_pitch_rate_1
                0x0000000040017390                TC_Gyro_LPF_Gain_IMU1_1
                0x00000000400175c8                TC_Gyro_LPF_Gain_IMU2_1
                0x0000000040017800                TC_Mag_LPF_Gain_IMU1_1
                0x0000000040017a38                TC_Mag_LPF_Gain_IMU2_1
                0x0000000040017c70                TC_Wheel_Cutoff_Threshold_1
                0x0000000040017e04                adcsgains
                0x0000000040017f18                rGainSelect_TC
                0x0000000040017f6c                rReal_Time_TC
                0x00000000400181f0                rTelecommand
                0x00000000400184b4                rAbsoluteTTC_Execute
                0x00000000400185d4                rBlockTC_Execute
 .text          0x00000000400186a4       0x38 C:\Users\Bhagawat\AppData\Local\Temp\ccn9fpRc.o
                0x00000000400186a4                fdi_nmi_int_handler
 .text          0x00000000400186dc     0x1b18 C:\Users\Bhagawat\AppData\Local\Temp\ccwBSvgj.o
                0x00000000400186dc                rPOR_Init
 .text          0x000000004001a1f4      0xddc C:\Users\Bhagawat\AppData\Local\Temp\ccmrUMoB.o
                0x000000004001a21c                rHILS_payload
                0x000000004001a290                HILS_mode_enable
                0x000000004001a2c4                HILS_mode_disable
                0x000000004001a2f8                rHAL_pl1_ON
                0x000000004001a378                rHAL_pl1_OFF
                0x000000004001a3c8                rHAL_pl2_ON
                0x000000004001a448                rHAL_pl2_OFF
                0x000000004001a498                rHAL_tm_ds_en
                0x000000004001a4d4                rHAL_X_Tx_ON
                0x000000004001a508                rHAL_X_Tx_OFF
                0x000000004001a53c                rHAL_pl_sts_check
                0x000000004001a56c                rHAL_pl_cmd_hlt
                0x000000004001a5e4                rHAL_pl_debug
                0x000000004001a6a4                rHAL_pl_x_tx_data_on
                0x000000004001a794                rHAL_pl_cmd_acq
                0x000000004001a874                rHAL_pl_x_tx_data_off
                0x000000004001a8b4                rHAL_pl_diag
                0x000000004001a92c                pl_tx_tm
                0x000000004001aa54                pl_tx_tm_2
                0x000000004001ab24                rpl_read
                0x000000004001ac10                rpl_tm_write
 .text          0x000000004001afd0      0x4a8 C:\Users\Bhagawat\AppData\Local\Temp\cck1vZm3.o
                0x000000004001afd0                rHAL_EPS_Hardware_Status
                0x000000004001b038                rHAL_Battery_load_shedding
                0x000000004001b094                rHAL_EPS_shunt_switch
 .text          0x000000004001b478      0x188 C:\Users\Bhagawat\AppData\Local\Temp\ccEUPKYB.o
                0x000000004001b478                rIMU_Init
                0x000000004001b4e4                HAL_IMU_Read
 .text          0x000000004001b600      0x44c C:\Users\Bhagawat\AppData\Local\Temp\ccGwB0vi.o
                0x000000004001b600                rHAL_ADC_Read
                0x000000004001b65c                rHAL_ADC_TM_Copy
                0x000000004001b904                sun_Sensor_data
                0x000000004001ba18                rHAL_ADC_StatusREG_Enable
 .text          0x000000004001ba4c     0x10fc C:\Users\Bhagawat\AppData\Local\Temp\ccIUlZWk.o
                0x000000004001ba4c                rGPS_Buffer_Init
                0x000000004001bcb4                rHAL_GPS_Read
                0x000000004001bfbc                GPS_1_DATA
                0x000000004001c010                rGPS_OBT_timer
                0x000000004001c084                rHAL_GPS_Config
                0x000000004001c784                rGPS_TM_Extract
                0x000000004001cab4                ST_TM_gps_data
 .text          0x000000004001cb48     0x1114 C:\Users\Bhagawat\AppData\Local\Temp\ccDQ3k3B.o
                0x000000004001cb48                Thermister_select
                0x000000004001cb8c                UTP_selection
                0x000000004001cbe0                LTP_selection
                0x000000004001cc40                Heater_1_auto_control
                0x000000004001ccb0                Heater_2_auto_control
                0x000000004001cd20                Heater_3_auto_control
                0x000000004001cd90                Heater_4_auto_control
                0x000000004001ce00                Heater_5_auto_control
                0x000000004001ce70                Heater_6_auto_control
                0x000000004001cee0                Heater_7_auto_control
                0x000000004001cf34                Heater_8_auto_control
                0x000000004001cf88                Heater_9_auto_control
                0x000000004001cfdc                Heater_10_auto_control
                0x000000004001d030                Heater_11_auto_control
                0x000000004001d084                Heater_12_auto_control
                0x000000004001d0d8                Heater_13_auto_control
                0x000000004001d134                Heater_14_auto_control
                0x000000004001d190                Heater_1_manual_control
                0x000000004001d1fc                Heater_2_manual_control
                0x000000004001d268                Heater_3_manual_control
                0x000000004001d2d4                Heater_4_manual_control
                0x000000004001d340                Heater_5_manual_control
                0x000000004001d3ac                Heater_6_manual_control
                0x000000004001d418                Heater_control_auto_manual
                0x000000004001dabc                Heater_7_manual_control
                0x000000004001daec                Heater_8_manual_control
                0x000000004001db1c                Heater_9_manual_control
                0x000000004001db4c                Heater_10_manual_control
                0x000000004001db7c                Heater_11_manual_control
                0x000000004001dbac                Heater_12_manual_control
                0x000000004001dbdc                Heater_13_manual_control
                0x000000004001dc1c                Heater_14_manual_control
 .text          0x000000004001dc5c      0x8dc C:\Users\Bhagawat\AppData\Local\Temp\ccasJVod.o
                0x000000004001dc5c                rHAL_MTR_ON
                0x000000004001dc90                rHAL_MTR_OFF
                0x000000004001dcc4                rHAL_MTR
                0x000000004001e2fc                MTR_Monitoring
                0x000000004001e328                rHAL_MTR_TC
 .text          0x000000004001e538     0x1900 C:\Users\Bhagawat\AppData\Local\Temp\ccNQYCSi.o
                0x000000004001e538                RW_Init
                0x000000004001e6b4                HAL_RW_CRC_Check
                0x000000004001e720                rHAL_RW_TM_Read
                0x000000004001eae8                rRW_SlipFrame_Check
                0x000000004001eea8                rHAL_RW_TC_Write
                0x000000004001f000                rHAL_RW_TM_Write
                0x000000004001f04c                rHAL_RW_ConfigBuffer_Write
                0x000000004001f0f0                rRW_Data_Write
                0x000000004001f86c                rRW_Data_Request
                0x000000004001f9f4                rRW_Data_Read
                0x000000004001fcc0                rRW_init_cmd
 .text          0x000000004001fe38      0x814 C:\Users\Bhagawat\AppData\Local\Temp\cc1R2QIq.o
                0x000000004001fe38                antennaCommand1
                0x000000004001fe84                antennaCommand2
                0x000000004001fed0                antennaCommand3
                0x000000004001ff1c                antennaCommand4
                0x000000004001ff68                antennaCommand5
                0x000000004001ffb4                antennaCommand6
                0x000000004002000c                antennaCommand7
                0x0000000040020060                antennaCommand8
                0x00000000400200b8                antennaCommand9
                0x0000000040020110                rHAL_Antenna_Read
                0x000000004002015c                antenna_TM
                0x000000004002024c                rHAL_SA_MAIN_Deploy_on
                0x00000000400202bc                rHAL_SA_RED_Deploy_on
                0x0000000040020324                rHAL_SA1_Deploy_status_check
                0x000000004002040c                rHAL_SA2_Deploy_status_check
                0x00000000400204f4                rHAL_SA_Deploy_Status_new
 .text          0x000000004002064c     0x66a0 C:\Users\Bhagawat\AppData\Local\Temp\ccmw7Rup.o
                0x0000000040020acc                rQuestDataProcessing
                0x0000000040020e20                rDAD_quest
                0x000000004002207c                rErrorComputation
                0x0000000040022710                rExtendedKalmanFilter1_p1
                0x0000000040023448                rExtendedKalmanFilter1_p2
                0x0000000040023de4                rExtendedKalmanFilter2_p1
                0x00000000400258a8                rExtendedKalmanFilter2_Prop
                0x00000000400262e8                rExtendedKalmanFilter2_p2
 .text          0x0000000040026cec     0x2acc C:\Users\Bhagawat\AppData\Local\Temp\ccQ4MEYV.o
                0x0000000040026cec                rGH_generation
                0x0000000040026e94                rMagFieldComp
                0x000000004002796c                rSun_Ephemeris
                0x0000000040027bbc                rReferenceQuatComputation
                0x00000000400289a0                rRefVectorGeneration
                0x00000000400291d8                rRefRate_Computation
                0x0000000040029410                rSl_Ecl_OnBrd_detection
 .text          0x00000000400297b8        0x0 C:\Users\Bhagawat\AppData\Local\Temp\ccIBrkJz.o
 .text          0x00000000400297b8     0x1fbc C:\Users\Bhagawat\AppData\Local\Temp\ccxUbsRB.o
                0x00000000400297b8                rDutyCycleGeneration
                0x0000000040029920                rTorquer_Polarity_Check
                0x0000000040029aa0                rLinearController
                0x000000004002b39c                rAngularMomentumDumping
 .text          0x000000004002b774     0x1134 C:\Users\Bhagawat\AppData\Local\Temp\cckga6c0.o
                0x000000004002b7ec                rScModeSelection
                0x000000004002c5e0                rHILS_packets
 .text          0x000000004002c8a8     0x3ae0 C:\Users\Bhagawat\AppData\Local\Temp\ccOsnxCi.o
                0x000000004002c8a8                rADCS_Pon_vars
 .text          0x0000000040030388     0x370c C:\Users\Bhagawat\AppData\Local\Temp\ccOFQIts.o
                0x0000000040031f04                rIMU_Angle_Reset
                0x0000000040031f4c                rIMUDataProcessing
                0x0000000040033408                rBDOT_Computation
                0x000000004003360c                rSunSensorDataProcessing
 .text          0x0000000040033a94        0x0 C:\Users\Bhagawat\AppData\Local\Temp\ccnojkYC.o
 .text          0x0000000040033a94     0x44c0 C:\Users\Bhagawat\AppData\Local\Temp\cckp7sPI.o
                0x0000000040035234                rGPSTLEProcessing
                0x0000000040035bfc                rOrbit_Initialization
                0x0000000040036b80                rOrbit_Propagation
                0x0000000040037dd4                rOrbitalElements_computation
                0x0000000040037dfc                rJulian_Day
                0x0000000040037e38                rNEDtoECEF
                0x0000000040037f2c                rECEFtoECItoECEF
 .text          0x0000000040037f54      0xd4c C:\Users\Bhagawat\AppData\Local\Temp\cccZUFX5.o
                0x0000000040037f54                rsign_f
                0x0000000040037f94                rxRot
                0x0000000040038024                ryRot
                0x00000000400380b4                rzRot
                0x000000004003813c                rMatInv
                0x00000000400382f4                rCross_Product
                0x000000004003835c                rMatMul3x1
                0x00000000400383d4                rMatMul3x3
                0x000000004003848c                rRM_to_Quat
                0x00000000400387ac                rQs_Normalization
                0x00000000400388a0                rQs_Multiplication
                0x000000004003897c                rVectorNorm
                0x0000000040038a34                rMat_adjoint3
                0x0000000040038b30                rMatMul34x1
                0x0000000040038bac                rMatMul43x1
                0x0000000040038c28                rMatMul44x1
 .text          0x0000000040038ca0     0x3330 C:\Users\Bhagawat\AppData\Local\Temp\ccIrygBD.o
                0x0000000040038ca0                rSus_mode_remote_entry_hook
                0x0000000040038cac                rSus_mode_remote_exit_hook
                0x0000000040038cb8                rDBDOT_mode_remote_entry_hook
                0x0000000040038cc4                rDBDOT_mode_remote_exit_hook
                0x0000000040038cd0                rDGYRO_mode_remote_entry_hook
                0x0000000040038cdc                rDGYRO_mode_remote_exit_hook
                0x0000000040038ce8                rSACQ_mode_remote_entry_hook
                0x0000000040038cf4                rSACQ_mode_remote_exit_hook
                0x0000000040038d00                r3AXIS_mode_remote_entry_hook
                0x0000000040038d0c                r3AXIS_mode_remote_exit_hook
                0x0000000040038d18                rSAFE_mode_remote_entry_hook
                0x0000000040038d24                rSAFE_mode_remote_exit_hook
                0x0000000040038d30                rRemote_patch_area_S1
                0x0000000040039064                rRemote_patch_area_S2
                0x0000000040039398                rRemote_patch_area_S3
                0x00000000400396cc                rRemote_patch_area_S4
                0x0000000040039a00                rRemote_patch_area_S5
                0x0000000040039d34                rRemote_patch_area_S6
                0x000000004003a068                rRemote_patch_area_L1
                0x000000004003b01c                rRemote_patch_area_L2
 .text          0x000000004003bfd0      0x2d0 c:/opt/bcc-2.0.2-gcc/bin/../lib/gcc/sparc-gaisler-elf/7.2.0/../../../../sparc-gaisler-elf/lib/leon/mfix-at697f\libm.a(lib_a-s_atan.o)
                0x000000004003bfd0                atan
 .text          0x000000004003c2a0       0xe4 c:/opt/bcc-2.0.2-gcc/bin/../lib/gcc/sparc-gaisler-elf/7.2.0/../../../../sparc-gaisler-elf/lib/leon/mfix-at697f\libm.a(lib_a-s_cos.o)
                0x000000004003c2a0                cos
 .text          0x000000004003c384       0x28 c:/opt/bcc-2.0.2-gcc/bin/../lib/gcc/sparc-gaisler-elf/7.2.0/../../../../sparc-gaisler-elf/lib/leon/mfix-at697f\libm.a(lib_a-s_fabs.o)
                0x000000004003c384                fabs
 .text          0x000000004003c3ac      0x1f0 c:/opt/bcc-2.0.2-gcc/bin/../lib/gcc/sparc-gaisler-elf/7.2.0/../../../../sparc-gaisler-elf/lib/leon/mfix-at697f\libm.a(lib_a-s_floor.o)
                0x000000004003c3ac                floor
 .text          0x000000004003c59c       0xe8 c:/opt/bcc-2.0.2-gcc/bin/../lib/gcc/sparc-gaisler-elf/7.2.0/../../../../sparc-gaisler-elf/lib/leon/mfix-at697f\libm.a(lib_a-s_sin.o)
                0x000000004003c59c                sin
 .text          0x000000004003c684       0x9c c:/opt/bcc-2.0.2-gcc/bin/../lib/gcc/sparc-gaisler-elf/7.2.0/../../../../sparc-gaisler-elf/lib/leon/mfix-at697f\libm.a(lib_a-s_tan.o)
                0x000000004003c684                tan
 .text          0x000000004003c720      0x128 c:/opt/bcc-2.0.2-gcc/bin/../lib/gcc/sparc-gaisler-elf/7.2.0/../../../../sparc-gaisler-elf/lib/leon/mfix-at697f\libm.a(lib_a-w_acos.o)
                0x000000004003c720                acos
 .text          0x000000004003c848        0xc c:/opt/bcc-2.0.2-gcc/bin/../lib/gcc/sparc-gaisler-elf/7.2.0/../../../../sparc-gaisler-elf/lib/leon/mfix-at697f\libm.a(lib_a-w_atan2.o)
                0x000000004003c848                atan2
 .text          0x000000004003c854      0x148 c:/opt/bcc-2.0.2-gcc/bin/../lib/gcc/sparc-gaisler-elf/7.2.0/../../../../sparc-gaisler-elf/lib/leon/mfix-at697f\libm.a(lib_a-w_fmod.o)
                0x000000004003c854                fmod
 .text          0x000000004003c99c      0x4a8 c:/opt/bcc-2.0.2-gcc/bin/../lib/gcc/sparc-gaisler-elf/7.2.0/../../../../sparc-gaisler-elf/lib/leon/mfix-at697f\libm.a(lib_a-w_pow.o)
                0x000000004003c99c                pow
 .text          0x000000004003ce44       0xfc c:/opt/bcc-2.0.2-gcc/bin/../lib/gcc/sparc-gaisler-elf/7.2.0/../../../../sparc-gaisler-elf/lib/leon/mfix-at697f\libm.a(lib_a-w_sqrt.o)
                0x000000004003ce44                sqrt
 .text          0x000000004003cf40      0x37c c:/opt/bcc-2.0.2-gcc/bin/../lib/gcc/sparc-gaisler-elf/7.2.0/../../../../sparc-gaisler-elf/lib/leon/mfix-at697f\libm.a(lib_a-e_acos.o)
                0x000000004003cf40                __ieee754_acos
 .text          0x000000004003d2bc      0x2b4 c:/opt/bcc-2.0.2-gcc/bin/../lib/gcc/sparc-gaisler-elf/7.2.0/../../../../sparc-gaisler-elf/lib/leon/mfix-at697f\libm.a(lib_a-e_atan2.o)
                0x000000004003d2bc                __ieee754_atan2
 .text          0x000000004003d570      0x3ac c:/opt/bcc-2.0.2-gcc/bin/../lib/gcc/sparc-gaisler-elf/7.2.0/../../../../sparc-gaisler-elf/lib/leon/mfix-at697f\libm.a(lib_a-e_fmod.o)
                0x000000004003d570                __ieee754_fmod
 .text          0x000000004003d91c      0x8dc c:/opt/bcc-2.0.2-gcc/bin/../lib/gcc/sparc-gaisler-elf/7.2.0/../../../../sparc-gaisler-elf/lib/leon/mfix-at697f\libm.a(lib_a-e_pow.o)
                0x000000004003d91c                __ieee754_pow
 .text          0x000000004003e1f8      0x39c c:/opt/bcc-2.0.2-gcc/bin/../lib/gcc/sparc-gaisler-elf/7.2.0/../../../../sparc-gaisler-elf/lib/leon/mfix-at697f\libm.a(lib_a-e_rem_pio2.o)
                0x000000004003e1f8                __ieee754_rem_pio2
 .text          0x000000004003e594      0x270 c:/opt/bcc-2.0.2-gcc/bin/../lib/gcc/sparc-gaisler-elf/7.2.0/../../../../sparc-gaisler-elf/lib/leon/mfix-at697f\libm.a(lib_a-e_sqrt.o)
                0x000000004003e594                __ieee754_sqrt
 .text          0x000000004003e804      0x1bc c:/opt/bcc-2.0.2-gcc/bin/../lib/gcc/sparc-gaisler-elf/7.2.0/../../../../sparc-gaisler-elf/lib/leon/mfix-at697f\libm.a(lib_a-k_cos.o)
                0x000000004003e804                __kernel_cos
 .text          0x000000004003e9c0      0xbdc c:/opt/bcc-2.0.2-gcc/bin/../lib/gcc/sparc-gaisler-elf/7.2.0/../../../../sparc-gaisler-elf/lib/leon/mfix-at697f\libm.a(lib_a-k_rem_pio2.o)
                0x000000004003e9c0                __kernel_rem_pio2
 .text          0x000000004003f59c      0x100 c:/opt/bcc-2.0.2-gcc/bin/../lib/gcc/sparc-gaisler-elf/7.2.0/../../../../sparc-gaisler-elf/lib/leon/mfix-at697f\libm.a(lib_a-k_sin.o)
                0x000000004003f59c                __kernel_sin
 .text          0x000000004003f69c      0x290 c:/opt/bcc-2.0.2-gcc/bin/../lib/gcc/sparc-gaisler-elf/7.2.0/../../../../sparc-gaisler-elf/lib/leon/mfix-at697f\libm.a(lib_a-k_tan.o)
                0x000000004003f69c                __kernel_tan
 .text          0x000000004003f92c       0x18 c:/opt/bcc-2.0.2-gcc/bin/../lib/gcc/sparc-gaisler-elf/7.2.0/../../../../sparc-gaisler-elf/lib/leon/mfix-at697f\libm.a(lib_a-s_finite.o)
                0x000000004003f92c                finite
 .text          0x000000004003f944        0x0 c:/opt/bcc-2.0.2-gcc/bin/../lib/gcc/sparc-gaisler-elf/7.2.0/../../../../sparc-gaisler-elf/lib/leon/mfix-at697f\libm.a(lib_a-s_lib_ver.o)
 .text          0x000000004003f944        0x8 c:/opt/bcc-2.0.2-gcc/bin/../lib/gcc/sparc-gaisler-elf/7.2.0/../../../../sparc-gaisler-elf/lib/leon/mfix-at697f\libm.a(lib_a-s_matherr.o)
                0x000000004003f944                matherr
 .text          0x000000004003f94c        0xc c:/opt/bcc-2.0.2-gcc/bin/../lib/gcc/sparc-gaisler-elf/7.2.0/../../../../sparc-gaisler-elf/lib/leon/mfix-at697f\libm.a(lib_a-s_nan.o)
                0x000000004003f94c                nan
 .text          0x000000004003f958      0x1ac c:/opt/bcc-2.0.2-gcc/bin/../lib/gcc/sparc-gaisler-elf/7.2.0/../../../../sparc-gaisler-elf/lib/leon/mfix-at697f\libm.a(lib_a-s_rint.o)
                0x000000004003f958                rint
 .text          0x000000004003fb04      0x14c c:/opt/bcc-2.0.2-gcc/bin/../lib/gcc/sparc-gaisler-elf/7.2.0/../../../../sparc-gaisler-elf/lib/leon/mfix-at697f\libm.a(lib_a-s_scalbn.o)
                0x000000004003fb04                scalbn
 .text          0x000000004003fc50       0x30 c:/opt/bcc-2.0.2-gcc/bin/../lib/gcc/sparc-gaisler-elf/7.2.0/../../../../sparc-gaisler-elf/lib/leon/mfix-at697f\libm.a(lib_a-s_copysign.o)
                0x000000004003fc50                copysign
 .text          0x000000004003fc80       0x7c c:/opt/bcc-2.0.2-gcc/bin/../sparc-gaisler-elf/bsp/leon2/leon/mfix-at697f\libbcc.a(reset_trap_mvt.S.o)
                0x000000004003fc80                __bcc_trap_reset_mvt
 .text          0x000000004003fcfc       0xb0 c:/opt/bcc-2.0.2-gcc/bin/../sparc-gaisler-elf/bsp/leon2/leon/mfix-at697f\libbcc.a(window_trap.S.o)
                0x000000004003fcfc                __bcc_trap_window_overflow
                0x000000004003fd4c                __bcc_trap_window_underflow
 .text          0x000000004003fdac      0x1b4 c:/opt/bcc-2.0.2-gcc/bin/../sparc-gaisler-elf/bsp/leon2/leon/mfix-at697f\libbcc.a(interrupt_trap.S.o)
                0x000000004003fdac                __bcc_trap_interrupt_svt
                0x000000004003fdb0                __bcc_trap_interrupt
 .text          0x000000004003ff60       0x88 c:/opt/bcc-2.0.2-gcc/bin/../sparc-gaisler-elf/bsp/leon2/leon/mfix-at697f\libbcc.a(flush_windows_trap.S.o)
                0x000000004003ff60                __bcc_trap_flush_windows
 .text          0x000000004003ffe8       0x2c c:/opt/bcc-2.0.2-gcc/bin/../sparc-gaisler-elf/bsp/leon2/leon/mfix-at697f\libbcc.a(sw_trap_set_pil.S.o)
                0x000000004003ffe8                __bcc_trap_sw_set_pil
 .text          0x0000000040040014       0xb0 c:/opt/bcc-2.0.2-gcc/bin/../sparc-gaisler-elf/bsp/leon2/leon/mfix-at697f\libbcc.a(trap.c.o)
                0x0000000040040014                bcc_set_trap
 .text          0x00000000400400c4        0x0 c:/opt/bcc-2.0.2-gcc/bin/../sparc-gaisler-elf/bsp/leon2/leon/mfix-at697f\libbcc.a(isr.c.o)
 .text          0x00000000400400c4        0x0 c:/opt/bcc-2.0.2-gcc/bin/../sparc-gaisler-elf/bsp/leon2/leon/mfix-at697f\libbcc.a(int_nest.c.o)
 .text          0x00000000400400c4        0x8 c:/opt/bcc-2.0.2-gcc/bin/../sparc-gaisler-elf/bsp/leon2/leon/mfix-at697f\libbcc.a(init.S.o)
                0x00000000400400c4                __bcc_init40
                0x00000000400400c4                __bcc_init70
                0x00000000400400c4                __bcc_init60
                0x00000000400400c4                __bcc_init50
 .text          0x00000000400400cc       0x84 c:/opt/bcc-2.0.2-gcc/bin/../sparc-gaisler-elf/bsp/leon2/leon/mfix-at697f\libbcc.a(leon_info.S.o)
                0x00000000400400cc                __bcc_get_leon_info
                0x0000000040040140                bcc_get_cpuid
 .text          0x0000000040040150       0x2c c:/opt/bcc-2.0.2-gcc/bin/../sparc-gaisler-elf/bsp/leon2/leon/mfix-at697f\libbcc.a(dwzero.S.o)
                0x0000000040040150                bcc_dwzero
 .text          0x000000004004017c       0x5c c:/opt/bcc-2.0.2-gcc/bin/../sparc-gaisler-elf/bsp/leon2/leon/mfix-at697f\libbcc.a(copy_data.c.o)
                0x000000004004017c                __bcc_copy_data
 *fill*         0x00000000400401d8        0x8 
 .text          0x00000000400401e0       0x90 c:/opt/bcc-2.0.2-gcc/bin/../sparc-gaisler-elf/bsp/leon2/leon/mfix-at697f\libbcc.a(lowlevel.S.o)
                0x00000000400401e0                bcc_loadnocache
                0x00000000400401ec                bcc_loadnocache16
                0x00000000400401f8                bcc_loadnocache8
                0x0000000040040210                bcc_ldstub
                0x000000004004021c                bcc_set_psr
                0x0000000040040234                bcc_get_psr
                0x000000004004023c                bcc_get_pil
                0x000000004004024c                bcc_set_tbr
                0x0000000040040264                bcc_get_tbr
 .text          0x0000000040040270       0x50 c:/opt/bcc-2.0.2-gcc/bin/../sparc-gaisler-elf/bsp/leon2/leon/mfix-at697f\libbcc.a(lowlevel_leon2.S.o)
                0x0000000040040270                bcc_set_ccr
                0x0000000040040280                bcc_get_ccr
                0x0000000040040290                bcc_flush_cache
                0x000000004004029c                bcc_flush_icache
                0x00000000400402a4                bcc_flush_dcache
                0x00000000400402ac                bcc_power_down
 .text          0x00000000400402c0      0x160 c:/opt/bcc-2.0.2-gcc/bin/../sparc-gaisler-elf/bsp/leon2/leon/mfix-at697f\libbcc.a(int_leon2.c.o)
                0x00000000400402c0                bcc_int_mask
                0x0000000040040310                bcc_int_unmask
                0x0000000040040360                bcc_int_clear
                0x0000000040040398                bcc_int_force
                0x00000000400403dc                bcc_int_pend
 .text          0x0000000040040420        0x8 c:/opt/bcc-2.0.2-gcc/bin/../sparc-gaisler-elf/bsp/leon2/leon/mfix-at697f\libbcc.a(int_leon2_get_source.c.o)
                0x0000000040040420                __bcc_int_get_source
 .text          0x0000000040040428        0x8 c:/opt/bcc-2.0.2-gcc/bin/../sparc-gaisler-elf/bsp/leon2/leon/mfix-at697f\libbcc.a(int_leon2_init.c.o)
                0x0000000040040428                __bcc_int_init
 .text          0x0000000040040430       0x70 c:/opt/bcc-2.0.2-gcc/bin/../sparc-gaisler-elf/bsp/leon2/leon/mfix-at697f\libbcc.a(con_leon2.c.o)
                0x0000000040040430                __bcc_con_init
                0x0000000040040438                __bcc_con_outbyte
                0x000000004004046c                __bcc_con_inbyte
 .text          0x00000000400404a0       0x30 c:/opt/bcc-2.0.2-gcc/bin/../sparc-gaisler-elf/bsp/leon2/leon/mfix-at697f\libbcc.a(timer_leon2.c.o)
                0x00000000400404a0                __bcc_timer_init
                0x00000000400404a8                bcc_timer_get_us
 .text          0x00000000400404d0        0xc c:/opt/bcc-2.0.2-gcc/bin/../sparc-gaisler-elf/bsp/leon2/leon/mfix-at697f\libbcc.a(set_pil.S.o)
                0x00000000400404d0                bcc_set_pil
 .text          0x00000000400404dc        0x0 c:/opt/bcc-2.0.2-gcc/bin/../sparc-gaisler-elf/bsp/leon2/leon/mfix-at697f\libbcc.a(int_leon2_handle.c.o)
 .text          0x00000000400404dc        0x0 c:/opt/bcc-2.0.2-gcc/bin/../sparc-gaisler-elf/bsp/leon2/leon/mfix-at697f\libbcc.a(con_handle.c.o)
 .text          0x00000000400404dc        0x0 c:/opt/bcc-2.0.2-gcc/bin/../sparc-gaisler-elf/bsp/leon2/leon/mfix-at697f\libbcc.a(timer_handle.c.o)
 .text          0x00000000400404dc       0x1c c:/opt/bcc-2.0.2-gcc/bin/../lib/gcc/sparc-gaisler-elf/7.2.0/../../../../sparc-gaisler-elf/lib/leon/mfix-at697f\libc.a(lib_a-atexit.o)
                0x00000000400404dc                atexit
 .text          0x00000000400404f8        0xc c:/opt/bcc-2.0.2-gcc/bin/../lib/gcc/sparc-gaisler-elf/7.2.0/../../../../sparc-gaisler-elf/lib/leon/mfix-at697f\libc.a(lib_a-errno.o)
                0x00000000400404f8                __errno
 .text          0x0000000040040504       0x3c c:/opt/bcc-2.0.2-gcc/bin/../lib/gcc/sparc-gaisler-elf/7.2.0/../../../../sparc-gaisler-elf/lib/leon/mfix-at697f\libc.a(lib_a-exit.o)
                0x0000000040040504                exit
 .text          0x0000000040040540        0x0 c:/opt/bcc-2.0.2-gcc/bin/../lib/gcc/sparc-gaisler-elf/7.2.0/../../../../sparc-gaisler-elf/lib/leon/mfix-at697f\libc.a(lib_a-impure.o)
 .text          0x0000000040040540      0x19c c:/opt/bcc-2.0.2-gcc/bin/../lib/gcc/sparc-gaisler-elf/7.2.0/../../../../sparc-gaisler-elf/lib/leon/mfix-at697f\libc.a(lib_a-memcpy.o)
                0x0000000040040540                memcpy
 .text          0x00000000400406dc      0x158 c:/opt/bcc-2.0.2-gcc/bin/../lib/gcc/sparc-gaisler-elf/7.2.0/../../../../sparc-gaisler-elf/lib/leon/mfix-at697f\libc.a(lib_a-__atexit.o)
                0x00000000400406dc                __register_exitproc
 .text          0x0000000040040834      0x2b4 c:/opt/bcc-2.0.2-gcc/bin/../lib/gcc/sparc-gaisler-elf/7.2.0/../../../../sparc-gaisler-elf/lib/leon/mfix-at697f\libc.a(lib_a-__call_atexit.o)
                0x0000000040040834                __call_exitprocs
 .text          0x0000000040040ae8       0x18 c:/opt/bcc-2.0.2-gcc/bin/../sparc-gaisler-elf/bsp/leon2/leon/mfix-at697f\libbcc.a(_exit.S.o)
                0x0000000040040ae8                _exit
 .text          0x0000000040040b00       0x48 c:/opt/bcc-2.0.2-gcc/bin/../lib/gcc/sparc-gaisler-elf/7.2.0/leon/mfix-at697f/crtend.o
 .text          0x0000000040040b48        0x0 c:/opt/bcc-2.0.2-gcc/bin/../lib/gcc/sparc-gaisler-elf/7.2.0/leon/mfix-at697f/crtn.o
                0x0000000040040b50                . = ALIGN (0x10)
 *fill*         0x0000000040040b48        0x8 
 *(.eh_frame)
 .eh_frame      0x0000000040040b50        0x0 c:/opt/bcc-2.0.2-gcc/bin/../lib/gcc/sparc-gaisler-elf/7.2.0/leon/mfix-at697f/crtbegin.o
 .eh_frame      0x0000000040040b50        0x4 c:/opt/bcc-2.0.2-gcc/bin/../lib/gcc/sparc-gaisler-elf/7.2.0/leon/mfix-at697f/crtend.o
                0x0000000040040b60                . = ALIGN (0x10)
 *fill*         0x0000000040040b54        0xc 
 *(.gnu.linkonce.t*)
                0x0000000040040b60                ___CTOR_LIST__ = .
                0x0000000040040b60        0x4 LONG 0x2 (((___CTOR_END__ - ___CTOR_LIST__) / 0x4) - 0x2)
 *(SORT(.ctors.*))
 *(.ctors)
 .ctors         0x0000000040040b64        0x4 c:/opt/bcc-2.0.2-gcc/bin/../lib/gcc/sparc-gaisler-elf/7.2.0/leon/mfix-at697f/crtbegin.o
 .ctors         0x0000000040040b68        0x4 c:/opt/bcc-2.0.2-gcc/bin/../lib/gcc/sparc-gaisler-elf/7.2.0/leon/mfix-at697f/crtend.o
                0x0000000040040b6c        0x4 LONG 0x0
                0x0000000040040b70                ___CTOR_END__ = .
                0x0000000040040b70                ___DTOR_LIST__ = .
                0x0000000040040b70        0x4 LONG 0x2 (((___DTOR_END__ - ___DTOR_LIST__) / 0x4) - 0x2)
 *(SORT(.dtors.*))
 *(.dtors)
 .dtors         0x0000000040040b74        0x4 c:/opt/bcc-2.0.2-gcc/bin/../lib/gcc/sparc-gaisler-elf/7.2.0/leon/mfix-at697f/crtbegin.o
 .dtors         0x0000000040040b78        0x4 c:/opt/bcc-2.0.2-gcc/bin/../lib/gcc/sparc-gaisler-elf/7.2.0/leon/mfix-at697f/crtend.o
                0x0000000040040b78                __DTOR_END__
                0x0000000040040b7c        0x4 LONG 0x0
                0x0000000040040b80                ___DTOR_END__ = .
 *(.gnu.linkonce*)
 *(.init)
 .init          0x0000000040040b80        0x4 c:/opt/bcc-2.0.2-gcc/bin/../lib/gcc/sparc-gaisler-elf/7.2.0/leon/mfix-at697f/crti.o
                0x0000000040040b80                _init
 .init          0x0000000040040b84        0x8 c:/opt/bcc-2.0.2-gcc/bin/../lib/gcc/sparc-gaisler-elf/7.2.0/leon/mfix-at697f/crtbegin.o
 .init          0x0000000040040b8c        0x8 c:/opt/bcc-2.0.2-gcc/bin/../lib/gcc/sparc-gaisler-elf/7.2.0/leon/mfix-at697f/crtend.o
 .init          0x0000000040040b94        0xc c:/opt/bcc-2.0.2-gcc/bin/../lib/gcc/sparc-gaisler-elf/7.2.0/leon/mfix-at697f/crtn.o
 *(.fini)
 .fini          0x0000000040040ba0        0x4 c:/opt/bcc-2.0.2-gcc/bin/../lib/gcc/sparc-gaisler-elf/7.2.0/leon/mfix-at697f/crti.o
                0x0000000040040ba0                _fini
 .fini          0x0000000040040ba4        0x8 c:/opt/bcc-2.0.2-gcc/bin/../lib/gcc/sparc-gaisler-elf/7.2.0/leon/mfix-at697f/crtbegin.o
 .fini          0x0000000040040bac        0xc c:/opt/bcc-2.0.2-gcc/bin/../lib/gcc/sparc-gaisler-elf/7.2.0/leon/mfix-at697f/crtn.o
 *(.lit)
 *(.shdata)
                0x0000000040040bc0                . = ALIGN (0x10)
 *fill*         0x0000000040040bb8        0x8 
                0x0000000040040bc0                __text_end = .

.gcc_except_table
 *(.gcc_except_table)

.rodata         0x0000000040040bc0     0x2d90
                0x0000000040040bc0                __rodata_start = .
 *(.rodata*)
 .rodata.cst8   0x0000000040040bc0       0x38 C:\Users\Bhagawat\AppData\Local\Temp\ccE7w4HL.o
 .rodata        0x0000000040040bf8        0x0 C:\Users\Bhagawat\AppData\Local\Temp\ccVFMsXW.o
 .rodata        0x0000000040040bf8       0x10 C:\Users\Bhagawat\AppData\Local\Temp\ccFQNBuK.o
 .rodata.cst8   0x0000000040040c08       0x18 C:\Users\Bhagawat\AppData\Local\Temp\ccnVCvgo.o
 .rodata.cst4   0x0000000040040c20        0x4 C:\Users\Bhagawat\AppData\Local\Temp\ccnVCvgo.o
 .rodata        0x0000000040040c24        0x0 C:\Users\Bhagawat\AppData\Local\Temp\ccnVCvgo.o
 .rodata        0x0000000040040c24        0x0 C:\Users\Bhagawat\AppData\Local\Temp\ccmrUMoB.o
 *fill*         0x0000000040040c24        0x4 
 .rodata.cst8   0x0000000040040c28        0x8 C:\Users\Bhagawat\AppData\Local\Temp\ccNQYCSi.o
 .rodata.cst8   0x0000000040040c30       0x68 C:\Users\Bhagawat\AppData\Local\Temp\ccmw7Rup.o
                                        0x150 (size before relaxing)
 .rodata.cst8   0x0000000040040c98       0x28 C:\Users\Bhagawat\AppData\Local\Temp\ccQ4MEYV.o
                                         0x78 (size before relaxing)
 .rodata        0x0000000040040cc0     0x22cc C:\Users\Bhagawat\AppData\Local\Temp\ccIBrkJz.o
                0x0000000040040cc0                c_I_nine_cross_nine
                0x0000000040040f48                c_I_three_cross_three
                0x0000000040040f90                c_MagBias_act_LUT
                0x0000000040041218                c_DPM_Pol_LookUpTable
                0x0000000040041360                c_B2wh_mat_0234
                0x00000000400413c0                c_B2wh_mat_1034
                0x0000000040041420                c_B2wh_mat_1204
                0x0000000040041480                c_B2wh_mat_1230
                0x00000000400414e0                c_B2wh_mat_4RW
                0x0000000040041540                c_wh2B_mat_0234
                0x00000000400415a0                c_wh2B_mat_1034
                0x0000000040041600                c_wh2B_mat_1204
                0x0000000040041660                c_wh2B_mat_1230
                0x00000000400416c0                c_wh2B_mat_4RW
                0x0000000040041720                c_MOI_wh
                0x0000000040041728                TC_Hmin
                0x0000000040041730                TC_T_RW_MAX
                0x0000000040041738                c_RADps2RPM
                0x0000000040041740                c_RPM2RADpS
                0x0000000040041748                c_DPMMAX
                0x0000000040041750                c_wkm_sunmag
                0x0000000040041758                c_wks_sunmag
                0x0000000040041760                c_wkm_mag
                0x0000000040041768                c_wks_mag
                0x0000000040041770                c_ss2b4156
                0x00000000400417b8                c_ss2b3456
                0x0000000040041800                c_ss2b2356
                0x0000000040041848                c_ss2b1256
                0x0000000040041890                c_misaln_cor146
                0x00000000400418d8                c_misaln_cor145
                0x0000000040041920                c_misaln_cor346
                0x0000000040041968                c_misaln_cor345
                0x00000000400419b0                c_misaln_cor326
                0x00000000400419f8                c_misaln_cor325
                0x0000000040041a40                c_misaln_cor126
                0x0000000040041a88                c_misaln_cor125
                0x0000000040041ad0                c_AngDev_SAMtransit_thrsld
                0x0000000040041ad8                c_AngDev_SMtransit_thrsld
                0x0000000040041ae0                c_Sunlit_Thrsld
                0x0000000040041ae8                c_SSThrsld
                0x0000000040041af0                c_Imax_YN_Main
                0x0000000040041af8                c_Imax_YP_Main
                0x0000000040041b00                c_Imax_PN_Main
                0x0000000040041b08                c_Imax_PP_Main
                0x0000000040041b10                c_Imax_RNND_Main
                0x0000000040041b18                c_Imax_RPND_Main
                0x0000000040041b20                c_Imax_RND_Main
                0x0000000040041b28                c_Imax_RPD_Main
                0x0000000040041b30                c_Imax_YN_Red
                0x0000000040041b38                c_Imax_YP_Red
                0x0000000040041b40                c_Imax_PN_Red
                0x0000000040041b48                c_Imax_PP_Red
                0x0000000040041b50                c_Imax_RNND_Red
                0x0000000040041b58                c_Imax_RPND_Red
                0x0000000040041b60                c_Imax_RND_Red
                0x0000000040041b68                c_Imax_RPD_Red
                0x0000000040041b70                c_KDset3
                0x0000000040041b78                c_KDset2
                0x0000000040041b80                c_KDset1
                0x0000000040041b88                c_Epsilon2
                0x0000000040041b90                c_Epsilon1
                0x0000000040041b98                c_Sun_Dis3
                0x0000000040041ba0                c_Sun_Dis2
                0x0000000040041ba8                c_Sun_Dis1
                0x0000000040041bb0                c_L_Ecliptic2
                0x0000000040041bb8                c_L_Ecliptic1
                0x0000000040041bc0                c_Msun2
                0x0000000040041bc8                c_Msun1
                0x0000000040041bd0                c_L_Msun2
                0x0000000040041bd8                c_L_Msun1
                0x0000000040041be0                c_hsval
                0x0000000040041f20                c_hval
                0x0000000040042260                c_gsval
                0x00000000400425a0                c_gval
                0x00000000400428e0                c_sdmax
                0x00000000400428e8                c_a
                0x00000000400428f0                c_Pibytwo
                0x00000000400428f8                c_Kmax
                0x00000000400428fc                c_Nmax
                0x0000000040042900                c_rk_T
                0x0000000040042b88                c_rk
                0x0000000040042e10                c_I_four_cross_four
                0x0000000040042e50                c_onesecond
                0x0000000040042e54                c_oneminute
                0x0000000040042e58                c_halfhour
                0x0000000040042e60                c_Mmax
                0x0000000040042e68                c_AS2R
                0x0000000040042e70                c_R2D
                0x0000000040042e78                c_D2R
                0x0000000040042e80                c_min_per_day
                0x0000000040042e88                c_temp4
                0x0000000040042e90                c_j4
                0x0000000040042e98                c_j3oj2
                0x0000000040042ea0                c_qzms2t
                0x0000000040042ea8                c_ss
                0x0000000040042eb0                c_xpdotp
                0x0000000040042eb8                c_Pi
                0x0000000040042ec0                c_Day_To_Seconds
                0x0000000040042ec8                c_invmu
                0x0000000040042ed0                c_mu
                0x0000000040042ed8                c_dividebyzerovalue
                0x0000000040042ee0                c_xke
                0x0000000040042ee8                c_x2o3
                0x0000000040042ef0                c_Twopi
                0x0000000040042ef8                c_j2
                0x0000000040042f00                c_au
                0x0000000040042f08                c_auer
                0x0000000040042f10                c_ecc_ellip
                0x0000000040042f18                c_polarradiuskm
                0x0000000040042f20                c_radiusearthkm
                0x0000000040042f28                c_vkmpersec
                0x0000000040042f30                c_OMEGAE
                0x0000000040042f38                c_tsince_min
                0x0000000040042f40                c_twomu
                0x0000000040042f48                c_MiC
                0x0000000040042f50                c_MaC
                0x0000000040042f58                c_TM_RW_Resol
                0x0000000040042f60                c_TM_Resol_B
                0x0000000040042f68                c_TM_Resol_w
                0x0000000040042f70                c_TM_Resol_DelThta
                0x0000000040042f78                c_Resol_DelThta
                0x0000000040042f80                c_Resol_B
                0x0000000040042f88                c_FFFF
 *fill*         0x0000000040042f8c        0x4 
 .rodata.cst8   0x0000000040042f90       0x50 C:\Users\Bhagawat\AppData\Local\Temp\ccxUbsRB.o
                                         0x88 (size before relaxing)
 .rodata.cst8   0x0000000040042fe0       0x10 C:\Users\Bhagawat\AppData\Local\Temp\cckga6c0.o
                                         0x38 (size before relaxing)
 .rodata        0x0000000040042ff0        0x0 C:\Users\Bhagawat\AppData\Local\Temp\cckga6c0.o
 .rodata.cst8   0x0000000040042ff0      0x148 C:\Users\Bhagawat\AppData\Local\Temp\ccOsnxCi.o
                                        0x168 (size before relaxing)
 .rodata.cst8   0x0000000040043138       0x30 C:\Users\Bhagawat\AppData\Local\Temp\ccOFQIts.o
                                         0x88 (size before relaxing)
 .rodata.cst8   0x0000000040043168      0x268 C:\Users\Bhagawat\AppData\Local\Temp\cckp7sPI.o
                                        0x3a8 (size before relaxing)
 .rodata.cst8   0x00000000400433d0       0xa0 C:\Users\Bhagawat\AppData\Local\Temp\cccZUFX5.o
 .rodata.cst8   0x00000000400433d0       0xa8 c:/opt/bcc-2.0.2-gcc/bin/../lib/gcc/sparc-gaisler-elf/7.2.0/../../../../sparc-gaisler-elf/lib/leon/mfix-at697f\libm.a(lib_a-s_atan.o)
                                         0xd0 (size before relaxing)
 .rodata.cst8   0x0000000040043478       0x10 c:/opt/bcc-2.0.2-gcc/bin/../lib/gcc/sparc-gaisler-elf/7.2.0/../../../../sparc-gaisler-elf/lib/leon/mfix-at697f\libm.a(lib_a-s_floor.o)
 .rodata.str1.8
                0x0000000040043478        0x9 c:/opt/bcc-2.0.2-gcc/bin/../lib/gcc/sparc-gaisler-elf/7.2.0/../../../../sparc-gaisler-elf/lib/leon/mfix-at697f\libm.a(lib_a-w_acos.o)
 .rodata.cst8   0x0000000040043481        0x8 c:/opt/bcc-2.0.2-gcc/bin/../lib/gcc/sparc-gaisler-elf/7.2.0/../../../../sparc-gaisler-elf/lib/leon/mfix-at697f\libm.a(lib_a-w_acos.o)
 *fill*         0x0000000040043481        0x7 
 .rodata.str1.8
                0x0000000040043488        0x5 c:/opt/bcc-2.0.2-gcc/bin/../lib/gcc/sparc-gaisler-elf/7.2.0/../../../../sparc-gaisler-elf/lib/leon/mfix-at697f\libm.a(lib_a-w_fmod.o)
 .rodata.cst8   0x000000004004348d        0x8 c:/opt/bcc-2.0.2-gcc/bin/../lib/gcc/sparc-gaisler-elf/7.2.0/../../../../sparc-gaisler-elf/lib/leon/mfix-at697f\libm.a(lib_a-w_fmod.o)
 *fill*         0x000000004004348d        0x3 
 .rodata.str1.8
                0x0000000040043490        0x4 c:/opt/bcc-2.0.2-gcc/bin/../lib/gcc/sparc-gaisler-elf/7.2.0/../../../../sparc-gaisler-elf/lib/leon/mfix-at697f\libm.a(lib_a-w_pow.o)
 *fill*         0x0000000040043494        0x4 
 .rodata.cst8   0x0000000040043498       0x20 c:/opt/bcc-2.0.2-gcc/bin/../lib/gcc/sparc-gaisler-elf/7.2.0/../../../../sparc-gaisler-elf/lib/leon/mfix-at697f\libm.a(lib_a-w_pow.o)
                                         0x38 (size before relaxing)
 .rodata.str1.8
                0x00000000400434b8        0x8 c:/opt/bcc-2.0.2-gcc/bin/../lib/gcc/sparc-gaisler-elf/7.2.0/../../../../sparc-gaisler-elf/lib/leon/mfix-at697f\libm.a(lib_a-w_sqrt.o)
                                          0x5 (size before relaxing)
 .rodata.cst8   0x00000000400434c0        0x8 c:/opt/bcc-2.0.2-gcc/bin/../lib/gcc/sparc-gaisler-elf/7.2.0/../../../../sparc-gaisler-elf/lib/leon/mfix-at697f\libm.a(lib_a-w_sqrt.o)
 .rodata.cst8   0x00000000400434c0       0x50 c:/opt/bcc-2.0.2-gcc/bin/../lib/gcc/sparc-gaisler-elf/7.2.0/../../../../sparc-gaisler-elf/lib/leon/mfix-at697f\libm.a(lib_a-e_acos.o)
                                         0x80 (size before relaxing)
 .rodata.cst8   0x0000000040043510       0x28 c:/opt/bcc-2.0.2-gcc/bin/../lib/gcc/sparc-gaisler-elf/7.2.0/../../../../sparc-gaisler-elf/lib/leon/mfix-at697f\libm.a(lib_a-e_atan2.o)
                                         0x58 (size before relaxing)
 .rodata        0x0000000040043538       0x10 c:/opt/bcc-2.0.2-gcc/bin/../lib/gcc/sparc-gaisler-elf/7.2.0/../../../../sparc-gaisler-elf/lib/leon/mfix-at697f\libm.a(lib_a-e_fmod.o)
 .rodata.str1.8
                0x0000000040043548        0x1 c:/opt/bcc-2.0.2-gcc/bin/../lib/gcc/sparc-gaisler-elf/7.2.0/../../../../sparc-gaisler-elf/lib/leon/mfix-at697f\libm.a(lib_a-e_pow.o)
 .rodata.cst8   0x0000000040043548       0xc8 c:/opt/bcc-2.0.2-gcc/bin/../lib/gcc/sparc-gaisler-elf/7.2.0/../../../../sparc-gaisler-elf/lib/leon/mfix-at697f\libm.a(lib_a-e_pow.o)
                                        0x120 (size before relaxing)
 .rodata.cst8   0x0000000040043610       0x40 c:/opt/bcc-2.0.2-gcc/bin/../lib/gcc/sparc-gaisler-elf/7.2.0/../../../../sparc-gaisler-elf/lib/leon/mfix-at697f\libm.a(lib_a-e_rem_pio2.o)
                                         0x50 (size before relaxing)
 .rodata        0x0000000040043650      0x188 c:/opt/bcc-2.0.2-gcc/bin/../lib/gcc/sparc-gaisler-elf/7.2.0/../../../../sparc-gaisler-elf/lib/leon/mfix-at697f\libm.a(lib_a-e_rem_pio2.o)
 .rodata.cst8   0x00000000400437d8       0x40 c:/opt/bcc-2.0.2-gcc/bin/../lib/gcc/sparc-gaisler-elf/7.2.0/../../../../sparc-gaisler-elf/lib/leon/mfix-at697f\libm.a(lib_a-k_cos.o)
                                         0x50 (size before relaxing)
 .rodata.cst8   0x0000000040043818       0x50 c:/opt/bcc-2.0.2-gcc/bin/../lib/gcc/sparc-gaisler-elf/7.2.0/../../../../sparc-gaisler-elf/lib/leon/mfix-at697f\libm.a(lib_a-k_rem_pio2.o)
                                         0x78 (size before relaxing)
 .rodata        0x0000000040043868       0x10 c:/opt/bcc-2.0.2-gcc/bin/../lib/gcc/sparc-gaisler-elf/7.2.0/../../../../sparc-gaisler-elf/lib/leon/mfix-at697f\libm.a(lib_a-k_rem_pio2.o)
 .rodata.cst8   0x0000000040043878       0x30 c:/opt/bcc-2.0.2-gcc/bin/../lib/gcc/sparc-gaisler-elf/7.2.0/../../../../sparc-gaisler-elf/lib/leon/mfix-at697f\libm.a(lib_a-k_sin.o)
                                         0x38 (size before relaxing)
 .rodata.cst8   0x00000000400438a8       0x68 c:/opt/bcc-2.0.2-gcc/bin/../lib/gcc/sparc-gaisler-elf/7.2.0/../../../../sparc-gaisler-elf/lib/leon/mfix-at697f\libm.a(lib_a-k_tan.o)
                                         0x90 (size before relaxing)
 .rodata.cst8   0x0000000040043910        0x8 c:/opt/bcc-2.0.2-gcc/bin/../lib/gcc/sparc-gaisler-elf/7.2.0/../../../../sparc-gaisler-elf/lib/leon/mfix-at697f\libm.a(lib_a-s_nan.o)
 .rodata        0x0000000040043918       0x10 c:/opt/bcc-2.0.2-gcc/bin/../lib/gcc/sparc-gaisler-elf/7.2.0/../../../../sparc-gaisler-elf/lib/leon/mfix-at697f\libm.a(lib_a-s_rint.o)
 .rodata.cst8   0x0000000040043928       0x18 c:/opt/bcc-2.0.2-gcc/bin/../lib/gcc/sparc-gaisler-elf/7.2.0/../../../../sparc-gaisler-elf/lib/leon/mfix-at697f\libm.a(lib_a-s_scalbn.o)
                                         0x20 (size before relaxing)
 .rodata        0x0000000040043940        0x4 c:/opt/bcc-2.0.2-gcc/bin/../lib/gcc/sparc-gaisler-elf/7.2.0/../../../../sparc-gaisler-elf/lib/leon/mfix-at697f\libc.a(lib_a-impure.o)
                0x0000000040043940                _global_impure_ptr
 *(.gnu.linkonce.r*)
                0x0000000040043950                . = ALIGN (0x10)
 *fill*         0x0000000040043944        0xc 
                0x0000000040043950                __rodata_end = .

.rela.dyn       0x0000000040043950        0x0
 .rela.iplt     0x0000000040043950        0x0 c:/opt/bcc-2.0.2-gcc/bin/../sparc-gaisler-elf/bsp/leon2/leon/mfix-at697f/trap_table_mvt.S.o
 .rela.text.traptable
                0x0000000040043950        0x0 c:/opt/bcc-2.0.2-gcc/bin/../sparc-gaisler-elf/bsp/leon2/leon/mfix-at697f/trap_table_mvt.S.o
 .rela.text     0x0000000040043950        0x0 c:/opt/bcc-2.0.2-gcc/bin/../sparc-gaisler-elf/bsp/leon2/leon/mfix-at697f/trap_table_mvt.S.o
 .rela.text.startup
                0x0000000040043950        0x0 c:/opt/bcc-2.0.2-gcc/bin/../sparc-gaisler-elf/bsp/leon2/leon/mfix-at697f/trap_table_mvt.S.o
 .rela.data     0x0000000040043950        0x0 c:/opt/bcc-2.0.2-gcc/bin/../sparc-gaisler-elf/bsp/leon2/leon/mfix-at697f/trap_table_mvt.S.o

.ext.data       0x0000000040043950        0x0
                0x0000000040043950                . = ALIGN (0x8)
                0x0000000040043950                __extdata_start = .
 *(.data.ext)
                0x0000000040043950                . = ALIGN (0x8)
                0x0000000040043950                __extdata_end = .
                0x0000000040043950                __extdata_start_lma = LOADADDR (.ext.data)
                0x0000000000000000                __extdata_size = SIZEOF (.ext.data)

.data           0x0000000040043950      0x710
                0x0000000040043950                . = ALIGN (0x8)
                0x0000000040043950                __data_start = .
 *(.data .data.*)
 .data          0x0000000040043950        0x0 c:/opt/bcc-2.0.2-gcc/bin/../sparc-gaisler-elf/bsp/leon2/leon/mfix-at697f/trap_table_mvt.S.o
 .data          0x0000000040043950        0x0 c:/opt/bcc-2.0.2-gcc/bin/../sparc-gaisler-elf/bsp/leon2/leon/mfix-at697f/crt0.S.o
 .data          0x0000000040043950        0x0 c:/opt/bcc-2.0.2-gcc/bin/../lib/gcc/sparc-gaisler-elf/7.2.0/leon/mfix-at697f/crti.o
 .data          0x0000000040043950        0x4 c:/opt/bcc-2.0.2-gcc/bin/../lib/gcc/sparc-gaisler-elf/7.2.0/leon/mfix-at697f/crtbegin.o
                0x0000000040043950                __dso_handle
 .data          0x0000000040043954        0x0 C:\Users\Bhagawat\AppData\Local\Temp\ccE7w4HL.o
 .data          0x0000000040043954        0x0 C:\Users\Bhagawat\AppData\Local\Temp\ccVFMsXW.o
 .data          0x0000000040043954       0x18 C:\Users\Bhagawat\AppData\Local\Temp\ccFQNBuK.o
                0x0000000040043968                real_tm_wait
 .data          0x000000004004396c      0x3d8 C:\Users\Bhagawat\AppData\Local\Temp\ccnVCvgo.o
                0x000000004004396c                Resol_Table_Adcs
                0x0000000040043a6c                BlkExe_Status
                0x0000000040043a70                FuncExecute_Table
                0x0000000040043cd8                Resol_Table
 .data          0x0000000040043d44        0x0 C:\Users\Bhagawat\AppData\Local\Temp\ccn9fpRc.o
 .data          0x0000000040043d44        0x0 C:\Users\Bhagawat\AppData\Local\Temp\ccwBSvgj.o
 .data          0x0000000040043d44        0x8 C:\Users\Bhagawat\AppData\Local\Temp\ccmrUMoB.o
                0x0000000040043d44                PL_Debug_Data
 .data          0x0000000040043d4c       0x20 C:\Users\Bhagawat\AppData\Local\Temp\cck1vZm3.o
                0x0000000040043d4c                inter_HAL_EPS_Hardware_Status_SEL
 .data          0x0000000040043d6c        0x0 C:\Users\Bhagawat\AppData\Local\Temp\ccEUPKYB.o
 .data          0x0000000040043d6c        0x0 C:\Users\Bhagawat\AppData\Local\Temp\ccGwB0vi.o
 .data          0x0000000040043d6c        0x0 C:\Users\Bhagawat\AppData\Local\Temp\ccIUlZWk.o
 .data          0x0000000040043d6c       0xbc C:\Users\Bhagawat\AppData\Local\Temp\ccDQ3k3B.o
                0x0000000040043d6c                Auto_manual
                0x0000000040043d70                UTP
                0x0000000040043db0                LTP
                0x0000000040043df0                Thermister_index_select
 .data          0x0000000040043e28        0x0 C:\Users\Bhagawat\AppData\Local\Temp\ccasJVod.o
 .data          0x0000000040043e28        0x4 C:\Users\Bhagawat\AppData\Local\Temp\ccNQYCSi.o
                0x0000000040043e28                NSP_addr_table
 .data          0x0000000040043e2c        0x0 C:\Users\Bhagawat\AppData\Local\Temp\cc1R2QIq.o
 .data          0x0000000040043e2c        0x0 C:\Users\Bhagawat\AppData\Local\Temp\ccmw7Rup.o
 .data          0x0000000040043e2c        0x0 C:\Users\Bhagawat\AppData\Local\Temp\ccQ4MEYV.o
 *fill*         0x0000000040043e2c        0x4 
 .data          0x0000000040043e30      0x190 C:\Users\Bhagawat\AppData\Local\Temp\ccIBrkJz.o
                0x0000000040043e30                c_MOI_wh_mat
                0x0000000040043eb0                c_MOI_wh_mat_Inv
                0x0000000040043f30                c_I_MAT_Inv
                0x0000000040043f78                c_I_MAT
 .data          0x0000000040043fc0        0x0 C:\Users\Bhagawat\AppData\Local\Temp\ccxUbsRB.o
 .data          0x0000000040043fc0        0x0 C:\Users\Bhagawat\AppData\Local\Temp\cckga6c0.o
 .data          0x0000000040043fc0        0x0 C:\Users\Bhagawat\AppData\Local\Temp\ccOsnxCi.o
 .data          0x0000000040043fc0        0x0 C:\Users\Bhagawat\AppData\Local\Temp\ccOFQIts.o
 .data          0x0000000040043fc0        0x0 C:\Users\Bhagawat\AppData\Local\Temp\ccnojkYC.o
 .data          0x0000000040043fc0        0x0 C:\Users\Bhagawat\AppData\Local\Temp\cckp7sPI.o
 .data          0x0000000040043fc0        0x0 C:\Users\Bhagawat\AppData\Local\Temp\cccZUFX5.o
 .data          0x0000000040043fc0        0x0 C:\Users\Bhagawat\AppData\Local\Temp\ccIrygBD.o
 .data          0x0000000040043fc0        0x0 c:/opt/bcc-2.0.2-gcc/bin/../lib/gcc/sparc-gaisler-elf/7.2.0/../../../../sparc-gaisler-elf/lib/leon/mfix-at697f\libm.a(lib_a-s_atan.o)
 .data          0x0000000040043fc0        0x0 c:/opt/bcc-2.0.2-gcc/bin/../lib/gcc/sparc-gaisler-elf/7.2.0/../../../../sparc-gaisler-elf/lib/leon/mfix-at697f\libm.a(lib_a-s_cos.o)
 .data          0x0000000040043fc0        0x0 c:/opt/bcc-2.0.2-gcc/bin/../lib/gcc/sparc-gaisler-elf/7.2.0/../../../../sparc-gaisler-elf/lib/leon/mfix-at697f\libm.a(lib_a-s_fabs.o)
 .data          0x0000000040043fc0        0x0 c:/opt/bcc-2.0.2-gcc/bin/../lib/gcc/sparc-gaisler-elf/7.2.0/../../../../sparc-gaisler-elf/lib/leon/mfix-at697f\libm.a(lib_a-s_floor.o)
 .data          0x0000000040043fc0        0x0 c:/opt/bcc-2.0.2-gcc/bin/../lib/gcc/sparc-gaisler-elf/7.2.0/../../../../sparc-gaisler-elf/lib/leon/mfix-at697f\libm.a(lib_a-s_sin.o)
 .data          0x0000000040043fc0        0x0 c:/opt/bcc-2.0.2-gcc/bin/../lib/gcc/sparc-gaisler-elf/7.2.0/../../../../sparc-gaisler-elf/lib/leon/mfix-at697f\libm.a(lib_a-s_tan.o)
 .data          0x0000000040043fc0        0x0 c:/opt/bcc-2.0.2-gcc/bin/../lib/gcc/sparc-gaisler-elf/7.2.0/../../../../sparc-gaisler-elf/lib/leon/mfix-at697f\libm.a(lib_a-w_acos.o)
 .data          0x0000000040043fc0        0x0 c:/opt/bcc-2.0.2-gcc/bin/../lib/gcc/sparc-gaisler-elf/7.2.0/../../../../sparc-gaisler-elf/lib/leon/mfix-at697f\libm.a(lib_a-w_atan2.o)
 .data          0x0000000040043fc0        0x0 c:/opt/bcc-2.0.2-gcc/bin/../lib/gcc/sparc-gaisler-elf/7.2.0/../../../../sparc-gaisler-elf/lib/leon/mfix-at697f\libm.a(lib_a-w_fmod.o)
 .data          0x0000000040043fc0        0x0 c:/opt/bcc-2.0.2-gcc/bin/../lib/gcc/sparc-gaisler-elf/7.2.0/../../../../sparc-gaisler-elf/lib/leon/mfix-at697f\libm.a(lib_a-w_pow.o)
 .data          0x0000000040043fc0        0x0 c:/opt/bcc-2.0.2-gcc/bin/../lib/gcc/sparc-gaisler-elf/7.2.0/../../../../sparc-gaisler-elf/lib/leon/mfix-at697f\libm.a(lib_a-w_sqrt.o)
 .data          0x0000000040043fc0        0x0 c:/opt/bcc-2.0.2-gcc/bin/../lib/gcc/sparc-gaisler-elf/7.2.0/../../../../sparc-gaisler-elf/lib/leon/mfix-at697f\libm.a(lib_a-e_acos.o)
 .data          0x0000000040043fc0        0x0 c:/opt/bcc-2.0.2-gcc/bin/../lib/gcc/sparc-gaisler-elf/7.2.0/../../../../sparc-gaisler-elf/lib/leon/mfix-at697f\libm.a(lib_a-e_atan2.o)
 .data          0x0000000040043fc0        0x0 c:/opt/bcc-2.0.2-gcc/bin/../lib/gcc/sparc-gaisler-elf/7.2.0/../../../../sparc-gaisler-elf/lib/leon/mfix-at697f\libm.a(lib_a-e_fmod.o)
 .data          0x0000000040043fc0        0x0 c:/opt/bcc-2.0.2-gcc/bin/../lib/gcc/sparc-gaisler-elf/7.2.0/../../../../sparc-gaisler-elf/lib/leon/mfix-at697f\libm.a(lib_a-e_pow.o)
 .data          0x0000000040043fc0        0x0 c:/opt/bcc-2.0.2-gcc/bin/../lib/gcc/sparc-gaisler-elf/7.2.0/../../../../sparc-gaisler-elf/lib/leon/mfix-at697f\libm.a(lib_a-e_rem_pio2.o)
 .data          0x0000000040043fc0        0x0 c:/opt/bcc-2.0.2-gcc/bin/../lib/gcc/sparc-gaisler-elf/7.2.0/../../../../sparc-gaisler-elf/lib/leon/mfix-at697f\libm.a(lib_a-e_sqrt.o)
 .data          0x0000000040043fc0        0x0 c:/opt/bcc-2.0.2-gcc/bin/../lib/gcc/sparc-gaisler-elf/7.2.0/../../../../sparc-gaisler-elf/lib/leon/mfix-at697f\libm.a(lib_a-k_cos.o)
 .data          0x0000000040043fc0        0x0 c:/opt/bcc-2.0.2-gcc/bin/../lib/gcc/sparc-gaisler-elf/7.2.0/../../../../sparc-gaisler-elf/lib/leon/mfix-at697f\libm.a(lib_a-k_rem_pio2.o)
 .data          0x0000000040043fc0        0x0 c:/opt/bcc-2.0.2-gcc/bin/../lib/gcc/sparc-gaisler-elf/7.2.0/../../../../sparc-gaisler-elf/lib/leon/mfix-at697f\libm.a(lib_a-k_sin.o)
 .data          0x0000000040043fc0        0x0 c:/opt/bcc-2.0.2-gcc/bin/../lib/gcc/sparc-gaisler-elf/7.2.0/../../../../sparc-gaisler-elf/lib/leon/mfix-at697f\libm.a(lib_a-k_tan.o)
 .data          0x0000000040043fc0        0x0 c:/opt/bcc-2.0.2-gcc/bin/../lib/gcc/sparc-gaisler-elf/7.2.0/../../../../sparc-gaisler-elf/lib/leon/mfix-at697f\libm.a(lib_a-s_finite.o)
 .data          0x0000000040043fc0        0x4 c:/opt/bcc-2.0.2-gcc/bin/../lib/gcc/sparc-gaisler-elf/7.2.0/../../../../sparc-gaisler-elf/lib/leon/mfix-at697f\libm.a(lib_a-s_lib_ver.o)
                0x0000000040043fc0                __fdlib_version
 .data          0x0000000040043fc4        0x0 c:/opt/bcc-2.0.2-gcc/bin/../lib/gcc/sparc-gaisler-elf/7.2.0/../../../../sparc-gaisler-elf/lib/leon/mfix-at697f\libm.a(lib_a-s_matherr.o)
 .data          0x0000000040043fc4        0x0 c:/opt/bcc-2.0.2-gcc/bin/../lib/gcc/sparc-gaisler-elf/7.2.0/../../../../sparc-gaisler-elf/lib/leon/mfix-at697f\libm.a(lib_a-s_nan.o)
 .data          0x0000000040043fc4        0x0 c:/opt/bcc-2.0.2-gcc/bin/../lib/gcc/sparc-gaisler-elf/7.2.0/../../../../sparc-gaisler-elf/lib/leon/mfix-at697f\libm.a(lib_a-s_rint.o)
 .data          0x0000000040043fc4        0x0 c:/opt/bcc-2.0.2-gcc/bin/../lib/gcc/sparc-gaisler-elf/7.2.0/../../../../sparc-gaisler-elf/lib/leon/mfix-at697f\libm.a(lib_a-s_scalbn.o)
 .data          0x0000000040043fc4        0x0 c:/opt/bcc-2.0.2-gcc/bin/../lib/gcc/sparc-gaisler-elf/7.2.0/../../../../sparc-gaisler-elf/lib/leon/mfix-at697f\libm.a(lib_a-s_copysign.o)
 .data          0x0000000040043fc4        0x0 c:/opt/bcc-2.0.2-gcc/bin/../sparc-gaisler-elf/bsp/leon2/leon/mfix-at697f\libbcc.a(reset_trap_mvt.S.o)
 .data          0x0000000040043fc4        0x0 c:/opt/bcc-2.0.2-gcc/bin/../sparc-gaisler-elf/bsp/leon2/leon/mfix-at697f\libbcc.a(window_trap.S.o)
 .data          0x0000000040043fc4        0x0 c:/opt/bcc-2.0.2-gcc/bin/../sparc-gaisler-elf/bsp/leon2/leon/mfix-at697f\libbcc.a(interrupt_trap.S.o)
 .data          0x0000000040043fc4        0x0 c:/opt/bcc-2.0.2-gcc/bin/../sparc-gaisler-elf/bsp/leon2/leon/mfix-at697f\libbcc.a(flush_windows_trap.S.o)
 .data          0x0000000040043fc4        0x0 c:/opt/bcc-2.0.2-gcc/bin/../sparc-gaisler-elf/bsp/leon2/leon/mfix-at697f\libbcc.a(sw_trap_set_pil.S.o)
 .data          0x0000000040043fc4        0x0 c:/opt/bcc-2.0.2-gcc/bin/../sparc-gaisler-elf/bsp/leon2/leon/mfix-at697f\libbcc.a(trap.c.o)
 .data          0x0000000040043fc4        0x0 c:/opt/bcc-2.0.2-gcc/bin/../sparc-gaisler-elf/bsp/leon2/leon/mfix-at697f\libbcc.a(isr.c.o)
 *fill*         0x0000000040043fc4        0x4 
 .data          0x0000000040043fc8       0x10 c:/opt/bcc-2.0.2-gcc/bin/../sparc-gaisler-elf/bsp/leon2/leon/mfix-at697f\libbcc.a(int_nest.c.o)
                0x0000000040043fc8                __bcc_int_nest
 .data          0x0000000040043fd8        0x0 c:/opt/bcc-2.0.2-gcc/bin/../sparc-gaisler-elf/bsp/leon2/leon/mfix-at697f\libbcc.a(init.S.o)
 .data          0x0000000040043fd8       0x10 c:/opt/bcc-2.0.2-gcc/bin/../sparc-gaisler-elf/bsp/leon2/leon/mfix-at697f\libbcc.a(leon_info.S.o)
                0x0000000040043fd8                __bcc_leon_version
                0x0000000040043fdc                __bcc_nwindows_min1
                0x0000000040043fe0                __bcc_nwindows
                0x0000000040043fe4                __bcc_cpuid
 .data          0x0000000040043fe8        0x0 c:/opt/bcc-2.0.2-gcc/bin/../sparc-gaisler-elf/bsp/leon2/leon/mfix-at697f\libbcc.a(dwzero.S.o)
 .data          0x0000000040043fe8        0x0 c:/opt/bcc-2.0.2-gcc/bin/../sparc-gaisler-elf/bsp/leon2/leon/mfix-at697f\libbcc.a(copy_data.c.o)
 .data          0x0000000040043fe8        0x0 c:/opt/bcc-2.0.2-gcc/bin/../sparc-gaisler-elf/bsp/leon2/leon/mfix-at697f\libbcc.a(lowlevel.S.o)
 .data          0x0000000040043fe8        0x0 c:/opt/bcc-2.0.2-gcc/bin/../sparc-gaisler-elf/bsp/leon2/leon/mfix-at697f\libbcc.a(lowlevel_leon2.S.o)
 .data          0x0000000040043fe8        0x0 c:/opt/bcc-2.0.2-gcc/bin/../sparc-gaisler-elf/bsp/leon2/leon/mfix-at697f\libbcc.a(int_leon2.c.o)
 .data          0x0000000040043fe8        0x0 c:/opt/bcc-2.0.2-gcc/bin/../sparc-gaisler-elf/bsp/leon2/leon/mfix-at697f\libbcc.a(int_leon2_get_source.c.o)
 .data          0x0000000040043fe8        0x0 c:/opt/bcc-2.0.2-gcc/bin/../sparc-gaisler-elf/bsp/leon2/leon/mfix-at697f\libbcc.a(int_leon2_init.c.o)
 .data          0x0000000040043fe8        0x0 c:/opt/bcc-2.0.2-gcc/bin/../sparc-gaisler-elf/bsp/leon2/leon/mfix-at697f\libbcc.a(con_leon2.c.o)
 .data          0x0000000040043fe8        0x0 c:/opt/bcc-2.0.2-gcc/bin/../sparc-gaisler-elf/bsp/leon2/leon/mfix-at697f\libbcc.a(timer_leon2.c.o)
 .data          0x0000000040043fe8        0x0 c:/opt/bcc-2.0.2-gcc/bin/../sparc-gaisler-elf/bsp/leon2/leon/mfix-at697f\libbcc.a(set_pil.S.o)
 .data          0x0000000040043fe8        0x4 c:/opt/bcc-2.0.2-gcc/bin/../sparc-gaisler-elf/bsp/leon2/leon/mfix-at697f\libbcc.a(int_leon2_handle.c.o)
                0x0000000040043fe8                __bcc_int_handle
 .data          0x0000000040043fec        0x4 c:/opt/bcc-2.0.2-gcc/bin/../sparc-gaisler-elf/bsp/leon2/leon/mfix-at697f\libbcc.a(con_handle.c.o)
                0x0000000040043fec                __bcc_con_handle
 .data          0x0000000040043ff0        0x8 c:/opt/bcc-2.0.2-gcc/bin/../sparc-gaisler-elf/bsp/leon2/leon/mfix-at697f\libbcc.a(timer_handle.c.o)
                0x0000000040043ff0                __bcc_timer_interrupt
                0x0000000040043ff4                __bcc_timer_handle
 .data          0x0000000040043ff8        0x0 c:/opt/bcc-2.0.2-gcc/bin/../lib/gcc/sparc-gaisler-elf/7.2.0/../../../../sparc-gaisler-elf/lib/leon/mfix-at697f\libc.a(lib_a-atexit.o)
 .data          0x0000000040043ff8        0x0 c:/opt/bcc-2.0.2-gcc/bin/../lib/gcc/sparc-gaisler-elf/7.2.0/../../../../sparc-gaisler-elf/lib/leon/mfix-at697f\libc.a(lib_a-errno.o)
 .data          0x0000000040043ff8        0x0 c:/opt/bcc-2.0.2-gcc/bin/../lib/gcc/sparc-gaisler-elf/7.2.0/../../../../sparc-gaisler-elf/lib/leon/mfix-at697f\libc.a(lib_a-exit.o)
 .data          0x0000000040043ff8       0x64 c:/opt/bcc-2.0.2-gcc/bin/../lib/gcc/sparc-gaisler-elf/7.2.0/../../../../sparc-gaisler-elf/lib/leon/mfix-at697f\libc.a(lib_a-impure.o)
                0x0000000040043ff8                _impure_ptr
 .data          0x000000004004405c        0x0 c:/opt/bcc-2.0.2-gcc/bin/../lib/gcc/sparc-gaisler-elf/7.2.0/../../../../sparc-gaisler-elf/lib/leon/mfix-at697f\libc.a(lib_a-memcpy.o)
 .data          0x000000004004405c        0x0 c:/opt/bcc-2.0.2-gcc/bin/../lib/gcc/sparc-gaisler-elf/7.2.0/../../../../sparc-gaisler-elf/lib/leon/mfix-at697f\libc.a(lib_a-__atexit.o)
 .data          0x000000004004405c        0x0 c:/opt/bcc-2.0.2-gcc/bin/../lib/gcc/sparc-gaisler-elf/7.2.0/../../../../sparc-gaisler-elf/lib/leon/mfix-at697f\libc.a(lib_a-__call_atexit.o)
 .data          0x000000004004405c        0x0 c:/opt/bcc-2.0.2-gcc/bin/../sparc-gaisler-elf/bsp/leon2/leon/mfix-at697f\libbcc.a(_exit.S.o)
 .data          0x000000004004405c        0x0 c:/opt/bcc-2.0.2-gcc/bin/../lib/gcc/sparc-gaisler-elf/7.2.0/leon/mfix-at697f/crtend.o
 .data          0x000000004004405c        0x0 c:/opt/bcc-2.0.2-gcc/bin/../lib/gcc/sparc-gaisler-elf/7.2.0/leon/mfix-at697f/crtn.o
                0x0000000040044060                . = ALIGN (0x8)
 *fill*         0x000000004004405c        0x4 
                0x0000000040044060                __data_end = .
                0x0000000040043950                __data_start_lma = LOADADDR (.data)
                0x0000000000000710                __data_size = SIZEOF (.data)

.iplt           0x0000000040044060        0x0
 .iplt          0x0000000040044060        0x0 c:/opt/bcc-2.0.2-gcc/bin/../sparc-gaisler-elf/bsp/leon2/leon/mfix-at697f/trap_table_mvt.S.o

.tm_clone_table
                0x0000000040044060        0x0
 .tm_clone_table
                0x0000000040044060        0x0 c:/opt/bcc-2.0.2-gcc/bin/../lib/gcc/sparc-gaisler-elf/7.2.0/leon/mfix-at697f/crtbegin.o
 .tm_clone_table
                0x0000000040044060        0x0 c:/opt/bcc-2.0.2-gcc/bin/../lib/gcc/sparc-gaisler-elf/7.2.0/leon/mfix-at697f/crtend.o

.bss            0x0000000040044060    0x8f980
                0x0000000040044060                . = ALIGN (0x8)
                0x0000000040044060                __bss_start = .
 *(.bss .bss.*)
 .bss           0x0000000040044060        0x0 c:/opt/bcc-2.0.2-gcc/bin/../sparc-gaisler-elf/bsp/leon2/leon/mfix-at697f/trap_table_mvt.S.o
 .bss           0x0000000040044060        0x4 c:/opt/bcc-2.0.2-gcc/bin/../sparc-gaisler-elf/bsp/leon2/leon/mfix-at697f/crt0.S.o
                0x0000000040044060                __bcc_sp_at_entry
 .bss           0x0000000040044064        0x0 c:/opt/bcc-2.0.2-gcc/bin/../lib/gcc/sparc-gaisler-elf/7.2.0/leon/mfix-at697f/crti.o
 .bss           0x0000000040044064       0x20 c:/opt/bcc-2.0.2-gcc/bin/../lib/gcc/sparc-gaisler-elf/7.2.0/leon/mfix-at697f/crtbegin.o
 .bss           0x0000000040044084        0x0 C:\Users\Bhagawat\AppData\Local\Temp\ccE7w4HL.o
 .bss           0x0000000040044084        0x0 C:\Users\Bhagawat\AppData\Local\Temp\ccVFMsXW.o
 .bss           0x0000000040044084        0x8 C:\Users\Bhagawat\AppData\Local\Temp\ccFQNBuK.o
                0x0000000040044084                test_st_sp
                0x0000000040044085                filler_byte
                0x0000000040044088                repeat_count
 .bss           0x000000004004408c       0x24 C:\Users\Bhagawat\AppData\Local\Temp\ccnVCvgo.o
                0x000000004004408c                Diff_stop_srl_num
                0x0000000040044090                Diff_start_srl_num
                0x0000000040044094                DTTC_count
                0x0000000040044098                ATTC_count
                0x000000004004409c                ATTC_exe_en
                0x00000000400440a0                ATTC_Master_en
                0x00000000400440a4                Nodeptrempty_flag
                0x00000000400440a8                ComputedParity
                0x00000000400440a9                RcvdParity
                0x00000000400440ac                head
 .bss           0x00000000400440b0        0x0 C:\Users\Bhagawat\AppData\Local\Temp\ccn9fpRc.o
 .bss           0x00000000400440b0        0x0 C:\Users\Bhagawat\AppData\Local\Temp\ccwBSvgj.o
 .bss           0x00000000400440b0        0x0 C:\Users\Bhagawat\AppData\Local\Temp\ccmrUMoB.o
 .bss           0x00000000400440b0        0x8 C:\Users\Bhagawat\AppData\Local\Temp\cck1vZm3.o
                0x00000000400440b0                load_shedding_flag
                0x00000000400440b1                low_battery_voltage
                0x00000000400440b4                inter_HAL_EPS_Hardware_Status_count
 .bss           0x00000000400440b8        0x0 C:\Users\Bhagawat\AppData\Local\Temp\ccEUPKYB.o
 .bss           0x00000000400440b8        0x0 C:\Users\Bhagawat\AppData\Local\Temp\ccGwB0vi.o
 .bss           0x00000000400440b8        0x8 C:\Users\Bhagawat\AppData\Local\Temp\ccIUlZWk.o
                0x00000000400440b8                GPS_GSV_FLAG
                0x00000000400440bc                gps_ready_bit
 .bss           0x00000000400440c0        0x0 C:\Users\Bhagawat\AppData\Local\Temp\ccDQ3k3B.o
 .bss           0x00000000400440c0        0x4 C:\Users\Bhagawat\AppData\Local\Temp\ccasJVod.o
                0x00000000400440c0                MTR_Reset_Flag
 .bss           0x00000000400440c4        0xe C:\Users\Bhagawat\AppData\Local\Temp\ccNQYCSi.o
                0x00000000400440d0                crc_test
 *fill*         0x00000000400440d2        0x2 
 .bss           0x00000000400440d4       0x18 C:\Users\Bhagawat\AppData\Local\Temp\cc1R2QIq.o
                0x00000000400440d4                SA2_status
                0x00000000400440d8                SA1_status
                0x00000000400440dc                TC_HAL_SA_Deploy
                0x00000000400440e0                SA_Command_Type
                0x00000000400440e4                SA2_Deploy_cmd_rcvd_time
                0x00000000400440e8                SA1_Deploy_cmd_rcvd_time
 .bss           0x00000000400440ec        0x0 C:\Users\Bhagawat\AppData\Local\Temp\ccmw7Rup.o
 .bss           0x00000000400440ec        0x0 C:\Users\Bhagawat\AppData\Local\Temp\ccQ4MEYV.o
 .bss           0x00000000400440ec        0x0 C:\Users\Bhagawat\AppData\Local\Temp\ccIBrkJz.o
 .bss           0x00000000400440ec        0x0 C:\Users\Bhagawat\AppData\Local\Temp\ccxUbsRB.o
 .bss           0x00000000400440ec        0x2 C:\Users\Bhagawat\AppData\Local\Temp\cckga6c0.o
                0x00000000400440ec                Check_sum_data
 .bss           0x00000000400440ee        0x0 C:\Users\Bhagawat\AppData\Local\Temp\ccOsnxCi.o
 .bss           0x00000000400440ee        0x0 C:\Users\Bhagawat\AppData\Local\Temp\ccOFQIts.o
 .bss           0x00000000400440ee        0x0 C:\Users\Bhagawat\AppData\Local\Temp\ccnojkYC.o
 .bss           0x00000000400440ee        0x0 C:\Users\Bhagawat\AppData\Local\Temp\cckp7sPI.o
 .bss           0x00000000400440ee        0x0 C:\Users\Bhagawat\AppData\Local\Temp\cccZUFX5.o
 .bss           0x00000000400440ee        0x0 C:\Users\Bhagawat\AppData\Local\Temp\ccIrygBD.o
 .bss           0x00000000400440ee        0x0 c:/opt/bcc-2.0.2-gcc/bin/../lib/gcc/sparc-gaisler-elf/7.2.0/../../../../sparc-gaisler-elf/lib/leon/mfix-at697f\libm.a(lib_a-s_atan.o)
 .bss           0x00000000400440ee        0x0 c:/opt/bcc-2.0.2-gcc/bin/../lib/gcc/sparc-gaisler-elf/7.2.0/../../../../sparc-gaisler-elf/lib/leon/mfix-at697f\libm.a(lib_a-s_cos.o)
 .bss           0x00000000400440ee        0x0 c:/opt/bcc-2.0.2-gcc/bin/../lib/gcc/sparc-gaisler-elf/7.2.0/../../../../sparc-gaisler-elf/lib/leon/mfix-at697f\libm.a(lib_a-s_fabs.o)
 .bss           0x00000000400440ee        0x0 c:/opt/bcc-2.0.2-gcc/bin/../lib/gcc/sparc-gaisler-elf/7.2.0/../../../../sparc-gaisler-elf/lib/leon/mfix-at697f\libm.a(lib_a-s_floor.o)
 .bss           0x00000000400440ee        0x0 c:/opt/bcc-2.0.2-gcc/bin/../lib/gcc/sparc-gaisler-elf/7.2.0/../../../../sparc-gaisler-elf/lib/leon/mfix-at697f\libm.a(lib_a-s_sin.o)
 .bss           0x00000000400440ee        0x0 c:/opt/bcc-2.0.2-gcc/bin/../lib/gcc/sparc-gaisler-elf/7.2.0/../../../../sparc-gaisler-elf/lib/leon/mfix-at697f\libm.a(lib_a-s_tan.o)
 .bss           0x00000000400440ee        0x0 c:/opt/bcc-2.0.2-gcc/bin/../lib/gcc/sparc-gaisler-elf/7.2.0/../../../../sparc-gaisler-elf/lib/leon/mfix-at697f\libm.a(lib_a-w_acos.o)
 .bss           0x00000000400440ee        0x0 c:/opt/bcc-2.0.2-gcc/bin/../lib/gcc/sparc-gaisler-elf/7.2.0/../../../../sparc-gaisler-elf/lib/leon/mfix-at697f\libm.a(lib_a-w_atan2.o)
 .bss           0x00000000400440ee        0x0 c:/opt/bcc-2.0.2-gcc/bin/../lib/gcc/sparc-gaisler-elf/7.2.0/../../../../sparc-gaisler-elf/lib/leon/mfix-at697f\libm.a(lib_a-w_fmod.o)
 .bss           0x00000000400440ee        0x0 c:/opt/bcc-2.0.2-gcc/bin/../lib/gcc/sparc-gaisler-elf/7.2.0/../../../../sparc-gaisler-elf/lib/leon/mfix-at697f\libm.a(lib_a-w_pow.o)
 .bss           0x00000000400440ee        0x0 c:/opt/bcc-2.0.2-gcc/bin/../lib/gcc/sparc-gaisler-elf/7.2.0/../../../../sparc-gaisler-elf/lib/leon/mfix-at697f\libm.a(lib_a-w_sqrt.o)
 .bss           0x00000000400440ee        0x0 c:/opt/bcc-2.0.2-gcc/bin/../lib/gcc/sparc-gaisler-elf/7.2.0/../../../../sparc-gaisler-elf/lib/leon/mfix-at697f\libm.a(lib_a-e_acos.o)
 .bss           0x00000000400440ee        0x0 c:/opt/bcc-2.0.2-gcc/bin/../lib/gcc/sparc-gaisler-elf/7.2.0/../../../../sparc-gaisler-elf/lib/leon/mfix-at697f\libm.a(lib_a-e_atan2.o)
 .bss           0x00000000400440ee        0x0 c:/opt/bcc-2.0.2-gcc/bin/../lib/gcc/sparc-gaisler-elf/7.2.0/../../../../sparc-gaisler-elf/lib/leon/mfix-at697f\libm.a(lib_a-e_fmod.o)
 .bss           0x00000000400440ee        0x0 c:/opt/bcc-2.0.2-gcc/bin/../lib/gcc/sparc-gaisler-elf/7.2.0/../../../../sparc-gaisler-elf/lib/leon/mfix-at697f\libm.a(lib_a-e_pow.o)
 .bss           0x00000000400440ee        0x0 c:/opt/bcc-2.0.2-gcc/bin/../lib/gcc/sparc-gaisler-elf/7.2.0/../../../../sparc-gaisler-elf/lib/leon/mfix-at697f\libm.a(lib_a-e_rem_pio2.o)
 .bss           0x00000000400440ee        0x0 c:/opt/bcc-2.0.2-gcc/bin/../lib/gcc/sparc-gaisler-elf/7.2.0/../../../../sparc-gaisler-elf/lib/leon/mfix-at697f\libm.a(lib_a-e_sqrt.o)
 .bss           0x00000000400440ee        0x0 c:/opt/bcc-2.0.2-gcc/bin/../lib/gcc/sparc-gaisler-elf/7.2.0/../../../../sparc-gaisler-elf/lib/leon/mfix-at697f\libm.a(lib_a-k_cos.o)
 .bss           0x00000000400440ee        0x0 c:/opt/bcc-2.0.2-gcc/bin/../lib/gcc/sparc-gaisler-elf/7.2.0/../../../../sparc-gaisler-elf/lib/leon/mfix-at697f\libm.a(lib_a-k_rem_pio2.o)
 .bss           0x00000000400440ee        0x0 c:/opt/bcc-2.0.2-gcc/bin/../lib/gcc/sparc-gaisler-elf/7.2.0/../../../../sparc-gaisler-elf/lib/leon/mfix-at697f\libm.a(lib_a-k_sin.o)
 .bss           0x00000000400440ee        0x0 c:/opt/bcc-2.0.2-gcc/bin/../lib/gcc/sparc-gaisler-elf/7.2.0/../../../../sparc-gaisler-elf/lib/leon/mfix-at697f\libm.a(lib_a-k_tan.o)
 .bss           0x00000000400440ee        0x0 c:/opt/bcc-2.0.2-gcc/bin/../lib/gcc/sparc-gaisler-elf/7.2.0/../../../../sparc-gaisler-elf/lib/leon/mfix-at697f\libm.a(lib_a-s_finite.o)