Archive member included to satisfy reference by file (symbol)

c:/opt/bcc-2.0.2-gcc/bin/../lib/gcc/sparc-gaisler-elf/7.2.0/../../../../sparc-gaisler-elf/lib/leon/mfix-at697f\libm.a(lib_a-s_atan.o)
                              C:\Users\Bhagawat\AppData\Local\Temp\cc5H2gHE.o (atan)
c:/opt/bcc-2.0.2-gcc/bin/../lib/gcc/sparc-gaisler-elf/7.2.0/../../../../sparc-gaisler-elf/lib/leon/mfix-at697f\libm.a(lib_a-s_cos.o)
                              C:\Users\Bhagawat\AppData\Local\Temp\ccIqQhw6.o (cos)
c:/opt/bcc-2.0.2-gcc/bin/../lib/gcc/sparc-gaisler-elf/7.2.0/../../../../sparc-gaisler-elf/lib/leon/mfix-at697f\libm.a(lib_a-s_fabs.o)
                              c:/opt/bcc-2.0.2-gcc/bin/../lib/gcc/sparc-gaisler-elf/7.2.0/../../../../sparc-gaisler-elf/lib/leon/mfix-at697f\libm.a(lib_a-s_atan.o) (fabs)
c:/opt/bcc-2.0.2-gcc/bin/../lib/gcc/sparc-gaisler-elf/7.2.0/../../../../sparc-gaisler-elf/lib/leon/mfix-at697f\libm.a(lib_a-s_floor.o)
                              C:\Users\Bhagawat\AppData\Local\Temp\ccW6wl17.o (floor)
c:/opt/bcc-2.0.2-gcc/bin/../lib/gcc/sparc-gaisler-elf/7.2.0/../../../../sparc-gaisler-elf/lib/leon/mfix-at697f\libm.a(lib_a-s_round.o)
                              C:\Users\Bhagawat\AppData\Local\Temp\cctYtwV7.o (round)
c:/opt/bcc-2.0.2-gcc/bin/../lib/gcc/sparc-gaisler-elf/7.2.0/../../../../sparc-gaisler-elf/lib/leon/mfix-at697f\libm.a(lib_a-s_sin.o)
                              C:\Users\Bhagawat\AppData\Local\Temp\ccIqQhw6.o (sin)
c:/opt/bcc-2.0.2-gcc/bin/../lib/gcc/sparc-gaisler-elf/7.2.0/../../../../sparc-gaisler-elf/lib/leon/mfix-at697f\libm.a(lib_a-s_tan.o)
                              C:\Users\Bhagawat\AppData\Local\Temp\cc5H2gHE.o (tan)
c:/opt/bcc-2.0.2-gcc/bin/../lib/gcc/sparc-gaisler-elf/7.2.0/../../../../sparc-gaisler-elf/lib/leon/mfix-at697f\libm.a(lib_a-w_acos.o)
                              C:\Users\Bhagawat\AppData\Local\Temp\ccMsKRtS.o (acos)
c:/opt/bcc-2.0.2-gcc/bin/../lib/gcc/sparc-gaisler-elf/7.2.0/../../../../sparc-gaisler-elf/lib/leon/mfix-at697f\libm.a(lib_a-w_asin.o)
                              C:\Users\Bhagawat\AppData\Local\Temp\ccW6wl17.o (asin)
c:/opt/bcc-2.0.2-gcc/bin/../lib/gcc/sparc-gaisler-elf/7.2.0/../../../../sparc-gaisler-elf/lib/leon/mfix-at697f\libm.a(lib_a-w_atan2.o)
                              C:\Users\Bhagawat\AppData\Local\Temp\ccMsKRtS.o (atan2)
c:/opt/bcc-2.0.2-gcc/bin/../lib/gcc/sparc-gaisler-elf/7.2.0/../../../../sparc-gaisler-elf/lib/leon/mfix-at697f\libm.a(lib_a-w_fmod.o)
                              C:\Users\Bhagawat\AppData\Local\Temp\ccW6wl17.o (fmod)
c:/opt/bcc-2.0.2-gcc/bin/../lib/gcc/sparc-gaisler-elf/7.2.0/../../../../sparc-gaisler-elf/lib/leon/mfix-at697f\libm.a(lib_a-w_pow.o)
                              C:\Users\Bhagawat\AppData\Local\Temp\ccMsKRtS.o (pow)
c:/opt/bcc-2.0.2-gcc/bin/../lib/gcc/sparc-gaisler-elf/7.2.0/../../../../sparc-gaisler-elf/lib/leon/mfix-at697f\libm.a(lib_a-w_sqrt.o)
                              C:\Users\Bhagawat\AppData\Local\Temp\ccIqQhw6.o (sqrt)
c:/opt/bcc-2.0.2-gcc/bin/../lib/gcc/sparc-gaisler-elf/7.2.0/../../../../sparc-gaisler-elf/lib/leon/mfix-at697f\libm.a(lib_a-e_acos.o)
                              c:/opt/bcc-2.0.2-gcc/bin/../lib/gcc/sparc-gaisler-elf/7.2.0/../../../../sparc-gaisler-elf/lib/leon/mfix-at697f\libm.a(lib_a-w_acos.o) (__ieee754_acos)
c:/opt/bcc-2.0.2-gcc/bin/../lib/gcc/sparc-gaisler-elf/7.2.0/../../../../sparc-gaisler-elf/lib/leon/mfix-at697f\libm.a(lib_a-e_asin.o)
                              c:/opt/bcc-2.0.2-gcc/bin/../lib/gcc/sparc-gaisler-elf/7.2.0/../../../../sparc-gaisler-elf/lib/leon/mfix-at697f\libm.a(lib_a-w_asin.o) (__ieee754_asin)
c:/opt/bcc-2.0.2-gcc/bin/../lib/gcc/sparc-gaisler-elf/7.2.0/../../../../sparc-gaisler-elf/lib/leon/mfix-at697f\libm.a(lib_a-e_atan2.o)
                              c:/opt/bcc-2.0.2-gcc/bin/../lib/gcc/sparc-gaisler-elf/7.2.0/../../../../sparc-gaisler-elf/lib/leon/mfix-at697f\libm.a(lib_a-w_atan2.o) (__ieee754_atan2)
c:/opt/bcc-2.0.2-gcc/bin/../lib/gcc/sparc-gaisler-elf/7.2.0/../../../../sparc-gaisler-elf/lib/leon/mfix-at697f\libm.a(lib_a-e_fmod.o)
                              c:/opt/bcc-2.0.2-gcc/bin/../lib/gcc/sparc-gaisler-elf/7.2.0/../../../../sparc-gaisler-elf/lib/leon/mfix-at697f\libm.a(lib_a-w_fmod.o) (__ieee754_fmod)
c:/opt/bcc-2.0.2-gcc/bin/../lib/gcc/sparc-gaisler-elf/7.2.0/../../../../sparc-gaisler-elf/lib/leon/mfix-at697f\libm.a(lib_a-e_pow.o)
                              c:/opt/bcc-2.0.2-gcc/bin/../lib/gcc/sparc-gaisler-elf/7.2.0/../../../../sparc-gaisler-elf/lib/leon/mfix-at697f\libm.a(lib_a-w_pow.o) (__ieee754_pow)
c:/opt/bcc-2.0.2-gcc/bin/../lib/gcc/sparc-gaisler-elf/7.2.0/../../../../sparc-gaisler-elf/lib/leon/mfix-at697f\libm.a(lib_a-e_rem_pio2.o)
                              c:/opt/bcc-2.0.2-gcc/bin/../lib/gcc/sparc-gaisler-elf/7.2.0/../../../../sparc-gaisler-elf/lib/leon/mfix-at697f\libm.a(lib_a-s_cos.o) (__ieee754_rem_pio2)
[...]
Memory Configuration

Name             Origin             Length             Attributes
rom              0x0000000000000000 0x0000000020000000
ram              0x0000000040000000 0x0000000040000000
*default*        0x0000000000000000 0xffffffffffffffff

Linker script and memory map

LOAD c:/opt/bcc-2.0.2-gcc/bin/../sparc-gaisler-elf/bsp/leon2/leon/mfix-at697f/trap_table_mvt.S.o
LOAD c:/opt/bcc-2.0.2-gcc/bin/../sparc-gaisler-elf/bsp/leon2/leon/mfix-at697f/crt0.S.o
LOAD c:/opt/bcc-2.0.2-gcc/bin/../lib/gcc/sparc-gaisler-elf/7.2.0/leon/mfix-at697f/crti.o
LOAD c:/opt/bcc-2.0.2-gcc/bin/../lib/gcc/sparc-gaisler-elf/7.2.0/leon/mfix-at697f/crtbegin.o
LOAD C:\Users\Bhagawat\AppData\Local\Temp\ccOlPDq7.o
LOAD C:\Users\Bhagawat\AppData\Local\Temp\ccMyElwm.o
LOAD C:\Users\Bhagawat\AppData\Local\Temp\cc8uhR8p.o
LOAD C:\Users\Bhagawat\AppData\Local\Temp\ccyeX3GB.o
LOAD C:\Users\Bhagawat\AppData\Local\Temp\cc274ioY.o
LOAD C:\Users\Bhagawat\AppData\Local\Temp\cclb7a3j.o
LOAD C:\Users\Bhagawat\AppData\Local\Temp\ccWPzrH0.o
LOAD C:\Users\Bhagawat\AppData\Local\Temp\ccTfBCGT.o
LOAD C:\Users\Bhagawat\AppData\Local\Temp\ccUjosrW.o
LOAD C:\Users\Bhagawat\AppData\Local\Temp\ccAsfYQ0.o
LOAD C:\Users\Bhagawat\AppData\Local\Temp\cc4ek9hq.o
LOAD C:\Users\Bhagawat\AppData\Local\Temp\ccKXny1b.o
LOAD C:\Users\Bhagawat\AppData\Local\Temp\ccIpuzOd.o
LOAD C:\Users\Bhagawat\AppData\Local\Temp\ccD90uWv.o
LOAD C:\Users\Bhagawat\AppData\Local\Temp\ccynNANW.o
LOAD C:\Users\Bhagawat\AppData\Local\Temp\ccIqQhw6.o
LOAD C:\Users\Bhagawat\AppData\Local\Temp\ccMsKRtS.o
LOAD C:\Users\Bhagawat\AppData\Local\Temp\cc0hf7cO.o
LOAD C:\Users\Bhagawat\AppData\Local\Temp\cctYtwV7.o
LOAD C:\Users\Bhagawat\AppData\Local\Temp\cceg9jDM.o
LOAD C:\Users\Bhagawat\AppData\Local\Temp\cclXQm4R.o
LOAD C:\Users\Bhagawat\AppData\Local\Temp\cc5H2gHE.o
LOAD C:\Users\Bhagawat\AppData\Local\Temp\ccrCpfIy.o
LOAD C:\Users\Bhagawat\AppData\Local\Temp\ccW6wl17.o
LOAD C:\Users\Bhagawat\AppData\Local\Temp\ccnd7Fb2.o
LOAD c:/opt/bcc-2.0.2-gcc/bin/../lib/gcc/sparc-gaisler-elf/7.2.0/../../../../sparc-gaisler-elf/lib/leon/mfix-at697f\libm.a
                0x0000000000000000                PROVIDE (__bcc_cfg_skip_clear_bss, 0x0)

.text           0x0000000040000000    0x3f040
 CREATE_OBJECT_SYMBOLS
                0x0000000040000000                __text_start = .
                0x0000000040000000                . = ALIGN (0x1000)
 *(.text.traptable)
 .text.traptable
                0x0000000040000000     0x1000 c:/opt/bcc-2.0.2-gcc/bin/../sparc-gaisler-elf/bsp/leon2/leon/mfix-at697f/trap_table_mvt.S.o
                0x0000000040000000                __bcc_entry_point
                0x0000000040000000                __bcc_trap_table
 *(.text .text.*)
 .text          0x0000000040001000        0x0 c:/opt/bcc-2.0.2-gcc/bin/../sparc-gaisler-elf/bsp/leon2/leon/mfix-at697f/trap_table_mvt.S.o
 .text          0x0000000040001000       0xb8 c:/opt/bcc-2.0.2-gcc/bin/../sparc-gaisler-elf/bsp/leon2/leon/mfix-at697f/crt0.S.o
                0x0000000040001000                __bcc_crt0
 .text          0x00000000400010b8        0x0 c:/opt/bcc-2.0.2-gcc/bin/../lib/gcc/sparc-gaisler-elf/7.2.0/leon/mfix-at697f/crti.o
 .text          0x00000000400010b8      0x180 c:/opt/bcc-2.0.2-gcc/bin/../lib/gcc/sparc-gaisler-elf/7.2.0/leon/mfix-at697f/crtbegin.o
 .text          0x0000000040001238      0x974 C:\Users\Bhagawat\AppData\Local\Temp\ccOlPDq7.o
                0x0000000040001238                rMinCycle_Wait
                0x00000000400012d4                OBC_Process
                0x0000000040001b5c                rMinCycle_Flag_Reset
 .text.startup  0x0000000040001bac       0xa0 C:\Users\Bhagawat\AppData\Local\Temp\ccOlPDq7.o
                0x0000000040001bac                main
 .text          0x0000000040001c4c      0xa94 C:\Users\Bhagawat\AppData\Local\Temp\ccMyElwm.o
                0x0000000040001c6c                Init_Memory
                0x0000000040001ca0                checksum_u32
                0x0000000040001d0c                checksum_u8
                0x0000000040001d5c                rOutput_Latch_Update
                0x0000000040001f38                ST_output_update
                0x0000000040002150                NMI_interrupt_test
                0x000000004000220c                MUX_Output
                0x0000000040002534                EEPROM_RST
                0x0000000040002568                EEPROM_RES
                0x0000000040002598                s_ram_scrub
                0x0000000040002614                prom_chksum
 .text          0x00000000400026e0     0xd880 C:\Users\Bhagawat\AppData\Local\Temp\cc8uhR8p.o
                0x00000000400028cc                rHAL_TM_Write
                0x0000000040002b30                rHAL_TM_HW_Status_Update
                0x0000000040002c54                Update_TM_With_TMTC
                0x0000000040002c5c                rTM_Address_Table_Init
                0x000000004000c8d0                rTM_Copy_Subframe
                0x000000004000c940                Sampling_Rate_Select
                0x000000004000c99c                Frame_Address_Select
                0x000000004000cb08                rTCH_full_dump_cpy_buf
                0x000000004000cc84                rTCH_dump_cpy_buf
                0x000000004000d02c                TC_Hist_dumping
                0x000000004000d078                copy_frame
                0x000000004000d130                ST_Copy_Subframe
                0x000000004000d5c8                StorageTelemetry
                0x000000004000d660                Storage_Telemetry_Write
                0x000000004000d688                Norm_ST_1_Table_Init
                0x000000004000efd4                TC_ST_Table_init
                0x000000004000efdc                Spec_ST_Table_Init
                0x000000004000fc78                ST_DUMPING
                0x000000004000fddc                rTM_Real_st_write
                0x000000004000ff1c                ST_full_dump
 .text          0x000000004000ff60     0x6224 C:\Users\Bhagawat\AppData\Local\Temp\ccyeX3GB.o
                0x000000004001011c                TC_IMU1_On
                0x000000004001015c                TC_IMU2_On
                0x000000004001019c                TC_IMU1_Off
                0x00000000400101dc                TC_IMU2_Off
                0x000000004001021c                TC_NMI_count_reset
                0x0000000040010230                TC_GPS1_ON
                0x0000000040010260                TC_GPS1_OFF
                0x0000000040010294                TC_GPS2_on
                0x00000000400102c8                TC_GPS2_off
                0x0000000040010300                TC_W1_ON
                0x0000000040010330                TC_W2_ON
                0x0000000040010364                TC_W3_ON
                0x0000000040010394                TC_W4_ON
                0x00000000400103c4                TC_W1_OFF
                0x00000000400103f4                TC_W2_OFF
                0x0000000040010424                TC_W3_OFF
                0x0000000040010454                TC_W4_OFF
                0x0000000040010484                rTC_Detumbling_ModePreprocessing_BDOT
                0x0000000040010494                rTC_Detumbling_ModePreprocessing_GYRO
                0x00000000400104a4                rTC_SunAcquisition_ModePreprocessing
                0x00000000400104b4                rTC_ThreeAxis_ModePreprocessing
                0x00000000400104c4                rTC_Suspended_ModePreprocessing
                0x00000000400104d0                PL_K_CMD_HLT
                0x0000000040010500                Antenna_mechanism_ON
                0x0000000040010530                Antenna_mechanism_OFF
                0x0000000040010560                EEPROM_CHECK_COMMAND
                0x0000000040010590                S_band_tx_off
                0x00000000400105c0                SA_DEPLOYMENT_MECHANISM_MAIN_OFF
                0x00000000400105f4                SA_DEPLOYMENT_MECHANISM_RED_OFF
                0x0000000040010628                sunlit
                0x0000000040010638                eclipse
                0x0000000040010644                Sunlit_eclipse_both
                0x0000000040010654                rSafe_mode_PreProcessing
                0x0000000040010664                eeprom_en
                0x0000000040010674                eeprom_dis
                0x0000000040010680                TC_ATTC_CMD_clear
                0x0000000040010740                imu1_db_execute
                0x000000004001074c                imu2_db_execute
                0x0000000040010758                TC_ACC_Ang_RESET
                0x0000000040010764                TC_GPS1_NMEA_ZDA_enable
                0x0000000040010790                TC_GPS1_NMEA_ZDA_disable
                0x00000000400107bc                TC_GPS1_NMEA_GGA_enable
                0x00000000400107e8                TC_GPS1_NMEA_GGA_disable
                0x0000000040010814                TC_GPS1_NMEA_RMC_enable
                0x0000000040010840                TC_GPS1_NMEA_RMC_disable
                0x000000004001086c                TC_GPS1_cold_start
                0x0000000040010898                TC_GPS1_factory_reset
                0x00000000400108c4                TC_GPS2_NMEA_ZDA_enable
                0x00000000400108f0                TC_GPS2_NMEA_ZDA_disable
                0x000000004001091c                TC_GPS2_NMEA_GGA_enable
                0x0000000040010948                TC_GPS2_NMEA_GGA_disable
                0x0000000040010974                TC_GPS2_NMEA_RMC_enable
                0x00000000400109a0                TC_GPS2_NMEA_RMC_disable
                0x00000000400109cc                TC_GPS2_cold_start
                0x00000000400109f8                TC_GPS2_factory_reset
                0x0000000040010a24                TC_GPS1_NMEA_NMEA_GSV_Enable
                0x0000000040010a50                TC_GPS1_NMEA_NMEA_GSV_disable
                0x0000000040010a7c                TC_GPS2_NMEA_NMEA_GSV_Enable
                0x0000000040010aa8                TC_GPS2_NMEA_NMEA_GSV_disable
                0x0000000040010ad4                Roll_Torquer_ON
                0x0000000040010ae0                Roll_Torquer_OFF
                0x0000000040010aec                payload_1_on
                0x0000000040010b14                payload_1_off
                0x0000000040010b20                PL_K_CMD_STS
                0x0000000040010b2c                PL_K_CMD_ACQ
                0x0000000040010b38                PL_K_DIAG
                0x0000000040010b44                PL_K_CMD_OFF
                0x0000000040010b50                PL_K_CMD_ON
                0x0000000040010b5c                ss_main_db_execute
                0x0000000040010b68                ss_redundant_db_execute
                0x0000000040010b74                TC_Ping_RW1
                0x0000000040010b88                TC_Ping_RW2
                0x0000000040010b9c                TC_Ping_RW3
                0x0000000040010bb0                TC_Ping_RW4
                0x0000000040010bc4                TC_MTR_Yaw_Positive
                0x0000000040010bd8                TC_MTR_Yaw_Negative
                0x0000000040010bec                TC_MTR_Pitch_Positive
                0x0000000040010c00                TC_MTR_Pitch_Negative
                0x0000000040010c14                TC_MTR_Roll_Positive
                0x0000000040010c28                TC_MTR_Roll_Negative
                0x0000000040010c3c                TC_MTR_Roll_No_cuurent
                0x0000000040010c50                TC_MTR_Pitch_No_cuurent
                0x0000000040010c64                TC_MTR_Yaw_No_cuurent
                0x0000000040010c78                payload_2_on
                0x0000000040010ca0                payload_2_off
                0x0000000040010cac                X_band_tx_on
                0x0000000040010cd4                X_band_tx_off
                0x0000000040010ce0                SA_DEPLOYMENT_MECHANISM_MAIN_ON
                0x0000000040010cec                SA_DEPLOYMENT_MECHANISM_RED_ON
                0x0000000040010cf8                Antenna_mechanism_arm
                0x0000000040010d04                Antenna_deploy
                0x0000000040010d10                Antenna_mechanism_disarm
                0x0000000040010d1c                TC_pl_debug
                0x0000000040010d28                TC_TM_DS_EN
                0x0000000040010d34                Antenna_RESET_command
                0x0000000040010d40                Antenna_deploy_with_override
                0x0000000040010d4c                Antenna_system_temp
                0x0000000040010d58                Antenna_deploy_status_report
                0x0000000040010d64                Antenna_deploy_activation_count
                0x0000000040010d70                Antenna_deploy_activation_time
                0x0000000040010e80                TC_pl_tm
                0x0000000040010e88                imu1_db_checksum
                0x0000000040010e90                imu2_db_checksum
                0x0000000040010e98                imu_test_sys_sel
                0x0000000040010ea0                TC_Drift_Uplink_Compenstation_Update_IMU1
                0x0000000040010ea8                TC_Drift_Uplink_Compenstation_Update_IMU2
                0x0000000040010eb0                TC_Gyro_Misalignment_Update_IMU1
                0x0000000040010eb8                TC_Gyro_Misalignment_Update_IMU2
                0x0000000040010ec0                TC_Gyro_Scale_Factor_Update_IMU1
                0x0000000040010ec8                TC_Gyro_Scale_Factor_Update_IMU2
                0x0000000040010ed0                TC_MagBias_Uplink_Compenstation_Update_IMU1
                0x0000000040010ed8                TC_MagBias_Uplink_Compenstation_Update_IMU2
                0x0000000040010ee0                TC_Mag_Misalignment_Update_IMU1
                0x0000000040010ee8                TC_Mag_Misalignment_Update_IMU2
                0x0000000040010ef0                TC_Mag_Scale_Factor_Update_IMU1
                0x0000000040010ef8                TC_Mag_Scale_Factor_Update_IMU2
                0x0000000040010f00                TC_Mag_LPF_Gain_Update_IMU1
                0x0000000040010f08                TC_Mag_LPF_Gain_Update_IMU2
                0x0000000040010f10                TC_Gyro_LPF_Gain_Update_IMU1
                0x0000000040010f18                TC_Gyro_LPF_Gain_Update_IMU2
                0x0000000040010f20                TC_Panel2_Deploy
                0x0000000040010f28                TC_Nominal_wheel_speed_execute
                0x0000000040010f30                Pitch_Torquer_ON
                0x0000000040010f38                Yaw_Torquer_ON
                0x0000000040010f40                Pitch_Torquer_OFF
                0x0000000040010f48                Yaw_Torquer_OFF
                0x0000000040010f50                rHeater1_on
                0x0000000040010f58                rHeater1_off
                0x0000000040010f60                rHeater2_on
                0x0000000040010f68                rHeater2_off
                0x0000000040010f70                rHeater3_on
                0x0000000040010f78                rHeater3_off
                0x0000000040010f80                rHeater4_on
                0x0000000040010f88                rHeater4_off
                0x0000000040010f90                rHeater5_on
                0x0000000040010f98                rHeater5_off
                0x0000000040010fa0                rHeater6_on
                0x0000000040010fa8                rHeater6_off
                0x0000000040010fb0                RX_TX_deployed
                0x0000000040010fb8                ss_main_db_checksum
                0x0000000040010fc0                ss_redundant_db_checksum
                0x0000000040010fc8                TC_Qinit
                0x0000000040010fd0                OBC_ON
                0x0000000040010fd8                OBC_OFF
                0x0000000040010fe0                SA1_DEPLOYMENT_AND_SA2_DEPLOYMENT_REDUNDANT_SPARE_BUS_ON
                0x0000000040010fe8                SA1_DEPLOYMENT_AND_SA2_DEPLOYMENT_REDUNDANT_SPARE_BUS_OFF
                0x0000000040010ff0                Test_ON
                0x0000000040010ff8                Test_OFF
                0x0000000040011000                rTC_write_tC_history
                0x0000000040011028                TC_status_reset
                0x000000004001103c                rContingency_TC
                0x0000000040011044                rData_TC
                0x0000000040011650                rADCS_Data_TC
                0x0000000040012774                rRemote_base_addr_TC
                0x0000000040012824                rRemote_data_view
                0x000000004001282c                rBoolean_TC
                0x000000004001287c                rFuncExecute_TC
                0x00000000400128e0                rRemoteProgram_Addr_TC
                0x0000000040012934                rRemoteProgram_Data_TC
                0x0000000040012960                rDifferential_TimeTag_TC
                0x00000000400129bc                initNodetable
                0x00000000400129f8                getNode
                0x0000000040012a34                freeNode
                0x0000000040012a6c                rAbsoluteTTC_Update
                0x0000000040012c24                rAbsolute_TimeTag_TC
                0x0000000040012c30                rDifferential_TimeTag_Update
                0x0000000040012c8c                rDifferential_TimeTag_Execute
                0x0000000040012de4                rDifferentialTTC_Execute
                0x0000000040012df0                rAbsoluteTTC_Delete
                0x0000000040012f74                rAbsoluteTTC_Clear
                0x0000000040013034                rInit_Block
                0x000000004001307c                Block_update
                0x0000000040013254                rBlock_TC
                0x0000000040013260                TMTC_Assignment
                0x00000000400139b0                invertReverse
                0x00000000400139d8                BCHEncoder
                0x0000000040013b78                rHAL_TC_Read
                0x0000000040013e44                TC_detumbling_rate_gain_1
                0x0000000040014288                TC_detumbling_bdot_gain_1
                0x00000000400146cc                TC_BDOT_Det_Thresh_1
                0x0000000040014860                TC_GYRO_Det_Min_Thres_1
                0x00000000400149f4                TC_AngMomDump_Thrsld_1
                0x0000000040014b88                TC_SpeedDump_Thrsld_1
                0x0000000040014cb4                TC_SpeedDump_TimeSelect_1
                0x0000000040014e48                TC_comd_pitch_rate_1
                0x0000000040014fdc                TC_Gyro_LPF_Gain_IMU1_1
                0x0000000040015214                TC_Gyro_LPF_Gain_IMU2_1
                0x000000004001544c                TC_Mag_LPF_Gain_IMU1_1
                0x0000000040015684                TC_Mag_LPF_Gain_IMU2_1
                0x00000000400158bc                TC_Wheel_Cutoff_Threshold_1
                0x0000000040015a50                adcsgains
                0x0000000040015b34                rGainSelect_TC
                0x0000000040015b88                rReal_Time_TC
                0x0000000040015e0c                rTelecommand
                0x0000000040015f84                rAbsoluteTTC_Execute
                0x00000000400160a4                rBlockTC_Execute
 .text          0x0000000040016184       0x38 C:\Users\Bhagawat\AppData\Local\Temp\cc274ioY.o
                0x0000000040016184                fdi_nmi_int_handler
 .text          0x00000000400161bc     0x1660 C:\Users\Bhagawat\AppData\Local\Temp\cclb7a3j.o
                0x00000000400161bc                rPOR_Init
 .text          0x000000004001781c      0xd78 C:\Users\Bhagawat\AppData\Local\Temp\ccWPzrH0.o
                0x0000000040017844                rHAL_pl1_ON
                0x00000000400178c4                rHAL_pl1_OFF
                0x0000000040017914                rHAL_pl2_ON
                0x0000000040017994                rHAL_pl2_OFF
                0x00000000400179e4                rHAL_tm_ds_en
                0x0000000040017a20                rHAL_X_Tx_ON
                0x0000000040017a54                rHAL_X_Tx_OFF
                0x0000000040017a88                rpl_init
                0x0000000040017af8                rHAL_pl_sts_check
                0x0000000040017b28                rHAL_pl_cmd_hlt
                0x0000000040017ba8                rHAL_pl_debug
                0x0000000040017c68                rHAL_pl_x_tx_data_on
                0x0000000040017d58                rHAL_pl_cmd_acq
                0x0000000040017e38                rHAL_pl_x_tx_data_off
                0x0000000040017e78                rHAL_pl_diag
                0x0000000040017ef0                pl_tx_tm
                0x0000000040018018                pl_tx_tm_2
                0x00000000400180f0                rpl_read
                0x00000000400181dc                rpl_tm_write
 .text          0x0000000040018594      0x4a8 C:\Users\Bhagawat\AppData\Local\Temp\ccTfBCGT.o
                0x0000000040018594                rHAL_EPS_Hardware_Status
                0x00000000400185fc                rHAL_Battery_load_shedding
                0x0000000040018658                rHAL_EPS_shunt_switch
 .text          0x0000000040018a3c      0x1b4 C:\Users\Bhagawat\AppData\Local\Temp\ccUjosrW.o
                0x0000000040018a3c                rIMU_Init
                0x0000000040018aa8                HAL_IMU_Read
 .text          0x0000000040018bf0      0x3b4 C:\Users\Bhagawat\AppData\Local\Temp\ccAsfYQ0.o
                0x0000000040018bf0                rHAL_ADC_Read
                0x0000000040018c4c                rHAL_ADC_TM_Copy
                0x0000000040018e78                sun_Sensor_data
                0x0000000040018f8c                rHAL_ADC_StatusREG_Enable
 .text          0x0000000040018fa4     0x1010 C:\Users\Bhagawat\AppData\Local\Temp\cc4ek9hq.o
                0x0000000040018fa4                rGPS_Buffer_Init
                0x000000004001920c                rGPS_pulsecheck
                0x00000000400192a8                rHAL_GPS_Read
                0x0000000040019518                GPS_1_DATA
                0x000000004001957c                rHAL_GPS_Config
                0x0000000040019c7c                rGPS_TM_Extract
                0x0000000040019f50                ST_TM_gps_data
 .text          0x0000000040019fb4     0x1114 C:\Users\Bhagawat\AppData\Local\Temp\ccKXny1b.o
                0x0000000040019fb4                Thermister_select
                0x0000000040019ff8                UTP_selection
                0x000000004001a04c                LTP_selection
                0x000000004001a0ac                Heater_1_auto_control
                0x000000004001a11c                Heater_2_auto_control
                0x000000004001a18c                Heater_3_auto_control
                0x000000004001a1fc                Heater_4_auto_control
                0x000000004001a26c                Heater_5_auto_control
                0x000000004001a2dc                Heater_6_auto_control
                0x000000004001a34c                Heater_7_auto_control
                0x000000004001a3a0                Heater_8_auto_control
                0x000000004001a3f4                Heater_9_auto_control
                0x000000004001a448                Heater_10_auto_control
                0x000000004001a49c                Heater_11_auto_control
                0x000000004001a4f0                Heater_12_auto_control
                0x000000004001a544                Heater_13_auto_control
                0x000000004001a5a0                Heater_14_auto_control
                0x000000004001a5fc                Heater_1_manual_control
                0x000000004001a668                Heater_2_manual_control
                0x000000004001a6d4                Heater_3_manual_control
                0x000000004001a740                Heater_4_manual_control
                0x000000004001a7ac                Heater_5_manual_control
                0x000000004001a818                Heater_6_manual_control
                0x000000004001a884                Heater_control_auto_manual
                0x000000004001af28                Heater_7_manual_control
                0x000000004001af58                Heater_8_manual_control
                0x000000004001af88                Heater_9_manual_control
                0x000000004001afb8                Heater_10_manual_control
                0x000000004001afe8                Heater_11_manual_control
                0x000000004001b018                Heater_12_manual_control
                0x000000004001b048                Heater_13_manual_control
                0x000000004001b088                Heater_14_manual_control
 .text          0x000000004001b0c8      0x8dc C:\Users\Bhagawat\AppData\Local\Temp\ccIpuzOd.o
                0x000000004001b0c8                rHAL_MTR_ON
                0x000000004001b0fc                rHAL_MTR_OFF
                0x000000004001b130                rHAL_MTR
                0x000000004001b768                MTR_Monitoring
                0x000000004001b794                rHAL_MTR_TC
 .text          0x000000004001b9a4     0x1398 C:\Users\Bhagawat\AppData\Local\Temp\ccD90uWv.o
                0x000000004001b9a4                RW_Init
                0x000000004001ba68                HAL_RW_CRC_Check
                0x000000004001bad4                rHAL_RW_TM_Read
                0x000000004001be14                rRW_SlipFrame_Check
                0x000000004001c010                rHAL_RW_TC_Write
                0x000000004001c1c4                rHAL_RW_TM_Write
                0x000000004001c300                rHAL_RW_ConfigBuffer_Write
                0x000000004001c35c                rRW_Data_Write
                0x000000004001c5b8                rRW_Data_Request
                0x000000004001c744                rRW_Data_Read
                0x000000004001caf0                rRW_init_cmd
                0x000000004001cc3c                rRW_Ping_TC1
                0x000000004001cc7c                rRW_Ping_TC2
                0x000000004001ccbc                rRW_Ping_TC3
                0x000000004001ccfc                rRW_Ping_TC4
 .text          0x000000004001cd3c      0x6dc C:\Users\Bhagawat\AppData\Local\Temp\ccynNANW.o
                0x000000004001cd3c                antennaCommand1
                0x000000004001cd88                antennaCommand2
                0x000000004001cdd4                antennaCommand3
                0x000000004001ce20                antennaCommand4
                0x000000004001ce6c                antennaCommand5
                0x000000004001ceb8                antennaCommand6
                0x000000004001cf04                antennaCommand7
                0x000000004001cf4c                antennaCommand8
                0x000000004001cf98                antennaCommand9
                0x000000004001cfe4                rHAL_Antenna_Read
                0x000000004001d02c                rHAL_SA_MAIN_Deploy_on
                0x000000004001d0a4                rHAL_SA_RED_Deploy_on
                0x000000004001d10c                rHAL_SA1_Deploy_status_check
                0x000000004001d1f4                rHAL_SA2_Deploy_status_check
                0x000000004001d2dc                rHAL_SA_Deploy_Status_new
 .text          0x000000004001d418     0x32f0 C:\Users\Bhagawat\AppData\Local\Temp\ccIqQhw6.o
                0x000000004001d548                rQ_Propagation
                0x000000004001d578                rQuestDataProcessing
                0x000000004001dac4                rDAD_quest
                0x000000004001ea54                rErrorComputation
                0x000000004001f030                rExtendedKalmanFilter1_p1
                0x000000004001fd6c                rExtendedKalmanFilter1_p2
 .text          0x0000000040020708     0x2bec C:\Users\Bhagawat\AppData\Local\Temp\ccMsKRtS.o
                0x0000000040020708                rGH_generation
                0x00000000400208cc                rMagFieldComp1
                0x000000004002131c                rMagFieldComp2
                0x0000000040021a34                rSun_Ephemeris
                0x0000000040021c74                rReferenceQuatComputation
                0x0000000040022748                rRefVectorGeneration
                0x0000000040022e44                rRefRate_Computation
                0x0000000040023128                rSl_Ecl_OnBrd_detection
 .text          0x00000000400232f4        0x0 C:\Users\Bhagawat\AppData\Local\Temp\cc0hf7cO.o
 .text          0x00000000400232f4     0x2868 C:\Users\Bhagawat\AppData\Local\Temp\cctYtwV7.o
                0x0000000040023430                rLinearController
                0x0000000040023e1c                rDutyCycleGeneration
                0x0000000040023fa0                rAngularMomentumDumping
                0x000000004002443c                rTorquer_Polarity_Check
                0x0000000040024470                rSpeedBasedMomentumDumping
                0x0000000040024bc8                rWheel_Spin_updown
                0x0000000040024f58                rWheel_Auto_Reconfiguration
 .text          0x0000000040025b5c     0x1080 C:\Users\Bhagawat\AppData\Local\Temp\cceg9jDM.o
                0x0000000040025b74                rSuspended_ModePreprocessing
                0x0000000040025be8                rDetumbling_ModePreprocessing_BDOT_Logic
                0x0000000040026054                rDetumbling_ModePreprocessing_GYRO_Logic
                0x0000000040026494                rSunAcquisition_ModePreprocessing
                0x000000004002681c                rThreeAxis_ModePreprocessing
                0x0000000040026a24                rScModeSelection
                0x0000000040026ab4                rRateReductionCheck
                0x0000000040026bb0                rSafeMode_Preprocessing
 .text          0x0000000040026bdc     0x4a04 C:\Users\Bhagawat\AppData\Local\Temp\cclXQm4R.o
                0x0000000040026bdc                rADCS_Pon_vars
 .text          0x000000004002b5e0     0x9494 C:\Users\Bhagawat\AppData\Local\Temp\cc5H2gHE.o
                0x000000004002b5e0                rIMUDataCorrection
                0x000000004002c97c                rIMU_1_DB_Copy
                0x000000004002d21c                rIMU_2_DB_Copy
                0x000000004002dabc                rIMU_1_DB_Init
                0x000000004002e35c                rIMU_2_DB_Init
                0x000000004002ebfc                rIMU_Angle_Reset
                0x000000004002ec44                rIMUDataProcessing
                0x000000004002fed8                rTheta_Limit
                0x000000004002ff38                rIMU1_DB_Execute
                0x000000004002ff5c                rIMU2_DB_Execute
                0x000000004002ff80                rBDOT_Computation
                0x00000000400301ac                rSunSensorVectorComp
                0x000000004003329c                rSunSensorDataProcessing
                0x0000000040033678                rSS_Read_Data
                0x00000000400336d8                rSS_Main_DB_Init
                0x00000000400336f0                rSS_Redundant_DB_Init
                0x00000000400336fc                rSS_Main_DB_Copy
                0x0000000040034054                rSS_Redundant_DB_Copy
                0x00000000400349ac                rSS_Main_DB_Execute
                0x0000000040034a10                rSS_Redundant_DB_Execute
 .text          0x0000000040034a74        0x0 C:\Users\Bhagawat\AppData\Local\Temp\ccrCpfIy.o
 .text          0x0000000040034a74     0x4768 C:\Users\Bhagawat\AppData\Local\Temp\ccW6wl17.o
                0x0000000040036154                rOrbit_Initialization
                0x0000000040037524                rOrbit_Propagation
                0x00000000400388a8                rOrbitalElements_computation
                0x00000000400388d0                rOrbitalElements_TLE
                0x0000000040038908                rGPS_data_validity
                0x0000000040038910                rJulian_Day
                0x000000004003894c                rNEDtoECEF
                0x0000000040038a40                rECEFtoECItoECEF
                0x0000000040038a68                rast_args
                0x0000000040038b74                rnut_iau1980
                0x0000000040038cd0                rGPS2OE
                0x0000000040039154                rGPSDataProcessing
 .text          0x00000000400391dc      0xd4c C:\Users\Bhagawat\AppData\Local\Temp\ccnd7Fb2.o
                0x00000000400391dc                rxRot
                0x000000004003926c                ryRot
                0x00000000400392fc                rzRot
                0x0000000040039384                rMatInv
                0x000000004003953c                rCross_Product
                0x00000000400395a4                rMatMul3x1
                0x000000004003961c                rMatMul3x3
                0x00000000400396d4                rRM_to_Quat
                0x0000000040039a08                rQs_Normalization
                0x0000000040039b10                rQs_Multiplication
                0x0000000040039bec                rVectorNorm
                0x0000000040039cbc                rMat_adjoint3
                0x0000000040039db8                rMatMul34x1
                0x0000000040039e34                rMatMul43x1
                0x0000000040039eb0                rMatMul44x1
 .text          0x0000000040039f28      0x2d0 c:/opt/bcc-2.0.2-gcc/bin/../lib/gcc/sparc-gaisler-elf/7.2.0/../../../../sparc-gaisler-elf/lib/leon/mfix-at697f\libm.a(lib_a-s_atan.o)
                0x0000000040039f28                atan
 .text          0x000000004003a1f8       0xe4 c:/opt/bcc-2.0.2-gcc/bin/../lib/gcc/sparc-gaisler-elf/7.2.0/../../../../sparc-gaisler-elf/lib/leon/mfix-at697f\libm.a(lib_a-s_cos.o)
                0x000000004003a1f8                cos
 .text          0x000000004003a2dc       0x28 c:/opt/bcc-2.0.2-gcc/bin/../lib/gcc/sparc-gaisler-elf/7.2.0/../../../../sparc-gaisler-elf/lib/leon/mfix-at697f\libm.a(lib_a-s_fabs.o)
                0x000000004003a2dc                fabs
 .text          0x000000004003a304      0x1f0 c:/opt/bcc-2.0.2-gcc/bin/../lib/gcc/sparc-gaisler-elf/7.2.0/../../../../sparc-gaisler-elf/lib/leon/mfix-at697f\libm.a(lib_a-s_floor.o)
                0x000000004003a304                floor
 .text          0x000000004003a4f4       0xf4 c:/opt/bcc-2.0.2-gcc/bin/../lib/gcc/sparc-gaisler-elf/7.2.0/../../../../sparc-gaisler-elf/lib/leon/mfix-at697f\libm.a(lib_a-s_round.o)
                0x000000004003a4f4                round
 .text          0x000000004003a5e8       0xe8 c:/opt/bcc-2.0.2-gcc/bin/../lib/gcc/sparc-gaisler-elf/7.2.0/../../../../sparc-gaisler-elf/lib/leon/mfix-at697f\libm.a(lib_a-s_sin.o)
                0x000000004003a5e8                sin
 .text          0x000000004003a6d0       0x9c c:/opt/bcc-2.0.2-gcc/bin/../lib/gcc/sparc-gaisler-elf/7.2.0/../../../../sparc-gaisler-elf/lib/leon/mfix-at697f\libm.a(lib_a-s_tan.o)
                0x000000004003a6d0                tan
 .text          0x000000004003a76c      0x128 c:/opt/bcc-2.0.2-gcc/bin/../lib/gcc/sparc-gaisler-elf/7.2.0/../../../../sparc-gaisler-elf/lib/leon/mfix-at697f\libm.a(lib_a-w_acos.o)
                0x000000004003a76c                acos
 .text          0x000000004003a894      0x128 c:/opt/bcc-2.0.2-gcc/bin/../lib/gcc/sparc-gaisler-elf/7.2.0/../../../../sparc-gaisler-elf/lib/leon/mfix-at697f\libm.a(lib_a-w_asin.o)
                0x000000004003a894                asin
 .text          0x000000004003a9bc        0xc c:/opt/bcc-2.0.2-gcc/bin/../lib/gcc/sparc-gaisler-elf/7.2.0/../../../../sparc-gaisler-elf/lib/leon/mfix-at697f\libm.a(lib_a-w_atan2.o)
                0x000000004003a9bc                atan2
 .text          0x000000004003a9c8      0x148 c:/opt/bcc-2.0.2-gcc/bin/../lib/gcc/sparc-gaisler-elf/7.2.0/../../../../sparc-gaisler-elf/lib/leon/mfix-at697f\libm.a(lib_a-w_fmod.o)
                0x000000004003a9c8                fmod
 .text          0x000000004003ab10      0x4a8 c:/opt/bcc-2.0.2-gcc/bin/../lib/gcc/sparc-gaisler-elf/7.2.0/../../../../sparc-gaisler-elf/lib/leon/mfix-at697f\libm.a(lib_a-w_pow.o)
                0x000000004003ab10                pow
 .text          0x000000004003afb8       0xfc c:/opt/bcc-2.0.2-gcc/bin/../lib/gcc/sparc-gaisler-elf/7.2.0/../../../../sparc-gaisler-elf/lib/leon/mfix-at697f\libm.a(lib_a-w_sqrt.o)
                0x000000004003afb8                sqrt
 .text          0x000000004003b0b4      0x37c c:/opt/bcc-2.0.2-gcc/bin/../lib/gcc/sparc-gaisler-elf/7.2.0/../../../../sparc-gaisler-elf/lib/leon/mfix-at697f\libm.a(lib_a-e_acos.o)
                0x000000004003b0b4                __ieee754_acos
 .text          0x000000004003b430      0x310 c:/opt/bcc-2.0.2-gcc/bin/../lib/gcc/sparc-gaisler-elf/7.2.0/../../../../sparc-gaisler-elf/lib/leon/mfix-at697f\libm.a(lib_a-e_asin.o)
                0x000000004003b430                __ieee754_asin
 .text          0x000000004003b740      0x2b4 c:/opt/bcc-2.0.2-gcc/bin/../lib/gcc/sparc-gaisler-elf/7.2.0/../../../../sparc-gaisler-elf/lib/leon/mfix-at697f\libm.a(lib_a-e_atan2.o)
                0x000000004003b740                __ieee754_atan2
 .text          0x000000004003b9f4      0x3ac c:/opt/bcc-2.0.2-gcc/bin/../lib/gcc/sparc-gaisler-elf/7.2.0/../../../../sparc-gaisler-elf/lib/leon/mfix-at697f\libm.a(lib_a-e_fmod.o)
                0x000000004003b9f4                __ieee754_fmod
 .text          0x000000004003bda0      0x8dc c:/opt/bcc-2.0.2-gcc/bin/../lib/gcc/sparc-gaisler-elf/7.2.0/../../../../sparc-gaisler-elf/lib/leon/mfix-at697f\libm.a(lib_a-e_pow.o)
                0x000000004003bda0                __ieee754_pow
 .text          0x000000004003c67c      0x39c c:/opt/bcc-2.0.2-gcc/bin/../lib/gcc/sparc-gaisler-elf/7.2.0/../../../../sparc-gaisler-elf/lib/leon/mfix-at697f\libm.a(lib_a-e_rem_pio2.o)
                0x000000004003c67c                __ieee754_rem_pio2
 .text          0x000000004003ca18      0x270 c:/opt/bcc-2.0.2-gcc/bin/../lib/gcc/sparc-gaisler-elf/7.2.0/../../../../sparc-gaisler-elf/lib/leon/mfix-at697f\libm.a(lib_a-e_sqrt.o)
                0x000000004003ca18                __ieee754_sqrt
 .text          0x000000004003cc88      0x1bc c:/opt/bcc-2.0.2-gcc/bin/../lib/gcc/sparc-gaisler-elf/7.2.0/../../../../sparc-gaisler-elf/lib/leon/mfix-at697f\libm.a(lib_a-k_cos.o)
                0x000000004003cc88                __kernel_cos
 .text          0x000000004003ce44      0xbdc c:/opt/bcc-2.0.2-gcc/bin/../lib/gcc/sparc-gaisler-elf/7.2.0/../../../../sparc-gaisler-elf/lib/leon/mfix-at697f\libm.a(lib_a-k_rem_pio2.o)
                0x000000004003ce44                __kernel_rem_pio2
 .text          0x000000004003da20      0x100 c:/opt/bcc-2.0.2-gcc/bin/../lib/gcc/sparc-gaisler-elf/7.2.0/../../../../sparc-gaisler-elf/lib/leon/mfix-at697f\libm.a(lib_a-k_sin.o)
                0x000000004003da20                __kernel_sin
 .text          0x000000004003db20      0x290 c:/opt/bcc-2.0.2-gcc/bin/../lib/gcc/sparc-gaisler-elf/7.2.0/../../../../sparc-gaisler-elf/lib/leon/mfix-at697f\libm.a(lib_a-k_tan.o)
                0x000000004003db20                __kernel_tan
 .text          0x000000004003ddb0       0x18 c:/opt/bcc-2.0.2-gcc/bin/../lib/gcc/sparc-gaisler-elf/7.2.0/../../../../sparc-gaisler-elf/lib/leon/mfix-at697f\libm.a(lib_a-s_finite.o)
                0x000000004003ddb0                finite
 .text          0x000000004003ddc8        0x0 c:/opt/bcc-2.0.2-gcc/bin/../lib/gcc/sparc-gaisler-elf/7.2.0/../../../../sparc-gaisler-elf/lib/leon/mfix-at697f\libm.a(lib_a-s_lib_ver.o)
 .text          0x000000004003ddc8        0x8 c:/opt/bcc-2.0.2-gcc/bin/../lib/gcc/sparc-gaisler-elf/7.2.0/../../../../sparc-gaisler-elf/lib/leon/mfix-at697f\libm.a(lib_a-s_matherr.o)
                0x000000004003ddc8                matherr
 .text          0x000000004003ddd0        0xc c:/opt/bcc-2.0.2-gcc/bin/../lib/gcc/sparc-gaisler-elf/7.2.0/../../../../sparc-gaisler-elf/lib/leon/mfix-at697f\libm.a(lib_a-s_nan.o)
                0x000000004003ddd0                nan
 .text          0x000000004003dddc      0x1ac c:/opt/bcc-2.0.2-gcc/bin/../lib/gcc/sparc-gaisler-elf/7.2.0/../../../../sparc-gaisler-elf/lib/leon/mfix-at697f\libm.a(lib_a-s_rint.o)
                0x000000004003dddc                rint
 .text          0x000000004003df88      0x14c c:/opt/bcc-2.0.2-gcc/bin/../lib/gcc/sparc-gaisler-elf/7.2.0/../../../../sparc-gaisler-elf/lib/leon/mfix-at697f\libm.a(lib_a-s_scalbn.o)
                0x000000004003df88                scalbn
 .text          0x000000004003e0d4       0x30 c:/opt/bcc-2.0.2-gcc/bin/../lib/gcc/sparc-gaisler-elf/7.2.0/../../../../sparc-gaisler-elf/lib/leon/mfix-at697f\libm.a(lib_a-s_copysign.o)
                0x000000004003e0d4                copysign
 .text          0x000000004003e104       0x7c c:/opt/bcc-2.0.2-gcc/bin/../sparc-gaisler-elf/bsp/leon2/leon/mfix-at697f\libbcc.a(reset_trap_mvt.S.o)
                0x000000004003e104                __bcc_trap_reset_mvt
 .text          0x000000004003e180       0xb0 c:/opt/bcc-2.0.2-gcc/bin/../sparc-gaisler-elf/bsp/leon2/leon/mfix-at697f\libbcc.a(window_trap.S.o)
                0x000000004003e180                __bcc_trap_window_overflow
                0x000000004003e1d0                __bcc_trap_window_underflow
 .text          0x000000004003e230      0x1b4 c:/opt/bcc-2.0.2-gcc/bin/../sparc-gaisler-elf/bsp/leon2/leon/mfix-at697f\libbcc.a(interrupt_trap.S.o)
                0x000000004003e230                __bcc_trap_interrupt_svt
                0x000000004003e234                __bcc_trap_interrupt
 .text          0x000000004003e3e4       0x88 c:/opt/bcc-2.0.2-gcc/bin/../sparc-gaisler-elf/bsp/leon2/leon/mfix-at697f\libbcc.a(flush_windows_trap.S.o)
                0x000000004003e3e4                __bcc_trap_flush_windows
 .text          0x000000004003e46c       0x2c c:/opt/bcc-2.0.2-gcc/bin/../sparc-gaisler-elf/bsp/leon2/leon/mfix-at697f\libbcc.a(sw_trap_set_pil.S.o)
                0x000000004003e46c                __bcc_trap_sw_set_pil
 .text          0x000000004003e498       0xb0 c:/opt/bcc-2.0.2-gcc/bin/../sparc-gaisler-elf/bsp/leon2/leon/mfix-at697f\libbcc.a(trap.c.o)
                0x000000004003e498                bcc_set_trap
 .text          0x000000004003e548        0x0 c:/opt/bcc-2.0.2-gcc/bin/../sparc-gaisler-elf/bsp/leon2/leon/mfix-at697f\libbcc.a(isr.c.o)
 .text          0x000000004003e548        0x0 c:/opt/bcc-2.0.2-gcc/bin/../sparc-gaisler-elf/bsp/leon2/leon/mfix-at697f\libbcc.a(int_nest.c.o)
 .text          0x000000004003e548        0x8 c:/opt/bcc-2.0.2-gcc/bin/../sparc-gaisler-elf/bsp/leon2/leon/mfix-at697f\libbcc.a(init.S.o)
                0x000000004003e548                __bcc_init40
                0x000000004003e548                __bcc_init70
                0x000000004003e548                __bcc_init60
                0x000000004003e548                __bcc_init50
 .text          0x000000004003e550       0x84 c:/opt/bcc-2.0.2-gcc/bin/../sparc-gaisler-elf/bsp/leon2/leon/mfix-at697f\libbcc.a(leon_info.S.o)
                0x000000004003e550                __bcc_get_leon_info
                0x000000004003e5c4                bcc_get_cpuid
 .text          0x000000004003e5d4       0x2c c:/opt/bcc-2.0.2-gcc/bin/../sparc-gaisler-elf/bsp/leon2/leon/mfix-at697f\libbcc.a(dwzero.S.o)
                0x000000004003e5d4                bcc_dwzero
 .text          0x000000004003e600       0x5c c:/opt/bcc-2.0.2-gcc/bin/../sparc-gaisler-elf/bsp/leon2/leon/mfix-at697f\libbcc.a(copy_data.c.o)
                0x000000004003e600                __bcc_copy_data
 *fill*         0x000000004003e65c        0x4 
 .text          0x000000004003e660       0x90 c:/opt/bcc-2.0.2-gcc/bin/../sparc-gaisler-elf/bsp/leon2/leon/mfix-at697f\libbcc.a(lowlevel.S.o)
                0x000000004003e660                bcc_loadnocache
                0x000000004003e66c                bcc_loadnocache16
                0x000000004003e678                bcc_loadnocache8
                0x000000004003e690                bcc_ldstub
                0x000000004003e69c                bcc_set_psr
                0x000000004003e6b4                bcc_get_psr
                0x000000004003e6bc                bcc_get_pil
                0x000000004003e6cc                bcc_set_tbr
                0x000000004003e6e4                bcc_get_tbr
 .text          0x000000004003e6f0       0x50 c:/opt/bcc-2.0.2-gcc/bin/../sparc-gaisler-elf/bsp/leon2/leon/mfix-at697f\libbcc.a(lowlevel_leon2.S.o)
                0x000000004003e6f0                bcc_set_ccr
                0x000000004003e700                bcc_get_ccr
                0x000000004003e710                bcc_flush_cache
                0x000000004003e71c                bcc_flush_icache
                0x000000004003e724                bcc_flush_dcache
                0x000000004003e72c                bcc_power_down
 .text          0x000000004003e740      0x160 c:/opt/bcc-2.0.2-gcc/bin/../sparc-gaisler-elf/bsp/leon2/leon/mfix-at697f\libbcc.a(int_leon2.c.o)
                0x000000004003e740                bcc_int_mask
                0x000000004003e790                bcc_int_unmask
                0x000000004003e7e0                bcc_int_clear
                0x000000004003e818                bcc_int_force
                0x000000004003e85c                bcc_int_pend
 .text          0x000000004003e8a0        0x8 c:/opt/bcc-2.0.2-gcc/bin/../sparc-gaisler-elf/bsp/leon2/leon/mfix-at697f\libbcc.a(int_leon2_get_source.c.o)
                0x000000004003e8a0                __bcc_int_get_source
 .text          0x000000004003e8a8        0x8 c:/opt/bcc-2.0.2-gcc/bin/../sparc-gaisler-elf/bsp/leon2/leon/mfix-at697f\libbcc.a(int_leon2_init.c.o)
                0x000000004003e8a8                __bcc_int_init
 .text          0x000000004003e8b0       0x70 c:/opt/bcc-2.0.2-gcc/bin/../sparc-gaisler-elf/bsp/leon2/leon/mfix-at697f\libbcc.a(con_leon2.c.o)
                0x000000004003e8b0                __bcc_con_init
                0x000000004003e8b8                __bcc_con_outbyte
                0x000000004003e8ec                __bcc_con_inbyte
 .text          0x000000004003e920       0x30 c:/opt/bcc-2.0.2-gcc/bin/../sparc-gaisler-elf/bsp/leon2/leon/mfix-at697f\libbcc.a(timer_leon2.c.o)
                0x000000004003e920                __bcc_timer_init
                0x000000004003e928                bcc_timer_get_us
 .text          0x000000004003e950        0xc c:/opt/bcc-2.0.2-gcc/bin/../sparc-gaisler-elf/bsp/leon2/leon/mfix-at697f\libbcc.a(set_pil.S.o)
                0x000000004003e950                bcc_set_pil
 .text          0x000000004003e95c        0x0 c:/opt/bcc-2.0.2-gcc/bin/../sparc-gaisler-elf/bsp/leon2/leon/mfix-at697f\libbcc.a(int_leon2_handle.c.o)
 .text          0x000000004003e95c        0x0 c:/opt/bcc-2.0.2-gcc/bin/../sparc-gaisler-elf/bsp/leon2/leon/mfix-at697f\libbcc.a(con_handle.c.o)
 .text          0x000000004003e95c        0x0 c:/opt/bcc-2.0.2-gcc/bin/../sparc-gaisler-elf/bsp/leon2/leon/mfix-at697f\libbcc.a(timer_handle.c.o)
 .text          0x000000004003e95c       0x1c c:/opt/bcc-2.0.2-gcc/bin/../lib/gcc/sparc-gaisler-elf/7.2.0/../../../../sparc-gaisler-elf/lib/leon/mfix-at697f\libc.a(lib_a-atexit.o)
                0x000000004003e95c                atexit
 .text          0x000000004003e978        0xc c:/opt/bcc-2.0.2-gcc/bin/../lib/gcc/sparc-gaisler-elf/7.2.0/../../../../sparc-gaisler-elf/lib/leon/mfix-at697f\libc.a(lib_a-errno.o)
                0x000000004003e978                __errno
 .text          0x000000004003e984       0x3c c:/opt/bcc-2.0.2-gcc/bin/../lib/gcc/sparc-gaisler-elf/7.2.0/../../../../sparc-gaisler-elf/lib/leon/mfix-at697f\libc.a(lib_a-exit.o)
                0x000000004003e984                exit
 .text          0x000000004003e9c0        0x0 c:/opt/bcc-2.0.2-gcc/bin/../lib/gcc/sparc-gaisler-elf/7.2.0/../../../../sparc-gaisler-elf/lib/leon/mfix-at697f\libc.a(lib_a-impure.o)
 .text          0x000000004003e9c0      0x19c c:/opt/bcc-2.0.2-gcc/bin/../lib/gcc/sparc-gaisler-elf/7.2.0/../../../../sparc-gaisler-elf/lib/leon/mfix-at697f\libc.a(lib_a-memcpy.o)
                0x000000004003e9c0                memcpy
 .text          0x000000004003eb5c      0x158 c:/opt/bcc-2.0.2-gcc/bin/../lib/gcc/sparc-gaisler-elf/7.2.0/../../../../sparc-gaisler-elf/lib/leon/mfix-at697f\libc.a(lib_a-__atexit.o)
                0x000000004003eb5c                __register_exitproc
 .text          0x000000004003ecb4      0x2b4 c:/opt/bcc-2.0.2-gcc/bin/../lib/gcc/sparc-gaisler-elf/7.2.0/../../../../sparc-gaisler-elf/lib/leon/mfix-at697f\libc.a(lib_a-__call_atexit.o)
                0x000000004003ecb4                __call_exitprocs
 .text          0x000000004003ef68       0x18 c:/opt/bcc-2.0.2-gcc/bin/../sparc-gaisler-elf/bsp/leon2/leon/mfix-at697f\libbcc.a(_exit.S.o)
                0x000000004003ef68                _exit
 .text          0x000000004003ef80       0x48 c:/opt/bcc-2.0.2-gcc/bin/../lib/gcc/sparc-gaisler-elf/7.2.0/leon/mfix-at697f/crtend.o
 .text          0x000000004003efc8        0x0 c:/opt/bcc-2.0.2-gcc/bin/../lib/gcc/sparc-gaisler-elf/7.2.0/leon/mfix-at697f/crtn.o
                0x000000004003efd0                . = ALIGN (0x10)
 *fill*         0x000000004003efc8        0x8 
 *(.eh_frame)
 .eh_frame      0x000000004003efd0        0x0 c:/opt/bcc-2.0.2-gcc/bin/../lib/gcc/sparc-gaisler-elf/7.2.0/leon/mfix-at697f/crtbegin.o
 .eh_frame      0x000000004003efd0        0x4 c:/opt/bcc-2.0.2-gcc/bin/../lib/gcc/sparc-gaisler-elf/7.2.0/leon/mfix-at697f/crtend.o
                0x000000004003efe0                . = ALIGN (0x10)
 *fill*         0x000000004003efd4        0xc 
 *(.gnu.linkonce.t*)
                0x000000004003efe0                ___CTOR_LIST__ = .
                0x000000004003efe0        0x4 LONG 0x2 (((___CTOR_END__ - ___CTOR_LIST__) / 0x4) - 0x2)
 *(SORT(.ctors.*))
 *(.ctors)
 .ctors         0x000000004003efe4        0x4 c:/opt/bcc-2.0.2-gcc/bin/../lib/gcc/sparc-gaisler-elf/7.2.0/leon/mfix-at697f/crtbegin.o
 .ctors         0x000000004003efe8        0x4 c:/opt/bcc-2.0.2-gcc/bin/../lib/gcc/sparc-gaisler-elf/7.2.0/leon/mfix-at697f/crtend.o
                0x000000004003efec        0x4 LONG 0x0
                0x000000004003eff0                ___CTOR_END__ = .
                0x000000004003eff0                ___DTOR_LIST__ = .
                0x000000004003eff0        0x4 LONG 0x2 (((___DTOR_END__ - ___DTOR_LIST__) / 0x4) - 0x2)
 *(SORT(.dtors.*))
 *(.dtors)
 .dtors         0x000000004003eff4        0x4 c:/opt/bcc-2.0.2-gcc/bin/../lib/gcc/sparc-gaisler-elf/7.2.0/leon/mfix-at697f/crtbegin.o
 .dtors         0x000000004003eff8        0x4 c:/opt/bcc-2.0.2-gcc/bin/../lib/gcc/sparc-gaisler-elf/7.2.0/leon/mfix-at697f/crtend.o
                0x000000004003eff8                __DTOR_END__
                0x000000004003effc        0x4 LONG 0x0
                0x000000004003f000                ___DTOR_END__ = .
 *(.gnu.linkonce*)
 *(.init)
 .init          0x000000004003f000        0x4 c:/opt/bcc-2.0.2-gcc/bin/../lib/gcc/sparc-gaisler-elf/7.2.0/leon/mfix-at697f/crti.o
                0x000000004003f000                _init
 .init          0x000000004003f004        0x8 c:/opt/bcc-2.0.2-gcc/bin/../lib/gcc/sparc-gaisler-elf/7.2.0/leon/mfix-at697f/crtbegin.o
 .init          0x000000004003f00c        0x8 c:/opt/bcc-2.0.2-gcc/bin/../lib/gcc/sparc-gaisler-elf/7.2.0/leon/mfix-at697f/crtend.o
 .init          0x000000004003f014        0xc c:/opt/bcc-2.0.2-gcc/bin/../lib/gcc/sparc-gaisler-elf/7.2.0/leon/mfix-at697f/crtn.o
 *(.fini)
 .fini          0x000000004003f020        0x4 c:/opt/bcc-2.0.2-gcc/bin/../lib/gcc/sparc-gaisler-elf/7.2.0/leon/mfix-at697f/crti.o
                0x000000004003f020                _fini
 .fini          0x000000004003f024        0x8 c:/opt/bcc-2.0.2-gcc/bin/../lib/gcc/sparc-gaisler-elf/7.2.0/leon/mfix-at697f/crtbegin.o
 .fini          0x000000004003f02c        0xc c:/opt/bcc-2.0.2-gcc/bin/../lib/gcc/sparc-gaisler-elf/7.2.0/leon/mfix-at697f/crtn.o
 *(.lit)
 *(.shdata)
                0x000000004003f040                . = ALIGN (0x10)
 *fill*         0x000000004003f038        0x8 
                0x000000004003f040                __text_end = .

.gcc_except_table
 *(.gcc_except_table)

.rodata         0x000000004003f040     0x5130
                0x000000004003f040                __rodata_start = .
 *(.rodata*)
 .rodata.cst8   0x000000004003f040       0x38 C:\Users\Bhagawat\AppData\Local\Temp\ccOlPDq7.o
 .rodata        0x000000004003f078        0x0 C:\Users\Bhagawat\AppData\Local\Temp\ccMyElwm.o
 .rodata        0x000000004003f078       0x10 C:\Users\Bhagawat\AppData\Local\Temp\cc8uhR8p.o
 .rodata.cst4   0x000000004003f088        0x4 C:\Users\Bhagawat\AppData\Local\Temp\ccyeX3GB.o
 .rodata        0x000000004003f08c        0x0 C:\Users\Bhagawat\AppData\Local\Temp\ccyeX3GB.o
 .rodata        0x000000004003f08c        0x0 C:\Users\Bhagawat\AppData\Local\Temp\ccWPzrH0.o
 *fill*         0x000000004003f08c        0x4 
 .rodata.cst8   0x000000004003f090        0x8 C:\Users\Bhagawat\AppData\Local\Temp\ccD90uWv.o
 .rodata.cst8   0x000000004003f098       0x58 C:\Users\Bhagawat\AppData\Local\Temp\ccIqQhw6.o
                                         0xc8 (size before relaxing)
 .rodata.cst4   0x000000004003f0f0        0x4 C:\Users\Bhagawat\AppData\Local\Temp\ccIqQhw6.o
 *fill*         0x000000004003f0f4        0x4 
 .rodata.cst8   0x000000004003f0f8       0x18 C:\Users\Bhagawat\AppData\Local\Temp\ccMsKRtS.o
                                         0x78 (size before relaxing)
 .rodata        0x000000004003f110     0x4724 C:\Users\Bhagawat\AppData\Local\Temp\cc0hf7cO.o
                0x000000004003f110                c_I_nine_cross_nine
                0x000000004003f398                c_I_three_cross_three
                0x000000004003f3e0                c_Tv_wof_0034
                0x000000004003f428                c_Tv_wof_0204
                0x000000004003f470                c_Tv_wof_0230
                0x000000004003f4b8                c_Tv_wof_1004
                0x000000004003f500                c_Tv_wof_1030
                0x000000004003f548                c_Tv_wof_1200
                0x000000004003f590                c_B2wh_mat_0034
                0x000000004003f5f0                c_B2wh_mat_0204
                0x000000004003f650                c_B2wh_mat_0230
                0x000000004003f6b0                c_B2wh_mat_1004
                0x000000004003f710                c_B2wh_mat_1030
                0x000000004003f770                c_B2wh_mat_1200
                0x000000004003f7d0                c_B2wh_mat_0234
                0x000000004003f830                c_B2wh_mat_1034
                0x000000004003f890                c_B2wh_mat_1204
                0x000000004003f8f0                c_B2wh_mat_1230
                0x000000004003f950                c_B2wh_mat_4RW
                0x000000004003f9b0                c_wh2B_mat_0034
                0x000000004003fa10                c_wh2B_mat_0204
                0x000000004003fa70                c_wh2B_mat_0230
                0x000000004003fad0                c_wh2B_mat_1004
                0x000000004003fb30                c_wh2B_mat_1030
                0x000000004003fb90                c_wh2B_mat_1200
                0x000000004003fbf0                c_wh2B_mat_0234
                0x000000004003fc50                c_wh2B_mat_1034
                0x000000004003fcb0                c_wh2B_mat_1204
                0x000000004003fd10                c_wh2B_mat_1230
                0x000000004003fd70                c_wh2B_mat_4RW
                0x000000004003fdd0                c_MOI_wh
                0x000000004003fdd8                c_MOI_wh4
                0x000000004003fde0                c_MOI_wh3
                0x000000004003fde8                c_MOI_wh2
                0x000000004003fdf0                c_MOI_wh1
                0x000000004003fdf8                TC_T_RW_MAX
                0x000000004003fe00                c_RADps2RPM
                0x000000004003fe08                c_RPM2RADpS
                0x000000004003fe10                c_DPMMAX
                0x000000004003fe18                c_wkm_sunmag
                0x000000004003fe20                c_wks_sunmag
                0x000000004003fe28                c_wkm_mag
                0x000000004003fe30                c_wks_mag
                0x000000004003fe38                c_ss2b4156
                0x000000004003fe80                c_ss2b3456
                0x000000004003fec8                c_ss2b2356
                0x000000004003ff10                c_ss2b1256
                0x000000004003ff58                c_misaln_cor146
                0x000000004003ffa0                c_misaln_cor145
                0x000000004003ffe8                c_misaln_cor346
                0x0000000040040030                c_misaln_cor345
                0x0000000040040078                c_misaln_cor326
                0x00000000400400c0                c_misaln_cor325
                0x0000000040040108                c_misaln_cor126
                0x0000000040040150                c_misaln_cor125
                0x0000000040040198                c_AngDev_SAMtransit_thrsld
                0x00000000400401a0                c_AngDev_SMtransit_thrsld
                0x00000000400401a8                c_Sunlit_Thrsld
                0x00000000400401b0                c_SSThrsld
                0x00000000400401b8                c_Imax_YN_Main
                0x00000000400401c0                c_Imax_YP_Main
                0x00000000400401c8                c_Imax_PN_Main
                0x00000000400401d0                c_Imax_PP_Main
                0x00000000400401d8                c_Imax_RNND_Main
                0x00000000400401e0                c_Imax_RPND_Main
                0x00000000400401e8                c_Imax_RND_Main
                0x00000000400401f0                c_Imax_RPD_Main
                0x00000000400401f8                c_Imax_YN_Red
                0x0000000040040200                c_Imax_YP_Red
                0x0000000040040208                c_Imax_PN_Red
                0x0000000040040210                c_Imax_PP_Red
                0x0000000040040218                c_Imax_RNND_Red
                0x0000000040040220                c_Imax_RPND_Red
                0x0000000040040228                c_Imax_RND_Red
                0x0000000040040230                c_Imax_RPD_Red
                0x0000000040040238                c_KDset3
                0x0000000040040240                c_KDset2
                0x0000000040040248                c_KDset1
                0x0000000040040250                c_Epsilon2
                0x0000000040040258                c_Epsilon1
                0x0000000040040260                c_Sun_Dis3
                0x0000000040040268                c_Sun_Dis2
                0x0000000040040270                c_Sun_Dis1
                0x0000000040040278                c_L_Ecliptic2
                0x0000000040040280                c_L_Ecliptic1
                0x0000000040040288                c_Msun2
                0x0000000040040290                c_Msun1
                0x0000000040040298                c_L_Msun2
                0x00000000400402a0                c_L_Msun1
                0x00000000400402a8                c_hsval
                0x00000000400405e8                c_hval
                0x0000000040040928                c_gsval
                0x0000000040040c68                c_gval
                0x0000000040040fa8                c_sdmax
                0x0000000040040fb0                c_a
                0x0000000040040fb8                c_Pibytwo
                0x0000000040040fc0                c_Kmax
                0x0000000040040fc4                c_Nmax
                0x0000000040040fc8                nut
                0x00000000400430e8                fc
                0x00000000400431b0                c_rk_T
                0x0000000040043438                c_rk
                0x00000000400436c0                c_I_four_cross_four
                0x0000000040043700                c_onesecond
                0x0000000040043708                c_oneminute
                0x0000000040043710                c_halfhour
                0x0000000040043718                c_Mmax
                0x0000000040043720                c_AS2R
                0x0000000040043728                c_R2D
                0x0000000040043730                c_D2R
                0x0000000040043738                c_min_per_day
                0x0000000040043740                c_temp4
                0x0000000040043748                c_j4
                0x0000000040043750                c_j3oj2
                0x0000000040043758                c_qzms2t
                0x0000000040043760                c_ss
                0x0000000040043768                c_xpdotp
                0x0000000040043770                c_Pi
                0x0000000040043778                c_Day_To_Seconds
                0x0000000040043780                c_invmu
                0x0000000040043788                c_mu
                0x0000000040043790                c_dividebyzerovalue
                0x0000000040043798                c_xke
                0x00000000400437a0                c_x2o3
                0x00000000400437a8                c_Twopi
                0x00000000400437b0                c_j2
                0x00000000400437b8                c_au
                0x00000000400437c0                c_auer
                0x00000000400437c8                c_radiusearthkm
                0x00000000400437d0                c_vkmpersec
                0x00000000400437d8                c_OMEGAE
                0x00000000400437e0                c_tsince_min
                0x00000000400437e8                c_twomu
                0x00000000400437f0                c_MiC
                0x00000000400437f8                c_MaC
                0x0000000040043800                c_TM_RW_Resol
                0x0000000040043808                c_TM_Resol_B
                0x0000000040043810                c_TM_Resol_w
                0x0000000040043818                c_TM_Resol_DelThta
                0x0000000040043820                c_Resol_DelThta
                0x0000000040043828                c_Resol_B
                0x0000000040043830                c_FFFF
 *fill*         0x0000000040043834        0x4 
 .rodata.cst8   0x0000000040043838       0x58 C:\Users\Bhagawat\AppData\Local\Temp\cctYtwV7.o
                                         0xb0 (size before relaxing)
 .rodata.cst8   0x0000000040043890       0x30 C:\Users\Bhagawat\AppData\Local\Temp\cceg9jDM.o
                                         0x78 (size before relaxing)
 .rodata        0x00000000400438c0        0x0 C:\Users\Bhagawat\AppData\Local\Temp\cceg9jDM.o
 .rodata.cst8   0x00000000400438c0       0x48 C:\Users\Bhagawat\AppData\Local\Temp\cclXQm4R.o
                                         0x68 (size before relaxing)
 .rodata.cst4   0x0000000040043908        0x8 C:\Users\Bhagawat\AppData\Local\Temp\cclXQm4R.o
 .rodata.cst8   0x0000000040043910       0x38 C:\Users\Bhagawat\AppData\Local\Temp\cc5H2gHE.o
                                         0xa0 (size before relaxing)
 .rodata.cst4   0x0000000040043948        0x8 C:\Users\Bhagawat\AppData\Local\Temp\cc5H2gHE.o
                                          0xc (size before relaxing)
 .rodata.cst8   0x0000000040043950      0x290 C:\Users\Bhagawat\AppData\Local\Temp\ccW6wl17.o
                                        0x3c0 (size before relaxing)
 .rodata.cst8   0x0000000040043be0       0x88 C:\Users\Bhagawat\AppData\Local\Temp\ccnd7Fb2.o
 .rodata.cst8   0x0000000040043be0       0xa8 c:/opt/bcc-2.0.2-gcc/bin/../lib/gcc/sparc-gaisler-elf/7.2.0/../../../../sparc-gaisler-elf/lib/leon/mfix-at697f\libm.a(lib_a-s_atan.o)
                                         0xd0 (size before relaxing)
 .rodata.cst8   0x0000000040043c88       0x10 c:/opt/bcc-2.0.2-gcc/bin/../lib/gcc/sparc-gaisler-elf/7.2.0/../../../../sparc-gaisler-elf/lib/leon/mfix-at697f\libm.a(lib_a-s_floor.o)
 .rodata.str1.8
                0x0000000040043c88        0x9 c:/opt/bcc-2.0.2-gcc/bin/../lib/gcc/sparc-gaisler-elf/7.2.0/../../../../sparc-gaisler-elf/lib/leon/mfix-at697f\libm.a(lib_a-w_acos.o)
 .rodata.cst8   0x0000000040043c91        0x8 c:/opt/bcc-2.0.2-gcc/bin/../lib/gcc/sparc-gaisler-elf/7.2.0/../../../../sparc-gaisler-elf/lib/leon/mfix-at697f\libm.a(lib_a-w_acos.o)
 *fill*         0x0000000040043c91        0x7 
 .rodata.str1.8
                0x0000000040043c98        0x5 c:/opt/bcc-2.0.2-gcc/bin/../lib/gcc/sparc-gaisler-elf/7.2.0/../../../../sparc-gaisler-elf/lib/leon/mfix-at697f\libm.a(lib_a-w_asin.o)
                                          0x9 (size before relaxing)
 .rodata.cst8   0x0000000040043c9d        0x8 c:/opt/bcc-2.0.2-gcc/bin/../lib/gcc/sparc-gaisler-elf/7.2.0/../../../../sparc-gaisler-elf/lib/leon/mfix-at697f\libm.a(lib_a-w_asin.o)
 *fill*         0x0000000040043c9d        0x3 
 .rodata.str1.8
                0x0000000040043ca0        0x5 c:/opt/bcc-2.0.2-gcc/bin/../lib/gcc/sparc-gaisler-elf/7.2.0/../../../../sparc-gaisler-elf/lib/leon/mfix-at697f\libm.a(lib_a-w_fmod.o)
 .rodata.cst8   0x0000000040043ca5        0x8 c:/opt/bcc-2.0.2-gcc/bin/../lib/gcc/sparc-gaisler-elf/7.2.0/../../../../sparc-gaisler-elf/lib/leon/mfix-at697f\libm.a(lib_a-w_fmod.o)
 *fill*         0x0000000040043ca5        0x3 
 .rodata.str1.8
                0x0000000040043ca8        0x4 c:/opt/bcc-2.0.2-gcc/bin/../lib/gcc/sparc-gaisler-elf/7.2.0/../../../../sparc-gaisler-elf/lib/leon/mfix-at697f\libm.a(lib_a-w_pow.o)
 *fill*         0x0000000040043cac        0x4 
 .rodata.cst8   0x0000000040043cb0       0x20 c:/opt/bcc-2.0.2-gcc/bin/../lib/gcc/sparc-gaisler-elf/7.2.0/../../../../sparc-gaisler-elf/lib/leon/mfix-at697f\libm.a(lib_a-w_pow.o)
                                         0x38 (size before relaxing)
 .rodata.str1.8
                0x0000000040043cd0        0x8 c:/opt/bcc-2.0.2-gcc/bin/../lib/gcc/sparc-gaisler-elf/7.2.0/../../../../sparc-gaisler-elf/lib/leon/mfix-at697f\libm.a(lib_a-w_sqrt.o)
                                          0x5 (size before relaxing)
 .rodata.cst8   0x0000000040043cd8        0x8 c:/opt/bcc-2.0.2-gcc/bin/../lib/gcc/sparc-gaisler-elf/7.2.0/../../../../sparc-gaisler-elf/lib/leon/mfix-at697f\libm.a(lib_a-w_sqrt.o)
 .rodata.cst8   0x0000000040043cd8       0x58 c:/opt/bcc-2.0.2-gcc/bin/../lib/gcc/sparc-gaisler-elf/7.2.0/../../../../sparc-gaisler-elf/lib/leon/mfix-at697f\libm.a(lib_a-e_acos.o)
                                         0x80 (size before relaxing)
 .rodata.cst8   0x0000000040043d30       0x80 c:/opt/bcc-2.0.2-gcc/bin/../lib/gcc/sparc-gaisler-elf/7.2.0/../../../../sparc-gaisler-elf/lib/leon/mfix-at697f\libm.a(lib_a-e_asin.o)
 .rodata.cst8   0x0000000040043d30       0x28 c:/opt/bcc-2.0.2-gcc/bin/../lib/gcc/sparc-gaisler-elf/7.2.0/../../../../sparc-gaisler-elf/lib/leon/mfix-at697f\libm.a(lib_a-e_atan2.o)
                                         0x58 (size before relaxing)
 .rodata        0x0000000040043d58       0x10 c:/opt/bcc-2.0.2-gcc/bin/../lib/gcc/sparc-gaisler-elf/7.2.0/../../../../sparc-gaisler-elf/lib/leon/mfix-at697f\libm.a(lib_a-e_fmod.o)
 .rodata.str1.8
                0x0000000040043d68        0x1 c:/opt/bcc-2.0.2-gcc/bin/../lib/gcc/sparc-gaisler-elf/7.2.0/../../../../sparc-gaisler-elf/lib/leon/mfix-at697f\libm.a(lib_a-e_pow.o)
 .rodata.cst8   0x0000000040043d68       0xc8 c:/opt/bcc-2.0.2-gcc/bin/../lib/gcc/sparc-gaisler-elf/7.2.0/../../../../sparc-gaisler-elf/lib/leon/mfix-at697f\libm.a(lib_a-e_pow.o)
                                        0x120 (size before relaxing)
 .rodata.cst8   0x0000000040043e30       0x40 c:/opt/bcc-2.0.2-gcc/bin/../lib/gcc/sparc-gaisler-elf/7.2.0/../../../../sparc-gaisler-elf/lib/leon/mfix-at697f\libm.a(lib_a-e_rem_pio2.o)
                                         0x50 (size before relaxing)
 .rodata        0x0000000040043e70      0x188 c:/opt/bcc-2.0.2-gcc/bin/../lib/gcc/sparc-gaisler-elf/7.2.0/../../../../sparc-gaisler-elf/lib/leon/mfix-at697f\libm.a(lib_a-e_rem_pio2.o)
 .rodata.cst8   0x0000000040043ff8       0x40 c:/opt/bcc-2.0.2-gcc/bin/../lib/gcc/sparc-gaisler-elf/7.2.0/../../../../sparc-gaisler-elf/lib/leon/mfix-at697f\libm.a(lib_a-k_cos.o)
                                         0x50 (size before relaxing)
 .rodata.cst8   0x0000000040044038       0x50 c:/opt/bcc-2.0.2-gcc/bin/../lib/gcc/sparc-gaisler-elf/7.2.0/../../../../sparc-gaisler-elf/lib/leon/mfix-at697f\libm.a(lib_a-k_rem_pio2.o)
                                         0x78 (size before relaxing)
 .rodata        0x0000000040044088       0x10 c:/opt/bcc-2.0.2-gcc/bin/../lib/gcc/sparc-gaisler-elf/7.2.0/../../../../sparc-gaisler-elf/lib/leon/mfix-at697f\libm.a(lib_a-k_rem_pio2.o)
 .rodata.cst8   0x0000000040044098       0x30 c:/opt/bcc-2.0.2-gcc/bin/../lib/gcc/sparc-gaisler-elf/7.2.0/../../../../sparc-gaisler-elf/lib/leon/mfix-at697f\libm.a(lib_a-k_sin.o)
                                         0x38 (size before relaxing)
 .rodata.cst8   0x00000000400440c8       0x68 c:/opt/bcc-2.0.2-gcc/bin/../lib/gcc/sparc-gaisler-elf/7.2.0/../../../../sparc-gaisler-elf/lib/leon/mfix-at697f\libm.a(lib_a-k_tan.o)
                                         0x90 (size before relaxing)
 .rodata.cst8   0x0000000040044130        0x8 c:/opt/bcc-2.0.2-gcc/bin/../lib/gcc/sparc-gaisler-elf/7.2.0/../../../../sparc-gaisler-elf/lib/leon/mfix-at697f\libm.a(lib_a-s_nan.o)
 .rodata        0x0000000040044138       0x10 c:/opt/bcc-2.0.2-gcc/bin/../lib/gcc/sparc-gaisler-elf/7.2.0/../../../../sparc-gaisler-elf/lib/leon/mfix-at697f\libm.a(lib_a-s_rint.o)
 .rodata.cst8   0x0000000040044148       0x18 c:/opt/bcc-2.0.2-gcc/bin/../lib/gcc/sparc-gaisler-elf/7.2.0/../../../../sparc-gaisler-elf/lib/leon/mfix-at697f\libm.a(lib_a-s_scalbn.o)
                                         0x20 (size before relaxing)
 .rodata        0x0000000040044160        0x4 c:/opt/bcc-2.0.2-gcc/bin/../lib/gcc/sparc-gaisler-elf/7.2.0/../../../../sparc-gaisler-elf/lib/leon/mfix-at697f\libc.a(lib_a-impure.o)
                0x0000000040044160                _global_impure_ptr
 *(.gnu.linkonce.r*)
                0x0000000040044170                . = ALIGN (0x10)
 *fill*         0x0000000040044164        0xc 
                0x0000000040044170                __rodata_end = .

.rela.dyn       0x0000000040044170        0x0
 .rela.iplt     0x0000000040044170        0x0 c:/opt/bcc-2.0.2-gcc/bin/../sparc-gaisler-elf/bsp/leon2/leon/mfix-at697f/trap_table_mvt.S.o
 .rela.text.traptable
                0x0000000040044170        0x0 c:/opt/bcc-2.0.2-gcc/bin/../sparc-gaisler-elf/bsp/leon2/leon/mfix-at697f/trap_table_mvt.S.o
 .rela.text     0x0000000040044170        0x0 c:/opt/bcc-2.0.2-gcc/bin/../sparc-gaisler-elf/bsp/leon2/leon/mfix-at697f/trap_table_mvt.S.o
 .rela.text.startup
                0x0000000040044170        0x0 c:/opt/bcc-2.0.2-gcc/bin/../sparc-gaisler-elf/bsp/leon2/leon/mfix-at697f/trap_table_mvt.S.o
 .rela.data     0x0000000040044170        0x0 c:/opt/bcc-2.0.2-gcc/bin/../sparc-gaisler-elf/bsp/leon2/leon/mfix-at697f/trap_table_mvt.S.o

.ext.data       0x0000000040044170        0x0
                0x0000000040044170                . = ALIGN (0x8)
                0x0000000040044170                __extdata_start = .
 *(.data.ext)
                0x0000000040044170                . = ALIGN (0x8)
                0x0000000040044170                __extdata_end = .
                0x0000000040044170                __extdata_start_lma = LOADADDR (.ext.data)
                0x0000000000000000                __extdata_size = SIZEOF (.ext.data)

.data           0x0000000040044170      0x540
                0x0000000040044170                . = ALIGN (0x8)
                0x0000000040044170                __data_start = .
 *(.data .data.*)
 .data          0x0000000040044170        0x0 c:/opt/bcc-2.0.2-gcc/bin/../sparc-gaisler-elf/bsp/leon2/leon/mfix-at697f/trap_table_mvt.S.o
 .data          0x0000000040044170        0x0 c:/opt/bcc-2.0.2-gcc/bin/../sparc-gaisler-elf/bsp/leon2/leon/mfix-at697f/crt0.S.o
 .data          0x0000000040044170        0x0 c:/opt/bcc-2.0.2-gcc/bin/../lib/gcc/sparc-gaisler-elf/7.2.0/leon/mfix-at697f/crti.o
 .data          0x0000000040044170        0x4 c:/opt/bcc-2.0.2-gcc/bin/../lib/gcc/sparc-gaisler-elf/7.2.0/leon/mfix-at697f/crtbegin.o
                0x0000000040044170                __dso_handle
 .data          0x0000000040044174        0x0 C:\Users\Bhagawat\AppData\Local\Temp\ccOlPDq7.o
 .data          0x0000000040044174        0x0 C:\Users\Bhagawat\AppData\Local\Temp\ccMyElwm.o
 .data          0x0000000040044174       0x24 C:\Users\Bhagawat\AppData\Local\Temp\cc8uhR8p.o
                0x0000000040044188                test_st_sp_d
                0x000000004004418c                test_st_sp_c
                0x0000000040044190                test_st_sp_b
                0x0000000040044191                test_st_b
                0x0000000040044192                test_st
                0x0000000040044194                real_tm_wait
 .data          0x0000000040044198      0x390 C:\Users\Bhagawat\AppData\Local\Temp\ccyeX3GB.o
                0x0000000040044198                Resol_Table_Adcs
                0x0000000040044260                BlkExe_Status
                0x0000000040044264                FuncExecute_Table
                0x00000000400444bc                Resol_Table
 .data          0x0000000040044528        0x0 C:\Users\Bhagawat\AppData\Local\Temp\cc274ioY.o
 .data          0x0000000040044528        0x0 C:\Users\Bhagawat\AppData\Local\Temp\cclb7a3j.o
 .data          0x0000000040044528        0x8 C:\Users\Bhagawat\AppData\Local\Temp\ccWPzrH0.o
                0x0000000040044528                PL_Debug_Data
 .data          0x0000000040044530       0x20 C:\Users\Bhagawat\AppData\Local\Temp\ccTfBCGT.o
                0x0000000040044530                inter_HAL_EPS_Hardware_Status_SEL
 .data          0x0000000040044550        0x0 C:\Users\Bhagawat\AppData\Local\Temp\ccUjosrW.o
 .data          0x0000000040044550        0x0 C:\Users\Bhagawat\AppData\Local\Temp\ccAsfYQ0.o
 .data          0x0000000040044550        0x0 C:\Users\Bhagawat\AppData\Local\Temp\cc4ek9hq.o
 .data          0x0000000040044550       0xbc C:\Users\Bhagawat\AppData\Local\Temp\ccKXny1b.o
                0x0000000040044550                Auto_manual
                0x0000000040044554                UTP
                0x0000000040044594                LTP
                0x00000000400445d4                Thermister_index_select
 .data          0x000000004004460c        0x0 C:\Users\Bhagawat\AppData\Local\Temp\ccIpuzOd.o
 *fill*         0x000000004004460c        0x4 
 .data          0x0000000040044610        0x4 C:\Users\Bhagawat\AppData\Local\Temp\ccD90uWv.o
                0x0000000040044610                NSP_addr_table
 .data          0x0000000040044614        0x0 C:\Users\Bhagawat\AppData\Local\Temp\ccynNANW.o
 .data          0x0000000040044614        0x0 C:\Users\Bhagawat\AppData\Local\Temp\ccIqQhw6.o
 .data          0x0000000040044614        0x0 C:\Users\Bhagawat\AppData\Local\Temp\ccMsKRtS.o
 .data          0x0000000040044614        0x0 C:\Users\Bhagawat\AppData\Local\Temp\cc0hf7cO.o
 .data          0x0000000040044614        0x0 C:\Users\Bhagawat\AppData\Local\Temp\cctYtwV7.o
 .data          0x0000000040044614        0x0 C:\Users\Bhagawat\AppData\Local\Temp\cceg9jDM.o
 .data          0x0000000040044614        0x0 C:\Users\Bhagawat\AppData\Local\Temp\cclXQm4R.o
 .data          0x0000000040044614        0x0 C:\Users\Bhagawat\AppData\Local\Temp\cc5H2gHE.o
 .data          0x0000000040044614        0x0 C:\Users\Bhagawat\AppData\Local\Temp\ccrCpfIy.o
 .data          0x0000000040044614        0x0 C:\Users\Bhagawat\AppData\Local\Temp\ccW6wl17.o
 .data          0x0000000040044614        0x0 C:\Users\Bhagawat\AppData\Local\Temp\ccnd7Fb2.o
 .data          0x0000000040044614        0x0 c:/opt/bcc-2.0.2-gcc/bin/../lib/gcc/sparc-gaisler-elf/7.2.0/../../../../sparc-gaisler-elf/lib/leon/mfix-at697f\libm.a(lib_a-s_atan.o)
 .data          0x0000000040044614        0x0 c:/opt/bcc-2.0.2-gcc/bin/../lib/gcc/sparc-gaisler-elf/7.2.0/../../../../sparc-gaisler-elf/lib/leon/mfix-at697f\libm.a(lib_a-s_cos.o)
 .data          0x0000000040044614        0x0 c:/opt/bcc-2.0.2-gcc/bin/../lib/gcc/sparc-gaisler-elf/7.2.0/../../../../sparc-gaisler-elf/lib/leon/mfix-at697f\libm.a(lib_a-s_fabs.o)
 .data          0x0000000040044614        0x0 c:/opt/bcc-2.0.2-gcc/bin/../lib/gcc/sparc-gaisler-elf/7.2.0/../../../../sparc-gaisler-elf/lib/leon/mfix-at697f\libm.a(lib_a-s_floor.o)
 .data          0x0000000040044614        0x0 c:/opt/bcc-2.0.2-gcc/bin/../lib/gcc/sparc-gaisler-elf/7.2.0/../../../../sparc-gaisler-elf/lib/leon/mfix-at697f\libm.a(lib_a-s_round.o)
 .data          0x0000000040044614        0x0 c:/opt/bcc-2.0.2-gcc/bin/../lib/gcc/sparc-gaisler-elf/7.2.0/../../../../sparc-gaisler-elf/lib/leon/mfix-at697f\libm.a(lib_a-s_sin.o)
 .data          0x0000000040044614        0x0 c:/opt/bcc-2.0.2-gcc/bin/../lib/gcc/sparc-gaisler-elf/7.2.0/../../../../sparc-gaisler-elf/lib/leon/mfix-at697f\libm.a(lib_a-s_tan.o)
 .data          0x0000000040044614        0x0 c:/opt/bcc-2.0.2-gcc/bin/../lib/gcc/sparc-gaisler-elf/7.2.0/../../../../sparc-gaisler-elf/lib/leon/mfix-at697f\libm.a(lib_a-w_acos.o)
 .data          0x0000000040044614        0x0 c:/opt/bcc-2.0.2-gcc/bin/../lib/gcc/sparc-gaisler-elf/7.2.0/../../../../sparc-gaisler-elf/lib/leon/mfix-at697f\libm.a(lib_a-w_asin.o)
 .data          0x0000000040044614        0x0 c:/opt/bcc-2.0.2-gcc/bin/../lib/gcc/sparc-gaisler-elf/7.2.0/../../../../sparc-gaisler-elf/lib/leon/mfix-at697f\libm.a(lib_a-w_atan2.o)
 .data          0x0000000040044614        0x0 c:/opt/bcc-2.0.2-gcc/bin/../lib/gcc/sparc-gaisler-elf/7.2.0/../../../../sparc-gaisler-elf/lib/leon/mfix-at697f\libm.a(lib_a-w_fmod.o)
 .data          0x0000000040044614        0x0 c:/opt/bcc-2.0.2-gcc/bin/../lib/gcc/sparc-gaisler-elf/7.2.0/../../../../sparc-gaisler-elf/lib/leon/mfix-at697f\libm.a(lib_a-w_pow.o)
 .data          0x0000000040044614        0x0 c:/opt/bcc-2.0.2-gcc/bin/../lib/gcc/sparc-gaisler-elf/7.2.0/../../../../sparc-gaisler-elf/lib/leon/mfix-at697f\libm.a(lib_a-w_sqrt.o)
 .data          0x0000000040044614        0x0 c:/opt/bcc-2.0.2-gcc/bin/../lib/gcc/sparc-gaisler-elf/7.2.0/../../../../sparc-gaisler-elf/lib/leon/mfix-at697f\libm.a(lib_a-e_acos.o)
 .data          0x0000000040044614        0x0 c:/opt/bcc-2.0.2-gcc/bin/../lib/gcc/sparc-gaisler-elf/7.2.0/../../../../sparc-gaisler-elf/lib/leon/mfix-at697f\libm.a(lib_a-e_asin.o)
 .data          0x0000000040044614        0x0 c:/opt/bcc-2.0.2-gcc/bin/../lib/gcc/sparc-gaisler-elf/7.2.0/../../../../sparc-gaisler-elf/lib/leon/mfix-at697f\libm.a(lib_a-e_atan2.o)
 .data          0x0000000040044614        0x0 c:/opt/bcc-2.0.2-gcc/bin/../lib/gcc/sparc-gaisler-elf/7.2.0/../../../../sparc-gaisler-elf/lib/leon/mfix-at697f\libm.a(lib_a-e_fmod.o)
 .data          0x0000000040044614        0x0 c:/opt/bcc-2.0.2-gcc/bin/../lib/gcc/sparc-gaisler-elf/7.2.0/../../../../sparc-gaisler-elf/lib/leon/mfix-at697f\libm.a(lib_a-e_pow.o)
 .data          0x0000000040044614        0x0 c:/opt/bcc-2.0.2-gcc/bin/../lib/gcc/sparc-gaisler-elf/7.2.0/../../../../sparc-gaisler-elf/lib/leon/mfix-at697f\libm.a(lib_a-e_rem_pio2.o)
 .data          0x0000000040044614        0x0 c:/opt/bcc-2.0.2-gcc/bin/../lib/gcc/sparc-gaisler-elf/7.2.0/../../../../sparc-gaisler-elf/lib/leon/mfix-at697f\libm.a(lib_a-e_sqrt.o)
 .data          0x0000000040044614        0x0 c:/opt/bcc-2.0.2-gcc/bin/../lib/gcc/sparc-gaisler-elf/7.2.0/../../../../sparc-gaisler-elf/lib/leon/mfix-at697f\libm.a(lib_a-k_cos.o)
 .data          0x0000000040044614        0x0 c:/opt/bcc-2.0.2-gcc/bin/../lib/gcc/sparc-gaisler-elf/7.2.0/../../../../sparc-gaisler-elf/lib/leon/mfix-at697f\libm.a(lib_a-k_rem_pio2.o)
 .data          0x0000000040044614        0x0 c:/opt/bcc-2.0.2-gcc/bin/../lib/gcc/sparc-gaisler-elf/7.2.0/../../../../sparc-gaisler-elf/lib/leon/mfix-at697f\libm.a(lib_a-k_sin.o)
 .data          0x0000000040044614        0x0 c:/opt/bcc-2.0.2-gcc/bin/../lib/gcc/sparc-gaisler-elf/7.2.0/../../../../sparc-gaisler-elf/lib/leon/mfix-at697f\libm.a(lib_a-k_tan.o)
 .data          0x0000000040044614        0x0 c:/opt/bcc-2.0.2-gcc/bin/../lib/gcc/sparc-gaisler-elf/7.2.0/../../../../sparc-gaisler-elf/lib/leon/mfix-at697f\libm.a(lib_a-s_finite.o)
 .data          0x0000000040044614        0x4 c:/opt/bcc-2.0.2-gcc/bin/../lib/gcc/sparc-gaisler-elf/7.2.0/../../../../sparc-gaisler-elf/lib/leon/mfix-at697f\libm.a(lib_a-s_lib_ver.o)
                0x0000000040044614                __fdlib_version
 .data          0x0000000040044618        0x0 c:/opt/bcc-2.0.2-gcc/bin/../lib/gcc/sparc-gaisler-elf/7.2.0/../../../../sparc-gaisler-elf/lib/leon/mfix-at697f\libm.a(lib_a-s_matherr.o)
 .data          0x0000000040044618        0x0 c:/opt/bcc-2.0.2-gcc/bin/../lib/gcc/sparc-gaisler-elf/7.2.0/../../../../sparc-gaisler-elf/lib/leon/mfix-at697f\libm.a(lib_a-s_nan.o)
 .data          0x0000000040044618        0x0 c:/opt/bcc-2.0.2-gcc/bin/../lib/gcc/sparc-gaisler-elf/7.2.0/../../../../sparc-gaisler-elf/lib/leon/mfix-at697f\libm.a(lib_a-s_rint.o)
 .data          0x0000000040044618        0x0 c:/opt/bcc-2.0.2-gcc/bin/../lib/gcc/sparc-gaisler-elf/7.2.0/../../../../sparc-gaisler-elf/lib/leon/mfix-at697f\libm.a(lib_a-s_scalbn.o)
 .data          0x0000000040044618        0x0 c:/opt/bcc-2.0.2-gcc/bin/../lib/gcc/sparc-gaisler-elf/7.2.0/../../../../sparc-gaisler-elf/lib/leon/mfix-at697f\libm.a(lib_a-s_copysign.o)
 .data          0x0000000040044618        0x0 c:/opt/bcc-2.0.2-gcc/bin/../sparc-gaisler-elf/bsp/leon2/leon/mfix-at697f\libbcc.a(reset_trap_mvt.S.o)
 .data          0x0000000040044618        0x0 c:/opt/bcc-2.0.2-gcc/bin/../sparc-gaisler-elf/bsp/leon2/leon/mfix-at697f\libbcc.a(window_trap.S.o)
 .data          0x0000000040044618        0x0 c:/opt/bcc-2.0.2-gcc/bin/../sparc-gaisler-elf/bsp/leon2/leon/mfix-at697f\libbcc.a(interrupt_trap.S.o)
 .data          0x0000000040044618        0x0 c:/opt/bcc-2.0.2-gcc/bin/../sparc-gaisler-elf/bsp/leon2/leon/mfix-at697f\libbcc.a(flush_windows_trap.S.o)
 .data          0x0000000040044618        0x0 c:/opt/bcc-2.0.2-gcc/bin/../sparc-gaisler-elf/bsp/leon2/leon/mfix-at697f\libbcc.a(sw_trap_set_pil.S.o)
 .data          0x0000000040044618        0x0 c:/opt/bcc-2.0.2-gcc/bin/../sparc-gaisler-elf/bsp/leon2/leon/mfix-at697f\libbcc.a(trap.c.o)
 .data          0x0000000040044618        0x0 c:/opt/bcc-2.0.2-gcc/bin/../sparc-gaisler-elf/bsp/leon2/leon/mfix-at697f\libbcc.a(isr.c.o)
 .data          0x0000000040044618       0x10 c:/opt/bcc-2.0.2-gcc/bin/../sparc-gaisler-elf/bsp/leon2/leon/mfix-at697f\libbcc.a(int_nest.c.o)
                0x0000000040044618                __bcc_int_nest
 .data          0x0000000040044628        0x0 c:/opt/bcc-2.0.2-gcc/bin/../sparc-gaisler-elf/bsp/leon2/leon/mfix-at697f\libbcc.a(init.S.o)
 .data          0x0000000040044628       0x10 c:/opt/bcc-2.0.2-gcc/bin/../sparc-gaisler-elf/bsp/leon2/leon/mfix-at697f\libbcc.a(leon_info.S.o)
                0x0000000040044628                __bcc_leon_version
                0x000000004004462c                __bcc_nwindows_min1
                0x0000000040044630                __bcc_nwindows
                0x0000000040044634                __bcc_cpuid
 .data          0x0000000040044638        0x0 c:/opt/bcc-2.0.2-gcc/bin/../sparc-gaisler-elf/bsp/leon2/leon/mfix-at697f\libbcc.a(dwzero.S.o)
 .data          0x0000000040044638        0x0 c:/opt/bcc-2.0.2-gcc/bin/../sparc-gaisler-elf/bsp/leon2/leon/mfix-at697f\libbcc.a(copy_data.c.o)
 .data          0x0000000040044638        0x0 c:/opt/bcc-2.0.2-gcc/bin/../sparc-gaisler-elf/bsp/leon2/leon/mfix-at697f\libbcc.a(lowlevel.S.o)
 .data          0x0000000040044638        0x0 c:/opt/bcc-2.0.2-gcc/bin/../sparc-gaisler-elf/bsp/leon2/leon/mfix-at697f\libbcc.a(lowlevel_leon2.S.o)
 .data          0x0000000040044638        0x0 c:/opt/bcc-2.0.2-gcc/bin/../sparc-gaisler-elf/bsp/leon2/leon/mfix-at697f\libbcc.a(int_leon2.c.o)
 .data          0x0000000040044638        0x0 c:/opt/bcc-2.0.2-gcc/bin/../sparc-gaisler-elf/bsp/leon2/leon/mfix-at697f\libbcc.a(int_leon2_get_source.c.o)
 .data          0x0000000040044638        0x0 c:/opt/bcc-2.0.2-gcc/bin/../sparc-gaisler-elf/bsp/leon2/leon/mfix-at697f\libbcc.a(int_leon2_init.c.o)
 .data          0x0000000040044638        0x0 c:/opt/bcc-2.0.2-gcc/bin/../sparc-gaisler-elf/bsp/leon2/leon/mfix-at697f\libbcc.a(con_leon2.c.o)
 .data          0x0000000040044638        0x0 c:/opt/bcc-2.0.2-gcc/bin/../sparc-gaisler-elf/bsp/leon2/leon/mfix-at697f\libbcc.a(timer_leon2.c.o)
 .data          0x0000000040044638        0x0 c:/opt/bcc-2.0.2-gcc/bin/../sparc-gaisler-elf/bsp/leon2/leon/mfix-at697f\libbcc.a(set_pil.S.o)
 .data          0x0000000040044638        0x4 c:/opt/bcc-2.0.2-gcc/bin/../sparc-gaisler-elf/bsp/leon2/leon/mfix-at697f\libbcc.a(int_leon2_handle.c.o)
                0x0000000040044638                __bcc_int_handle
 .data          0x000000004004463c        0x4 c:/opt/bcc-2.0.2-gcc/bin/../sparc-gaisler-elf/bsp/leon2/leon/mfix-at697f\libbcc.a(con_handle.c.o)
                0x000000004004463c                __bcc_con_handle
 .data          0x0000000040044640        0x8 c:/opt/bcc-2.0.2-gcc/bin/../sparc-gaisler-elf/bsp/leon2/leon/mfix-at697f\libbcc.a(timer_handle.c.o)
                0x0000000040044640                __bcc_timer_interrupt
                0x0000000040044644                __bcc_timer_handle
 .data          0x0000000040044648        0x0 c:/opt/bcc-2.0.2-gcc/bin/../lib/gcc/sparc-gaisler-elf/7.2.0/../../../../sparc-gaisler-elf/lib/leon/mfix-at697f\libc.a(lib_a-atexit.o)
 .data          0x0000000040044648        0x0 c:/opt/bcc-2.0.2-gcc/bin/../lib/gcc/sparc-gaisler-elf/7.2.0/../../../../sparc-gaisler-elf/lib/leon/mfix-at697f\libc.a(lib_a-errno.o)
 .data          0x0000000040044648        0x0 c:/opt/bcc-2.0.2-gcc/bin/../lib/gcc/sparc-gaisler-elf/7.2.0/../../../../sparc-gaisler-elf/lib/leon/mfix-at697f\libc.a(lib_a-exit.o)
 .data          0x0000000040044648       0x64 c:/opt/bcc-2.0.2-gcc/bin/../lib/gcc/sparc-gaisler-elf/7.2.0/../../../../sparc-gaisler-elf/lib/leon/mfix-at697f\libc.a(lib_a-impure.o)
                0x0000000040044648                _impure_ptr
 .data          0x00000000400446ac        0x0 c:/opt/bcc-2.0.2-gcc/bin/../lib/gcc/sparc-gaisler-elf/7.2.0/../../../../sparc-gaisler-elf/lib/leon/mfix-at697f\libc.a(lib_a-memcpy.o)
 .data          0x00000000400446ac        0x0 c:/opt/bcc-2.0.2-gcc/bin/../lib/gcc/sparc-gaisler-elf/7.2.0/../../../../sparc-gaisler-elf/lib/leon/mfix-at697f\libc.a(lib_a-__atexit.o)
 .data          0x00000000400446ac        0x0 c:/opt/bcc-2.0.2-gcc/bin/../lib/gcc/sparc-gaisler-elf/7.2.0/../../../../sparc-gaisler-elf/lib/leon/mfix-at697f\libc.a(lib_a-__call_atexit.o)
 .data          0x00000000400446ac        0x0 c:/opt/bcc-2.0.2-gcc/bin/../sparc-gaisler-elf/bsp/leon2/leon/mfix-at697f\libbcc.a(_exit.S.o)
 .data          0x00000000400446ac        0x0 c:/opt/bcc-2.0.2-gcc/bin/../lib/gcc/sparc-gaisler-elf/7.2.0/leon/mfix-at697f/crtend.o
 .data          0x00000000400446ac        0x0 c:/opt/bcc-2.0.2-gcc/bin/../lib/gcc/sparc-gaisler-elf/7.2.0/leon/mfix-at697f/crtn.o
                0x00000000400446b0                . = ALIGN (0x8)
 *fill*         0x00000000400446ac        0x4 
                0x00000000400446b0                __data_end = .
                0x0000000040044170                __data_start_lma = LOADADDR (.data)
                0x0000000000000540                __data_size = SIZEOF (.data)

.iplt           0x00000000400446b0        0x0
 .iplt          0x00000000400446b0        0x0 c:/opt/bcc-2.0.2-gcc/bin/../sparc-gaisler-elf/bsp/leon2/leon/mfix-at697f/trap_table_mvt.S.o

.tm_clone_table
                0x00000000400446b0        0x0
 .tm_clone_table
                0x00000000400446b0        0x0 c:/opt/bcc-2.0.2-gcc/bin/../lib/gcc/sparc-gaisler-elf/7.2.0/leon/mfix-at697f/crtbegin.o
 .tm_clone_table
                0x00000000400446b0        0x0 c:/opt/bcc-2.0.2-gcc/bin/../lib/gcc/sparc-gaisler-elf/7.2.0/leon/mfix-at697f/crtend.o

.bss            0x00000000400446b0    0x8edb8
                0x00000000400446b0                . = ALIGN (0x8)
                0x00000000400446b0                __bss_start = .
 *(.bss .bss.*)
 .bss           0x00000000400446b0        0x0 c:/opt/bcc-2.0.2-gcc/bin/../sparc-gaisler-elf/bsp/leon2/leon/mfix-at697f/trap_table_mvt.S.o
 .bss           0x00000000400446b0        0x4 c:/opt/bcc-2.0.2-gcc/bin/../sparc-gaisler-elf/bsp/leon2/leon/mfix-at697f/crt0.S.o
                0x00000000400446b0                __bcc_sp_at_entry
 .bss           0x00000000400446b4        0x0 c:/opt/bcc-2.0.2-gcc/bin/../lib/gcc/sparc-gaisler-elf/7.2.0/leon/mfix-at697f/crti.o
 .bss           0x00000000400446b4       0x20 c:/opt/bcc-2.0.2-gcc/bin/../lib/gcc/sparc-gaisler-elf/7.2.0/leon/mfix-at697f/crtbegin.o
 .bss           0x00000000400446d4        0x0 C:\Users\Bhagawat\AppData\Local\Temp\ccOlPDq7.o
 .bss           0x00000000400446d4        0x1 C:\Users\Bhagawat\AppData\Local\Temp\ccMyElwm.o
 *fill*         0x00000000400446d5        0x3 
 .bss           0x00000000400446d8        0x8 C:\Users\Bhagawat\AppData\Local\Temp\cc8uhR8p.o
                0x00000000400446d8                test_st_sp
                0x00000000400446d9                filler_byte3
                0x00000000400446da                filler_byte2
                0x00000000400446db                filler_byte1
                0x00000000400446dc                repeat_count
 .bss           0x00000000400446e0       0x22 C:\Users\Bhagawat\AppData\Local\Temp\ccyeX3GB.o
                0x00000000400446e0                Diff_stop_srl_num
                0x00000000400446e4                Diff_start_srl_num
                0x00000000400446e8                DTTC_count
                0x00000000400446ec                head
                0x00000000400446f0                ATTC_count
                0x00000000400446f4                ATTC_exe_en
                0x00000000400446f8                ATTC_Master_en
                0x00000000400446fc                Nodeptrempty_flag
                0x0000000040044700                ComputedParity
                0x0000000040044701                RcvdParity
 .bss           0x0000000040044702        0x0 C:\Users\Bhagawat\AppData\Local\Temp\cc274ioY.o
 .bss           0x0000000040044702        0x0 C:\Users\Bhagawat\AppData\Local\Temp\cclb7a3j.o
 .bss           0x0000000040044702        0x0 C:\Users\Bhagawat\AppData\Local\Temp\ccWPzrH0.o
 *fill*         0x0000000040044702        0x2 
 .bss           0x0000000040044704        0x8 C:\Users\Bhagawat\AppData\Local\Temp\ccTfBCGT.o
                0x0000000040044704                load_shedding_flag
                0x0000000040044705                low_battery_voltage
                0x0000000040044708                inter_HAL_EPS_Hardware_Status_count
 .bss           0x000000004004470c        0x4 C:\Users\Bhagawat\AppData\Local\Temp\ccUjosrW.o
                0x000000004004470c                imu_count
 .bss           0x0000000040044710        0x0 C:\Users\Bhagawat\AppData\Local\Temp\ccAsfYQ0.o
 .bss           0x0000000040044710        0xc C:\Users\Bhagawat\AppData\Local\Temp\cc4ek9hq.o
                0x0000000040044710                gpstest
                0x0000000040044714                gps_ready_bit
                0x0000000040044718                gps_count
 .bss           0x000000004004471c        0x0 C:\Users\Bhagawat\AppData\Local\Temp\ccKXny1b.o
 .bss           0x000000004004471c        0x4 C:\Users\Bhagawat\AppData\Local\Temp\ccIpuzOd.o
                0x000000004004471c                MTR_Reset_Flag
 .bss           0x0000000040044720        0xe C:\Users\Bhagawat\AppData\Local\Temp\ccD90uWv.o
                0x000000004004472c                crc_test
 *fill*         0x000000004004472e        0x2 
 .bss           0x0000000040044730       0x18 C:\Users\Bhagawat\AppData\Local\Temp\ccynNANW.o
                0x0000000040044730                SA2_status
                0x0000000040044734                SA1_status
                0x0000000040044738                TC_HAL_SA_Deploy
                0x000000004004473c                SA_Command_Type
                0x0000000040044740                SA2_Deploy_cmd_rcvd_time
                0x0000000040044744                SA1_Deploy_cmd_rcvd_time
 .bss           0x0000000040044748        0x0 C:\Users\Bhagawat\AppData\Local\Temp\ccIqQhw6.o
 .bss           0x0000000040044748        0x0 C:\Users\Bhagawat\AppData\Local\Temp\ccMsKRtS.o
 .bss           0x0000000040044748        0x0 C:\Users\Bhagawat\AppData\Local\Temp\cc0hf7cO.o
 .bss           0x0000000040044748        0x0 C:\Users\Bhagawat\AppData\Local\Temp\cctYtwV7.o
 .bss           0x0000000040044748        0x0 C:\Users\Bhagawat\AppData\Local\Temp\cceg9jDM.o
 .bss           0x0000000040044748        0x0 C:\Users\Bhagawat\AppData\Local\Temp\cclXQm4R.o
 .bss           0x0000000040044748        0x0 C:\Users\Bhagawat\AppData\Local\Temp\cc5H2gHE.o
 .bss           0x0000000040044748       0x30 C:\Users\Bhagawat\AppData\Local\Temp\ccrCpfIy.o
                0x0000000040044748                tmin
                0x0000000040044750                distsqrd
                0x0000000040044758                adotb
                0x0000000040044760                asqrd
                0x0000000040044768                bsqrd
                0x0000000040044770                tempse
 .bss           0x0000000040044778        0x0 C:\Users\Bhagawat\AppData\Local\Temp\ccW6wl17.o
 .bss           0x0000000040044778        0x0 C:\Users\Bhagawat\AppData\Local\Temp\ccnd7Fb2.o
 .bss           0x0000000040044778        0x0 c:/opt/bcc-2.0.2-gcc/bin/../lib/gcc/sparc-gaisler-elf/7.2.0/../../../../sparc-gaisler-elf/lib/leon/mfix-at697f\libm.a(lib_a-s_atan.o)
 .bss           0x0000000040044778        0x0 c:/opt/bcc-2.0.2-gcc/bin/../lib/gcc/sparc-gaisler-elf/7.2.0/../../../../sparc-gaisler-elf/lib/leon/mfix-at697f\libm.a(lib_a-s_cos.o)