Archive member included to satisfy reference by file (symbol)

c:/opt/bcc-2.0.2-gcc/bin/../lib/gcc/sparc-gaisler-elf/7.2.0/../../../../sparc-gaisler-elf/lib/leon/mfix-at697f\libm.a(lib_a-s_atan.o)
                              C:\Users\ajarr\AppData\Local\Temp\ccfZqJJ9.o (atan)
c:/opt/bcc-2.0.2-gcc/bin/../lib/gcc/sparc-gaisler-elf/7.2.0/../../../../sparc-gaisler-elf/lib/leon/mfix-at697f\libm.a(lib_a-s_cos.o)
                              C:\Users\ajarr\AppData\Local\Temp\ccODnuwu.o (cos)
c:/opt/bcc-2.0.2-gcc/bin/../lib/gcc/sparc-gaisler-elf/7.2.0/../../../../sparc-gaisler-elf/lib/leon/mfix-at697f\libm.a(lib_a-s_fabs.o)
                              c:/opt/bcc-2.0.2-gcc/bin/../lib/gcc/sparc-gaisler-elf/7.2.0/../../../../sparc-gaisler-elf/lib/leon/mfix-at697f\libm.a(lib_a-s_atan.o) (fabs)
c:/opt/bcc-2.0.2-gcc/bin/../lib/gcc/sparc-gaisler-elf/7.2.0/../../../../sparc-gaisler-elf/lib/leon/mfix-at697f\libm.a(lib_a-s_floor.o)
                              C:\Users\ajarr\AppData\Local\Temp\cc0IBpWS.o (floor)
c:/opt/bcc-2.0.2-gcc/bin/../lib/gcc/sparc-gaisler-elf/7.2.0/../../../../sparc-gaisler-elf/lib/leon/mfix-at697f\libm.a(lib_a-s_round.o)
                              C:\Users\ajarr\AppData\Local\Temp\cctrEXMw.o (round)
c:/opt/bcc-2.0.2-gcc/bin/../lib/gcc/sparc-gaisler-elf/7.2.0/../../../../sparc-gaisler-elf/lib/leon/mfix-at697f\libm.a(lib_a-s_sin.o)
                              C:\Users\ajarr\AppData\Local\Temp\ccODnuwu.o (sin)
c:/opt/bcc-2.0.2-gcc/bin/../lib/gcc/sparc-gaisler-elf/7.2.0/../../../../sparc-gaisler-elf/lib/leon/mfix-at697f\libm.a(lib_a-s_tan.o)
                              C:\Users\ajarr\AppData\Local\Temp\ccfZqJJ9.o (tan)
c:/opt/bcc-2.0.2-gcc/bin/../lib/gcc/sparc-gaisler-elf/7.2.0/../../../../sparc-gaisler-elf/lib/leon/mfix-at697f\libm.a(lib_a-w_acos.o)
                              C:\Users\ajarr\AppData\Local\Temp\ccIRGs7k.o (acos)
c:/opt/bcc-2.0.2-gcc/bin/../lib/gcc/sparc-gaisler-elf/7.2.0/../../../../sparc-gaisler-elf/lib/leon/mfix-at697f\libm.a(lib_a-w_asin.o)
                              C:\Users\ajarr\AppData\Local\Temp\cc0IBpWS.o (asin)
c:/opt/bcc-2.0.2-gcc/bin/../lib/gcc/sparc-gaisler-elf/7.2.0/../../../../sparc-gaisler-elf/lib/leon/mfix-at697f\libm.a(lib_a-w_atan2.o)
                              C:\Users\ajarr\AppData\Local\Temp\ccIRGs7k.o (atan2)
c:/opt/bcc-2.0.2-gcc/bin/../lib/gcc/sparc-gaisler-elf/7.2.0/../../../../sparc-gaisler-elf/lib/leon/mfix-at697f\libm.a(lib_a-w_fmod.o)
                              C:\Users\ajarr\AppData\Local\Temp\cc0IBpWS.o (fmod)
c:/opt/bcc-2.0.2-gcc/bin/../lib/gcc/sparc-gaisler-elf/7.2.0/../../../../sparc-gaisler-elf/lib/leon/mfix-at697f\libm.a(lib_a-w_pow.o)
                              C:\Users\ajarr\AppData\Local\Temp\ccIRGs7k.o (pow)
c:/opt/bcc-2.0.2-gcc/bin/../lib/gcc/sparc-gaisler-elf/7.2.0/../../../../sparc-gaisler-elf/lib/leon/mfix-at697f\libm.a(lib_a-w_sqrt.o)
                              C:\Users\ajarr\AppData\Local\Temp\ccODnuwu.o (sqrt)
c:/opt/bcc-2.0.2-gcc/bin/../lib/gcc/sparc-gaisler-elf/7.2.0/../../../../sparc-gaisler-elf/lib/leon/mfix-at697f\libm.a(lib_a-e_acos.o)
                              c:/opt/bcc-2.0.2-gcc/bin/../lib/gcc/sparc-gaisler-elf/7.2.0/../../../../sparc-gaisler-elf/lib/leon/mfix-at697f\libm.a(lib_a-w_acos.o) (__ieee754_acos)
c:/opt/bcc-2.0.2-gcc/bin/../lib/gcc/sparc-gaisler-elf/7.2.0/../../../../sparc-gaisler-elf/lib/leon/mfix-at697f\libm.a(lib_a-e_asin.o)
                              c:/opt/bcc-2.0.2-gcc/bin/../lib/gcc/sparc-gaisler-elf/7.2.0/../../../../sparc-gaisler-elf/lib/leon/mfix-at697f\libm.a(lib_a-w_asin.o) (__ieee754_asin)
c:/opt/bcc-2.0.2-gcc/bin/../lib/gcc/sparc-gaisler-elf/7.2.0/../../../../sparc-gaisler-elf/lib/leon/mfix-at697f\libm.a(lib_a-e_atan2.o)
                              c:/opt/bcc-2.0.2-gcc/bin/../lib/gcc/sparc-gaisler-elf/7.2.0/../../../../sparc-gaisler-elf/lib/leon/mfix-at697f\libm.a(lib_a-w_atan2.o) (__ieee754_atan2)
c:/opt/bcc-2.0.2-gcc/bin/../lib/gcc/sparc-gaisler-elf/7.2.0/../../../../sparc-gaisler-elf/lib/leon/mfix-at697f\libm.a(lib_a-e_fmod.o)
                              c:/opt/bcc-2.0.2-gcc/bin/../lib/gcc/sparc-gaisler-elf/7.2.0/../../../../sparc-gaisler-elf/lib/leon/mfix-at697f\libm.a(lib_a-w_fmod.o) (__ieee754_fmod)
c:/opt/bcc-2.0.2-gcc/bin/../lib/gcc/sparc-gaisler-elf/7.2.0/../../../../sparc-gaisler-elf/lib/leon/mfix-at697f\libm.a(lib_a-e_pow.o)
                              c:/opt/bcc-2.0.2-gcc/bin/../lib/gcc/sparc-gaisler-elf/7.2.0/../../../../sparc-gaisler-elf/lib/leon/mfix-at697f\libm.a(lib_a-w_pow.o) (__ieee754_pow)
c:/opt/bcc-2.0.2-gcc/bin/../lib/gcc/sparc-gaisler-elf/7.2.0/../../../../sparc-gaisler-elf/lib/leon/mfix-at697f\libm.a(lib_a-e_rem_pio2.o)
                              c:/opt/bcc-2.0.2-gcc/bin/../lib/gcc/sparc-gaisler-elf/7.2.0/../../../../sparc-gaisler-elf/lib/leon/mfix-at697f\libm.a(lib_a-s_cos.o) (__ieee754_rem_pio2)
c:/opt/bcc-2.0.2-gcc/bin/../lib/gcc/sparc-gaisler-elf/7.2.0/../../../../sparc-gaisler-elf/lib/leon/mfix-at697f\libm.a(lib_a-e_sqrt.o)
[...]
Memory Configuration

Name             Origin             Length             Attributes
rom              0x0000000000000000 0x0000000020000000
ram              0x0000000040000000 0x0000000040000000
*default*        0x0000000000000000 0xffffffffffffffff

Linker script and memory map

LOAD c:/opt/bcc-2.0.2-gcc/bin/../sparc-gaisler-elf/bsp/leon2/leon/mfix-at697f/trap_table_mvt.S.o
LOAD c:/opt/bcc-2.0.2-gcc/bin/../sparc-gaisler-elf/bsp/leon2/leon/mfix-at697f/crt0.S.o
LOAD c:/opt/bcc-2.0.2-gcc/bin/../lib/gcc/sparc-gaisler-elf/7.2.0/leon/mfix-at697f/crti.o
LOAD c:/opt/bcc-2.0.2-gcc/bin/../lib/gcc/sparc-gaisler-elf/7.2.0/leon/mfix-at697f/crtbegin.o
LOAD C:\Users\ajarr\AppData\Local\Temp\cchykHhk.o
LOAD C:\Users\ajarr\AppData\Local\Temp\ccvJIOyC.o
LOAD C:\Users\ajarr\AppData\Local\Temp\ccxRLE2J.o
LOAD C:\Users\ajarr\AppData\Local\Temp\ccyKbY9D.o
LOAD C:\Users\ajarr\AppData\Local\Temp\ccDpHQLC.o
LOAD C:\Users\ajarr\AppData\Local\Temp\ccF8bwNd.o
LOAD C:\Users\ajarr\AppData\Local\Temp\ccLzCu9Y.o
LOAD C:\Users\ajarr\AppData\Local\Temp\ccXvdJqR.o
LOAD C:\Users\ajarr\AppData\Local\Temp\ccdQtBER.o
LOAD C:\Users\ajarr\AppData\Local\Temp\ccNOTwFZ.o
LOAD C:\Users\ajarr\AppData\Local\Temp\cceQZ58c.o
LOAD C:\Users\ajarr\AppData\Local\Temp\cctTN5tE.o
LOAD C:\Users\ajarr\AppData\Local\Temp\ccMMHrTf.o
LOAD C:\Users\ajarr\AppData\Local\Temp\cc3uSc03.o
LOAD C:\Users\ajarr\AppData\Local\Temp\cca8aeR2.o
LOAD C:\Users\ajarr\AppData\Local\Temp\ccODnuwu.o
LOAD C:\Users\ajarr\AppData\Local\Temp\ccIRGs7k.o
LOAD C:\Users\ajarr\AppData\Local\Temp\ccYOFV1i.o
LOAD C:\Users\ajarr\AppData\Local\Temp\cctrEXMw.o
LOAD C:\Users\ajarr\AppData\Local\Temp\ccY3YaeY.o
LOAD C:\Users\ajarr\AppData\Local\Temp\cchdI53B.o
LOAD C:\Users\ajarr\AppData\Local\Temp\ccfZqJJ9.o
LOAD C:\Users\ajarr\AppData\Local\Temp\ccT2vluP.o
LOAD C:\Users\ajarr\AppData\Local\Temp\cc0IBpWS.o
LOAD C:\Users\ajarr\AppData\Local\Temp\cclEbhXa.o
LOAD C:\Users\ajarr\AppData\Local\Temp\ccyPfdBy.o
LOAD c:/opt/bcc-2.0.2-gcc/bin/../lib/gcc/sparc-gaisler-elf/7.2.0/../../../../sparc-gaisler-elf/lib/leon/mfix-at697f\libm.a
                0x0000000000000000                PROVIDE (__bcc_cfg_skip_clear_bss, 0x0)

.text           0x0000000040000000    0x42850
 CREATE_OBJECT_SYMBOLS
                0x0000000040000000                __text_start = .
                0x0000000040000000                . = ALIGN (0x1000)
 *(.text.traptable)
 .text.traptable
                0x0000000040000000     0x1000 c:/opt/bcc-2.0.2-gcc/bin/../sparc-gaisler-elf/bsp/leon2/leon/mfix-at697f/trap_table_mvt.S.o
                0x0000000040000000                __bcc_entry_point
                0x0000000040000000                __bcc_trap_table
 *(.text .text.*)
 .text          0x0000000040001000        0x0 c:/opt/bcc-2.0.2-gcc/bin/../sparc-gaisler-elf/bsp/leon2/leon/mfix-at697f/trap_table_mvt.S.o
 .text          0x0000000040001000       0xb8 c:/opt/bcc-2.0.2-gcc/bin/../sparc-gaisler-elf/bsp/leon2/leon/mfix-at697f/crt0.S.o
                0x0000000040001000                __bcc_crt0
 .text          0x00000000400010b8        0x0 c:/opt/bcc-2.0.2-gcc/bin/../lib/gcc/sparc-gaisler-elf/7.2.0/leon/mfix-at697f/crti.o
 .text          0x00000000400010b8      0x180 c:/opt/bcc-2.0.2-gcc/bin/../lib/gcc/sparc-gaisler-elf/7.2.0/leon/mfix-at697f/crtbegin.o
 .text          0x0000000040001238      0x97c C:\Users\ajarr\AppData\Local\Temp\cchykHhk.o
                0x0000000040001238                rMinCycle_Wait
                0x00000000400012d4                OBC_Process
                0x0000000040001b64                rMinCycle_Flag_Reset
 .text.startup  0x0000000040001bb4       0xa0 C:\Users\ajarr\AppData\Local\Temp\cchykHhk.o
                0x0000000040001bb4                main
 .text          0x0000000040001c54      0xaac C:\Users\ajarr\AppData\Local\Temp\ccvJIOyC.o
                0x0000000040001c74                Init_Memory
                0x0000000040001ca8                checksum_u32
                0x0000000040001d14                checksum_u8
                0x0000000040001d64                rOutput_Latch_Update
                0x0000000040001f40                ST_output_update
                0x0000000040002158                NMI_interrupt_test
                0x0000000040002214                MUX_Output
                0x0000000040002554                EEPROM_RST
                0x0000000040002588                EEPROM_RES
                0x00000000400025b8                s_ram_scrub
                0x0000000040002634                prom_chksum
 .text          0x0000000040002700     0xd810 C:\Users\ajarr\AppData\Local\Temp\ccxRLE2J.o
                0x00000000400028ec                rHAL_TM_Write
                0x0000000040002b4c                rHAL_TM_HW_Status_Update
                0x0000000040002c70                rTM_Address_Table_Init
                0x000000004000c8f0                rTM_Copy_Subframe
                0x000000004000c960                Sampling_Rate_Select
                0x000000004000c9bc                Frame_Address_Select
                0x000000004000cb28                rTCH_full_dump_cpy_buf
                0x000000004000cc9c                rTCH_dump_cpy_buf
                0x000000004000d040                TC_Hist_dumping
                0x000000004000d08c                copy_frame
                0x000000004000d144                ST_Copy_Subframe
                0x000000004000d608                StorageTelemetry
                0x000000004000d6a0                Storage_Telemetry_Write
                0x000000004000d6c8                Norm_ST_1_Table_Init
                0x000000004000ef8c                Spec_ST_Table_Init
                0x000000004000fc28                ST_DUMPING
                0x000000004000fd8c                rTM_Real_st_write
                0x000000004000fecc                ST_full_dump
 .text          0x000000004000ff10     0x6678 C:\Users\ajarr\AppData\Local\Temp\ccyKbY9D.o
                0x00000000400100ec                TC_IMU1_On
                0x000000004001012c                TC_IMU2_On
                0x000000004001016c                TC_IMU1_Off
                0x00000000400101ac                TC_IMU2_Off
                0x00000000400101ec                TC_NMI_count_reset
                0x0000000040010200                TC_GPS1_ON
                0x0000000040010230                TC_GPS1_OFF
                0x0000000040010264                TC_GPS2_on
                0x0000000040010298                TC_GPS2_off
                0x00000000400102d0                TC_W1_ON
                0x0000000040010300                TC_W2_ON
                0x0000000040010334                TC_W3_ON
                0x0000000040010364                TC_W4_ON
                0x0000000040010394                TC_W1_OFF
                0x00000000400103c4                TC_W2_OFF
                0x00000000400103f4                TC_W3_OFF
                0x0000000040010424                TC_W4_OFF
                0x0000000040010454                rTC_Detumbling_ModePreprocessing_BDOT
                0x0000000040010464                rTC_Detumbling_ModePreprocessing_GYRO
                0x0000000040010474                rTC_SunAcquisition_ModePreprocessing
                0x0000000040010484                rTC_ThreeAxis_ModePreprocessing
                0x0000000040010494                rTC_Suspended_ModePreprocessing
                0x00000000400104a0                PL_K_CMD_HLT
                0x00000000400104d0                Antenna_mechanism_ON
                0x0000000040010500                Antenna_mechanism_OFF
                0x0000000040010530                S_band_tx_on
                0x0000000040010560                S_band_tx_off
                0x0000000040010590                SA_DEPLOYMENT_MECHANISM_MAIN_OFF
                0x00000000400105c4                SA_DEPLOYMENT_MECHANISM_RED_OFF
                0x00000000400105f8                sunlit
                0x0000000040010608                eclipse
                0x0000000040010614                Sunlit_eclipse_both
                0x0000000040010624                rSafe_mode_PreProcessing
                0x0000000040010634                eeprom_en
                0x0000000040010644                eeprom_dis
                0x0000000040010650                TC_ATTC_CMD_clear
                0x0000000040010710                imu1_db_execute
                0x000000004001071c                imu2_db_execute
                0x0000000040010728                TC_ACC_Ang_RESET
                0x0000000040010734                TC_GPS1_NMEA_VTG_enable
                0x0000000040010760                TC_GPS1_NMEA_VTG_disable
                0x000000004001078c                TC_GPS1_NMEA_GGA_enable
                0x00000000400107b8                TC_GPS1_NMEA_GGA_disable
                0x00000000400107e4                TC_GPS1_NMEA_GSA_enable
                0x0000000040010810                TC_GPS1_NMEA_GSA_disable
                0x000000004001083c                TC_GPS1_cold_start
                0x0000000040010868                TC_GPS1_factory_reset
                0x0000000040010894                TC_GPS2_NMEA_VTG_enable
                0x00000000400108c0                TC_GPS2_NMEA_VTG_disable
                0x00000000400108ec                TC_GPS2_NMEA_GGA_enable
                0x0000000040010918                TC_GPS2_NMEA_GGA_disable
                0x0000000040010944                TC_GPS2_NMEA_GSA_enable
                0x0000000040010970                TC_GPS2_NMEA_GSA_disable
                0x000000004001099c                TC_GPS2_cold_start
                0x00000000400109c8                TC_GPS2_factory_reset
                0x00000000400109f4                TC_GPS1_NMEA_NMEA_GSV_Enable
                0x0000000040010a20                TC_GPS1_NMEA_NMEA_GSV_disable
                0x0000000040010a4c                TC_GPS2_NMEA_NMEA_GSV_Enable
                0x0000000040010a78                TC_GPS2_NMEA_NMEA_GSV_disable
                0x0000000040010aa4                TC_MTR_ON
                0x0000000040010ab0                TC_MTR_OFF
                0x0000000040010abc                payload_1_on
                0x0000000040010ae4                payload_1_off
                0x0000000040010af0                PL_K_CMD_STS
                0x0000000040010afc                PL_K_CMD_ACQ
                0x0000000040010b08                PL_K_DIAG
                0x0000000040010b14                PL_K_CMD_OFF
                0x0000000040010b20                PL_K_CMD_ON
                0x0000000040010b2c                ss_main_db_execute
                0x0000000040010b38                ss_redundant_db_execute
                0x0000000040010b44                TC_init_RW1
                0x0000000040010b78                TC_init_RW2
                0x0000000040010bac                TC_init_RW3
                0x0000000040010be0                TC_init_RW4
                0x0000000040010c14                TC_MTR_Yaw_Positive
                0x0000000040010c28                TC_MTR_Yaw_Negative
                0x0000000040010c3c                TC_MTR_Pitch_Positive
                0x0000000040010c50                TC_MTR_Pitch_Negative
                0x0000000040010c64                TC_MTR_Roll_Positive
                0x0000000040010c78                TC_MTR_Roll_Negative
                0x0000000040010c8c                TC_MTR_Roll_No_cuurent
                0x0000000040010ca0                TC_MTR_Pitch_No_cuurent
                0x0000000040010cb4                TC_MTR_Yaw_No_cuurent
                0x0000000040010cc8                payload_2_on
                0x0000000040010cf0                payload_2_off
                0x0000000040010cfc                X_band_tx_on
                0x0000000040010d24                X_band_tx_off
                0x0000000040010d30                SA_DEPLOYMENT_MECHANISM_MAIN_ON
                0x0000000040010d3c                SA_DEPLOYMENT_MECHANISM_RED_ON
                0x0000000040010d48                Antenna_mechanism_arm
                0x0000000040010d54                Antenna_deploy
                0x0000000040010d60                Antenna_mechanism_disarm
                0x0000000040010d6c                TC_pl_debug
                0x0000000040010d78                TC_TM_DS_EN
                0x0000000040010d84                Antenna_RESET_command
                0x0000000040010d90                Antenna_deploy_with_override
                0x0000000040010d9c                Antenna_system_temp
                0x0000000040010da8                Antenna_deploy_status_report
                0x0000000040010db4                Antenna_deploy_activation_count
                0x0000000040010dc0                Antenna_deploy_activation_time
                0x0000000040010ed0                TC_pl_tm
                0x0000000040010ed8                imu1_db_checksum
                0x0000000040010ee0                imu2_db_checksum
                0x0000000040010ee8                imu_test_sys_sel
                0x0000000040010ef0                TC_Drift_Uplink_Compenstation_Update_IMU1
                0x0000000040010ef8                TC_Drift_Uplink_Compenstation_Update_IMU2
                0x0000000040010f00                TC_Gyro_Misalignment_Update_IMU1
                0x0000000040010f08                TC_Gyro_Misalignment_Update_IMU2
                0x0000000040010f10                TC_Gyro_Scale_Factor_Update_IMU1
                0x0000000040010f18                TC_Gyro_Scale_Factor_Update_IMU2
                0x0000000040010f20                TC_MagBias_Uplink_Compenstation_Update_IMU1
                0x0000000040010f28                TC_MagBias_Uplink_Compenstation_Update_IMU2
                0x0000000040010f30                TC_Mag_Misalignment_Update_IMU1
                0x0000000040010f38                TC_Mag_Misalignment_Update_IMU2
                0x0000000040010f40                TC_Mag_Scale_Factor_Update_IMU1
                0x0000000040010f48                TC_Mag_Scale_Factor_Update_IMU2
                0x0000000040010f50                TC_Mag_LPF_Gain_Update_IMU1
                0x0000000040010f58                TC_Mag_LPF_Gain_Update_IMU2
                0x0000000040010f60                TC_Gyro_LPF_Gain_Update_IMU1
                0x0000000040010f68                TC_Gyro_LPF_Gain_Update_IMU2
                0x0000000040010f70                TC_Panel2_Deploy
                0x0000000040010f78                TC_Nominal_wheel_speed_execute
                0x0000000040010f80                Pitch_Torquer_ON
                0x0000000040010f88                Yaw_Torquer_ON
                0x0000000040010f90                Pitch_Torquer_OFF
                0x0000000040010f98                Yaw_Torquer_OFF
                0x0000000040010fa0                rHeater1_on
                0x0000000040010fa8                rHeater1_off
                0x0000000040010fb0                rHeater2_on
                0x0000000040010fb8                rHeater2_off
                0x0000000040010fc0                rHeater3_on
                0x0000000040010fc8                rHeater3_off
                0x0000000040010fd0                rHeater4_on
                0x0000000040010fd8                rHeater4_off
                0x0000000040010fe0                rHeater5_on
                0x0000000040010fe8                rHeater5_off
                0x0000000040010ff0                rHeater6_on
                0x0000000040010ff8                rHeater6_off
                0x0000000040011000                RX_TX_deployed
                0x0000000040011008                ss_main_db_checksum
                0x0000000040011010                ss_redundant_db_checksum
                0x0000000040011018                TC_Qinit
                0x0000000040011020                OBC_ON
                0x0000000040011028                OBC_OFF
                0x0000000040011030                SA1_DEPLOYMENT_AND_SA2_DEPLOYMENT_REDUNDANT_SPARE_BUS_ON
                0x0000000040011038                SA1_DEPLOYMENT_AND_SA2_DEPLOYMENT_REDUNDANT_SPARE_BUS_OFF
                0x0000000040011040                Test_ON
                0x0000000040011048                Test_OFF
                0x0000000040011050                rTC_write_tC_history
                0x0000000040011078                TC_status_reset
                0x000000004001108c                rContingency_TC
                0x0000000040011094                rData_TC
                0x00000000400115f8                rADCS_Data_TC
                0x00000000400129dc                rRemote_base_addr_TC
                0x0000000040012a8c                rRemote_data_view
                0x0000000040012b08                rBoolean_TC
                0x0000000040012b58                rFuncExecute_TC
                0x0000000040012bbc                rRemoteProgram_Addr_TC
                0x0000000040012c10                rRemoteProgram_Data_TC
                0x0000000040012c3c                rDifferential_TimeTag_TC
                0x0000000040012c98                initNodetable
                0x0000000040012cd4                getNode
                0x0000000040012d10                freeNode
                0x0000000040012d48                rAbsoluteTTC_Update
                0x0000000040012f00                rAbsolute_TimeTag_TC
                0x0000000040012f0c                rDifferential_TimeTag_Update
                0x0000000040012f68                rDifferential_TimeTag_Execute
                0x00000000400130c0                rDifferentialTTC_Execute
                0x00000000400130cc                rAbsoluteTTC_Delete
                0x00000000400132d4                rAbsoluteTTC_Clear
                0x0000000040013394                rInit_Block
                0x00000000400133dc                Block_update
                0x0000000040013658                rBlock_TC
                0x0000000040013664                TMTC_Assignment
                0x0000000040013db4                invertReverse
                0x0000000040013ddc                BCHEncoder
                0x0000000040013f7c                rHAL_TC_Read
                0x0000000040014248                TC_detumbling_rate_gain_1
                0x000000004001468c                TC_detumbling_bdot_gain_1
                0x0000000040014ad0                TC_BDOT_Det_Thresh_1
                0x0000000040014c64                TC_GYRO_Det_Min_Thres_1
                0x0000000040014df8                TC_AngMomDump_Thrsld_1
                0x0000000040014f8c                TC_SpeedDump_Thrsld_1
                0x00000000400150b8                TC_SpeedDump_TimeSelect_1
                0x000000004001524c                TC_comd_pitch_rate_1
                0x00000000400153e0                TC_Gyro_LPF_Gain_IMU1_1
                0x0000000040015618                TC_Gyro_LPF_Gain_IMU2_1
                0x0000000040015850                TC_Mag_LPF_Gain_IMU1_1
                0x0000000040015a88                TC_Mag_LPF_Gain_IMU2_1
                0x0000000040015cc0                TC_Wheel_Cutoff_Threshold_1
                0x0000000040015e54                adcsgains
                0x0000000040015f38                rGainSelect_TC
                0x0000000040015f8c                rReal_Time_TC
                0x0000000040016210                rTelecommand
                0x0000000040016388                rAbsoluteTTC_Execute
                0x00000000400164a8                rBlockTC_Execute
 .text          0x0000000040016588       0x38 C:\Users\ajarr\AppData\Local\Temp\ccDpHQLC.o
                0x0000000040016588                fdi_nmi_int_handler
 .text          0x00000000400165c0     0x1694 C:\Users\ajarr\AppData\Local\Temp\ccF8bwNd.o
                0x00000000400165c0                rPOR_Init
 .text          0x0000000040017c54      0xd00 C:\Users\ajarr\AppData\Local\Temp\ccLzCu9Y.o
                0x0000000040017c7c                rHAL_pl1_ON
                0x0000000040017cfc                rHAL_pl1_OFF
                0x0000000040017d4c                rHAL_pl2_ON
                0x0000000040017dcc                rHAL_pl2_OFF
                0x0000000040017e1c                rHAL_tm_ds_en
                0x0000000040017e58                rHAL_X_Tx_ON
                0x0000000040017e8c                rHAL_X_Tx_OFF
                0x0000000040017ec0                rHAL_pl_sts_check
                0x0000000040017ef0                rHAL_pl_cmd_hlt
                0x0000000040017f68                rHAL_pl_debug
                0x0000000040018028                rHAL_pl_x_tx_data_on
                0x0000000040018118                rHAL_pl_cmd_acq
                0x00000000400181f8                rHAL_pl_x_tx_data_off
                0x0000000040018238                rHAL_pl_diag
                0x00000000400182b0                pl_tx_tm
                0x00000000400183d8                pl_tx_tm_2
                0x00000000400184a8                rpl_read
                0x0000000040018594                rpl_tm_write
 .text          0x0000000040018954      0x4a8 C:\Users\ajarr\AppData\Local\Temp\ccXvdJqR.o
                0x0000000040018954                rHAL_EPS_Hardware_Status
                0x00000000400189bc                rHAL_Battery_load_shedding
                0x0000000040018a18                rHAL_EPS_shunt_switch
 .text          0x0000000040018dfc      0x1b4 C:\Users\ajarr\AppData\Local\Temp\ccdQtBER.o
                0x0000000040018dfc                rIMU_Init
                0x0000000040018e68                HAL_IMU_Read
 .text          0x0000000040018fb0      0x3b4 C:\Users\ajarr\AppData\Local\Temp\ccNOTwFZ.o
                0x0000000040018fb0                rHAL_ADC_Read
                0x000000004001900c                rHAL_ADC_TM_Copy
                0x0000000040019238                sun_Sensor_data
                0x000000004001934c                rHAL_ADC_StatusREG_Enable
 .text          0x0000000040019364     0x1010 C:\Users\ajarr\AppData\Local\Temp\cceQZ58c.o
                0x0000000040019364                rGPS_Buffer_Init
                0x00000000400195cc                rGPS_pulsecheck
                0x0000000040019668                rHAL_GPS_Read
                0x00000000400198d8                GPS_1_DATA
                0x000000004001993c                rHAL_GPS_Config
                0x000000004001a03c                rGPS_TM_Extract
                0x000000004001a310                ST_TM_gps_data
 .text          0x000000004001a374     0x1114 C:\Users\ajarr\AppData\Local\Temp\cctTN5tE.o
                0x000000004001a374                Thermister_select
                0x000000004001a3b8                UTP_selection
                0x000000004001a40c                LTP_selection
                0x000000004001a46c                Heater_1_auto_control
                0x000000004001a4dc                Heater_2_auto_control
                0x000000004001a54c                Heater_3_auto_control
                0x000000004001a5bc                Heater_4_auto_control
                0x000000004001a62c                Heater_5_auto_control
                0x000000004001a69c                Heater_6_auto_control
                0x000000004001a70c                Heater_7_auto_control
                0x000000004001a760                Heater_8_auto_control
                0x000000004001a7b4                Heater_9_auto_control
                0x000000004001a808                Heater_10_auto_control
                0x000000004001a85c                Heater_11_auto_control
                0x000000004001a8b0                Heater_12_auto_control
                0x000000004001a904                Heater_13_auto_control
                0x000000004001a960                Heater_14_auto_control
                0x000000004001a9bc                Heater_1_manual_control
                0x000000004001aa28                Heater_2_manual_control
                0x000000004001aa94                Heater_3_manual_control
                0x000000004001ab00                Heater_4_manual_control
                0x000000004001ab6c                Heater_5_manual_control
                0x000000004001abd8                Heater_6_manual_control
                0x000000004001ac44                Heater_control_auto_manual
                0x000000004001b2e8                Heater_7_manual_control
                0x000000004001b318                Heater_8_manual_control
                0x000000004001b348                Heater_9_manual_control
                0x000000004001b378                Heater_10_manual_control
                0x000000004001b3a8                Heater_11_manual_control
                0x000000004001b3d8                Heater_12_manual_control
                0x000000004001b408                Heater_13_manual_control
                0x000000004001b448                Heater_14_manual_control
 .text          0x000000004001b488      0x8dc C:\Users\ajarr\AppData\Local\Temp\ccMMHrTf.o
                0x000000004001b488                rHAL_MTR_ON
                0x000000004001b4bc                rHAL_MTR_OFF
                0x000000004001b4f0                rHAL_MTR
                0x000000004001bb28                MTR_Monitoring
                0x000000004001bb54                rHAL_MTR_TC
 .text          0x000000004001bd64     0x143c C:\Users\ajarr\AppData\Local\Temp\cc3uSc03.o
                0x000000004001bd64                RW_Init
                0x000000004001bee0                HAL_RW_CRC_Check
                0x000000004001bf4c                rHAL_RW_TM_Read
                0x000000004001c31c                rRW_SlipFrame_Check
                0x000000004001c560                rHAL_RW_TC_Write
                0x000000004001c738                rHAL_RW_TM_Write
                0x000000004001c898                rHAL_RW_ConfigBuffer_Write
                0x000000004001c93c                rRW_Data_Write
                0x000000004001cb48                rRW_Data_Request
                0x000000004001cc84                rRW_Data_Read
                0x000000004001d030                rRW_init_cmd
 .text          0x000000004001d1a0      0x6dc C:\Users\ajarr\AppData\Local\Temp\cca8aeR2.o
                0x000000004001d1a0                antennaCommand1
                0x000000004001d1ec                antennaCommand2
                0x000000004001d238                antennaCommand3
                0x000000004001d284                antennaCommand4
                0x000000004001d2d0                antennaCommand5
                0x000000004001d31c                antennaCommand6
                0x000000004001d368                antennaCommand7
                0x000000004001d3b0                antennaCommand8
                0x000000004001d3fc                antennaCommand9
                0x000000004001d448                rHAL_Antenna_Read
                0x000000004001d490                rHAL_SA_MAIN_Deploy_on
                0x000000004001d508                rHAL_SA_RED_Deploy_on
                0x000000004001d570                rHAL_SA1_Deploy_status_check
                0x000000004001d658                rHAL_SA2_Deploy_status_check
                0x000000004001d740                rHAL_SA_Deploy_Status_new
 .text          0x000000004001d87c     0x32f0 C:\Users\ajarr\AppData\Local\Temp\ccODnuwu.o
                0x000000004001d9ac                rQ_Propagation
                0x000000004001d9dc                rQuestDataProcessing
                0x000000004001df28                rDAD_quest
                0x000000004001eeb8                rErrorComputation
                0x000000004001f494                rExtendedKalmanFilter1_p1
                0x00000000400201d0                rExtendedKalmanFilter1_p2
 .text          0x0000000040020b6c     0x2bec C:\Users\ajarr\AppData\Local\Temp\ccIRGs7k.o
                0x0000000040020b6c                rGH_generation
                0x0000000040020d30                rMagFieldComp1
                0x0000000040021780                rMagFieldComp2
                0x0000000040021e98                rSun_Ephemeris
                0x00000000400220d8                rReferenceQuatComputation
                0x0000000040022bac                rRefVectorGeneration
                0x00000000400232a8                rRefRate_Computation
                0x000000004002358c                rSl_Ecl_OnBrd_detection
 .text          0x0000000040023758        0x0 C:\Users\ajarr\AppData\Local\Temp\ccYOFV1i.o
 .text          0x0000000040023758     0x2868 C:\Users\ajarr\AppData\Local\Temp\cctrEXMw.o
                0x0000000040023894                rLinearController
                0x0000000040024280                rDutyCycleGeneration
                0x0000000040024404                rAngularMomentumDumping
                0x00000000400248a0                rTorquer_Polarity_Check
                0x00000000400248d4                rSpeedBasedMomentumDumping
                0x000000004002502c                rWheel_Spin_updown
                0x00000000400253bc                rWheel_Auto_Reconfiguration
 .text          0x0000000040025fc0     0x10f8 C:\Users\ajarr\AppData\Local\Temp\ccY3YaeY.o
                0x0000000040025fd8                rSuspended_ModePreprocessing
                0x000000004002604c                rDetumbling_ModePreprocessing_BDOT_Logic
                0x00000000400264bc                rDetumbling_ModePreprocessing_GYRO_Logic
                0x0000000040026904                rSunAcquisition_ModePreprocessing
                0x0000000040026cbc                rThreeAxis_ModePreprocessing
                0x0000000040026f08                rRateReductionCheck
                0x0000000040027004                rSafeMode_Preprocessing
                0x0000000040027040                rScModeSelection
 .text          0x00000000400270b8     0x4a04 C:\Users\ajarr\AppData\Local\Temp\cchdI53B.o
                0x00000000400270b8                rADCS_Pon_vars
 .text          0x000000004002babc     0x9494 C:\Users\ajarr\AppData\Local\Temp\ccfZqJJ9.o
                0x000000004002babc                rIMUDataCorrection
                0x000000004002ce58                rIMU_1_DB_Copy
                0x000000004002d6f8                rIMU_2_DB_Copy
                0x000000004002df98                rIMU_1_DB_Init
                0x000000004002e838                rIMU_2_DB_Init
                0x000000004002f0d8                rIMU_Angle_Reset
                0x000000004002f120                rIMUDataProcessing
                0x00000000400303b4                rTheta_Limit
                0x0000000040030414                rIMU1_DB_Execute
                0x0000000040030438                rIMU2_DB_Execute
                0x000000004003045c                rBDOT_Computation
                0x0000000040030688                rSunSensorVectorComp
                0x0000000040033778                rSunSensorDataProcessing
                0x0000000040033b54                rSS_Read_Data
                0x0000000040033bb4                rSS_Main_DB_Init
                0x0000000040033bcc                rSS_Redundant_DB_Init
                0x0000000040033bd8                rSS_Main_DB_Copy
                0x0000000040034530                rSS_Redundant_DB_Copy
                0x0000000040034e88                rSS_Main_DB_Execute
                0x0000000040034eec                rSS_Redundant_DB_Execute
 .text          0x0000000040034f50        0x0 C:\Users\ajarr\AppData\Local\Temp\ccT2vluP.o
 .text          0x0000000040034f50     0x4768 C:\Users\ajarr\AppData\Local\Temp\cc0IBpWS.o
                0x0000000040036630                rOrbit_Initialization
                0x0000000040037a00                rOrbit_Propagation
                0x0000000040038d84                rOrbitalElements_computation
                0x0000000040038dac                rOrbitalElements_TLE
                0x0000000040038de4                rGPS_data_validity
                0x0000000040038dec                rJulian_Day
                0x0000000040038e28                rNEDtoECEF
                0x0000000040038f1c                rECEFtoECItoECEF
                0x0000000040038f44                rast_args
                0x0000000040039050                rnut_iau1980
                0x00000000400391ac                rGPS2OE
                0x0000000040039630                rGPSDataProcessing
 .text          0x00000000400396b8      0xd4c C:\Users\ajarr\AppData\Local\Temp\cclEbhXa.o
                0x00000000400396b8                rxRot
                0x0000000040039748                ryRot
                0x00000000400397d8                rzRot
                0x0000000040039860                rMatInv
                0x0000000040039a18                rCross_Product
                0x0000000040039a80                rMatMul3x1
                0x0000000040039af8                rMatMul3x3
                0x0000000040039bb0                rRM_to_Quat
                0x0000000040039ee4                rQs_Normalization
                0x0000000040039fec                rQs_Multiplication
                0x000000004003a0c8                rVectorNorm
                0x000000004003a198                rMat_adjoint3
                0x000000004003a294                rMatMul34x1
                0x000000004003a310                rMatMul43x1
                0x000000004003a38c                rMatMul44x1
 .text          0x000000004003a404     0x3330 C:\Users\ajarr\AppData\Local\Temp\ccyPfdBy.o
                0x000000004003a404                rSus_mode_remote_entry_hook
                0x000000004003a410                rSus_mode_remote_exit_hook
                0x000000004003a41c                rDBDOT_mode_remote_entry_hook
                0x000000004003a428                rDBDOT_mode_remote_exit_hook
                0x000000004003a434                rDGYRO_mode_remote_entry_hook
                0x000000004003a440                rDGYRO_mode_remote_exit_hook
                0x000000004003a44c                rSACQ_mode_remote_entry_hook
                0x000000004003a458                rSACQ_mode_remote_exit_hook
                0x000000004003a464                r3AXIS_mode_remote_entry_hook
                0x000000004003a470                r3AXIS_mode_remote_exit_hook
                0x000000004003a47c                rSAFE_mode_remote_entry_hook
                0x000000004003a488                rSAFE_mode_remote_exit_hook
                0x000000004003a494                rRemote_patch_area_S1
                0x000000004003a7c8                rRemote_patch_area_S2
                0x000000004003aafc                rRemote_patch_area_S3
                0x000000004003ae30                rRemote_patch_area_S4
                0x000000004003b164                rRemote_patch_area_S5
                0x000000004003b498                rRemote_patch_area_S6
                0x000000004003b7cc                rRemote_patch_area_L1
                0x000000004003c780                rRemote_patch_area_L2
 .text          0x000000004003d734      0x2d0 c:/opt/bcc-2.0.2-gcc/bin/../lib/gcc/sparc-gaisler-elf/7.2.0/../../../../sparc-gaisler-elf/lib/leon/mfix-at697f\libm.a(lib_a-s_atan.o)
                0x000000004003d734                atan
 .text          0x000000004003da04       0xe4 c:/opt/bcc-2.0.2-gcc/bin/../lib/gcc/sparc-gaisler-elf/7.2.0/../../../../sparc-gaisler-elf/lib/leon/mfix-at697f\libm.a(lib_a-s_cos.o)
                0x000000004003da04                cos
 .text          0x000000004003dae8       0x28 c:/opt/bcc-2.0.2-gcc/bin/../lib/gcc/sparc-gaisler-elf/7.2.0/../../../../sparc-gaisler-elf/lib/leon/mfix-at697f\libm.a(lib_a-s_fabs.o)
                0x000000004003dae8                fabs
 .text          0x000000004003db10      0x1f0 c:/opt/bcc-2.0.2-gcc/bin/../lib/gcc/sparc-gaisler-elf/7.2.0/../../../../sparc-gaisler-elf/lib/leon/mfix-at697f\libm.a(lib_a-s_floor.o)
                0x000000004003db10                floor
 .text          0x000000004003dd00       0xf4 c:/opt/bcc-2.0.2-gcc/bin/../lib/gcc/sparc-gaisler-elf/7.2.0/../../../../sparc-gaisler-elf/lib/leon/mfix-at697f\libm.a(lib_a-s_round.o)
                0x000000004003dd00                round
 .text          0x000000004003ddf4       0xe8 c:/opt/bcc-2.0.2-gcc/bin/../lib/gcc/sparc-gaisler-elf/7.2.0/../../../../sparc-gaisler-elf/lib/leon/mfix-at697f\libm.a(lib_a-s_sin.o)
                0x000000004003ddf4                sin
 .text          0x000000004003dedc       0x9c c:/opt/bcc-2.0.2-gcc/bin/../lib/gcc/sparc-gaisler-elf/7.2.0/../../../../sparc-gaisler-elf/lib/leon/mfix-at697f\libm.a(lib_a-s_tan.o)
                0x000000004003dedc                tan
 .text          0x000000004003df78      0x128 c:/opt/bcc-2.0.2-gcc/bin/../lib/gcc/sparc-gaisler-elf/7.2.0/../../../../sparc-gaisler-elf/lib/leon/mfix-at697f\libm.a(lib_a-w_acos.o)
                0x000000004003df78                acos
 .text          0x000000004003e0a0      0x128 c:/opt/bcc-2.0.2-gcc/bin/../lib/gcc/sparc-gaisler-elf/7.2.0/../../../../sparc-gaisler-elf/lib/leon/mfix-at697f\libm.a(lib_a-w_asin.o)
                0x000000004003e0a0                asin
 .text          0x000000004003e1c8        0xc c:/opt/bcc-2.0.2-gcc/bin/../lib/gcc/sparc-gaisler-elf/7.2.0/../../../../sparc-gaisler-elf/lib/leon/mfix-at697f\libm.a(lib_a-w_atan2.o)
                0x000000004003e1c8                atan2
 .text          0x000000004003e1d4      0x148 c:/opt/bcc-2.0.2-gcc/bin/../lib/gcc/sparc-gaisler-elf/7.2.0/../../../../sparc-gaisler-elf/lib/leon/mfix-at697f\libm.a(lib_a-w_fmod.o)
                0x000000004003e1d4                fmod
 .text          0x000000004003e31c      0x4a8 c:/opt/bcc-2.0.2-gcc/bin/../lib/gcc/sparc-gaisler-elf/7.2.0/../../../../sparc-gaisler-elf/lib/leon/mfix-at697f\libm.a(lib_a-w_pow.o)
                0x000000004003e31c                pow
 .text          0x000000004003e7c4       0xfc c:/opt/bcc-2.0.2-gcc/bin/../lib/gcc/sparc-gaisler-elf/7.2.0/../../../../sparc-gaisler-elf/lib/leon/mfix-at697f\libm.a(lib_a-w_sqrt.o)
                0x000000004003e7c4                sqrt
 .text          0x000000004003e8c0      0x37c c:/opt/bcc-2.0.2-gcc/bin/../lib/gcc/sparc-gaisler-elf/7.2.0/../../../../sparc-gaisler-elf/lib/leon/mfix-at697f\libm.a(lib_a-e_acos.o)
                0x000000004003e8c0                __ieee754_acos
 .text          0x000000004003ec3c      0x310 c:/opt/bcc-2.0.2-gcc/bin/../lib/gcc/sparc-gaisler-elf/7.2.0/../../../../sparc-gaisler-elf/lib/leon/mfix-at697f\libm.a(lib_a-e_asin.o)
                0x000000004003ec3c                __ieee754_asin
 .text          0x000000004003ef4c      0x2b4 c:/opt/bcc-2.0.2-gcc/bin/../lib/gcc/sparc-gaisler-elf/7.2.0/../../../../sparc-gaisler-elf/lib/leon/mfix-at697f\libm.a(lib_a-e_atan2.o)
                0x000000004003ef4c                __ieee754_atan2
 .text          0x000000004003f200      0x3ac c:/opt/bcc-2.0.2-gcc/bin/../lib/gcc/sparc-gaisler-elf/7.2.0/../../../../sparc-gaisler-elf/lib/leon/mfix-at697f\libm.a(lib_a-e_fmod.o)
                0x000000004003f200                __ieee754_fmod
 .text          0x000000004003f5ac      0x8dc c:/opt/bcc-2.0.2-gcc/bin/../lib/gcc/sparc-gaisler-elf/7.2.0/../../../../sparc-gaisler-elf/lib/leon/mfix-at697f\libm.a(lib_a-e_pow.o)
                0x000000004003f5ac                __ieee754_pow
 .text          0x000000004003fe88      0x39c c:/opt/bcc-2.0.2-gcc/bin/../lib/gcc/sparc-gaisler-elf/7.2.0/../../../../sparc-gaisler-elf/lib/leon/mfix-at697f\libm.a(lib_a-e_rem_pio2.o)
                0x000000004003fe88                __ieee754_rem_pio2
 .text          0x0000000040040224      0x270 c:/opt/bcc-2.0.2-gcc/bin/../lib/gcc/sparc-gaisler-elf/7.2.0/../../../../sparc-gaisler-elf/lib/leon/mfix-at697f\libm.a(lib_a-e_sqrt.o)
                0x0000000040040224                __ieee754_sqrt
 .text          0x0000000040040494      0x1bc c:/opt/bcc-2.0.2-gcc/bin/../lib/gcc/sparc-gaisler-elf/7.2.0/../../../../sparc-gaisler-elf/lib/leon/mfix-at697f\libm.a(lib_a-k_cos.o)
                0x0000000040040494                __kernel_cos
 .text          0x0000000040040650      0xbdc c:/opt/bcc-2.0.2-gcc/bin/../lib/gcc/sparc-gaisler-elf/7.2.0/../../../../sparc-gaisler-elf/lib/leon/mfix-at697f\libm.a(lib_a-k_rem_pio2.o)
                0x0000000040040650                __kernel_rem_pio2
 .text          0x000000004004122c      0x100 c:/opt/bcc-2.0.2-gcc/bin/../lib/gcc/sparc-gaisler-elf/7.2.0/../../../../sparc-gaisler-elf/lib/leon/mfix-at697f\libm.a(lib_a-k_sin.o)
                0x000000004004122c                __kernel_sin
 .text          0x000000004004132c      0x290 c:/opt/bcc-2.0.2-gcc/bin/../lib/gcc/sparc-gaisler-elf/7.2.0/../../../../sparc-gaisler-elf/lib/leon/mfix-at697f\libm.a(lib_a-k_tan.o)
                0x000000004004132c                __kernel_tan
 .text          0x00000000400415bc       0x18 c:/opt/bcc-2.0.2-gcc/bin/../lib/gcc/sparc-gaisler-elf/7.2.0/../../../../sparc-gaisler-elf/lib/leon/mfix-at697f\libm.a(lib_a-s_finite.o)
                0x00000000400415bc                finite
 .text          0x00000000400415d4        0x0 c:/opt/bcc-2.0.2-gcc/bin/../lib/gcc/sparc-gaisler-elf/7.2.0/../../../../sparc-gaisler-elf/lib/leon/mfix-at697f\libm.a(lib_a-s_lib_ver.o)
 .text          0x00000000400415d4        0x8 c:/opt/bcc-2.0.2-gcc/bin/../lib/gcc/sparc-gaisler-elf/7.2.0/../../../../sparc-gaisler-elf/lib/leon/mfix-at697f\libm.a(lib_a-s_matherr.o)
                0x00000000400415d4                matherr
 .text          0x00000000400415dc        0xc c:/opt/bcc-2.0.2-gcc/bin/../lib/gcc/sparc-gaisler-elf/7.2.0/../../../../sparc-gaisler-elf/lib/leon/mfix-at697f\libm.a(lib_a-s_nan.o)
                0x00000000400415dc                nan
 .text          0x00000000400415e8      0x1ac c:/opt/bcc-2.0.2-gcc/bin/../lib/gcc/sparc-gaisler-elf/7.2.0/../../../../sparc-gaisler-elf/lib/leon/mfix-at697f\libm.a(lib_a-s_rint.o)
                0x00000000400415e8                rint
 .text          0x0000000040041794      0x14c c:/opt/bcc-2.0.2-gcc/bin/../lib/gcc/sparc-gaisler-elf/7.2.0/../../../../sparc-gaisler-elf/lib/leon/mfix-at697f\libm.a(lib_a-s_scalbn.o)
                0x0000000040041794                scalbn
 .text          0x00000000400418e0       0x30 c:/opt/bcc-2.0.2-gcc/bin/../lib/gcc/sparc-gaisler-elf/7.2.0/../../../../sparc-gaisler-elf/lib/leon/mfix-at697f\libm.a(lib_a-s_copysign.o)
                0x00000000400418e0                copysign
 .text          0x0000000040041910       0x7c c:/opt/bcc-2.0.2-gcc/bin/../sparc-gaisler-elf/bsp/leon2/leon/mfix-at697f\libbcc.a(reset_trap_mvt.S.o)
                0x0000000040041910                __bcc_trap_reset_mvt
 .text          0x000000004004198c       0xb0 c:/opt/bcc-2.0.2-gcc/bin/../sparc-gaisler-elf/bsp/leon2/leon/mfix-at697f\libbcc.a(window_trap.S.o)
                0x000000004004198c                __bcc_trap_window_overflow
                0x00000000400419dc                __bcc_trap_window_underflow
 .text          0x0000000040041a3c      0x1b4 c:/opt/bcc-2.0.2-gcc/bin/../sparc-gaisler-elf/bsp/leon2/leon/mfix-at697f\libbcc.a(interrupt_trap.S.o)
                0x0000000040041a3c                __bcc_trap_interrupt_svt
                0x0000000040041a40                __bcc_trap_interrupt
 .text          0x0000000040041bf0       0x88 c:/opt/bcc-2.0.2-gcc/bin/../sparc-gaisler-elf/bsp/leon2/leon/mfix-at697f\libbcc.a(flush_windows_trap.S.o)
                0x0000000040041bf0                __bcc_trap_flush_windows
 .text          0x0000000040041c78       0x2c c:/opt/bcc-2.0.2-gcc/bin/../sparc-gaisler-elf/bsp/leon2/leon/mfix-at697f\libbcc.a(sw_trap_set_pil.S.o)
                0x0000000040041c78                __bcc_trap_sw_set_pil
 .text          0x0000000040041ca4       0xb0 c:/opt/bcc-2.0.2-gcc/bin/../sparc-gaisler-elf/bsp/leon2/leon/mfix-at697f\libbcc.a(trap.c.o)
                0x0000000040041ca4                bcc_set_trap
 .text          0x0000000040041d54        0x0 c:/opt/bcc-2.0.2-gcc/bin/../sparc-gaisler-elf/bsp/leon2/leon/mfix-at697f\libbcc.a(isr.c.o)
 .text          0x0000000040041d54        0x0 c:/opt/bcc-2.0.2-gcc/bin/../sparc-gaisler-elf/bsp/leon2/leon/mfix-at697f\libbcc.a(int_nest.c.o)
 .text          0x0000000040041d54        0x8 c:/opt/bcc-2.0.2-gcc/bin/../sparc-gaisler-elf/bsp/leon2/leon/mfix-at697f\libbcc.a(init.S.o)
                0x0000000040041d54                __bcc_init40
                0x0000000040041d54                __bcc_init70
                0x0000000040041d54                __bcc_init60
                0x0000000040041d54                __bcc_init50
 .text          0x0000000040041d5c       0x84 c:/opt/bcc-2.0.2-gcc/bin/../sparc-gaisler-elf/bsp/leon2/leon/mfix-at697f\libbcc.a(leon_info.S.o)
                0x0000000040041d5c                __bcc_get_leon_info
                0x0000000040041dd0                bcc_get_cpuid
 .text          0x0000000040041de0       0x2c c:/opt/bcc-2.0.2-gcc/bin/../sparc-gaisler-elf/bsp/leon2/leon/mfix-at697f\libbcc.a(dwzero.S.o)
                0x0000000040041de0                bcc_dwzero
 .text          0x0000000040041e0c       0x5c c:/opt/bcc-2.0.2-gcc/bin/../sparc-gaisler-elf/bsp/leon2/leon/mfix-at697f\libbcc.a(copy_data.c.o)
                0x0000000040041e0c                __bcc_copy_data
 *fill*         0x0000000040041e68        0x8 
 .text          0x0000000040041e70       0x90 c:/opt/bcc-2.0.2-gcc/bin/../sparc-gaisler-elf/bsp/leon2/leon/mfix-at697f\libbcc.a(lowlevel.S.o)
                0x0000000040041e70                bcc_loadnocache
                0x0000000040041e7c                bcc_loadnocache16
                0x0000000040041e88                bcc_loadnocache8
                0x0000000040041ea0                bcc_ldstub
                0x0000000040041eac                bcc_set_psr
                0x0000000040041ec4                bcc_get_psr
                0x0000000040041ecc                bcc_get_pil
                0x0000000040041edc                bcc_set_tbr
                0x0000000040041ef4                bcc_get_tbr
 .text          0x0000000040041f00       0x50 c:/opt/bcc-2.0.2-gcc/bin/../sparc-gaisler-elf/bsp/leon2/leon/mfix-at697f\libbcc.a(lowlevel_leon2.S.o)
                0x0000000040041f00                bcc_set_ccr
                0x0000000040041f10                bcc_get_ccr
                0x0000000040041f20                bcc_flush_cache
                0x0000000040041f2c                bcc_flush_icache
                0x0000000040041f34                bcc_flush_dcache
                0x0000000040041f3c                bcc_power_down
 .text          0x0000000040041f50      0x160 c:/opt/bcc-2.0.2-gcc/bin/../sparc-gaisler-elf/bsp/leon2/leon/mfix-at697f\libbcc.a(int_leon2.c.o)
                0x0000000040041f50                bcc_int_mask
                0x0000000040041fa0                bcc_int_unmask
                0x0000000040041ff0                bcc_int_clear
                0x0000000040042028                bcc_int_force
                0x000000004004206c                bcc_int_pend
 .text          0x00000000400420b0        0x8 c:/opt/bcc-2.0.2-gcc/bin/../sparc-gaisler-elf/bsp/leon2/leon/mfix-at697f\libbcc.a(int_leon2_get_source.c.o)
                0x00000000400420b0                __bcc_int_get_source
 .text          0x00000000400420b8        0x8 c:/opt/bcc-2.0.2-gcc/bin/../sparc-gaisler-elf/bsp/leon2/leon/mfix-at697f\libbcc.a(int_leon2_init.c.o)
                0x00000000400420b8                __bcc_int_init
 .text          0x00000000400420c0       0x70 c:/opt/bcc-2.0.2-gcc/bin/../sparc-gaisler-elf/bsp/leon2/leon/mfix-at697f\libbcc.a(con_leon2.c.o)
                0x00000000400420c0                __bcc_con_init
                0x00000000400420c8                __bcc_con_outbyte
                0x00000000400420fc                __bcc_con_inbyte
 .text          0x0000000040042130       0x30 c:/opt/bcc-2.0.2-gcc/bin/../sparc-gaisler-elf/bsp/leon2/leon/mfix-at697f\libbcc.a(timer_leon2.c.o)
                0x0000000040042130                __bcc_timer_init
                0x0000000040042138                bcc_timer_get_us
 .text          0x0000000040042160        0xc c:/opt/bcc-2.0.2-gcc/bin/../sparc-gaisler-elf/bsp/leon2/leon/mfix-at697f\libbcc.a(set_pil.S.o)
                0x0000000040042160                bcc_set_pil
 .text          0x000000004004216c        0x0 c:/opt/bcc-2.0.2-gcc/bin/../sparc-gaisler-elf/bsp/leon2/leon/mfix-at697f\libbcc.a(int_leon2_handle.c.o)
 .text          0x000000004004216c        0x0 c:/opt/bcc-2.0.2-gcc/bin/../sparc-gaisler-elf/bsp/leon2/leon/mfix-at697f\libbcc.a(con_handle.c.o)
 .text          0x000000004004216c        0x0 c:/opt/bcc-2.0.2-gcc/bin/../sparc-gaisler-elf/bsp/leon2/leon/mfix-at697f\libbcc.a(timer_handle.c.o)
 .text          0x000000004004216c       0x1c c:/opt/bcc-2.0.2-gcc/bin/../lib/gcc/sparc-gaisler-elf/7.2.0/../../../../sparc-gaisler-elf/lib/leon/mfix-at697f\libc.a(lib_a-atexit.o)
                0x000000004004216c                atexit
 .text          0x0000000040042188        0xc c:/opt/bcc-2.0.2-gcc/bin/../lib/gcc/sparc-gaisler-elf/7.2.0/../../../../sparc-gaisler-elf/lib/leon/mfix-at697f\libc.a(lib_a-errno.o)
                0x0000000040042188                __errno
 .text          0x0000000040042194       0x3c c:/opt/bcc-2.0.2-gcc/bin/../lib/gcc/sparc-gaisler-elf/7.2.0/../../../../sparc-gaisler-elf/lib/leon/mfix-at697f\libc.a(lib_a-exit.o)
                0x0000000040042194                exit
 .text          0x00000000400421d0        0x0 c:/opt/bcc-2.0.2-gcc/bin/../lib/gcc/sparc-gaisler-elf/7.2.0/../../../../sparc-gaisler-elf/lib/leon/mfix-at697f\libc.a(lib_a-impure.o)
 .text          0x00000000400421d0      0x19c c:/opt/bcc-2.0.2-gcc/bin/../lib/gcc/sparc-gaisler-elf/7.2.0/../../../../sparc-gaisler-elf/lib/leon/mfix-at697f\libc.a(lib_a-memcpy.o)
                0x00000000400421d0                memcpy
 .text          0x000000004004236c      0x158 c:/opt/bcc-2.0.2-gcc/bin/../lib/gcc/sparc-gaisler-elf/7.2.0/../../../../sparc-gaisler-elf/lib/leon/mfix-at697f\libc.a(lib_a-__atexit.o)
                0x000000004004236c                __register_exitproc
 .text          0x00000000400424c4      0x2b4 c:/opt/bcc-2.0.2-gcc/bin/../lib/gcc/sparc-gaisler-elf/7.2.0/../../../../sparc-gaisler-elf/lib/leon/mfix-at697f\libc.a(lib_a-__call_atexit.o)
                0x00000000400424c4                __call_exitprocs
 .text          0x0000000040042778       0x18 c:/opt/bcc-2.0.2-gcc/bin/../sparc-gaisler-elf/bsp/leon2/leon/mfix-at697f\libbcc.a(_exit.S.o)
                0x0000000040042778                _exit
 .text          0x0000000040042790       0x48 c:/opt/bcc-2.0.2-gcc/bin/../lib/gcc/sparc-gaisler-elf/7.2.0/leon/mfix-at697f/crtend.o
 .text          0x00000000400427d8        0x0 c:/opt/bcc-2.0.2-gcc/bin/../lib/gcc/sparc-gaisler-elf/7.2.0/leon/mfix-at697f/crtn.o
                0x00000000400427e0                . = ALIGN (0x10)
 *fill*         0x00000000400427d8        0x8 
 *(.eh_frame)
 .eh_frame      0x00000000400427e0        0x0 c:/opt/bcc-2.0.2-gcc/bin/../lib/gcc/sparc-gaisler-elf/7.2.0/leon/mfix-at697f/crtbegin.o
 .eh_frame      0x00000000400427e0        0x4 c:/opt/bcc-2.0.2-gcc/bin/../lib/gcc/sparc-gaisler-elf/7.2.0/leon/mfix-at697f/crtend.o
                0x00000000400427f0                . = ALIGN (0x10)
 *fill*         0x00000000400427e4        0xc 
 *(.gnu.linkonce.t*)
                0x00000000400427f0                ___CTOR_LIST__ = .
                0x00000000400427f0        0x4 LONG 0x2 (((___CTOR_END__ - ___CTOR_LIST__) / 0x4) - 0x2)
 *(SORT(.ctors.*))
 *(.ctors)
 .ctors         0x00000000400427f4        0x4 c:/opt/bcc-2.0.2-gcc/bin/../lib/gcc/sparc-gaisler-elf/7.2.0/leon/mfix-at697f/crtbegin.o
 .ctors         0x00000000400427f8        0x4 c:/opt/bcc-2.0.2-gcc/bin/../lib/gcc/sparc-gaisler-elf/7.2.0/leon/mfix-at697f/crtend.o
                0x00000000400427fc        0x4 LONG 0x0
                0x0000000040042800                ___CTOR_END__ = .
                0x0000000040042800                ___DTOR_LIST__ = .
                0x0000000040042800        0x4 LONG 0x2 (((___DTOR_END__ - ___DTOR_LIST__) / 0x4) - 0x2)
 *(SORT(.dtors.*))
 *(.dtors)
 .dtors         0x0000000040042804        0x4 c:/opt/bcc-2.0.2-gcc/bin/../lib/gcc/sparc-gaisler-elf/7.2.0/leon/mfix-at697f/crtbegin.o
 .dtors         0x0000000040042808        0x4 c:/opt/bcc-2.0.2-gcc/bin/../lib/gcc/sparc-gaisler-elf/7.2.0/leon/mfix-at697f/crtend.o
                0x0000000040042808                __DTOR_END__
                0x000000004004280c        0x4 LONG 0x0
                0x0000000040042810                ___DTOR_END__ = .
 *(.gnu.linkonce*)
 *(.init)
 .init          0x0000000040042810        0x4 c:/opt/bcc-2.0.2-gcc/bin/../lib/gcc/sparc-gaisler-elf/7.2.0/leon/mfix-at697f/crti.o
                0x0000000040042810                _init
 .init          0x0000000040042814        0x8 c:/opt/bcc-2.0.2-gcc/bin/../lib/gcc/sparc-gaisler-elf/7.2.0/leon/mfix-at697f/crtbegin.o
 .init          0x000000004004281c        0x8 c:/opt/bcc-2.0.2-gcc/bin/../lib/gcc/sparc-gaisler-elf/7.2.0/leon/mfix-at697f/crtend.o
 .init          0x0000000040042824        0xc c:/opt/bcc-2.0.2-gcc/bin/../lib/gcc/sparc-gaisler-elf/7.2.0/leon/mfix-at697f/crtn.o
 *(.fini)
 .fini          0x0000000040042830        0x4 c:/opt/bcc-2.0.2-gcc/bin/../lib/gcc/sparc-gaisler-elf/7.2.0/leon/mfix-at697f/crti.o
                0x0000000040042830                _fini
 .fini          0x0000000040042834        0x8 c:/opt/bcc-2.0.2-gcc/bin/../lib/gcc/sparc-gaisler-elf/7.2.0/leon/mfix-at697f/crtbegin.o
 .fini          0x000000004004283c        0xc c:/opt/bcc-2.0.2-gcc/bin/../lib/gcc/sparc-gaisler-elf/7.2.0/leon/mfix-at697f/crtn.o
 *(.lit)
 *(.shdata)
                0x0000000040042850                . = ALIGN (0x10)
 *fill*         0x0000000040042848        0x8 
                0x0000000040042850                __text_end = .

.gcc_except_table
 *(.gcc_except_table)

.rodata         0x0000000040042850     0x5130
                0x0000000040042850                __rodata_start = .
 *(.rodata*)
 .rodata.cst8   0x0000000040042850       0x38 C:\Users\ajarr\AppData\Local\Temp\cchykHhk.o
 .rodata        0x0000000040042888        0x0 C:\Users\ajarr\AppData\Local\Temp\ccvJIOyC.o
 .rodata        0x0000000040042888       0x10 C:\Users\ajarr\AppData\Local\Temp\ccxRLE2J.o
 .rodata.cst4   0x0000000040042898        0x4 C:\Users\ajarr\AppData\Local\Temp\ccyKbY9D.o
 .rodata        0x000000004004289c        0x0 C:\Users\ajarr\AppData\Local\Temp\ccyKbY9D.o
 .rodata        0x000000004004289c        0x0 C:\Users\ajarr\AppData\Local\Temp\ccLzCu9Y.o
 *fill*         0x000000004004289c        0x4 
 .rodata.cst8   0x00000000400428a0        0x8 C:\Users\ajarr\AppData\Local\Temp\cc3uSc03.o
 .rodata.cst8   0x00000000400428a8       0x58 C:\Users\ajarr\AppData\Local\Temp\ccODnuwu.o
                                         0xc8 (size before relaxing)
 .rodata.cst4   0x0000000040042900        0x4 C:\Users\ajarr\AppData\Local\Temp\ccODnuwu.o
 *fill*         0x0000000040042904        0x4 
 .rodata.cst8   0x0000000040042908       0x18 C:\Users\ajarr\AppData\Local\Temp\ccIRGs7k.o
                                         0x78 (size before relaxing)
 .rodata        0x0000000040042920     0x4724 C:\Users\ajarr\AppData\Local\Temp\ccYOFV1i.o
                0x0000000040042920                c_I_nine_cross_nine
                0x0000000040042ba8                c_I_three_cross_three
                0x0000000040042bf0                c_Tv_wof_0034
                0x0000000040042c38                c_Tv_wof_0204
                0x0000000040042c80                c_Tv_wof_0230
                0x0000000040042cc8                c_Tv_wof_1004
                0x0000000040042d10                c_Tv_wof_1030
                0x0000000040042d58                c_Tv_wof_1200
                0x0000000040042da0                c_B2wh_mat_0034
                0x0000000040042e00                c_B2wh_mat_0204
                0x0000000040042e60                c_B2wh_mat_0230
                0x0000000040042ec0                c_B2wh_mat_1004
                0x0000000040042f20                c_B2wh_mat_1030
                0x0000000040042f80                c_B2wh_mat_1200
                0x0000000040042fe0                c_B2wh_mat_0234
                0x0000000040043040                c_B2wh_mat_1034
                0x00000000400430a0                c_B2wh_mat_1204
                0x0000000040043100                c_B2wh_mat_1230
                0x0000000040043160                c_B2wh_mat_4RW
                0x00000000400431c0                c_wh2B_mat_0034
                0x0000000040043220                c_wh2B_mat_0204
                0x0000000040043280                c_wh2B_mat_0230
                0x00000000400432e0                c_wh2B_mat_1004
                0x0000000040043340                c_wh2B_mat_1030
                0x00000000400433a0                c_wh2B_mat_1200
                0x0000000040043400                c_wh2B_mat_0234
                0x0000000040043460                c_wh2B_mat_1034
                0x00000000400434c0                c_wh2B_mat_1204
                0x0000000040043520                c_wh2B_mat_1230
                0x0000000040043580                c_wh2B_mat_4RW
                0x00000000400435e0                c_MOI_wh
                0x00000000400435e8                c_MOI_wh4
                0x00000000400435f0                c_MOI_wh3
                0x00000000400435f8                c_MOI_wh2
                0x0000000040043600                c_MOI_wh1
                0x0000000040043608                TC_T_RW_MAX
                0x0000000040043610                c_RADps2RPM
                0x0000000040043618                c_RPM2RADpS
                0x0000000040043620                c_DPMMAX
                0x0000000040043628                c_wkm_sunmag
                0x0000000040043630                c_wks_sunmag
                0x0000000040043638                c_wkm_mag
                0x0000000040043640                c_wks_mag
                0x0000000040043648                c_ss2b4156
                0x0000000040043690                c_ss2b3456
                0x00000000400436d8                c_ss2b2356
                0x0000000040043720                c_ss2b1256
                0x0000000040043768                c_misaln_cor146
                0x00000000400437b0                c_misaln_cor145
                0x00000000400437f8                c_misaln_cor346
                0x0000000040043840                c_misaln_cor345
                0x0000000040043888                c_misaln_cor326
                0x00000000400438d0                c_misaln_cor325
                0x0000000040043918                c_misaln_cor126
                0x0000000040043960                c_misaln_cor125
                0x00000000400439a8                c_AngDev_SAMtransit_thrsld
                0x00000000400439b0                c_AngDev_SMtransit_thrsld
                0x00000000400439b8                c_Sunlit_Thrsld
                0x00000000400439c0                c_SSThrsld
                0x00000000400439c8                c_Imax_YN_Main
                0x00000000400439d0                c_Imax_YP_Main
                0x00000000400439d8                c_Imax_PN_Main
                0x00000000400439e0                c_Imax_PP_Main
                0x00000000400439e8                c_Imax_RNND_Main
                0x00000000400439f0                c_Imax_RPND_Main
                0x00000000400439f8                c_Imax_RND_Main
                0x0000000040043a00                c_Imax_RPD_Main
                0x0000000040043a08                c_Imax_YN_Red
                0x0000000040043a10                c_Imax_YP_Red
                0x0000000040043a18                c_Imax_PN_Red
                0x0000000040043a20                c_Imax_PP_Red
                0x0000000040043a28                c_Imax_RNND_Red
                0x0000000040043a30                c_Imax_RPND_Red
                0x0000000040043a38                c_Imax_RND_Red
                0x0000000040043a40                c_Imax_RPD_Red
                0x0000000040043a48                c_KDset3
                0x0000000040043a50                c_KDset2
                0x0000000040043a58                c_KDset1
                0x0000000040043a60                c_Epsilon2
                0x0000000040043a68                c_Epsilon1
                0x0000000040043a70                c_Sun_Dis3
                0x0000000040043a78                c_Sun_Dis2
                0x0000000040043a80                c_Sun_Dis1
                0x0000000040043a88                c_L_Ecliptic2
                0x0000000040043a90                c_L_Ecliptic1
                0x0000000040043a98                c_Msun2
                0x0000000040043aa0                c_Msun1
                0x0000000040043aa8                c_L_Msun2
                0x0000000040043ab0                c_L_Msun1
                0x0000000040043ab8                c_hsval
                0x0000000040043df8                c_hval
                0x0000000040044138                c_gsval
                0x0000000040044478                c_gval
                0x00000000400447b8                c_sdmax
                0x00000000400447c0                c_a
                0x00000000400447c8                c_Pibytwo
                0x00000000400447d0                c_Kmax
                0x00000000400447d4                c_Nmax
                0x00000000400447d8                nut
                0x00000000400468f8                fc
                0x00000000400469c0                c_rk_T
                0x0000000040046c48                c_rk
                0x0000000040046ed0                c_I_four_cross_four
                0x0000000040046f10                c_onesecond
                0x0000000040046f18                c_oneminute
                0x0000000040046f20                c_halfhour
                0x0000000040046f28                c_Mmax
                0x0000000040046f30                c_AS2R
                0x0000000040046f38                c_R2D
                0x0000000040046f40                c_D2R
                0x0000000040046f48                c_min_per_day
                0x0000000040046f50                c_temp4
                0x0000000040046f58                c_j4
                0x0000000040046f60                c_j3oj2
                0x0000000040046f68                c_qzms2t
                0x0000000040046f70                c_ss
                0x0000000040046f78                c_xpdotp
                0x0000000040046f80                c_Pi
                0x0000000040046f88                c_Day_To_Seconds
                0x0000000040046f90                c_invmu
                0x0000000040046f98                c_mu
                0x0000000040046fa0                c_dividebyzerovalue
                0x0000000040046fa8                c_xke
                0x0000000040046fb0                c_x2o3
                0x0000000040046fb8                c_Twopi
                0x0000000040046fc0                c_j2
                0x0000000040046fc8                c_au
                0x0000000040046fd0                c_auer
                0x0000000040046fd8                c_radiusearthkm
                0x0000000040046fe0                c_vkmpersec
                0x0000000040046fe8                c_OMEGAE
                0x0000000040046ff0                c_tsince_min
                0x0000000040046ff8                c_twomu
                0x0000000040047000                c_MiC
                0x0000000040047008                c_MaC
                0x0000000040047010                c_TM_RW_Resol
                0x0000000040047018                c_TM_Resol_B
                0x0000000040047020                c_TM_Resol_w
                0x0000000040047028                c_TM_Resol_DelThta
                0x0000000040047030                c_Resol_DelThta
                0x0000000040047038                c_Resol_B
                0x0000000040047040                c_FFFF
 *fill*         0x0000000040047044        0x4 
 .rodata.cst8   0x0000000040047048       0x58 C:\Users\ajarr\AppData\Local\Temp\cctrEXMw.o
                                         0xb0 (size before relaxing)
 .rodata.cst8   0x00000000400470a0       0x30 C:\Users\ajarr\AppData\Local\Temp\ccY3YaeY.o
                                         0x78 (size before relaxing)
 .rodata        0x00000000400470d0        0x0 C:\Users\ajarr\AppData\Local\Temp\ccY3YaeY.o
 .rodata.cst8   0x00000000400470d0       0x48 C:\Users\ajarr\AppData\Local\Temp\cchdI53B.o
                                         0x68 (size before relaxing)
 .rodata.cst4   0x0000000040047118        0x8 C:\Users\ajarr\AppData\Local\Temp\cchdI53B.o
 .rodata.cst8   0x0000000040047120       0x38 C:\Users\ajarr\AppData\Local\Temp\ccfZqJJ9.o
                                         0xa0 (size before relaxing)
 .rodata.cst4   0x0000000040047158        0x8 C:\Users\ajarr\AppData\Local\Temp\ccfZqJJ9.o
                                          0xc (size before relaxing)
 .rodata.cst8   0x0000000040047160      0x290 C:\Users\ajarr\AppData\Local\Temp\cc0IBpWS.o
                                        0x3c0 (size before relaxing)
 .rodata.cst8   0x00000000400473f0       0x88 C:\Users\ajarr\AppData\Local\Temp\cclEbhXa.o
 .rodata.cst8   0x00000000400473f0       0xa8 c:/opt/bcc-2.0.2-gcc/bin/../lib/gcc/sparc-gaisler-elf/7.2.0/../../../../sparc-gaisler-elf/lib/leon/mfix-at697f\libm.a(lib_a-s_atan.o)
                                         0xd0 (size before relaxing)
 .rodata.cst8   0x0000000040047498       0x10 c:/opt/bcc-2.0.2-gcc/bin/../lib/gcc/sparc-gaisler-elf/7.2.0/../../../../sparc-gaisler-elf/lib/leon/mfix-at697f\libm.a(lib_a-s_floor.o)
 .rodata.str1.8
                0x0000000040047498        0x9 c:/opt/bcc-2.0.2-gcc/bin/../lib/gcc/sparc-gaisler-elf/7.2.0/../../../../sparc-gaisler-elf/lib/leon/mfix-at697f\libm.a(lib_a-w_acos.o)
 .rodata.cst8   0x00000000400474a1        0x8 c:/opt/bcc-2.0.2-gcc/bin/../lib/gcc/sparc-gaisler-elf/7.2.0/../../../../sparc-gaisler-elf/lib/leon/mfix-at697f\libm.a(lib_a-w_acos.o)
 *fill*         0x00000000400474a1        0x7 
 .rodata.str1.8
                0x00000000400474a8        0x5 c:/opt/bcc-2.0.2-gcc/bin/../lib/gcc/sparc-gaisler-elf/7.2.0/../../../../sparc-gaisler-elf/lib/leon/mfix-at697f\libm.a(lib_a-w_asin.o)
                                          0x9 (size before relaxing)
 .rodata.cst8   0x00000000400474ad        0x8 c:/opt/bcc-2.0.2-gcc/bin/../lib/gcc/sparc-gaisler-elf/7.2.0/../../../../sparc-gaisler-elf/lib/leon/mfix-at697f\libm.a(lib_a-w_asin.o)
 *fill*         0x00000000400474ad        0x3 
 .rodata.str1.8
                0x00000000400474b0        0x5 c:/opt/bcc-2.0.2-gcc/bin/../lib/gcc/sparc-gaisler-elf/7.2.0/../../../../sparc-gaisler-elf/lib/leon/mfix-at697f\libm.a(lib_a-w_fmod.o)
 .rodata.cst8   0x00000000400474b5        0x8 c:/opt/bcc-2.0.2-gcc/bin/../lib/gcc/sparc-gaisler-elf/7.2.0/../../../../sparc-gaisler-elf/lib/leon/mfix-at697f\libm.a(lib_a-w_fmod.o)
 *fill*         0x00000000400474b5        0x3 
 .rodata.str1.8
                0x00000000400474b8        0x4 c:/opt/bcc-2.0.2-gcc/bin/../lib/gcc/sparc-gaisler-elf/7.2.0/../../../../sparc-gaisler-elf/lib/leon/mfix-at697f\libm.a(lib_a-w_pow.o)
 *fill*         0x00000000400474bc        0x4 
 .rodata.cst8   0x00000000400474c0       0x20 c:/opt/bcc-2.0.2-gcc/bin/../lib/gcc/sparc-gaisler-elf/7.2.0/../../../../sparc-gaisler-elf/lib/leon/mfix-at697f\libm.a(lib_a-w_pow.o)
                                         0x38 (size before relaxing)
 .rodata.str1.8
                0x00000000400474e0        0x8 c:/opt/bcc-2.0.2-gcc/bin/../lib/gcc/sparc-gaisler-elf/7.2.0/../../../../sparc-gaisler-elf/lib/leon/mfix-at697f\libm.a(lib_a-w_sqrt.o)
                                          0x5 (size before relaxing)
 .rodata.cst8   0x00000000400474e8        0x8 c:/opt/bcc-2.0.2-gcc/bin/../lib/gcc/sparc-gaisler-elf/7.2.0/../../../../sparc-gaisler-elf/lib/leon/mfix-at697f\libm.a(lib_a-w_sqrt.o)
 .rodata.cst8   0x00000000400474e8       0x58 c:/opt/bcc-2.0.2-gcc/bin/../lib/gcc/sparc-gaisler-elf/7.2.0/../../../../sparc-gaisler-elf/lib/leon/mfix-at697f\libm.a(lib_a-e_acos.o)
                                         0x80 (size before relaxing)
 .rodata.cst8   0x0000000040047540       0x80 c:/opt/bcc-2.0.2-gcc/bin/../lib/gcc/sparc-gaisler-elf/7.2.0/../../../../sparc-gaisler-elf/lib/leon/mfix-at697f\libm.a(lib_a-e_asin.o)
 .rodata.cst8   0x0000000040047540       0x28 c:/opt/bcc-2.0.2-gcc/bin/../lib/gcc/sparc-gaisler-elf/7.2.0/../../../../sparc-gaisler-elf/lib/leon/mfix-at697f\libm.a(lib_a-e_atan2.o)
                                         0x58 (size before relaxing)
 .rodata        0x0000000040047568       0x10 c:/opt/bcc-2.0.2-gcc/bin/../lib/gcc/sparc-gaisler-elf/7.2.0/../../../../sparc-gaisler-elf/lib/leon/mfix-at697f\libm.a(lib_a-e_fmod.o)
 .rodata.str1.8
                0x0000000040047578        0x1 c:/opt/bcc-2.0.2-gcc/bin/../lib/gcc/sparc-gaisler-elf/7.2.0/../../../../sparc-gaisler-elf/lib/leon/mfix-at697f\libm.a(lib_a-e_pow.o)
 .rodata.cst8   0x0000000040047578       0xc8 c:/opt/bcc-2.0.2-gcc/bin/../lib/gcc/sparc-gaisler-elf/7.2.0/../../../../sparc-gaisler-elf/lib/leon/mfix-at697f\libm.a(lib_a-e_pow.o)
                                        0x120 (size before relaxing)
 .rodata.cst8   0x0000000040047640       0x40 c:/opt/bcc-2.0.2-gcc/bin/../lib/gcc/sparc-gaisler-elf/7.2.0/../../../../sparc-gaisler-elf/lib/leon/mfix-at697f\libm.a(lib_a-e_rem_pio2.o)
                                         0x50 (size before relaxing)
 .rodata        0x0000000040047680      0x188 c:/opt/bcc-2.0.2-gcc/bin/../lib/gcc/sparc-gaisler-elf/7.2.0/../../../../sparc-gaisler-elf/lib/leon/mfix-at697f\libm.a(lib_a-e_rem_pio2.o)
 .rodata.cst8   0x0000000040047808       0x40 c:/opt/bcc-2.0.2-gcc/bin/../lib/gcc/sparc-gaisler-elf/7.2.0/../../../../sparc-gaisler-elf/lib/leon/mfix-at697f\libm.a(lib_a-k_cos.o)
                                         0x50 (size before relaxing)
 .rodata.cst8   0x0000000040047848       0x50 c:/opt/bcc-2.0.2-gcc/bin/../lib/gcc/sparc-gaisler-elf/7.2.0/../../../../sparc-gaisler-elf/lib/leon/mfix-at697f\libm.a(lib_a-k_rem_pio2.o)
                                         0x78 (size before relaxing)
 .rodata        0x0000000040047898       0x10 c:/opt/bcc-2.0.2-gcc/bin/../lib/gcc/sparc-gaisler-elf/7.2.0/../../../../sparc-gaisler-elf/lib/leon/mfix-at697f\libm.a(lib_a-k_rem_pio2.o)
 .rodata.cst8   0x00000000400478a8       0x30 c:/opt/bcc-2.0.2-gcc/bin/../lib/gcc/sparc-gaisler-elf/7.2.0/../../../../sparc-gaisler-elf/lib/leon/mfix-at697f\libm.a(lib_a-k_sin.o)
                                         0x38 (size before relaxing)
 .rodata.cst8   0x00000000400478d8       0x68 c:/opt/bcc-2.0.2-gcc/bin/../lib/gcc/sparc-gaisler-elf/7.2.0/../../../../sparc-gaisler-elf/lib/leon/mfix-at697f\libm.a(lib_a-k_tan.o)
                                         0x90 (size before relaxing)
 .rodata.cst8   0x0000000040047940        0x8 c:/opt/bcc-2.0.2-gcc/bin/../lib/gcc/sparc-gaisler-elf/7.2.0/../../../../sparc-gaisler-elf/lib/leon/mfix-at697f\libm.a(lib_a-s_nan.o)
 .rodata        0x0000000040047948       0x10 c:/opt/bcc-2.0.2-gcc/bin/../lib/gcc/sparc-gaisler-elf/7.2.0/../../../../sparc-gaisler-elf/lib/leon/mfix-at697f\libm.a(lib_a-s_rint.o)
 .rodata.cst8   0x0000000040047958       0x18 c:/opt/bcc-2.0.2-gcc/bin/../lib/gcc/sparc-gaisler-elf/7.2.0/../../../../sparc-gaisler-elf/lib/leon/mfix-at697f\libm.a(lib_a-s_scalbn.o)
                                         0x20 (size before relaxing)
 .rodata        0x0000000040047970        0x4 c:/opt/bcc-2.0.2-gcc/bin/../lib/gcc/sparc-gaisler-elf/7.2.0/../../../../sparc-gaisler-elf/lib/leon/mfix-at697f\libc.a(lib_a-impure.o)
                0x0000000040047970                _global_impure_ptr
 *(.gnu.linkonce.r*)
                0x0000000040047980                . = ALIGN (0x10)
 *fill*         0x0000000040047974        0xc 
                0x0000000040047980                __rodata_end = .

.rela.dyn       0x0000000040047980        0x0
 .rela.iplt     0x0000000040047980        0x0 c:/opt/bcc-2.0.2-gcc/bin/../sparc-gaisler-elf/bsp/leon2/leon/mfix-at697f/trap_table_mvt.S.o
 .rela.text.traptable
                0x0000000040047980        0x0 c:/opt/bcc-2.0.2-gcc/bin/../sparc-gaisler-elf/bsp/leon2/leon/mfix-at697f/trap_table_mvt.S.o
 .rela.text     0x0000000040047980        0x0 c:/opt/bcc-2.0.2-gcc/bin/../sparc-gaisler-elf/bsp/leon2/leon/mfix-at697f/trap_table_mvt.S.o
 .rela.text.startup
                0x0000000040047980        0x0 c:/opt/bcc-2.0.2-gcc/bin/../sparc-gaisler-elf/bsp/leon2/leon/mfix-at697f/trap_table_mvt.S.o
 .rela.data     0x0000000040047980        0x0 c:/opt/bcc-2.0.2-gcc/bin/../sparc-gaisler-elf/bsp/leon2/leon/mfix-at697f/trap_table_mvt.S.o

.ext.data       0x0000000040047980        0x0
                0x0000000040047980                . = ALIGN (0x8)
                0x0000000040047980                __extdata_start = .
 *(.data.ext)
                0x0000000040047980                . = ALIGN (0x8)
                0x0000000040047980                __extdata_end = .
                0x0000000040047980                __extdata_start_lma = LOADADDR (.ext.data)
                0x0000000000000000                __extdata_size = SIZEOF (.ext.data)

.data           0x0000000040047980      0x550
                0x0000000040047980                . = ALIGN (0x8)
                0x0000000040047980                __data_start = .
 *(.data .data.*)
 .data          0x0000000040047980        0x0 c:/opt/bcc-2.0.2-gcc/bin/../sparc-gaisler-elf/bsp/leon2/leon/mfix-at697f/trap_table_mvt.S.o
 .data          0x0000000040047980        0x0 c:/opt/bcc-2.0.2-gcc/bin/../sparc-gaisler-elf/bsp/leon2/leon/mfix-at697f/crt0.S.o
 .data          0x0000000040047980        0x0 c:/opt/bcc-2.0.2-gcc/bin/../lib/gcc/sparc-gaisler-elf/7.2.0/leon/mfix-at697f/crti.o
 .data          0x0000000040047980        0x4 c:/opt/bcc-2.0.2-gcc/bin/../lib/gcc/sparc-gaisler-elf/7.2.0/leon/mfix-at697f/crtbegin.o
                0x0000000040047980                __dso_handle
 .data          0x0000000040047984        0x0 C:\Users\ajarr\AppData\Local\Temp\cchykHhk.o
 .data          0x0000000040047984        0x0 C:\Users\ajarr\AppData\Local\Temp\ccvJIOyC.o
 .data          0x0000000040047984       0x18 C:\Users\ajarr\AppData\Local\Temp\ccxRLE2J.o
                0x0000000040047998                real_tm_wait
 .data          0x000000004004799c      0x3ac C:\Users\ajarr\AppData\Local\Temp\ccyKbY9D.o
                0x000000004004799c                Resol_Table_Adcs
                0x0000000040047a80                BlkExe_Status
                0x0000000040047a84                FuncExecute_Table
                0x0000000040047cdc                Resol_Table
 .data          0x0000000040047d48        0x0 C:\Users\ajarr\AppData\Local\Temp\ccDpHQLC.o
 .data          0x0000000040047d48        0x0 C:\Users\ajarr\AppData\Local\Temp\ccF8bwNd.o
 .data          0x0000000040047d48        0x8 C:\Users\ajarr\AppData\Local\Temp\ccLzCu9Y.o
                0x0000000040047d48                PL_Debug_Data
 .data          0x0000000040047d50       0x20 C:\Users\ajarr\AppData\Local\Temp\ccXvdJqR.o
                0x0000000040047d50                inter_HAL_EPS_Hardware_Status_SEL
 .data          0x0000000040047d70        0x0 C:\Users\ajarr\AppData\Local\Temp\ccdQtBER.o
 .data          0x0000000040047d70        0x0 C:\Users\ajarr\AppData\Local\Temp\ccNOTwFZ.o
 .data          0x0000000040047d70        0x0 C:\Users\ajarr\AppData\Local\Temp\cceQZ58c.o
 .data          0x0000000040047d70       0xbc C:\Users\ajarr\AppData\Local\Temp\cctTN5tE.o
                0x0000000040047d70                Auto_manual
                0x0000000040047d74                UTP
                0x0000000040047db4                LTP
                0x0000000040047df4                Thermister_index_select
 .data          0x0000000040047e2c        0x0 C:\Users\ajarr\AppData\Local\Temp\ccMMHrTf.o
 *fill*         0x0000000040047e2c        0x4 
 .data          0x0000000040047e30        0x4 C:\Users\ajarr\AppData\Local\Temp\cc3uSc03.o
                0x0000000040047e30                NSP_addr_table
 .data          0x0000000040047e34        0x0 C:\Users\ajarr\AppData\Local\Temp\cca8aeR2.o
 .data          0x0000000040047e34        0x0 C:\Users\ajarr\AppData\Local\Temp\ccODnuwu.o
 .data          0x0000000040047e34        0x0 C:\Users\ajarr\AppData\Local\Temp\ccIRGs7k.o
 .data          0x0000000040047e34        0x0 C:\Users\ajarr\AppData\Local\Temp\ccYOFV1i.o
 .data          0x0000000040047e34        0x0 C:\Users\ajarr\AppData\Local\Temp\cctrEXMw.o
 .data          0x0000000040047e34        0x0 C:\Users\ajarr\AppData\Local\Temp\ccY3YaeY.o
 .data          0x0000000040047e34        0x0 C:\Users\ajarr\AppData\Local\Temp\cchdI53B.o
 .data          0x0000000040047e34        0x0 C:\Users\ajarr\AppData\Local\Temp\ccfZqJJ9.o
 .data          0x0000000040047e34        0x0 C:\Users\ajarr\AppData\Local\Temp\ccT2vluP.o
 .data          0x0000000040047e34        0x0 C:\Users\ajarr\AppData\Local\Temp\cc0IBpWS.o
 .data          0x0000000040047e34        0x0 C:\Users\ajarr\AppData\Local\Temp\cclEbhXa.o
 .data          0x0000000040047e34        0x0 C:\Users\ajarr\AppData\Local\Temp\ccyPfdBy.o
 .data          0x0000000040047e34        0x0 c:/opt/bcc-2.0.2-gcc/bin/../lib/gcc/sparc-gaisler-elf/7.2.0/../../../../sparc-gaisler-elf/lib/leon/mfix-at697f\libm.a(lib_a-s_atan.o)
 .data          0x0000000040047e34        0x0 c:/opt/bcc-2.0.2-gcc/bin/../lib/gcc/sparc-gaisler-elf/7.2.0/../../../../sparc-gaisler-elf/lib/leon/mfix-at697f\libm.a(lib_a-s_cos.o)
 .data          0x0000000040047e34        0x0 c:/opt/bcc-2.0.2-gcc/bin/../lib/gcc/sparc-gaisler-elf/7.2.0/../../../../sparc-gaisler-elf/lib/leon/mfix-at697f\libm.a(lib_a-s_fabs.o)
 .data          0x0000000040047e34        0x0 c:/opt/bcc-2.0.2-gcc/bin/../lib/gcc/sparc-gaisler-elf/7.2.0/../../../../sparc-gaisler-elf/lib/leon/mfix-at697f\libm.a(lib_a-s_floor.o)
 .data          0x0000000040047e34        0x0 c:/opt/bcc-2.0.2-gcc/bin/../lib/gcc/sparc-gaisler-elf/7.2.0/../../../../sparc-gaisler-elf/lib/leon/mfix-at697f\libm.a(lib_a-s_round.o)
 .data          0x0000000040047e34        0x0 c:/opt/bcc-2.0.2-gcc/bin/../lib/gcc/sparc-gaisler-elf/7.2.0/../../../../sparc-gaisler-elf/lib/leon/mfix-at697f\libm.a(lib_a-s_sin.o)
 .data          0x0000000040047e34        0x0 c:/opt/bcc-2.0.2-gcc/bin/../lib/gcc/sparc-gaisler-elf/7.2.0/../../../../sparc-gaisler-elf/lib/leon/mfix-at697f\libm.a(lib_a-s_tan.o)
 .data          0x0000000040047e34        0x0 c:/opt/bcc-2.0.2-gcc/bin/../lib/gcc/sparc-gaisler-elf/7.2.0/../../../../sparc-gaisler-elf/lib/leon/mfix-at697f\libm.a(lib_a-w_acos.o)
 .data          0x0000000040047e34        0x0 c:/opt/bcc-2.0.2-gcc/bin/../lib/gcc/sparc-gaisler-elf/7.2.0/../../../../sparc-gaisler-elf/lib/leon/mfix-at697f\libm.a(lib_a-w_asin.o)
 .data          0x0000000040047e34        0x0 c:/opt/bcc-2.0.2-gcc/bin/../lib/gcc/sparc-gaisler-elf/7.2.0/../../../../sparc-gaisler-elf/lib/leon/mfix-at697f\libm.a(lib_a-w_atan2.o)
 .data          0x0000000040047e34        0x0 c:/opt/bcc-2.0.2-gcc/bin/../lib/gcc/sparc-gaisler-elf/7.2.0/../../../../sparc-gaisler-elf/lib/leon/mfix-at697f\libm.a(lib_a-w_fmod.o)
 .data          0x0000000040047e34        0x0 c:/opt/bcc-2.0.2-gcc/bin/../lib/gcc/sparc-gaisler-elf/7.2.0/../../../../sparc-gaisler-elf/lib/leon/mfix-at697f\libm.a(lib_a-w_pow.o)
 .data          0x0000000040047e34        0x0 c:/opt/bcc-2.0.2-gcc/bin/../lib/gcc/sparc-gaisler-elf/7.2.0/../../../../sparc-gaisler-elf/lib/leon/mfix-at697f\libm.a(lib_a-w_sqrt.o)
 .data          0x0000000040047e34        0x0 c:/opt/bcc-2.0.2-gcc/bin/../lib/gcc/sparc-gaisler-elf/7.2.0/../../../../sparc-gaisler-elf/lib/leon/mfix-at697f\libm.a(lib_a-e_acos.o)
 .data          0x0000000040047e34        0x0 c:/opt/bcc-2.0.2-gcc/bin/../lib/gcc/sparc-gaisler-elf/7.2.0/../../../../sparc-gaisler-elf/lib/leon/mfix-at697f\libm.a(lib_a-e_asin.o)
 .data          0x0000000040047e34        0x0 c:/opt/bcc-2.0.2-gcc/bin/../lib/gcc/sparc-gaisler-elf/7.2.0/../../../../sparc-gaisler-elf/lib/leon/mfix-at697f\libm.a(lib_a-e_atan2.o)
 .data          0x0000000040047e34        0x0 c:/opt/bcc-2.0.2-gcc/bin/../lib/gcc/sparc-gaisler-elf/7.2.0/../../../../sparc-gaisler-elf/lib/leon/mfix-at697f\libm.a(lib_a-e_fmod.o)
 .data          0x0000000040047e34        0x0 c:/opt/bcc-2.0.2-gcc/bin/../lib/gcc/sparc-gaisler-elf/7.2.0/../../../../sparc-gaisler-elf/lib/leon/mfix-at697f\libm.a(lib_a-e_pow.o)
 .data          0x0000000040047e34        0x0 c:/opt/bcc-2.0.2-gcc/bin/../lib/gcc/sparc-gaisler-elf/7.2.0/../../../../sparc-gaisler-elf/lib/leon/mfix-at697f\libm.a(lib_a-e_rem_pio2.o)
 .data          0x0000000040047e34        0x0 c:/opt/bcc-2.0.2-gcc/bin/../lib/gcc/sparc-gaisler-elf/7.2.0/../../../../sparc-gaisler-elf/lib/leon/mfix-at697f\libm.a(lib_a-e_sqrt.o)
 .data          0x0000000040047e34        0x0 c:/opt/bcc-2.0.2-gcc/bin/../lib/gcc/sparc-gaisler-elf/7.2.0/../../../../sparc-gaisler-elf/lib/leon/mfix-at697f\libm.a(lib_a-k_cos.o)
 .data          0x0000000040047e34        0x0 c:/opt/bcc-2.0.2-gcc/bin/../lib/gcc/sparc-gaisler-elf/7.2.0/../../../../sparc-gaisler-elf/lib/leon/mfix-at697f\libm.a(lib_a-k_rem_pio2.o)
 .data          0x0000000040047e34        0x0 c:/opt/bcc-2.0.2-gcc/bin/../lib/gcc/sparc-gaisler-elf/7.2.0/../../../../sparc-gaisler-elf/lib/leon/mfix-at697f\libm.a(lib_a-k_sin.o)
 .data          0x0000000040047e34        0x0 c:/opt/bcc-2.0.2-gcc/bin/../lib/gcc/sparc-gaisler-elf/7.2.0/../../../../sparc-gaisler-elf/lib/leon/mfix-at697f\libm.a(lib_a-k_tan.o)
 .data          0x0000000040047e34        0x0 c:/opt/bcc-2.0.2-gcc/bin/../lib/gcc/sparc-gaisler-elf/7.2.0/../../../../sparc-gaisler-elf/lib/leon/mfix-at697f\libm.a(lib_a-s_finite.o)
 .data          0x0000000040047e34        0x4 c:/opt/bcc-2.0.2-gcc/bin/../lib/gcc/sparc-gaisler-elf/7.2.0/../../../../sparc-gaisler-elf/lib/leon/mfix-at697f\libm.a(lib_a-s_lib_ver.o)
                0x0000000040047e34                __fdlib_version
 .data          0x0000000040047e38        0x0 c:/opt/bcc-2.0.2-gcc/bin/../lib/gcc/sparc-gaisler-elf/7.2.0/../../../../sparc-gaisler-elf/lib/leon/mfix-at697f\libm.a(lib_a-s_matherr.o)
 .data          0x0000000040047e38        0x0 c:/opt/bcc-2.0.2-gcc/bin/../lib/gcc/sparc-gaisler-elf/7.2.0/../../../../sparc-gaisler-elf/lib/leon/mfix-at697f\libm.a(lib_a-s_nan.o)
 .data          0x0000000040047e38        0x0 c:/opt/bcc-2.0.2-gcc/bin/../lib/gcc/sparc-gaisler-elf/7.2.0/../../../../sparc-gaisler-elf/lib/leon/mfix-at697f\libm.a(lib_a-s_rint.o)
 .data          0x0000000040047e38        0x0 c:/opt/bcc-2.0.2-gcc/bin/../lib/gcc/sparc-gaisler-elf/7.2.0/../../../../sparc-gaisler-elf/lib/leon/mfix-at697f\libm.a(lib_a-s_scalbn.o)
 .data          0x0000000040047e38        0x0 c:/opt/bcc-2.0.2-gcc/bin/../lib/gcc/sparc-gaisler-elf/7.2.0/../../../../sparc-gaisler-elf/lib/leon/mfix-at697f\libm.a(lib_a-s_copysign.o)
 .data          0x0000000040047e38        0x0 c:/opt/bcc-2.0.2-gcc/bin/../sparc-gaisler-elf/bsp/leon2/leon/mfix-at697f\libbcc.a(reset_trap_mvt.S.o)
 .data          0x0000000040047e38        0x0 c:/opt/bcc-2.0.2-gcc/bin/../sparc-gaisler-elf/bsp/leon2/leon/mfix-at697f\libbcc.a(window_trap.S.o)
 .data          0x0000000040047e38        0x0 c:/opt/bcc-2.0.2-gcc/bin/../sparc-gaisler-elf/bsp/leon2/leon/mfix-at697f\libbcc.a(interrupt_trap.S.o)
 .data          0x0000000040047e38        0x0 c:/opt/bcc-2.0.2-gcc/bin/../sparc-gaisler-elf/bsp/leon2/leon/mfix-at697f\libbcc.a(flush_windows_trap.S.o)
 .data          0x0000000040047e38        0x0 c:/opt/bcc-2.0.2-gcc/bin/../sparc-gaisler-elf/bsp/leon2/leon/mfix-at697f\libbcc.a(sw_trap_set_pil.S.o)
 .data          0x0000000040047e38        0x0 c:/opt/bcc-2.0.2-gcc/bin/../sparc-gaisler-elf/bsp/leon2/leon/mfix-at697f\libbcc.a(trap.c.o)
 .data          0x0000000040047e38        0x0 c:/opt/bcc-2.0.2-gcc/bin/../sparc-gaisler-elf/bsp/leon2/leon/mfix-at697f\libbcc.a(isr.c.o)
 .data          0x0000000040047e38       0x10 c:/opt/bcc-2.0.2-gcc/bin/../sparc-gaisler-elf/bsp/leon2/leon/mfix-at697f\libbcc.a(int_nest.c.o)
                0x0000000040047e38                __bcc_int_nest
 .data          0x0000000040047e48        0x0 c:/opt/bcc-2.0.2-gcc/bin/../sparc-gaisler-elf/bsp/leon2/leon/mfix-at697f\libbcc.a(init.S.o)
 .data          0x0000000040047e48       0x10 c:/opt/bcc-2.0.2-gcc/bin/../sparc-gaisler-elf/bsp/leon2/leon/mfix-at697f\libbcc.a(leon_info.S.o)
                0x0000000040047e48                __bcc_leon_version
                0x0000000040047e4c                __bcc_nwindows_min1
                0x0000000040047e50                __bcc_nwindows
                0x0000000040047e54                __bcc_cpuid
 .data          0x0000000040047e58        0x0 c:/opt/bcc-2.0.2-gcc/bin/../sparc-gaisler-elf/bsp/leon2/leon/mfix-at697f\libbcc.a(dwzero.S.o)
 .data          0x0000000040047e58        0x0 c:/opt/bcc-2.0.2-gcc/bin/../sparc-gaisler-elf/bsp/leon2/leon/mfix-at697f\libbcc.a(copy_data.c.o)
 .data          0x0000000040047e58        0x0 c:/opt/bcc-2.0.2-gcc/bin/../sparc-gaisler-elf/bsp/leon2/leon/mfix-at697f\libbcc.a(lowlevel.S.o)
 .data          0x0000000040047e58        0x0 c:/opt/bcc-2.0.2-gcc/bin/../sparc-gaisler-elf/bsp/leon2/leon/mfix-at697f\libbcc.a(lowlevel_leon2.S.o)
 .data          0x0000000040047e58        0x0 c:/opt/bcc-2.0.2-gcc/bin/../sparc-gaisler-elf/bsp/leon2/leon/mfix-at697f\libbcc.a(int_leon2.c.o)
 .data          0x0000000040047e58        0x0 c:/opt/bcc-2.0.2-gcc/bin/../sparc-gaisler-elf/bsp/leon2/leon/mfix-at697f\libbcc.a(int_leon2_get_source.c.o)
 .data          0x0000000040047e58        0x0 c:/opt/bcc-2.0.2-gcc/bin/../sparc-gaisler-elf/bsp/leon2/leon/mfix-at697f\libbcc.a(int_leon2_init.c.o)
 .data          0x0000000040047e58        0x0 c:/opt/bcc-2.0.2-gcc/bin/../sparc-gaisler-elf/bsp/leon2/leon/mfix-at697f\libbcc.a(con_leon2.c.o)
 .data          0x0000000040047e58        0x0 c:/opt/bcc-2.0.2-gcc/bin/../sparc-gaisler-elf/bsp/leon2/leon/mfix-at697f\libbcc.a(timer_leon2.c.o)
 .data          0x0000000040047e58        0x0 c:/opt/bcc-2.0.2-gcc/bin/../sparc-gaisler-elf/bsp/leon2/leon/mfix-at697f\libbcc.a(set_pil.S.o)
 .data          0x0000000040047e58        0x4 c:/opt/bcc-2.0.2-gcc/bin/../sparc-gaisler-elf/bsp/leon2/leon/mfix-at697f\libbcc.a(int_leon2_handle.c.o)
                0x0000000040047e58                __bcc_int_handle
 .data          0x0000000040047e5c        0x4 c:/opt/bcc-2.0.2-gcc/bin/../sparc-gaisler-elf/bsp/leon2/leon/mfix-at697f\libbcc.a(con_handle.c.o)
                0x0000000040047e5c                __bcc_con_handle
 .data          0x0000000040047e60        0x8 c:/opt/bcc-2.0.2-gcc/bin/../sparc-gaisler-elf/bsp/leon2/leon/mfix-at697f\libbcc.a(timer_handle.c.o)
                0x0000000040047e60                __bcc_timer_interrupt
                0x0000000040047e64                __bcc_timer_handle
 .data          0x0000000040047e68        0x0 c:/opt/bcc-2.0.2-gcc/bin/../lib/gcc/sparc-gaisler-elf/7.2.0/../../../../sparc-gaisler-elf/lib/leon/mfix-at697f\libc.a(lib_a-atexit.o)
 .data          0x0000000040047e68        0x0 c:/opt/bcc-2.0.2-gcc/bin/../lib/gcc/sparc-gaisler-elf/7.2.0/../../../../sparc-gaisler-elf/lib/leon/mfix-at697f\libc.a(lib_a-errno.o)
 .data          0x0000000040047e68        0x0 c:/opt/bcc-2.0.2-gcc/bin/../lib/gcc/sparc-gaisler-elf/7.2.0/../../../../sparc-gaisler-elf/lib/leon/mfix-at697f\libc.a(lib_a-exit.o)
 .data          0x0000000040047e68       0x64 c:/opt/bcc-2.0.2-gcc/bin/../lib/gcc/sparc-gaisler-elf/7.2.0/../../../../sparc-gaisler-elf/lib/leon/mfix-at697f\libc.a(lib_a-impure.o)
                0x0000000040047e68                _impure_ptr
 .data          0x0000000040047ecc        0x0 c:/opt/bcc-2.0.2-gcc/bin/../lib/gcc/sparc-gaisler-elf/7.2.0/../../../../sparc-gaisler-elf/lib/leon/mfix-at697f\libc.a(lib_a-memcpy.o)
 .data          0x0000000040047ecc        0x0 c:/opt/bcc-2.0.2-gcc/bin/../lib/gcc/sparc-gaisler-elf/7.2.0/../../../../sparc-gaisler-elf/lib/leon/mfix-at697f\libc.a(lib_a-__atexit.o)
 .data          0x0000000040047ecc        0x0 c:/opt/bcc-2.0.2-gcc/bin/../lib/gcc/sparc-gaisler-elf/7.2.0/../../../../sparc-gaisler-elf/lib/leon/mfix-at697f\libc.a(lib_a-__call_atexit.o)
 .data          0x0000000040047ecc        0x0 c:/opt/bcc-2.0.2-gcc/bin/../sparc-gaisler-elf/bsp/leon2/leon/mfix-at697f\libbcc.a(_exit.S.o)
 .data          0x0000000040047ecc        0x0 c:/opt/bcc-2.0.2-gcc/bin/../lib/gcc/sparc-gaisler-elf/7.2.0/leon/mfix-at697f/crtend.o
 .data          0x0000000040047ecc        0x0 c:/opt/bcc-2.0.2-gcc/bin/../lib/gcc/sparc-gaisler-elf/7.2.0/leon/mfix-at697f/crtn.o
                0x0000000040047ed0                . = ALIGN (0x8)
 *fill*         0x0000000040047ecc        0x4 
                0x0000000040047ed0                __data_end = .
                0x0000000040047980                __data_start_lma = LOADADDR (.data)
                0x0000000000000550                __data_size = SIZEOF (.data)

.iplt           0x0000000040047ed0        0x0
 .iplt          0x0000000040047ed0        0x0 c:/opt/bcc-2.0.2-gcc/bin/../sparc-gaisler-elf/bsp/leon2/leon/mfix-at697f/trap_table_mvt.S.o

.tm_clone_table
                0x0000000040047ed0        0x0
 .tm_clone_table
                0x0000000040047ed0        0x0 c:/opt/bcc-2.0.2-gcc/bin/../lib/gcc/sparc-gaisler-elf/7.2.0/leon/mfix-at697f/crtbegin.o
 .tm_clone_table
                0x0000000040047ed0        0x0 c:/opt/bcc-2.0.2-gcc/bin/../lib/gcc/sparc-gaisler-elf/7.2.0/leon/mfix-at697f/crtend.o

.bss            0x0000000040047ed0    0x8e980
                0x0000000040047ed0                . = ALIGN (0x8)
                0x0000000040047ed0                __bss_start = .
 *(.bss .bss.*)
 .bss           0x0000000040047ed0        0x0 c:/opt/bcc-2.0.2-gcc/bin/../sparc-gaisler-elf/bsp/leon2/leon/mfix-at697f/trap_table_mvt.S.o
 .bss           0x0000000040047ed0        0x4 c:/opt/bcc-2.0.2-gcc/bin/../sparc-gaisler-elf/bsp/leon2/leon/mfix-at697f/crt0.S.o
                0x0000000040047ed0                __bcc_sp_at_entry
 .bss           0x0000000040047ed4        0x0 c:/opt/bcc-2.0.2-gcc/bin/../lib/gcc/sparc-gaisler-elf/7.2.0/leon/mfix-at697f/crti.o
 .bss           0x0000000040047ed4       0x20 c:/opt/bcc-2.0.2-gcc/bin/../lib/gcc/sparc-gaisler-elf/7.2.0/leon/mfix-at697f/crtbegin.o
 .bss           0x0000000040047ef4        0x0 C:\Users\ajarr\AppData\Local\Temp\cchykHhk.o
 .bss           0x0000000040047ef4        0x1 C:\Users\ajarr\AppData\Local\Temp\ccvJIOyC.o
 *fill*         0x0000000040047ef5        0x3 
 .bss           0x0000000040047ef8        0x8 C:\Users\ajarr\AppData\Local\Temp\ccxRLE2J.o
                0x0000000040047ef8                test_st_sp
                0x0000000040047ef9                filler_byte
                0x0000000040047efc                repeat_count
 .bss           0x0000000040047f00       0x22 C:\Users\ajarr\AppData\Local\Temp\ccyKbY9D.o
                0x0000000040047f00                Diff_stop_srl_num
                0x0000000040047f04                Diff_start_srl_num
                0x0000000040047f08                DTTC_count
                0x0000000040047f0c                head
                0x0000000040047f10                ATTC_count
                0x0000000040047f14                ATTC_exe_en
                0x0000000040047f18                ATTC_Master_en
                0x0000000040047f1c                Nodeptrempty_flag
                0x0000000040047f20                ComputedParity
                0x0000000040047f21                RcvdParity
 .bss           0x0000000040047f22        0x0 C:\Users\ajarr\AppData\Local\Temp\ccDpHQLC.o
 .bss           0x0000000040047f22        0x0 C:\Users\ajarr\AppData\Local\Temp\ccF8bwNd.o
 .bss           0x0000000040047f22        0x0 C:\Users\ajarr\AppData\Local\Temp\ccLzCu9Y.o
 *fill*         0x0000000040047f22        0x2 
 .bss           0x0000000040047f24        0x8 C:\Users\ajarr\AppData\Local\Temp\ccXvdJqR.o
                0x0000000040047f24                load_shedding_flag
                0x0000000040047f25                low_battery_voltage
                0x0000000040047f28                inter_HAL_EPS_Hardware_Status_count
 .bss           0x0000000040047f2c        0x4 C:\Users\ajarr\AppData\Local\Temp\ccdQtBER.o
                0x0000000040047f2c                imu_count
 .bss           0x0000000040047f30        0x0 C:\Users\ajarr\AppData\Local\Temp\ccNOTwFZ.o
 .bss           0x0000000040047f30        0xc C:\Users\ajarr\AppData\Local\Temp\cceQZ58c.o
                0x0000000040047f30                gpstest
                0x0000000040047f34                gps_ready_bit
                0x0000000040047f38                gps_count
 .bss           0x0000000040047f3c        0x0 C:\Users\ajarr\AppData\Local\Temp\cctTN5tE.o
 .bss           0x0000000040047f3c        0x4 C:\Users\ajarr\AppData\Local\Temp\ccMMHrTf.o
                0x0000000040047f3c                MTR_Reset_Flag
 .bss           0x0000000040047f40        0xe C:\Users\ajarr\AppData\Local\Temp\cc3uSc03.o
                0x0000000040047f4c                crc_test
 *fill*         0x0000000040047f4e        0x2 
 .bss           0x0000000040047f50       0x18 C:\Users\ajarr\AppData\Local\Temp\cca8aeR2.o
                0x0000000040047f50                SA2_status
                0x0000000040047f54                SA1_status
                0x0000000040047f58                TC_HAL_SA_Deploy
                0x0000000040047f5c                SA_Command_Type
                0x0000000040047f60                SA2_Deploy_cmd_rcvd_time
                0x0000000040047f64                SA1_Deploy_cmd_rcvd_time
 .bss           0x0000000040047f68        0x0 C:\Users\ajarr\AppData\Local\Temp\ccODnuwu.o
 .bss           0x0000000040047f68        0x0 C:\Users\ajarr\AppData\Local\Temp\ccIRGs7k.o
 .bss           0x0000000040047f68        0x0 C:\Users\ajarr\AppData\Local\Temp\ccYOFV1i.o
 .bss           0x0000000040047f68        0x0 C:\Users\ajarr\AppData\Local\Temp\cctrEXMw.o
 .bss           0x0000000040047f68        0x0 C:\Users\ajarr\AppData\Local\Temp\ccY3YaeY.o
 .bss           0x0000000040047f68        0x0 C:\Users\ajarr\AppData\Local\Temp\cchdI53B.o
 .bss           0x0000000040047f68        0x0 C:\Users\ajarr\AppData\Local\Temp\ccfZqJJ9.o
 .bss           0x0000000040047f68       0x30 C:\Users\ajarr\AppData\Local\Temp\ccT2vluP.o
                0x0000000040047f68                tmin
                0x0000000040047f70                distsqrd
                0x0000000040047f78                adotb
                0x0000000040047f80                asqrd
                0x0000000040047f88                bsqrd
                0x0000000040047f90                tempse
 .bss           0x0000000040047f98        0x0 C:\Users\ajarr\AppData\Local\Temp\cc0IBpWS.o