Archive member included to satisfy reference by file (symbol)

c:/opt/bcc-2.0.2-gcc/bin/../lib/gcc/sparc-gaisler-elf/7.2.0/../../../../sparc-gaisler-elf/lib/leon/mfix-at697f\libm.a(lib_a-s_atan.o)
                              C:\Users\ajarr\AppData\Local\Temp\ccyOpeqt.o (atan)
c:/opt/bcc-2.0.2-gcc/bin/../lib/gcc/sparc-gaisler-elf/7.2.0/../../../../sparc-gaisler-elf/lib/leon/mfix-at697f\libm.a(lib_a-s_cos.o)
                              C:\Users\ajarr\AppData\Local\Temp\ccLBYgor.o (cos)
c:/opt/bcc-2.0.2-gcc/bin/../lib/gcc/sparc-gaisler-elf/7.2.0/../../../../sparc-gaisler-elf/lib/leon/mfix-at697f\libm.a(lib_a-s_fabs.o)
                              c:/opt/bcc-2.0.2-gcc/bin/../lib/gcc/sparc-gaisler-elf/7.2.0/../../../../sparc-gaisler-elf/lib/leon/mfix-at697f\libm.a(lib_a-s_atan.o) (fabs)
c:/opt/bcc-2.0.2-gcc/bin/../lib/gcc/sparc-gaisler-elf/7.2.0/../../../../sparc-gaisler-elf/lib/leon/mfix-at697f\libm.a(lib_a-s_floor.o)
                              C:\Users\ajarr\AppData\Local\Temp\ccExFPZ1.o (floor)
c:/opt/bcc-2.0.2-gcc/bin/../lib/gcc/sparc-gaisler-elf/7.2.0/../../../../sparc-gaisler-elf/lib/leon/mfix-at697f\libm.a(lib_a-s_round.o)
                              C:\Users\ajarr\AppData\Local\Temp\ccJldDN1.o (round)
c:/opt/bcc-2.0.2-gcc/bin/../lib/gcc/sparc-gaisler-elf/7.2.0/../../../../sparc-gaisler-elf/lib/leon/mfix-at697f\libm.a(lib_a-s_sin.o)
                              C:\Users\ajarr\AppData\Local\Temp\ccLBYgor.o (sin)
c:/opt/bcc-2.0.2-gcc/bin/../lib/gcc/sparc-gaisler-elf/7.2.0/../../../../sparc-gaisler-elf/lib/leon/mfix-at697f\libm.a(lib_a-s_tan.o)
                              C:\Users\ajarr\AppData\Local\Temp\ccyOpeqt.o (tan)
c:/opt/bcc-2.0.2-gcc/bin/../lib/gcc/sparc-gaisler-elf/7.2.0/../../../../sparc-gaisler-elf/lib/leon/mfix-at697f\libm.a(lib_a-w_acos.o)
                              C:\Users\ajarr\AppData\Local\Temp\cc41N2oq.o (acos)
c:/opt/bcc-2.0.2-gcc/bin/../lib/gcc/sparc-gaisler-elf/7.2.0/../../../../sparc-gaisler-elf/lib/leon/mfix-at697f\libm.a(lib_a-w_asin.o)
                              C:\Users\ajarr\AppData\Local\Temp\ccExFPZ1.o (asin)
c:/opt/bcc-2.0.2-gcc/bin/../lib/gcc/sparc-gaisler-elf/7.2.0/../../../../sparc-gaisler-elf/lib/leon/mfix-at697f\libm.a(lib_a-w_atan2.o)
                              C:\Users\ajarr\AppData\Local\Temp\cc41N2oq.o (atan2)
c:/opt/bcc-2.0.2-gcc/bin/../lib/gcc/sparc-gaisler-elf/7.2.0/../../../../sparc-gaisler-elf/lib/leon/mfix-at697f\libm.a(lib_a-w_fmod.o)
                              C:\Users\ajarr\AppData\Local\Temp\ccExFPZ1.o (fmod)
c:/opt/bcc-2.0.2-gcc/bin/../lib/gcc/sparc-gaisler-elf/7.2.0/../../../../sparc-gaisler-elf/lib/leon/mfix-at697f\libm.a(lib_a-w_pow.o)
                              C:\Users\ajarr\AppData\Local\Temp\cc41N2oq.o (pow)
c:/opt/bcc-2.0.2-gcc/bin/../lib/gcc/sparc-gaisler-elf/7.2.0/../../../../sparc-gaisler-elf/lib/leon/mfix-at697f\libm.a(lib_a-w_sqrt.o)
                              C:\Users\ajarr\AppData\Local\Temp\ccLBYgor.o (sqrt)
c:/opt/bcc-2.0.2-gcc/bin/../lib/gcc/sparc-gaisler-elf/7.2.0/../../../../sparc-gaisler-elf/lib/leon/mfix-at697f\libm.a(lib_a-e_acos.o)
                              c:/opt/bcc-2.0.2-gcc/bin/../lib/gcc/sparc-gaisler-elf/7.2.0/../../../../sparc-gaisler-elf/lib/leon/mfix-at697f\libm.a(lib_a-w_acos.o) (__ieee754_acos)
c:/opt/bcc-2.0.2-gcc/bin/../lib/gcc/sparc-gaisler-elf/7.2.0/../../../../sparc-gaisler-elf/lib/leon/mfix-at697f\libm.a(lib_a-e_asin.o)
                              c:/opt/bcc-2.0.2-gcc/bin/../lib/gcc/sparc-gaisler-elf/7.2.0/../../../../sparc-gaisler-elf/lib/leon/mfix-at697f\libm.a(lib_a-w_asin.o) (__ieee754_asin)
c:/opt/bcc-2.0.2-gcc/bin/../lib/gcc/sparc-gaisler-elf/7.2.0/../../../../sparc-gaisler-elf/lib/leon/mfix-at697f\libm.a(lib_a-e_atan2.o)
                              c:/opt/bcc-2.0.2-gcc/bin/../lib/gcc/sparc-gaisler-elf/7.2.0/../../../../sparc-gaisler-elf/lib/leon/mfix-at697f\libm.a(lib_a-w_atan2.o) (__ieee754_atan2)
c:/opt/bcc-2.0.2-gcc/bin/../lib/gcc/sparc-gaisler-elf/7.2.0/../../../../sparc-gaisler-elf/lib/leon/mfix-at697f\libm.a(lib_a-e_fmod.o)
                              c:/opt/bcc-2.0.2-gcc/bin/../lib/gcc/sparc-gaisler-elf/7.2.0/../../../../sparc-gaisler-elf/lib/leon/mfix-at697f\libm.a(lib_a-w_fmod.o) (__ieee754_fmod)
c:/opt/bcc-2.0.2-gcc/bin/../lib/gcc/sparc-gaisler-elf/7.2.0/../../../../sparc-gaisler-elf/lib/leon/mfix-at697f\libm.a(lib_a-e_pow.o)
                              c:/opt/bcc-2.0.2-gcc/bin/../lib/gcc/sparc-gaisler-elf/7.2.0/../../../../sparc-gaisler-elf/lib/leon/mfix-at697f\libm.a(lib_a-w_pow.o) (__ieee754_pow)
c:/opt/bcc-2.0.2-gcc/bin/../lib/gcc/sparc-gaisler-elf/7.2.0/../../../../sparc-gaisler-elf/lib/leon/mfix-at697f\libm.a(lib_a-e_rem_pio2.o)
                              c:/opt/bcc-2.0.2-gcc/bin/../lib/gcc/sparc-gaisler-elf/7.2.0/../../../../sparc-gaisler-elf/lib/leon/mfix-at697f\libm.a(lib_a-s_cos.o) (__ieee754_rem_pio2)
c:/opt/bcc-2.0.2-gcc/bin/../lib/gcc/sparc-gaisler-elf/7.2.0/../../../../sparc-gaisler-elf/lib/leon/mfix-at697f\libm.a(lib_a-e_sqrt.o)
[...]
Memory Configuration

Name             Origin             Length             Attributes
rom              0x0000000000000000 0x0000000020000000
ram              0x0000000040000000 0x0000000040000000
*default*        0x0000000000000000 0xffffffffffffffff

Linker script and memory map

LOAD c:/opt/bcc-2.0.2-gcc/bin/../sparc-gaisler-elf/bsp/leon2/leon/mfix-at697f/trap_table_mvt.S.o
LOAD c:/opt/bcc-2.0.2-gcc/bin/../sparc-gaisler-elf/bsp/leon2/leon/mfix-at697f/crt0.S.o
LOAD c:/opt/bcc-2.0.2-gcc/bin/../lib/gcc/sparc-gaisler-elf/7.2.0/leon/mfix-at697f/crti.o
LOAD c:/opt/bcc-2.0.2-gcc/bin/../lib/gcc/sparc-gaisler-elf/7.2.0/leon/mfix-at697f/crtbegin.o
LOAD C:\Users\ajarr\AppData\Local\Temp\cc6epILV.o
LOAD C:\Users\ajarr\AppData\Local\Temp\ccIUYBk4.o
LOAD C:\Users\ajarr\AppData\Local\Temp\ccvsnmY2.o
LOAD C:\Users\ajarr\AppData\Local\Temp\cczww0RR.o
LOAD C:\Users\ajarr\AppData\Local\Temp\ccXWfUhL.o
LOAD C:\Users\ajarr\AppData\Local\Temp\ccm9LEki.o
LOAD C:\Users\ajarr\AppData\Local\Temp\cchY9yN1.o
LOAD C:\Users\ajarr\AppData\Local\Temp\ccsnkR1R.o
LOAD C:\Users\ajarr\AppData\Local\Temp\ccTwgEYO.o
LOAD C:\Users\ajarr\AppData\Local\Temp\ccEKVXdT.o
LOAD C:\Users\ajarr\AppData\Local\Temp\ccecVsE3.o
LOAD C:\Users\ajarr\AppData\Local\Temp\ccoo9rYu.o
LOAD C:\Users\ajarr\AppData\Local\Temp\cckLW0x4.o
LOAD C:\Users\ajarr\AppData\Local\Temp\ccoK9PBU.o
LOAD C:\Users\ajarr\AppData\Local\Temp\ccc7OliV.o
LOAD C:\Users\ajarr\AppData\Local\Temp\ccLBYgor.o
LOAD C:\Users\ajarr\AppData\Local\Temp\cc41N2oq.o
LOAD C:\Users\ajarr\AppData\Local\Temp\cczww3Ay.o
LOAD C:\Users\ajarr\AppData\Local\Temp\ccJldDN1.o
LOAD C:\Users\ajarr\AppData\Local\Temp\ccnWSFNQ.o
LOAD C:\Users\ajarr\AppData\Local\Temp\ccegvyo6.o
LOAD C:\Users\ajarr\AppData\Local\Temp\ccyOpeqt.o
LOAD C:\Users\ajarr\AppData\Local\Temp\cceA7QRW.o
LOAD C:\Users\ajarr\AppData\Local\Temp\ccExFPZ1.o
LOAD C:\Users\ajarr\AppData\Local\Temp\ccd1pLAc.o
LOAD C:\Users\ajarr\AppData\Local\Temp\ccG5Eq4q.o
LOAD c:/opt/bcc-2.0.2-gcc/bin/../lib/gcc/sparc-gaisler-elf/7.2.0/../../../../sparc-gaisler-elf/lib/leon/mfix-at697f\libm.a
                0x0000000000000000                PROVIDE (__bcc_cfg_skip_clear_bss, 0x0)

.text           0x0000000040000000    0x3f6d0
 CREATE_OBJECT_SYMBOLS
                0x0000000040000000                __text_start = .
                0x0000000040000000                . = ALIGN (0x1000)
 *(.text.traptable)
 .text.traptable
                0x0000000040000000     0x1000 c:/opt/bcc-2.0.2-gcc/bin/../sparc-gaisler-elf/bsp/leon2/leon/mfix-at697f/trap_table_mvt.S.o
                0x0000000040000000                __bcc_entry_point
                0x0000000040000000                __bcc_trap_table
 *(.text .text.*)
 .text          0x0000000040001000        0x0 c:/opt/bcc-2.0.2-gcc/bin/../sparc-gaisler-elf/bsp/leon2/leon/mfix-at697f/trap_table_mvt.S.o
 .text          0x0000000040001000       0xb8 c:/opt/bcc-2.0.2-gcc/bin/../sparc-gaisler-elf/bsp/leon2/leon/mfix-at697f/crt0.S.o
                0x0000000040001000                __bcc_crt0
 .text          0x00000000400010b8        0x0 c:/opt/bcc-2.0.2-gcc/bin/../lib/gcc/sparc-gaisler-elf/7.2.0/leon/mfix-at697f/crti.o
 .text          0x00000000400010b8      0x180 c:/opt/bcc-2.0.2-gcc/bin/../lib/gcc/sparc-gaisler-elf/7.2.0/leon/mfix-at697f/crtbegin.o
 .text          0x0000000040001238      0x974 C:\Users\ajarr\AppData\Local\Temp\cc6epILV.o
                0x0000000040001238                rMinCycle_Wait
                0x00000000400012d4                OBC_Process
                0x0000000040001b5c                rMinCycle_Flag_Reset
 .text.startup  0x0000000040001bac       0xa0 C:\Users\ajarr\AppData\Local\Temp\cc6epILV.o
                0x0000000040001bac                main
 .text          0x0000000040001c4c      0xaac C:\Users\ajarr\AppData\Local\Temp\ccIUYBk4.o
                0x0000000040001c6c                Init_Memory
                0x0000000040001ca0                checksum_u32
                0x0000000040001d0c                checksum_u8
                0x0000000040001d5c                rOutput_Latch_Update
                0x0000000040001f38                ST_output_update
                0x0000000040002150                NMI_interrupt_test
                0x000000004000220c                MUX_Output
                0x000000004000254c                EEPROM_RST
                0x0000000040002580                EEPROM_RES
                0x00000000400025b0                s_ram_scrub
                0x000000004000262c                prom_chksum
 .text          0x00000000400026f8     0xd7ec C:\Users\ajarr\AppData\Local\Temp\ccvsnmY2.o
                0x00000000400028e4                rHAL_TM_Write
                0x0000000040002b48                rHAL_TM_HW_Status_Update
                0x0000000040002c6c                rTM_Address_Table_Init
                0x000000004000c8ec                rTM_Copy_Subframe
                0x000000004000c95c                Sampling_Rate_Select
                0x000000004000c9b8                Frame_Address_Select
                0x000000004000cb24                rTCH_full_dump_cpy_buf
                0x000000004000cca0                rTCH_dump_cpy_buf
                0x000000004000d048                TC_Hist_dumping
                0x000000004000d094                copy_frame
                0x000000004000d14c                ST_Copy_Subframe
                0x000000004000d5e4                StorageTelemetry
                0x000000004000d67c                Storage_Telemetry_Write
                0x000000004000d6a4                Norm_ST_1_Table_Init
                0x000000004000ef60                Spec_ST_Table_Init
                0x000000004000fbfc                ST_DUMPING
                0x000000004000fd60                rTM_Real_st_write
                0x000000004000fea0                ST_full_dump
 .text          0x000000004000fee4     0x65f0 C:\Users\ajarr\AppData\Local\Temp\cczww0RR.o
                0x00000000400100c0                TC_IMU1_On
                0x0000000040010100                TC_IMU2_On
                0x0000000040010140                TC_IMU1_Off
                0x0000000040010180                TC_IMU2_Off
                0x00000000400101c0                TC_NMI_count_reset
                0x00000000400101d4                TC_GPS1_ON
                0x0000000040010204                TC_GPS1_OFF
                0x0000000040010238                TC_GPS2_on
                0x000000004001026c                TC_GPS2_off
                0x00000000400102a4                TC_W1_ON
                0x00000000400102d4                TC_W2_ON
                0x0000000040010308                TC_W3_ON
                0x0000000040010338                TC_W4_ON
                0x0000000040010368                TC_W1_OFF
                0x0000000040010398                TC_W2_OFF
                0x00000000400103c8                TC_W3_OFF
                0x00000000400103f8                TC_W4_OFF
                0x0000000040010428                rTC_Detumbling_ModePreprocessing_BDOT
                0x0000000040010438                rTC_Detumbling_ModePreprocessing_GYRO
                0x0000000040010448                rTC_SunAcquisition_ModePreprocessing
                0x0000000040010458                rTC_ThreeAxis_ModePreprocessing
                0x0000000040010468                rTC_Suspended_ModePreprocessing
                0x0000000040010474                PL_K_CMD_HLT
                0x00000000400104a4                Antenna_mechanism_ON
                0x00000000400104d4                Antenna_mechanism_OFF
                0x0000000040010504                S_band_tx_on
                0x0000000040010534                S_band_tx_off
                0x0000000040010564                SA_DEPLOYMENT_MECHANISM_MAIN_OFF
                0x0000000040010598                SA_DEPLOYMENT_MECHANISM_RED_OFF
                0x00000000400105cc                sunlit
                0x00000000400105dc                eclipse
                0x00000000400105e8                Sunlit_eclipse_both
                0x00000000400105f8                rSafe_mode_PreProcessing
                0x0000000040010608                eeprom_en
                0x0000000040010618                eeprom_dis
                0x0000000040010624                TC_ATTC_CMD_clear
                0x00000000400106e4                imu1_db_execute
                0x00000000400106f0                imu2_db_execute
                0x00000000400106fc                TC_ACC_Ang_RESET
                0x0000000040010708                TC_GPS1_NMEA_VTG_enable
                0x0000000040010734                TC_GPS1_NMEA_VTG_disable
                0x0000000040010760                TC_GPS1_NMEA_GGA_enable
                0x000000004001078c                TC_GPS1_NMEA_GGA_disable
                0x00000000400107b8                TC_GPS1_NMEA_GSA_enable
                0x00000000400107e4                TC_GPS1_NMEA_GSA_disable
                0x0000000040010810                TC_GPS1_cold_start
                0x000000004001083c                TC_GPS1_factory_reset
                0x0000000040010868                TC_GPS2_NMEA_VTG_enable
                0x0000000040010894                TC_GPS2_NMEA_VTG_disable
                0x00000000400108c0                TC_GPS2_NMEA_GGA_enable
                0x00000000400108ec                TC_GPS2_NMEA_GGA_disable
                0x0000000040010918                TC_GPS2_NMEA_GSA_enable
                0x0000000040010944                TC_GPS2_NMEA_GSA_disable
                0x0000000040010970                TC_GPS2_cold_start
                0x000000004001099c                TC_GPS2_factory_reset
                0x00000000400109c8                TC_GPS1_NMEA_NMEA_GSV_Enable
                0x00000000400109f4                TC_GPS1_NMEA_NMEA_GSV_disable
                0x0000000040010a20                TC_GPS2_NMEA_NMEA_GSV_Enable
                0x0000000040010a4c                TC_GPS2_NMEA_NMEA_GSV_disable
                0x0000000040010a78                TC_MTR_ON
                0x0000000040010a84                TC_MTR_OFF
                0x0000000040010a90                payload_1_on
                0x0000000040010ab8                payload_1_off
                0x0000000040010ac4                PL_K_CMD_STS
                0x0000000040010ad0                PL_K_CMD_ACQ
                0x0000000040010adc                PL_K_DIAG
                0x0000000040010ae8                PL_K_CMD_OFF
                0x0000000040010af4                PL_K_CMD_ON
                0x0000000040010b00                ss_main_db_execute
                0x0000000040010b0c                ss_redundant_db_execute
                0x0000000040010b18                TC_init_RW1
                0x0000000040010b4c                TC_init_RW2
                0x0000000040010b80                TC_init_RW3
                0x0000000040010bb4                TC_init_RW4
                0x0000000040010be8                TC_MTR_Yaw_Positive
                0x0000000040010bfc                TC_MTR_Yaw_Negative
                0x0000000040010c10                TC_MTR_Pitch_Positive
                0x0000000040010c24                TC_MTR_Pitch_Negative
                0x0000000040010c38                TC_MTR_Roll_Positive
                0x0000000040010c4c                TC_MTR_Roll_Negative
                0x0000000040010c60                TC_MTR_Roll_No_cuurent
                0x0000000040010c74                TC_MTR_Pitch_No_cuurent
                0x0000000040010c88                TC_MTR_Yaw_No_cuurent
                0x0000000040010c9c                payload_2_on
                0x0000000040010cc4                payload_2_off
                0x0000000040010cd0                X_band_tx_on
                0x0000000040010cf8                X_band_tx_off
                0x0000000040010d04                SA_DEPLOYMENT_MECHANISM_MAIN_ON
                0x0000000040010d10                SA_DEPLOYMENT_MECHANISM_RED_ON
                0x0000000040010d1c                Antenna_mechanism_arm
                0x0000000040010d28                Antenna_deploy
                0x0000000040010d34                Antenna_mechanism_disarm
                0x0000000040010d40                TC_pl_debug
                0x0000000040010d4c                TC_TM_DS_EN
                0x0000000040010d58                Antenna_RESET_command
                0x0000000040010d64                Antenna_deploy_with_override
                0x0000000040010d70                Antenna_system_temp
                0x0000000040010d7c                Antenna_deploy_status_report
                0x0000000040010d88                Antenna_deploy_activation_count
                0x0000000040010d94                Antenna_deploy_activation_time
                0x0000000040010ea4                TC_pl_tm
                0x0000000040010eac                imu1_db_checksum
                0x0000000040010eb4                imu2_db_checksum
                0x0000000040010ebc                imu_test_sys_sel
                0x0000000040010ec4                TC_Drift_Uplink_Compenstation_Update_IMU1
                0x0000000040010ecc                TC_Drift_Uplink_Compenstation_Update_IMU2
                0x0000000040010ed4                TC_Gyro_Misalignment_Update_IMU1
                0x0000000040010edc                TC_Gyro_Misalignment_Update_IMU2
                0x0000000040010ee4                TC_Gyro_Scale_Factor_Update_IMU1
                0x0000000040010eec                TC_Gyro_Scale_Factor_Update_IMU2
                0x0000000040010ef4                TC_MagBias_Uplink_Compenstation_Update_IMU1
                0x0000000040010efc                TC_MagBias_Uplink_Compenstation_Update_IMU2
                0x0000000040010f04                TC_Mag_Misalignment_Update_IMU1
                0x0000000040010f0c                TC_Mag_Misalignment_Update_IMU2
                0x0000000040010f14                TC_Mag_Scale_Factor_Update_IMU1
                0x0000000040010f1c                TC_Mag_Scale_Factor_Update_IMU2
                0x0000000040010f24                TC_Mag_LPF_Gain_Update_IMU1
                0x0000000040010f2c                TC_Mag_LPF_Gain_Update_IMU2
                0x0000000040010f34                TC_Gyro_LPF_Gain_Update_IMU1
                0x0000000040010f3c                TC_Gyro_LPF_Gain_Update_IMU2
                0x0000000040010f44                TC_Panel2_Deploy
                0x0000000040010f4c                TC_Nominal_wheel_speed_execute
                0x0000000040010f54                Pitch_Torquer_ON
                0x0000000040010f5c                Yaw_Torquer_ON
                0x0000000040010f64                Pitch_Torquer_OFF
                0x0000000040010f6c                Yaw_Torquer_OFF
                0x0000000040010f74                rHeater1_on
                0x0000000040010f7c                rHeater1_off
                0x0000000040010f84                rHeater2_on
                0x0000000040010f8c                rHeater2_off
                0x0000000040010f94                rHeater3_on
                0x0000000040010f9c                rHeater3_off
                0x0000000040010fa4                rHeater4_on
                0x0000000040010fac                rHeater4_off
                0x0000000040010fb4                rHeater5_on
                0x0000000040010fbc                rHeater5_off
                0x0000000040010fc4                rHeater6_on
                0x0000000040010fcc                rHeater6_off
                0x0000000040010fd4                RX_TX_deployed
                0x0000000040010fdc                ss_main_db_checksum
                0x0000000040010fe4                ss_redundant_db_checksum
                0x0000000040010fec                TC_Qinit
                0x0000000040010ff4                OBC_ON
                0x0000000040010ffc                OBC_OFF
                0x0000000040011004                SA1_DEPLOYMENT_AND_SA2_DEPLOYMENT_REDUNDANT_SPARE_BUS_ON
                0x000000004001100c                SA1_DEPLOYMENT_AND_SA2_DEPLOYMENT_REDUNDANT_SPARE_BUS_OFF
                0x0000000040011014                Test_ON
                0x000000004001101c                Test_OFF
                0x0000000040011024                rTC_write_tC_history
                0x000000004001104c                TC_status_reset
                0x0000000040011060                rContingency_TC
                0x0000000040011068                rData_TC
                0x00000000400115cc                rADCS_Data_TC
                0x00000000400129b0                rRemote_base_addr_TC
                0x0000000040012a60                rRemote_data_view
                0x0000000040012ad8                rBoolean_TC
                0x0000000040012b28                rFuncExecute_TC
                0x0000000040012b8c                rRemoteProgram_Addr_TC
                0x0000000040012be0                rRemoteProgram_Data_TC
                0x0000000040012c0c                rDifferential_TimeTag_TC
                0x0000000040012c68                initNodetable
                0x0000000040012ca4                getNode
                0x0000000040012ce0                freeNode
                0x0000000040012d18                rAbsoluteTTC_Update
                0x0000000040012ed0                rAbsolute_TimeTag_TC
                0x0000000040012edc                rDifferential_TimeTag_Update
                0x0000000040012f38                rDifferential_TimeTag_Execute
                0x0000000040013090                rDifferentialTTC_Execute
                0x000000004001309c                rAbsoluteTTC_Delete
                0x0000000040013220                rAbsoluteTTC_Clear
                0x00000000400132e0                rInit_Block
                0x0000000040013328                Block_update
                0x00000000400135a4                rBlock_TC
                0x00000000400135b0                TMTC_Assignment
                0x0000000040013d00                invertReverse
                0x0000000040013d28                BCHEncoder
                0x0000000040013ec8                rHAL_TC_Read
                0x0000000040014194                TC_detumbling_rate_gain_1
                0x00000000400145d8                TC_detumbling_bdot_gain_1
                0x0000000040014a1c                TC_BDOT_Det_Thresh_1
                0x0000000040014bb0                TC_GYRO_Det_Min_Thres_1
                0x0000000040014d44                TC_AngMomDump_Thrsld_1
                0x0000000040014ed8                TC_SpeedDump_Thrsld_1
                0x0000000040015004                TC_SpeedDump_TimeSelect_1
                0x0000000040015198                TC_comd_pitch_rate_1
                0x000000004001532c                TC_Gyro_LPF_Gain_IMU1_1
                0x0000000040015564                TC_Gyro_LPF_Gain_IMU2_1
                0x000000004001579c                TC_Mag_LPF_Gain_IMU1_1
                0x00000000400159d4                TC_Mag_LPF_Gain_IMU2_1
                0x0000000040015c0c                TC_Wheel_Cutoff_Threshold_1
                0x0000000040015da0                adcsgains
                0x0000000040015e84                rGainSelect_TC
                0x0000000040015ed8                rReal_Time_TC
                0x000000004001615c                rTelecommand
                0x00000000400162d4                rAbsoluteTTC_Execute
                0x00000000400163f4                rBlockTC_Execute
 .text          0x00000000400164d4       0x38 C:\Users\ajarr\AppData\Local\Temp\ccXWfUhL.o
                0x00000000400164d4                fdi_nmi_int_handler
 .text          0x000000004001650c     0x1670 C:\Users\ajarr\AppData\Local\Temp\ccm9LEki.o
                0x000000004001650c                rPOR_Init
 .text          0x0000000040017b7c      0xd00 C:\Users\ajarr\AppData\Local\Temp\cchY9yN1.o
                0x0000000040017ba4                rHAL_pl1_ON
                0x0000000040017c24                rHAL_pl1_OFF
                0x0000000040017c74                rHAL_pl2_ON
                0x0000000040017cf4                rHAL_pl2_OFF
                0x0000000040017d44                rHAL_tm_ds_en
                0x0000000040017d80                rHAL_X_Tx_ON
                0x0000000040017db4                rHAL_X_Tx_OFF
                0x0000000040017de8                rHAL_pl_sts_check
                0x0000000040017e18                rHAL_pl_cmd_hlt
                0x0000000040017e90                rHAL_pl_debug
                0x0000000040017f50                rHAL_pl_x_tx_data_on
                0x0000000040018040                rHAL_pl_cmd_acq
                0x0000000040018120                rHAL_pl_x_tx_data_off
                0x0000000040018160                rHAL_pl_diag
                0x00000000400181d8                pl_tx_tm
                0x0000000040018300                pl_tx_tm_2
                0x00000000400183d8                rpl_read
                0x00000000400184c4                rpl_tm_write
 .text          0x000000004001887c      0x4a8 C:\Users\ajarr\AppData\Local\Temp\ccsnkR1R.o
                0x000000004001887c                rHAL_EPS_Hardware_Status
                0x00000000400188e4                rHAL_Battery_load_shedding
                0x0000000040018940                rHAL_EPS_shunt_switch
 .text          0x0000000040018d24      0x1b4 C:\Users\ajarr\AppData\Local\Temp\ccTwgEYO.o
                0x0000000040018d24                rIMU_Init
                0x0000000040018d90                HAL_IMU_Read
 .text          0x0000000040018ed8      0x3b4 C:\Users\ajarr\AppData\Local\Temp\ccEKVXdT.o
                0x0000000040018ed8                rHAL_ADC_Read
                0x0000000040018f34                rHAL_ADC_TM_Copy
                0x0000000040019160                sun_Sensor_data
                0x0000000040019274                rHAL_ADC_StatusREG_Enable
 .text          0x000000004001928c     0x1010 C:\Users\ajarr\AppData\Local\Temp\ccecVsE3.o
                0x000000004001928c                rGPS_Buffer_Init
                0x00000000400194f4                rGPS_pulsecheck
                0x0000000040019590                rHAL_GPS_Read
                0x0000000040019800                GPS_1_DATA
                0x0000000040019864                rHAL_GPS_Config
                0x0000000040019f64                rGPS_TM_Extract
                0x000000004001a238                ST_TM_gps_data
 .text          0x000000004001a29c     0x1114 C:\Users\ajarr\AppData\Local\Temp\ccoo9rYu.o
                0x000000004001a29c                Thermister_select
                0x000000004001a2e0                UTP_selection
                0x000000004001a334                LTP_selection
                0x000000004001a394                Heater_1_auto_control
                0x000000004001a404                Heater_2_auto_control
                0x000000004001a474                Heater_3_auto_control
                0x000000004001a4e4                Heater_4_auto_control
                0x000000004001a554                Heater_5_auto_control
                0x000000004001a5c4                Heater_6_auto_control
                0x000000004001a634                Heater_7_auto_control
                0x000000004001a688                Heater_8_auto_control
                0x000000004001a6dc                Heater_9_auto_control
                0x000000004001a730                Heater_10_auto_control
                0x000000004001a784                Heater_11_auto_control
                0x000000004001a7d8                Heater_12_auto_control
                0x000000004001a82c                Heater_13_auto_control
                0x000000004001a888                Heater_14_auto_control
                0x000000004001a8e4                Heater_1_manual_control
                0x000000004001a950                Heater_2_manual_control
                0x000000004001a9bc                Heater_3_manual_control
                0x000000004001aa28                Heater_4_manual_control
                0x000000004001aa94                Heater_5_manual_control
                0x000000004001ab00                Heater_6_manual_control
                0x000000004001ab6c                Heater_control_auto_manual
                0x000000004001b210                Heater_7_manual_control
                0x000000004001b240                Heater_8_manual_control
                0x000000004001b270                Heater_9_manual_control
                0x000000004001b2a0                Heater_10_manual_control
                0x000000004001b2d0                Heater_11_manual_control
                0x000000004001b300                Heater_12_manual_control
                0x000000004001b330                Heater_13_manual_control
                0x000000004001b370                Heater_14_manual_control
 .text          0x000000004001b3b0      0x8dc C:\Users\ajarr\AppData\Local\Temp\cckLW0x4.o
                0x000000004001b3b0                rHAL_MTR_ON
                0x000000004001b3e4                rHAL_MTR_OFF
                0x000000004001b418                rHAL_MTR
                0x000000004001ba50                MTR_Monitoring
                0x000000004001ba7c                rHAL_MTR_TC
 .text          0x000000004001bc8c     0x143c C:\Users\ajarr\AppData\Local\Temp\ccoK9PBU.o
                0x000000004001bc8c                RW_Init
                0x000000004001be08                HAL_RW_CRC_Check
                0x000000004001be74                rHAL_RW_TM_Read
                0x000000004001c244                rRW_SlipFrame_Check
                0x000000004001c488                rHAL_RW_TC_Write
                0x000000004001c660                rHAL_RW_TM_Write
                0x000000004001c7c0                rHAL_RW_ConfigBuffer_Write
                0x000000004001c864                rRW_Data_Write
                0x000000004001ca70                rRW_Data_Request
                0x000000004001cbac                rRW_Data_Read
                0x000000004001cf58                rRW_init_cmd
 .text          0x000000004001d0c8      0x6dc C:\Users\ajarr\AppData\Local\Temp\ccc7OliV.o
                0x000000004001d0c8                antennaCommand1
                0x000000004001d114                antennaCommand2
                0x000000004001d160                antennaCommand3
                0x000000004001d1ac                antennaCommand4
                0x000000004001d1f8                antennaCommand5
                0x000000004001d244                antennaCommand6
                0x000000004001d290                antennaCommand7
                0x000000004001d2d8                antennaCommand8
                0x000000004001d324                antennaCommand9
                0x000000004001d370                rHAL_Antenna_Read
                0x000000004001d3b8                rHAL_SA_MAIN_Deploy_on
                0x000000004001d430                rHAL_SA_RED_Deploy_on
                0x000000004001d498                rHAL_SA1_Deploy_status_check
                0x000000004001d580                rHAL_SA2_Deploy_status_check
                0x000000004001d668                rHAL_SA_Deploy_Status_new
 .text          0x000000004001d7a4     0x32f0 C:\Users\ajarr\AppData\Local\Temp\ccLBYgor.o
                0x000000004001d8d4                rQ_Propagation
                0x000000004001d904                rQuestDataProcessing
                0x000000004001de50                rDAD_quest
                0x000000004001ede0                rErrorComputation
                0x000000004001f3bc                rExtendedKalmanFilter1_p1
                0x00000000400200f8                rExtendedKalmanFilter1_p2
 .text          0x0000000040020a94     0x2bec C:\Users\ajarr\AppData\Local\Temp\cc41N2oq.o
                0x0000000040020a94                rGH_generation
                0x0000000040020c58                rMagFieldComp1
                0x00000000400216a8                rMagFieldComp2
                0x0000000040021dc0                rSun_Ephemeris
                0x0000000040022000                rReferenceQuatComputation
                0x0000000040022ad4                rRefVectorGeneration
                0x00000000400231d0                rRefRate_Computation
                0x00000000400234b4                rSl_Ecl_OnBrd_detection
 .text          0x0000000040023680        0x0 C:\Users\ajarr\AppData\Local\Temp\cczww3Ay.o
 .text          0x0000000040023680     0x2868 C:\Users\ajarr\AppData\Local\Temp\ccJldDN1.o
                0x00000000400237bc                rLinearController
                0x00000000400241a8                rDutyCycleGeneration
                0x000000004002432c                rAngularMomentumDumping
                0x00000000400247c8                rTorquer_Polarity_Check
                0x00000000400247fc                rSpeedBasedMomentumDumping
                0x0000000040024f54                rWheel_Spin_updown
                0x00000000400252e4                rWheel_Auto_Reconfiguration
 .text          0x0000000040025ee8     0x10f8 C:\Users\ajarr\AppData\Local\Temp\ccnWSFNQ.o
                0x0000000040025f00                rSuspended_ModePreprocessing
                0x0000000040025f74                rDetumbling_ModePreprocessing_BDOT_Logic
                0x00000000400263e4                rDetumbling_ModePreprocessing_GYRO_Logic
                0x000000004002682c                rSunAcquisition_ModePreprocessing
                0x0000000040026be4                rThreeAxis_ModePreprocessing
                0x0000000040026e30                rRateReductionCheck
                0x0000000040026f2c                rSafeMode_Preprocessing
                0x0000000040026f68                rScModeSelection
 .text          0x0000000040026fe0     0x4a04 C:\Users\ajarr\AppData\Local\Temp\ccegvyo6.o
                0x0000000040026fe0                rADCS_Pon_vars
 .text          0x000000004002b9e4     0x9494 C:\Users\ajarr\AppData\Local\Temp\ccyOpeqt.o
                0x000000004002b9e4                rIMUDataCorrection
                0x000000004002cd80                rIMU_1_DB_Copy
                0x000000004002d620                rIMU_2_DB_Copy
                0x000000004002dec0                rIMU_1_DB_Init
                0x000000004002e760                rIMU_2_DB_Init
                0x000000004002f000                rIMU_Angle_Reset
                0x000000004002f048                rIMUDataProcessing
                0x00000000400302dc                rTheta_Limit
                0x000000004003033c                rIMU1_DB_Execute
                0x0000000040030360                rIMU2_DB_Execute
                0x0000000040030384                rBDOT_Computation
                0x00000000400305b0                rSunSensorVectorComp
                0x00000000400336a0                rSunSensorDataProcessing
                0x0000000040033a7c                rSS_Read_Data
                0x0000000040033adc                rSS_Main_DB_Init
                0x0000000040033af4                rSS_Redundant_DB_Init
                0x0000000040033b00                rSS_Main_DB_Copy
                0x0000000040034458                rSS_Redundant_DB_Copy
                0x0000000040034db0                rSS_Main_DB_Execute
                0x0000000040034e14                rSS_Redundant_DB_Execute
 .text          0x0000000040034e78        0x0 C:\Users\ajarr\AppData\Local\Temp\cceA7QRW.o
 .text          0x0000000040034e78     0x4768 C:\Users\ajarr\AppData\Local\Temp\ccExFPZ1.o
                0x0000000040036558                rOrbit_Initialization
                0x0000000040037928                rOrbit_Propagation
                0x0000000040038cac                rOrbitalElements_computation
                0x0000000040038cd4                rOrbitalElements_TLE
                0x0000000040038d0c                rGPS_data_validity
                0x0000000040038d14                rJulian_Day
                0x0000000040038d50                rNEDtoECEF
                0x0000000040038e44                rECEFtoECItoECEF
                0x0000000040038e6c                rast_args
                0x0000000040038f78                rnut_iau1980
                0x00000000400390d4                rGPS2OE
                0x0000000040039558                rGPSDataProcessing
 .text          0x00000000400395e0      0xd4c C:\Users\ajarr\AppData\Local\Temp\ccd1pLAc.o
                0x00000000400395e0                rxRot
                0x0000000040039670                ryRot
                0x0000000040039700                rzRot
                0x0000000040039788                rMatInv
                0x0000000040039940                rCross_Product
                0x00000000400399a8                rMatMul3x1
                0x0000000040039a20                rMatMul3x3
                0x0000000040039ad8                rRM_to_Quat
                0x0000000040039e0c                rQs_Normalization
                0x0000000040039f14                rQs_Multiplication
                0x0000000040039ff0                rVectorNorm
                0x000000004003a0c0                rMat_adjoint3
                0x000000004003a1bc                rMatMul34x1
                0x000000004003a238                rMatMul43x1
                0x000000004003a2b4                rMatMul44x1
 .text          0x000000004003a32c      0x284 C:\Users\ajarr\AppData\Local\Temp\ccG5Eq4q.o
                0x000000004003a32c                rSus_mode_remote_entry_hook
                0x000000004003a358                rSus_mode_remote_exit_hook
                0x000000004003a364                rDBDOT_mode_remote_entry_hook
                0x000000004003a370                rDBDOT_mode_remote_exit_hook
                0x000000004003a37c                rDGYRO_mode_remote_entry_hook
                0x000000004003a388                rDGYRO_mode_remote_exit_hook
                0x000000004003a394                rSACQ_mode_remote_entry_hook
                0x000000004003a3a0                rSACQ_mode_remote_exit_hook
                0x000000004003a3ac                r3AXIS_mode_remote_entry_hook
                0x000000004003a3b8                r3AXIS_mode_remote_exit_hook
                0x000000004003a3c4                rSAFE_mode_remote_entry_hook
                0x000000004003a3d0                rSAFE_mode_remote_exit_hook
                0x000000004003a3dc                rRemote_patch_area_1
                0x000000004003a574                rRemote_patch_area_2
                0x000000004003a580                rRemote_patch_area_3
                0x000000004003a58c                rRemote_patch_area_4
                0x000000004003a598                rRemote_patch_area_5
                0x000000004003a5a4                rRemote_patch_area_6
 .text          0x000000004003a5b0      0x2d0 c:/opt/bcc-2.0.2-gcc/bin/../lib/gcc/sparc-gaisler-elf/7.2.0/../../../../sparc-gaisler-elf/lib/leon/mfix-at697f\libm.a(lib_a-s_atan.o)
                0x000000004003a5b0                atan
 .text          0x000000004003a880       0xe4 c:/opt/bcc-2.0.2-gcc/bin/../lib/gcc/sparc-gaisler-elf/7.2.0/../../../../sparc-gaisler-elf/lib/leon/mfix-at697f\libm.a(lib_a-s_cos.o)
                0x000000004003a880                cos
 .text          0x000000004003a964       0x28 c:/opt/bcc-2.0.2-gcc/bin/../lib/gcc/sparc-gaisler-elf/7.2.0/../../../../sparc-gaisler-elf/lib/leon/mfix-at697f\libm.a(lib_a-s_fabs.o)
                0x000000004003a964                fabs
 .text          0x000000004003a98c      0x1f0 c:/opt/bcc-2.0.2-gcc/bin/../lib/gcc/sparc-gaisler-elf/7.2.0/../../../../sparc-gaisler-elf/lib/leon/mfix-at697f\libm.a(lib_a-s_floor.o)
                0x000000004003a98c                floor
 .text          0x000000004003ab7c       0xf4 c:/opt/bcc-2.0.2-gcc/bin/../lib/gcc/sparc-gaisler-elf/7.2.0/../../../../sparc-gaisler-elf/lib/leon/mfix-at697f\libm.a(lib_a-s_round.o)
                0x000000004003ab7c                round
 .text          0x000000004003ac70       0xe8 c:/opt/bcc-2.0.2-gcc/bin/../lib/gcc/sparc-gaisler-elf/7.2.0/../../../../sparc-gaisler-elf/lib/leon/mfix-at697f\libm.a(lib_a-s_sin.o)
                0x000000004003ac70                sin
 .text          0x000000004003ad58       0x9c c:/opt/bcc-2.0.2-gcc/bin/../lib/gcc/sparc-gaisler-elf/7.2.0/../../../../sparc-gaisler-elf/lib/leon/mfix-at697f\libm.a(lib_a-s_tan.o)
                0x000000004003ad58                tan
 .text          0x000000004003adf4      0x128 c:/opt/bcc-2.0.2-gcc/bin/../lib/gcc/sparc-gaisler-elf/7.2.0/../../../../sparc-gaisler-elf/lib/leon/mfix-at697f\libm.a(lib_a-w_acos.o)
                0x000000004003adf4                acos
 .text          0x000000004003af1c      0x128 c:/opt/bcc-2.0.2-gcc/bin/../lib/gcc/sparc-gaisler-elf/7.2.0/../../../../sparc-gaisler-elf/lib/leon/mfix-at697f\libm.a(lib_a-w_asin.o)
                0x000000004003af1c                asin
 .text          0x000000004003b044        0xc c:/opt/bcc-2.0.2-gcc/bin/../lib/gcc/sparc-gaisler-elf/7.2.0/../../../../sparc-gaisler-elf/lib/leon/mfix-at697f\libm.a(lib_a-w_atan2.o)
                0x000000004003b044                atan2
 .text          0x000000004003b050      0x148 c:/opt/bcc-2.0.2-gcc/bin/../lib/gcc/sparc-gaisler-elf/7.2.0/../../../../sparc-gaisler-elf/lib/leon/mfix-at697f\libm.a(lib_a-w_fmod.o)
                0x000000004003b050                fmod
 .text          0x000000004003b198      0x4a8 c:/opt/bcc-2.0.2-gcc/bin/../lib/gcc/sparc-gaisler-elf/7.2.0/../../../../sparc-gaisler-elf/lib/leon/mfix-at697f\libm.a(lib_a-w_pow.o)
                0x000000004003b198                pow
 .text          0x000000004003b640       0xfc c:/opt/bcc-2.0.2-gcc/bin/../lib/gcc/sparc-gaisler-elf/7.2.0/../../../../sparc-gaisler-elf/lib/leon/mfix-at697f\libm.a(lib_a-w_sqrt.o)
                0x000000004003b640                sqrt
 .text          0x000000004003b73c      0x37c c:/opt/bcc-2.0.2-gcc/bin/../lib/gcc/sparc-gaisler-elf/7.2.0/../../../../sparc-gaisler-elf/lib/leon/mfix-at697f\libm.a(lib_a-e_acos.o)
                0x000000004003b73c                __ieee754_acos
 .text          0x000000004003bab8      0x310 c:/opt/bcc-2.0.2-gcc/bin/../lib/gcc/sparc-gaisler-elf/7.2.0/../../../../sparc-gaisler-elf/lib/leon/mfix-at697f\libm.a(lib_a-e_asin.o)
                0x000000004003bab8                __ieee754_asin
 .text          0x000000004003bdc8      0x2b4 c:/opt/bcc-2.0.2-gcc/bin/../lib/gcc/sparc-gaisler-elf/7.2.0/../../../../sparc-gaisler-elf/lib/leon/mfix-at697f\libm.a(lib_a-e_atan2.o)
                0x000000004003bdc8                __ieee754_atan2
 .text          0x000000004003c07c      0x3ac c:/opt/bcc-2.0.2-gcc/bin/../lib/gcc/sparc-gaisler-elf/7.2.0/../../../../sparc-gaisler-elf/lib/leon/mfix-at697f\libm.a(lib_a-e_fmod.o)
                0x000000004003c07c                __ieee754_fmod
 .text          0x000000004003c428      0x8dc c:/opt/bcc-2.0.2-gcc/bin/../lib/gcc/sparc-gaisler-elf/7.2.0/../../../../sparc-gaisler-elf/lib/leon/mfix-at697f\libm.a(lib_a-e_pow.o)
                0x000000004003c428                __ieee754_pow
 .text          0x000000004003cd04      0x39c c:/opt/bcc-2.0.2-gcc/bin/../lib/gcc/sparc-gaisler-elf/7.2.0/../../../../sparc-gaisler-elf/lib/leon/mfix-at697f\libm.a(lib_a-e_rem_pio2.o)
                0x000000004003cd04                __ieee754_rem_pio2
 .text          0x000000004003d0a0      0x270 c:/opt/bcc-2.0.2-gcc/bin/../lib/gcc/sparc-gaisler-elf/7.2.0/../../../../sparc-gaisler-elf/lib/leon/mfix-at697f\libm.a(lib_a-e_sqrt.o)
                0x000000004003d0a0                __ieee754_sqrt
 .text          0x000000004003d310      0x1bc c:/opt/bcc-2.0.2-gcc/bin/../lib/gcc/sparc-gaisler-elf/7.2.0/../../../../sparc-gaisler-elf/lib/leon/mfix-at697f\libm.a(lib_a-k_cos.o)
                0x000000004003d310                __kernel_cos
 .text          0x000000004003d4cc      0xbdc c:/opt/bcc-2.0.2-gcc/bin/../lib/gcc/sparc-gaisler-elf/7.2.0/../../../../sparc-gaisler-elf/lib/leon/mfix-at697f\libm.a(lib_a-k_rem_pio2.o)
                0x000000004003d4cc                __kernel_rem_pio2
 .text          0x000000004003e0a8      0x100 c:/opt/bcc-2.0.2-gcc/bin/../lib/gcc/sparc-gaisler-elf/7.2.0/../../../../sparc-gaisler-elf/lib/leon/mfix-at697f\libm.a(lib_a-k_sin.o)
                0x000000004003e0a8                __kernel_sin
 .text          0x000000004003e1a8      0x290 c:/opt/bcc-2.0.2-gcc/bin/../lib/gcc/sparc-gaisler-elf/7.2.0/../../../../sparc-gaisler-elf/lib/leon/mfix-at697f\libm.a(lib_a-k_tan.o)
                0x000000004003e1a8                __kernel_tan
 .text          0x000000004003e438       0x18 c:/opt/bcc-2.0.2-gcc/bin/../lib/gcc/sparc-gaisler-elf/7.2.0/../../../../sparc-gaisler-elf/lib/leon/mfix-at697f\libm.a(lib_a-s_finite.o)
                0x000000004003e438                finite
 .text          0x000000004003e450        0x0 c:/opt/bcc-2.0.2-gcc/bin/../lib/gcc/sparc-gaisler-elf/7.2.0/../../../../sparc-gaisler-elf/lib/leon/mfix-at697f\libm.a(lib_a-s_lib_ver.o)
 .text          0x000000004003e450        0x8 c:/opt/bcc-2.0.2-gcc/bin/../lib/gcc/sparc-gaisler-elf/7.2.0/../../../../sparc-gaisler-elf/lib/leon/mfix-at697f\libm.a(lib_a-s_matherr.o)
                0x000000004003e450                matherr
 .text          0x000000004003e458        0xc c:/opt/bcc-2.0.2-gcc/bin/../lib/gcc/sparc-gaisler-elf/7.2.0/../../../../sparc-gaisler-elf/lib/leon/mfix-at697f\libm.a(lib_a-s_nan.o)
                0x000000004003e458                nan
 .text          0x000000004003e464      0x1ac c:/opt/bcc-2.0.2-gcc/bin/../lib/gcc/sparc-gaisler-elf/7.2.0/../../../../sparc-gaisler-elf/lib/leon/mfix-at697f\libm.a(lib_a-s_rint.o)
                0x000000004003e464                rint
 .text          0x000000004003e610      0x14c c:/opt/bcc-2.0.2-gcc/bin/../lib/gcc/sparc-gaisler-elf/7.2.0/../../../../sparc-gaisler-elf/lib/leon/mfix-at697f\libm.a(lib_a-s_scalbn.o)
                0x000000004003e610                scalbn
 .text          0x000000004003e75c       0x30 c:/opt/bcc-2.0.2-gcc/bin/../lib/gcc/sparc-gaisler-elf/7.2.0/../../../../sparc-gaisler-elf/lib/leon/mfix-at697f\libm.a(lib_a-s_copysign.o)
                0x000000004003e75c                copysign
 .text          0x000000004003e78c       0x7c c:/opt/bcc-2.0.2-gcc/bin/../sparc-gaisler-elf/bsp/leon2/leon/mfix-at697f\libbcc.a(reset_trap_mvt.S.o)
                0x000000004003e78c                __bcc_trap_reset_mvt
 .text          0x000000004003e808       0xb0 c:/opt/bcc-2.0.2-gcc/bin/../sparc-gaisler-elf/bsp/leon2/leon/mfix-at697f\libbcc.a(window_trap.S.o)
                0x000000004003e808                __bcc_trap_window_overflow
                0x000000004003e858                __bcc_trap_window_underflow
 .text          0x000000004003e8b8      0x1b4 c:/opt/bcc-2.0.2-gcc/bin/../sparc-gaisler-elf/bsp/leon2/leon/mfix-at697f\libbcc.a(interrupt_trap.S.o)
                0x000000004003e8b8                __bcc_trap_interrupt_svt
                0x000000004003e8bc                __bcc_trap_interrupt
 .text          0x000000004003ea6c       0x88 c:/opt/bcc-2.0.2-gcc/bin/../sparc-gaisler-elf/bsp/leon2/leon/mfix-at697f\libbcc.a(flush_windows_trap.S.o)
                0x000000004003ea6c                __bcc_trap_flush_windows
 .text          0x000000004003eaf4       0x2c c:/opt/bcc-2.0.2-gcc/bin/../sparc-gaisler-elf/bsp/leon2/leon/mfix-at697f\libbcc.a(sw_trap_set_pil.S.o)
                0x000000004003eaf4                __bcc_trap_sw_set_pil
 .text          0x000000004003eb20       0xb0 c:/opt/bcc-2.0.2-gcc/bin/../sparc-gaisler-elf/bsp/leon2/leon/mfix-at697f\libbcc.a(trap.c.o)
                0x000000004003eb20                bcc_set_trap
 .text          0x000000004003ebd0        0x0 c:/opt/bcc-2.0.2-gcc/bin/../sparc-gaisler-elf/bsp/leon2/leon/mfix-at697f\libbcc.a(isr.c.o)
 .text          0x000000004003ebd0        0x0 c:/opt/bcc-2.0.2-gcc/bin/../sparc-gaisler-elf/bsp/leon2/leon/mfix-at697f\libbcc.a(int_nest.c.o)
 .text          0x000000004003ebd0        0x8 c:/opt/bcc-2.0.2-gcc/bin/../sparc-gaisler-elf/bsp/leon2/leon/mfix-at697f\libbcc.a(init.S.o)
                0x000000004003ebd0                __bcc_init40
                0x000000004003ebd0                __bcc_init70
                0x000000004003ebd0                __bcc_init60
                0x000000004003ebd0                __bcc_init50
 .text          0x000000004003ebd8       0x84 c:/opt/bcc-2.0.2-gcc/bin/../sparc-gaisler-elf/bsp/leon2/leon/mfix-at697f\libbcc.a(leon_info.S.o)
                0x000000004003ebd8                __bcc_get_leon_info
                0x000000004003ec4c                bcc_get_cpuid
 .text          0x000000004003ec5c       0x2c c:/opt/bcc-2.0.2-gcc/bin/../sparc-gaisler-elf/bsp/leon2/leon/mfix-at697f\libbcc.a(dwzero.S.o)
                0x000000004003ec5c                bcc_dwzero
 .text          0x000000004003ec88       0x5c c:/opt/bcc-2.0.2-gcc/bin/../sparc-gaisler-elf/bsp/leon2/leon/mfix-at697f\libbcc.a(copy_data.c.o)
                0x000000004003ec88                __bcc_copy_data
 *fill*         0x000000004003ece4        0xc 
 .text          0x000000004003ecf0       0x90 c:/opt/bcc-2.0.2-gcc/bin/../sparc-gaisler-elf/bsp/leon2/leon/mfix-at697f\libbcc.a(lowlevel.S.o)
                0x000000004003ecf0                bcc_loadnocache
                0x000000004003ecfc                bcc_loadnocache16
                0x000000004003ed08                bcc_loadnocache8
                0x000000004003ed20                bcc_ldstub
                0x000000004003ed2c                bcc_set_psr
                0x000000004003ed44                bcc_get_psr
                0x000000004003ed4c                bcc_get_pil
                0x000000004003ed5c                bcc_set_tbr
                0x000000004003ed74                bcc_get_tbr
 .text          0x000000004003ed80       0x50 c:/opt/bcc-2.0.2-gcc/bin/../sparc-gaisler-elf/bsp/leon2/leon/mfix-at697f\libbcc.a(lowlevel_leon2.S.o)
                0x000000004003ed80                bcc_set_ccr
                0x000000004003ed90                bcc_get_ccr
                0x000000004003eda0                bcc_flush_cache
                0x000000004003edac                bcc_flush_icache
                0x000000004003edb4                bcc_flush_dcache
                0x000000004003edbc                bcc_power_down
 .text          0x000000004003edd0      0x160 c:/opt/bcc-2.0.2-gcc/bin/../sparc-gaisler-elf/bsp/leon2/leon/mfix-at697f\libbcc.a(int_leon2.c.o)
                0x000000004003edd0                bcc_int_mask
                0x000000004003ee20                bcc_int_unmask
                0x000000004003ee70                bcc_int_clear
                0x000000004003eea8                bcc_int_force
                0x000000004003eeec                bcc_int_pend
 .text          0x000000004003ef30        0x8 c:/opt/bcc-2.0.2-gcc/bin/../sparc-gaisler-elf/bsp/leon2/leon/mfix-at697f\libbcc.a(int_leon2_get_source.c.o)
                0x000000004003ef30                __bcc_int_get_source
 .text          0x000000004003ef38        0x8 c:/opt/bcc-2.0.2-gcc/bin/../sparc-gaisler-elf/bsp/leon2/leon/mfix-at697f\libbcc.a(int_leon2_init.c.o)
                0x000000004003ef38                __bcc_int_init
 .text          0x000000004003ef40       0x70 c:/opt/bcc-2.0.2-gcc/bin/../sparc-gaisler-elf/bsp/leon2/leon/mfix-at697f\libbcc.a(con_leon2.c.o)
                0x000000004003ef40                __bcc_con_init
                0x000000004003ef48                __bcc_con_outbyte
                0x000000004003ef7c                __bcc_con_inbyte
 .text          0x000000004003efb0       0x30 c:/opt/bcc-2.0.2-gcc/bin/../sparc-gaisler-elf/bsp/leon2/leon/mfix-at697f\libbcc.a(timer_leon2.c.o)
                0x000000004003efb0                __bcc_timer_init
                0x000000004003efb8                bcc_timer_get_us
 .text          0x000000004003efe0        0xc c:/opt/bcc-2.0.2-gcc/bin/../sparc-gaisler-elf/bsp/leon2/leon/mfix-at697f\libbcc.a(set_pil.S.o)
                0x000000004003efe0                bcc_set_pil
 .text          0x000000004003efec        0x0 c:/opt/bcc-2.0.2-gcc/bin/../sparc-gaisler-elf/bsp/leon2/leon/mfix-at697f\libbcc.a(int_leon2_handle.c.o)
 .text          0x000000004003efec        0x0 c:/opt/bcc-2.0.2-gcc/bin/../sparc-gaisler-elf/bsp/leon2/leon/mfix-at697f\libbcc.a(con_handle.c.o)
 .text          0x000000004003efec        0x0 c:/opt/bcc-2.0.2-gcc/bin/../sparc-gaisler-elf/bsp/leon2/leon/mfix-at697f\libbcc.a(timer_handle.c.o)
 .text          0x000000004003efec       0x1c c:/opt/bcc-2.0.2-gcc/bin/../lib/gcc/sparc-gaisler-elf/7.2.0/../../../../sparc-gaisler-elf/lib/leon/mfix-at697f\libc.a(lib_a-atexit.o)
                0x000000004003efec                atexit
 .text          0x000000004003f008        0xc c:/opt/bcc-2.0.2-gcc/bin/../lib/gcc/sparc-gaisler-elf/7.2.0/../../../../sparc-gaisler-elf/lib/leon/mfix-at697f\libc.a(lib_a-errno.o)
                0x000000004003f008                __errno
 .text          0x000000004003f014       0x3c c:/opt/bcc-2.0.2-gcc/bin/../lib/gcc/sparc-gaisler-elf/7.2.0/../../../../sparc-gaisler-elf/lib/leon/mfix-at697f\libc.a(lib_a-exit.o)
                0x000000004003f014                exit
 .text          0x000000004003f050        0x0 c:/opt/bcc-2.0.2-gcc/bin/../lib/gcc/sparc-gaisler-elf/7.2.0/../../../../sparc-gaisler-elf/lib/leon/mfix-at697f\libc.a(lib_a-impure.o)
 .text          0x000000004003f050      0x19c c:/opt/bcc-2.0.2-gcc/bin/../lib/gcc/sparc-gaisler-elf/7.2.0/../../../../sparc-gaisler-elf/lib/leon/mfix-at697f\libc.a(lib_a-memcpy.o)
                0x000000004003f050                memcpy
 .text          0x000000004003f1ec      0x158 c:/opt/bcc-2.0.2-gcc/bin/../lib/gcc/sparc-gaisler-elf/7.2.0/../../../../sparc-gaisler-elf/lib/leon/mfix-at697f\libc.a(lib_a-__atexit.o)
                0x000000004003f1ec                __register_exitproc
 .text          0x000000004003f344      0x2b4 c:/opt/bcc-2.0.2-gcc/bin/../lib/gcc/sparc-gaisler-elf/7.2.0/../../../../sparc-gaisler-elf/lib/leon/mfix-at697f\libc.a(lib_a-__call_atexit.o)
                0x000000004003f344                __call_exitprocs
 .text          0x000000004003f5f8       0x18 c:/opt/bcc-2.0.2-gcc/bin/../sparc-gaisler-elf/bsp/leon2/leon/mfix-at697f\libbcc.a(_exit.S.o)
                0x000000004003f5f8                _exit
 .text          0x000000004003f610       0x48 c:/opt/bcc-2.0.2-gcc/bin/../lib/gcc/sparc-gaisler-elf/7.2.0/leon/mfix-at697f/crtend.o
 .text          0x000000004003f658        0x0 c:/opt/bcc-2.0.2-gcc/bin/../lib/gcc/sparc-gaisler-elf/7.2.0/leon/mfix-at697f/crtn.o
                0x000000004003f660                . = ALIGN (0x10)
 *fill*         0x000000004003f658        0x8 
 *(.eh_frame)
 .eh_frame      0x000000004003f660        0x0 c:/opt/bcc-2.0.2-gcc/bin/../lib/gcc/sparc-gaisler-elf/7.2.0/leon/mfix-at697f/crtbegin.o
 .eh_frame      0x000000004003f660        0x4 c:/opt/bcc-2.0.2-gcc/bin/../lib/gcc/sparc-gaisler-elf/7.2.0/leon/mfix-at697f/crtend.o
                0x000000004003f670                . = ALIGN (0x10)
 *fill*         0x000000004003f664        0xc 
 *(.gnu.linkonce.t*)
                0x000000004003f670                ___CTOR_LIST__ = .
                0x000000004003f670        0x4 LONG 0x2 (((___CTOR_END__ - ___CTOR_LIST__) / 0x4) - 0x2)
 *(SORT(.ctors.*))
 *(.ctors)
 .ctors         0x000000004003f674        0x4 c:/opt/bcc-2.0.2-gcc/bin/../lib/gcc/sparc-gaisler-elf/7.2.0/leon/mfix-at697f/crtbegin.o
 .ctors         0x000000004003f678        0x4 c:/opt/bcc-2.0.2-gcc/bin/../lib/gcc/sparc-gaisler-elf/7.2.0/leon/mfix-at697f/crtend.o
                0x000000004003f67c        0x4 LONG 0x0
                0x000000004003f680                ___CTOR_END__ = .
                0x000000004003f680                ___DTOR_LIST__ = .
                0x000000004003f680        0x4 LONG 0x2 (((___DTOR_END__ - ___DTOR_LIST__) / 0x4) - 0x2)
 *(SORT(.dtors.*))
 *(.dtors)
 .dtors         0x000000004003f684        0x4 c:/opt/bcc-2.0.2-gcc/bin/../lib/gcc/sparc-gaisler-elf/7.2.0/leon/mfix-at697f/crtbegin.o
 .dtors         0x000000004003f688        0x4 c:/opt/bcc-2.0.2-gcc/bin/../lib/gcc/sparc-gaisler-elf/7.2.0/leon/mfix-at697f/crtend.o
                0x000000004003f688                __DTOR_END__
                0x000000004003f68c        0x4 LONG 0x0
                0x000000004003f690                ___DTOR_END__ = .
 *(.gnu.linkonce*)
 *(.init)
 .init          0x000000004003f690        0x4 c:/opt/bcc-2.0.2-gcc/bin/../lib/gcc/sparc-gaisler-elf/7.2.0/leon/mfix-at697f/crti.o
                0x000000004003f690                _init
 .init          0x000000004003f694        0x8 c:/opt/bcc-2.0.2-gcc/bin/../lib/gcc/sparc-gaisler-elf/7.2.0/leon/mfix-at697f/crtbegin.o
 .init          0x000000004003f69c        0x8 c:/opt/bcc-2.0.2-gcc/bin/../lib/gcc/sparc-gaisler-elf/7.2.0/leon/mfix-at697f/crtend.o
 .init          0x000000004003f6a4        0xc c:/opt/bcc-2.0.2-gcc/bin/../lib/gcc/sparc-gaisler-elf/7.2.0/leon/mfix-at697f/crtn.o
 *(.fini)
 .fini          0x000000004003f6b0        0x4 c:/opt/bcc-2.0.2-gcc/bin/../lib/gcc/sparc-gaisler-elf/7.2.0/leon/mfix-at697f/crti.o
                0x000000004003f6b0                _fini
 .fini          0x000000004003f6b4        0x8 c:/opt/bcc-2.0.2-gcc/bin/../lib/gcc/sparc-gaisler-elf/7.2.0/leon/mfix-at697f/crtbegin.o
 .fini          0x000000004003f6bc        0xc c:/opt/bcc-2.0.2-gcc/bin/../lib/gcc/sparc-gaisler-elf/7.2.0/leon/mfix-at697f/crtn.o
 *(.lit)
 *(.shdata)
                0x000000004003f6d0                . = ALIGN (0x10)
 *fill*         0x000000004003f6c8        0x8 
                0x000000004003f6d0                __text_end = .

.gcc_except_table
 *(.gcc_except_table)

.rodata         0x000000004003f6d0     0x5130
                0x000000004003f6d0                __rodata_start = .
 *(.rodata*)
 .rodata.cst8   0x000000004003f6d0       0x38 C:\Users\ajarr\AppData\Local\Temp\cc6epILV.o
 .rodata        0x000000004003f708        0x0 C:\Users\ajarr\AppData\Local\Temp\ccIUYBk4.o
 .rodata        0x000000004003f708       0x10 C:\Users\ajarr\AppData\Local\Temp\ccvsnmY2.o
 .rodata.cst4   0x000000004003f718        0x4 C:\Users\ajarr\AppData\Local\Temp\cczww0RR.o
 .rodata        0x000000004003f71c        0x0 C:\Users\ajarr\AppData\Local\Temp\cczww0RR.o
 .rodata        0x000000004003f71c        0x0 C:\Users\ajarr\AppData\Local\Temp\cchY9yN1.o
 *fill*         0x000000004003f71c        0x4 
 .rodata.cst8   0x000000004003f720        0x8 C:\Users\ajarr\AppData\Local\Temp\ccoK9PBU.o
 .rodata.cst8   0x000000004003f728       0x58 C:\Users\ajarr\AppData\Local\Temp\ccLBYgor.o
                                         0xc8 (size before relaxing)
 .rodata.cst4   0x000000004003f780        0x4 C:\Users\ajarr\AppData\Local\Temp\ccLBYgor.o
 *fill*         0x000000004003f784        0x4 
 .rodata.cst8   0x000000004003f788       0x18 C:\Users\ajarr\AppData\Local\Temp\cc41N2oq.o
                                         0x78 (size before relaxing)
 .rodata        0x000000004003f7a0     0x4724 C:\Users\ajarr\AppData\Local\Temp\cczww3Ay.o
                0x000000004003f7a0                c_I_nine_cross_nine
                0x000000004003fa28                c_I_three_cross_three
                0x000000004003fa70                c_Tv_wof_0034
                0x000000004003fab8                c_Tv_wof_0204
                0x000000004003fb00                c_Tv_wof_0230
                0x000000004003fb48                c_Tv_wof_1004
                0x000000004003fb90                c_Tv_wof_1030
                0x000000004003fbd8                c_Tv_wof_1200
                0x000000004003fc20                c_B2wh_mat_0034
                0x000000004003fc80                c_B2wh_mat_0204
                0x000000004003fce0                c_B2wh_mat_0230
                0x000000004003fd40                c_B2wh_mat_1004
                0x000000004003fda0                c_B2wh_mat_1030
                0x000000004003fe00                c_B2wh_mat_1200
                0x000000004003fe60                c_B2wh_mat_0234
                0x000000004003fec0                c_B2wh_mat_1034
                0x000000004003ff20                c_B2wh_mat_1204
                0x000000004003ff80                c_B2wh_mat_1230
                0x000000004003ffe0                c_B2wh_mat_4RW
                0x0000000040040040                c_wh2B_mat_0034
                0x00000000400400a0                c_wh2B_mat_0204
                0x0000000040040100                c_wh2B_mat_0230
                0x0000000040040160                c_wh2B_mat_1004
                0x00000000400401c0                c_wh2B_mat_1030
                0x0000000040040220                c_wh2B_mat_1200
                0x0000000040040280                c_wh2B_mat_0234
                0x00000000400402e0                c_wh2B_mat_1034
                0x0000000040040340                c_wh2B_mat_1204
                0x00000000400403a0                c_wh2B_mat_1230
                0x0000000040040400                c_wh2B_mat_4RW
                0x0000000040040460                c_MOI_wh
                0x0000000040040468                c_MOI_wh4
                0x0000000040040470                c_MOI_wh3
                0x0000000040040478                c_MOI_wh2
                0x0000000040040480                c_MOI_wh1
                0x0000000040040488                TC_T_RW_MAX
                0x0000000040040490                c_RADps2RPM
                0x0000000040040498                c_RPM2RADpS
                0x00000000400404a0                c_DPMMAX
                0x00000000400404a8                c_wkm_sunmag
                0x00000000400404b0                c_wks_sunmag
                0x00000000400404b8                c_wkm_mag
                0x00000000400404c0                c_wks_mag
                0x00000000400404c8                c_ss2b4156
                0x0000000040040510                c_ss2b3456
                0x0000000040040558                c_ss2b2356
                0x00000000400405a0                c_ss2b1256
                0x00000000400405e8                c_misaln_cor146
                0x0000000040040630                c_misaln_cor145
                0x0000000040040678                c_misaln_cor346
                0x00000000400406c0                c_misaln_cor345
                0x0000000040040708                c_misaln_cor326
                0x0000000040040750                c_misaln_cor325
                0x0000000040040798                c_misaln_cor126
                0x00000000400407e0                c_misaln_cor125
                0x0000000040040828                c_AngDev_SAMtransit_thrsld
                0x0000000040040830                c_AngDev_SMtransit_thrsld
                0x0000000040040838                c_Sunlit_Thrsld
                0x0000000040040840                c_SSThrsld
                0x0000000040040848                c_Imax_YN_Main
                0x0000000040040850                c_Imax_YP_Main
                0x0000000040040858                c_Imax_PN_Main
                0x0000000040040860                c_Imax_PP_Main
                0x0000000040040868                c_Imax_RNND_Main
                0x0000000040040870                c_Imax_RPND_Main
                0x0000000040040878                c_Imax_RND_Main
                0x0000000040040880                c_Imax_RPD_Main
                0x0000000040040888                c_Imax_YN_Red
                0x0000000040040890                c_Imax_YP_Red
                0x0000000040040898                c_Imax_PN_Red
                0x00000000400408a0                c_Imax_PP_Red
                0x00000000400408a8                c_Imax_RNND_Red
                0x00000000400408b0                c_Imax_RPND_Red
                0x00000000400408b8                c_Imax_RND_Red
                0x00000000400408c0                c_Imax_RPD_Red
                0x00000000400408c8                c_KDset3
                0x00000000400408d0                c_KDset2
                0x00000000400408d8                c_KDset1
                0x00000000400408e0                c_Epsilon2
                0x00000000400408e8                c_Epsilon1
                0x00000000400408f0                c_Sun_Dis3
                0x00000000400408f8                c_Sun_Dis2
                0x0000000040040900                c_Sun_Dis1
                0x0000000040040908                c_L_Ecliptic2
                0x0000000040040910                c_L_Ecliptic1
                0x0000000040040918                c_Msun2
                0x0000000040040920                c_Msun1
                0x0000000040040928                c_L_Msun2
                0x0000000040040930                c_L_Msun1
                0x0000000040040938                c_hsval
                0x0000000040040c78                c_hval
                0x0000000040040fb8                c_gsval
                0x00000000400412f8                c_gval
                0x0000000040041638                c_sdmax
                0x0000000040041640                c_a
                0x0000000040041648                c_Pibytwo
                0x0000000040041650                c_Kmax
                0x0000000040041654                c_Nmax
                0x0000000040041658                nut
                0x0000000040043778                fc
                0x0000000040043840                c_rk_T
                0x0000000040043ac8                c_rk
                0x0000000040043d50                c_I_four_cross_four
                0x0000000040043d90                c_onesecond
                0x0000000040043d98                c_oneminute
                0x0000000040043da0                c_halfhour
                0x0000000040043da8                c_Mmax
                0x0000000040043db0                c_AS2R
                0x0000000040043db8                c_R2D
                0x0000000040043dc0                c_D2R
                0x0000000040043dc8                c_min_per_day
                0x0000000040043dd0                c_temp4
                0x0000000040043dd8                c_j4
                0x0000000040043de0                c_j3oj2
                0x0000000040043de8                c_qzms2t
                0x0000000040043df0                c_ss
                0x0000000040043df8                c_xpdotp
                0x0000000040043e00                c_Pi
                0x0000000040043e08                c_Day_To_Seconds
                0x0000000040043e10                c_invmu
                0x0000000040043e18                c_mu
                0x0000000040043e20                c_dividebyzerovalue
                0x0000000040043e28                c_xke
                0x0000000040043e30                c_x2o3
                0x0000000040043e38                c_Twopi
                0x0000000040043e40                c_j2
                0x0000000040043e48                c_au
                0x0000000040043e50                c_auer
                0x0000000040043e58                c_radiusearthkm
                0x0000000040043e60                c_vkmpersec
                0x0000000040043e68                c_OMEGAE
                0x0000000040043e70                c_tsince_min
                0x0000000040043e78                c_twomu
                0x0000000040043e80                c_MiC
                0x0000000040043e88                c_MaC
                0x0000000040043e90                c_TM_RW_Resol
                0x0000000040043e98                c_TM_Resol_B
                0x0000000040043ea0                c_TM_Resol_w
                0x0000000040043ea8                c_TM_Resol_DelThta
                0x0000000040043eb0                c_Resol_DelThta
                0x0000000040043eb8                c_Resol_B
                0x0000000040043ec0                c_FFFF
 *fill*         0x0000000040043ec4        0x4 
 .rodata.cst8   0x0000000040043ec8       0x58 C:\Users\ajarr\AppData\Local\Temp\ccJldDN1.o
                                         0xb0 (size before relaxing)
 .rodata.cst8   0x0000000040043f20       0x30 C:\Users\ajarr\AppData\Local\Temp\ccnWSFNQ.o
                                         0x78 (size before relaxing)
 .rodata        0x0000000040043f50        0x0 C:\Users\ajarr\AppData\Local\Temp\ccnWSFNQ.o
 .rodata.cst8   0x0000000040043f50       0x48 C:\Users\ajarr\AppData\Local\Temp\ccegvyo6.o
                                         0x68 (size before relaxing)
 .rodata.cst4   0x0000000040043f98        0x8 C:\Users\ajarr\AppData\Local\Temp\ccegvyo6.o
 .rodata.cst8   0x0000000040043fa0       0x38 C:\Users\ajarr\AppData\Local\Temp\ccyOpeqt.o
                                         0xa0 (size before relaxing)
 .rodata.cst4   0x0000000040043fd8        0x8 C:\Users\ajarr\AppData\Local\Temp\ccyOpeqt.o
                                          0xc (size before relaxing)
 .rodata.cst8   0x0000000040043fe0      0x290 C:\Users\ajarr\AppData\Local\Temp\ccExFPZ1.o
                                        0x3c0 (size before relaxing)
 .rodata.cst8   0x0000000040044270       0x88 C:\Users\ajarr\AppData\Local\Temp\ccd1pLAc.o
 .rodata.cst8   0x0000000040044270       0xa8 c:/opt/bcc-2.0.2-gcc/bin/../lib/gcc/sparc-gaisler-elf/7.2.0/../../../../sparc-gaisler-elf/lib/leon/mfix-at697f\libm.a(lib_a-s_atan.o)
                                         0xd0 (size before relaxing)
 .rodata.cst8   0x0000000040044318       0x10 c:/opt/bcc-2.0.2-gcc/bin/../lib/gcc/sparc-gaisler-elf/7.2.0/../../../../sparc-gaisler-elf/lib/leon/mfix-at697f\libm.a(lib_a-s_floor.o)
 .rodata.str1.8
                0x0000000040044318        0x9 c:/opt/bcc-2.0.2-gcc/bin/../lib/gcc/sparc-gaisler-elf/7.2.0/../../../../sparc-gaisler-elf/lib/leon/mfix-at697f\libm.a(lib_a-w_acos.o)
 .rodata.cst8   0x0000000040044321        0x8 c:/opt/bcc-2.0.2-gcc/bin/../lib/gcc/sparc-gaisler-elf/7.2.0/../../../../sparc-gaisler-elf/lib/leon/mfix-at697f\libm.a(lib_a-w_acos.o)
 *fill*         0x0000000040044321        0x7 
 .rodata.str1.8
                0x0000000040044328        0x5 c:/opt/bcc-2.0.2-gcc/bin/../lib/gcc/sparc-gaisler-elf/7.2.0/../../../../sparc-gaisler-elf/lib/leon/mfix-at697f\libm.a(lib_a-w_asin.o)
                                          0x9 (size before relaxing)
 .rodata.cst8   0x000000004004432d        0x8 c:/opt/bcc-2.0.2-gcc/bin/../lib/gcc/sparc-gaisler-elf/7.2.0/../../../../sparc-gaisler-elf/lib/leon/mfix-at697f\libm.a(lib_a-w_asin.o)
 *fill*         0x000000004004432d        0x3 
 .rodata.str1.8
                0x0000000040044330        0x5 c:/opt/bcc-2.0.2-gcc/bin/../lib/gcc/sparc-gaisler-elf/7.2.0/../../../../sparc-gaisler-elf/lib/leon/mfix-at697f\libm.a(lib_a-w_fmod.o)
 .rodata.cst8   0x0000000040044335        0x8 c:/opt/bcc-2.0.2-gcc/bin/../lib/gcc/sparc-gaisler-elf/7.2.0/../../../../sparc-gaisler-elf/lib/leon/mfix-at697f\libm.a(lib_a-w_fmod.o)
 *fill*         0x0000000040044335        0x3 
 .rodata.str1.8
                0x0000000040044338        0x4 c:/opt/bcc-2.0.2-gcc/bin/../lib/gcc/sparc-gaisler-elf/7.2.0/../../../../sparc-gaisler-elf/lib/leon/mfix-at697f\libm.a(lib_a-w_pow.o)
 *fill*         0x000000004004433c        0x4 
 .rodata.cst8   0x0000000040044340       0x20 c:/opt/bcc-2.0.2-gcc/bin/../lib/gcc/sparc-gaisler-elf/7.2.0/../../../../sparc-gaisler-elf/lib/leon/mfix-at697f\libm.a(lib_a-w_pow.o)
                                         0x38 (size before relaxing)
 .rodata.str1.8
                0x0000000040044360        0x8 c:/opt/bcc-2.0.2-gcc/bin/../lib/gcc/sparc-gaisler-elf/7.2.0/../../../../sparc-gaisler-elf/lib/leon/mfix-at697f\libm.a(lib_a-w_sqrt.o)
                                          0x5 (size before relaxing)
 .rodata.cst8   0x0000000040044368        0x8 c:/opt/bcc-2.0.2-gcc/bin/../lib/gcc/sparc-gaisler-elf/7.2.0/../../../../sparc-gaisler-elf/lib/leon/mfix-at697f\libm.a(lib_a-w_sqrt.o)
 .rodata.cst8   0x0000000040044368       0x58 c:/opt/bcc-2.0.2-gcc/bin/../lib/gcc/sparc-gaisler-elf/7.2.0/../../../../sparc-gaisler-elf/lib/leon/mfix-at697f\libm.a(lib_a-e_acos.o)
                                         0x80 (size before relaxing)
 .rodata.cst8   0x00000000400443c0       0x80 c:/opt/bcc-2.0.2-gcc/bin/../lib/gcc/sparc-gaisler-elf/7.2.0/../../../../sparc-gaisler-elf/lib/leon/mfix-at697f\libm.a(lib_a-e_asin.o)
 .rodata.cst8   0x00000000400443c0       0x28 c:/opt/bcc-2.0.2-gcc/bin/../lib/gcc/sparc-gaisler-elf/7.2.0/../../../../sparc-gaisler-elf/lib/leon/mfix-at697f\libm.a(lib_a-e_atan2.o)
                                         0x58 (size before relaxing)
 .rodata        0x00000000400443e8       0x10 c:/opt/bcc-2.0.2-gcc/bin/../lib/gcc/sparc-gaisler-elf/7.2.0/../../../../sparc-gaisler-elf/lib/leon/mfix-at697f\libm.a(lib_a-e_fmod.o)
 .rodata.str1.8
                0x00000000400443f8        0x1 c:/opt/bcc-2.0.2-gcc/bin/../lib/gcc/sparc-gaisler-elf/7.2.0/../../../../sparc-gaisler-elf/lib/leon/mfix-at697f\libm.a(lib_a-e_pow.o)
 .rodata.cst8   0x00000000400443f8       0xc8 c:/opt/bcc-2.0.2-gcc/bin/../lib/gcc/sparc-gaisler-elf/7.2.0/../../../../sparc-gaisler-elf/lib/leon/mfix-at697f\libm.a(lib_a-e_pow.o)
                                        0x120 (size before relaxing)
 .rodata.cst8   0x00000000400444c0       0x40 c:/opt/bcc-2.0.2-gcc/bin/../lib/gcc/sparc-gaisler-elf/7.2.0/../../../../sparc-gaisler-elf/lib/leon/mfix-at697f\libm.a(lib_a-e_rem_pio2.o)
                                         0x50 (size before relaxing)
 .rodata        0x0000000040044500      0x188 c:/opt/bcc-2.0.2-gcc/bin/../lib/gcc/sparc-gaisler-elf/7.2.0/../../../../sparc-gaisler-elf/lib/leon/mfix-at697f\libm.a(lib_a-e_rem_pio2.o)
 .rodata.cst8   0x0000000040044688       0x40 c:/opt/bcc-2.0.2-gcc/bin/../lib/gcc/sparc-gaisler-elf/7.2.0/../../../../sparc-gaisler-elf/lib/leon/mfix-at697f\libm.a(lib_a-k_cos.o)
                                         0x50 (size before relaxing)
 .rodata.cst8   0x00000000400446c8       0x50 c:/opt/bcc-2.0.2-gcc/bin/../lib/gcc/sparc-gaisler-elf/7.2.0/../../../../sparc-gaisler-elf/lib/leon/mfix-at697f\libm.a(lib_a-k_rem_pio2.o)
                                         0x78 (size before relaxing)
 .rodata        0x0000000040044718       0x10 c:/opt/bcc-2.0.2-gcc/bin/../lib/gcc/sparc-gaisler-elf/7.2.0/../../../../sparc-gaisler-elf/lib/leon/mfix-at697f\libm.a(lib_a-k_rem_pio2.o)
 .rodata.cst8   0x0000000040044728       0x30 c:/opt/bcc-2.0.2-gcc/bin/../lib/gcc/sparc-gaisler-elf/7.2.0/../../../../sparc-gaisler-elf/lib/leon/mfix-at697f\libm.a(lib_a-k_sin.o)
                                         0x38 (size before relaxing)
 .rodata.cst8   0x0000000040044758       0x68 c:/opt/bcc-2.0.2-gcc/bin/../lib/gcc/sparc-gaisler-elf/7.2.0/../../../../sparc-gaisler-elf/lib/leon/mfix-at697f\libm.a(lib_a-k_tan.o)
                                         0x90 (size before relaxing)
 .rodata.cst8   0x00000000400447c0        0x8 c:/opt/bcc-2.0.2-gcc/bin/../lib/gcc/sparc-gaisler-elf/7.2.0/../../../../sparc-gaisler-elf/lib/leon/mfix-at697f\libm.a(lib_a-s_nan.o)
 .rodata        0x00000000400447c8       0x10 c:/opt/bcc-2.0.2-gcc/bin/../lib/gcc/sparc-gaisler-elf/7.2.0/../../../../sparc-gaisler-elf/lib/leon/mfix-at697f\libm.a(lib_a-s_rint.o)
 .rodata.cst8   0x00000000400447d8       0x18 c:/opt/bcc-2.0.2-gcc/bin/../lib/gcc/sparc-gaisler-elf/7.2.0/../../../../sparc-gaisler-elf/lib/leon/mfix-at697f\libm.a(lib_a-s_scalbn.o)
                                         0x20 (size before relaxing)
 .rodata        0x00000000400447f0        0x4 c:/opt/bcc-2.0.2-gcc/bin/../lib/gcc/sparc-gaisler-elf/7.2.0/../../../../sparc-gaisler-elf/lib/leon/mfix-at697f\libc.a(lib_a-impure.o)
                0x00000000400447f0                _global_impure_ptr
 *(.gnu.linkonce.r*)
                0x0000000040044800                . = ALIGN (0x10)
 *fill*         0x00000000400447f4        0xc 
                0x0000000040044800                __rodata_end = .

.rela.dyn       0x0000000040044800        0x0
 .rela.iplt     0x0000000040044800        0x0 c:/opt/bcc-2.0.2-gcc/bin/../sparc-gaisler-elf/bsp/leon2/leon/mfix-at697f/trap_table_mvt.S.o
 .rela.text.traptable
                0x0000000040044800        0x0 c:/opt/bcc-2.0.2-gcc/bin/../sparc-gaisler-elf/bsp/leon2/leon/mfix-at697f/trap_table_mvt.S.o
 .rela.text     0x0000000040044800        0x0 c:/opt/bcc-2.0.2-gcc/bin/../sparc-gaisler-elf/bsp/leon2/leon/mfix-at697f/trap_table_mvt.S.o
 .rela.text.startup
                0x0000000040044800        0x0 c:/opt/bcc-2.0.2-gcc/bin/../sparc-gaisler-elf/bsp/leon2/leon/mfix-at697f/trap_table_mvt.S.o
 .rela.data     0x0000000040044800        0x0 c:/opt/bcc-2.0.2-gcc/bin/../sparc-gaisler-elf/bsp/leon2/leon/mfix-at697f/trap_table_mvt.S.o

.ext.data       0x0000000040044800        0x0
                0x0000000040044800                . = ALIGN (0x8)
                0x0000000040044800                __extdata_start = .
 *(.data.ext)
                0x0000000040044800                . = ALIGN (0x8)
                0x0000000040044800                __extdata_end = .
                0x0000000040044800                __extdata_start_lma = LOADADDR (.ext.data)
                0x0000000000000000                __extdata_size = SIZEOF (.ext.data)

.data           0x0000000040044800      0x550
                0x0000000040044800                . = ALIGN (0x8)
                0x0000000040044800                __data_start = .
 *(.data .data.*)
 .data          0x0000000040044800        0x0 c:/opt/bcc-2.0.2-gcc/bin/../sparc-gaisler-elf/bsp/leon2/leon/mfix-at697f/trap_table_mvt.S.o
 .data          0x0000000040044800        0x0 c:/opt/bcc-2.0.2-gcc/bin/../sparc-gaisler-elf/bsp/leon2/leon/mfix-at697f/crt0.S.o
 .data          0x0000000040044800        0x0 c:/opt/bcc-2.0.2-gcc/bin/../lib/gcc/sparc-gaisler-elf/7.2.0/leon/mfix-at697f/crti.o
 .data          0x0000000040044800        0x4 c:/opt/bcc-2.0.2-gcc/bin/../lib/gcc/sparc-gaisler-elf/7.2.0/leon/mfix-at697f/crtbegin.o
                0x0000000040044800                __dso_handle
 .data          0x0000000040044804        0x0 C:\Users\ajarr\AppData\Local\Temp\cc6epILV.o
 .data          0x0000000040044804        0x0 C:\Users\ajarr\AppData\Local\Temp\ccIUYBk4.o
 .data          0x0000000040044804       0x18 C:\Users\ajarr\AppData\Local\Temp\ccvsnmY2.o
                0x0000000040044818                real_tm_wait
 .data          0x000000004004481c      0x3ac C:\Users\ajarr\AppData\Local\Temp\cczww0RR.o
                0x000000004004481c                Resol_Table_Adcs
                0x0000000040044900                BlkExe_Status
                0x0000000040044904                FuncExecute_Table
                0x0000000040044b5c                Resol_Table
 .data          0x0000000040044bc8        0x0 C:\Users\ajarr\AppData\Local\Temp\ccXWfUhL.o
 .data          0x0000000040044bc8        0x0 C:\Users\ajarr\AppData\Local\Temp\ccm9LEki.o
 .data          0x0000000040044bc8        0x8 C:\Users\ajarr\AppData\Local\Temp\cchY9yN1.o
                0x0000000040044bc8                PL_Debug_Data
 .data          0x0000000040044bd0       0x20 C:\Users\ajarr\AppData\Local\Temp\ccsnkR1R.o
                0x0000000040044bd0                inter_HAL_EPS_Hardware_Status_SEL
 .data          0x0000000040044bf0        0x0 C:\Users\ajarr\AppData\Local\Temp\ccTwgEYO.o
 .data          0x0000000040044bf0        0x0 C:\Users\ajarr\AppData\Local\Temp\ccEKVXdT.o
 .data          0x0000000040044bf0        0x0 C:\Users\ajarr\AppData\Local\Temp\ccecVsE3.o
 .data          0x0000000040044bf0       0xbc C:\Users\ajarr\AppData\Local\Temp\ccoo9rYu.o
                0x0000000040044bf0                Auto_manual
                0x0000000040044bf4                UTP
                0x0000000040044c34                LTP
                0x0000000040044c74                Thermister_index_select
 .data          0x0000000040044cac        0x0 C:\Users\ajarr\AppData\Local\Temp\cckLW0x4.o
 *fill*         0x0000000040044cac        0x4 
 .data          0x0000000040044cb0        0x4 C:\Users\ajarr\AppData\Local\Temp\ccoK9PBU.o
                0x0000000040044cb0                NSP_addr_table
 .data          0x0000000040044cb4        0x0 C:\Users\ajarr\AppData\Local\Temp\ccc7OliV.o
 .data          0x0000000040044cb4        0x0 C:\Users\ajarr\AppData\Local\Temp\ccLBYgor.o
 .data          0x0000000040044cb4        0x0 C:\Users\ajarr\AppData\Local\Temp\cc41N2oq.o
 .data          0x0000000040044cb4        0x0 C:\Users\ajarr\AppData\Local\Temp\cczww3Ay.o
 .data          0x0000000040044cb4        0x0 C:\Users\ajarr\AppData\Local\Temp\ccJldDN1.o
 .data          0x0000000040044cb4        0x0 C:\Users\ajarr\AppData\Local\Temp\ccnWSFNQ.o
 .data          0x0000000040044cb4        0x0 C:\Users\ajarr\AppData\Local\Temp\ccegvyo6.o
 .data          0x0000000040044cb4        0x0 C:\Users\ajarr\AppData\Local\Temp\ccyOpeqt.o
 .data          0x0000000040044cb4        0x0 C:\Users\ajarr\AppData\Local\Temp\cceA7QRW.o
 .data          0x0000000040044cb4        0x0 C:\Users\ajarr\AppData\Local\Temp\ccExFPZ1.o
 .data          0x0000000040044cb4        0x0 C:\Users\ajarr\AppData\Local\Temp\ccd1pLAc.o
 .data          0x0000000040044cb4        0x0 C:\Users\ajarr\AppData\Local\Temp\ccG5Eq4q.o
 .data          0x0000000040044cb4        0x0 c:/opt/bcc-2.0.2-gcc/bin/../lib/gcc/sparc-gaisler-elf/7.2.0/../../../../sparc-gaisler-elf/lib/leon/mfix-at697f\libm.a(lib_a-s_atan.o)
 .data          0x0000000040044cb4        0x0 c:/opt/bcc-2.0.2-gcc/bin/../lib/gcc/sparc-gaisler-elf/7.2.0/../../../../sparc-gaisler-elf/lib/leon/mfix-at697f\libm.a(lib_a-s_cos.o)
 .data          0x0000000040044cb4        0x0 c:/opt/bcc-2.0.2-gcc/bin/../lib/gcc/sparc-gaisler-elf/7.2.0/../../../../sparc-gaisler-elf/lib/leon/mfix-at697f\libm.a(lib_a-s_fabs.o)
 .data          0x0000000040044cb4        0x0 c:/opt/bcc-2.0.2-gcc/bin/../lib/gcc/sparc-gaisler-elf/7.2.0/../../../../sparc-gaisler-elf/lib/leon/mfix-at697f\libm.a(lib_a-s_floor.o)
 .data          0x0000000040044cb4        0x0 c:/opt/bcc-2.0.2-gcc/bin/../lib/gcc/sparc-gaisler-elf/7.2.0/../../../../sparc-gaisler-elf/lib/leon/mfix-at697f\libm.a(lib_a-s_round.o)
 .data          0x0000000040044cb4        0x0 c:/opt/bcc-2.0.2-gcc/bin/../lib/gcc/sparc-gaisler-elf/7.2.0/../../../../sparc-gaisler-elf/lib/leon/mfix-at697f\libm.a(lib_a-s_sin.o)
 .data          0x0000000040044cb4        0x0 c:/opt/bcc-2.0.2-gcc/bin/../lib/gcc/sparc-gaisler-elf/7.2.0/../../../../sparc-gaisler-elf/lib/leon/mfix-at697f\libm.a(lib_a-s_tan.o)
 .data          0x0000000040044cb4        0x0 c:/opt/bcc-2.0.2-gcc/bin/../lib/gcc/sparc-gaisler-elf/7.2.0/../../../../sparc-gaisler-elf/lib/leon/mfix-at697f\libm.a(lib_a-w_acos.o)
 .data          0x0000000040044cb4        0x0 c:/opt/bcc-2.0.2-gcc/bin/../lib/gcc/sparc-gaisler-elf/7.2.0/../../../../sparc-gaisler-elf/lib/leon/mfix-at697f\libm.a(lib_a-w_asin.o)
 .data          0x0000000040044cb4        0x0 c:/opt/bcc-2.0.2-gcc/bin/../lib/gcc/sparc-gaisler-elf/7.2.0/../../../../sparc-gaisler-elf/lib/leon/mfix-at697f\libm.a(lib_a-w_atan2.o)
 .data          0x0000000040044cb4        0x0 c:/opt/bcc-2.0.2-gcc/bin/../lib/gcc/sparc-gaisler-elf/7.2.0/../../../../sparc-gaisler-elf/lib/leon/mfix-at697f\libm.a(lib_a-w_fmod.o)
 .data          0x0000000040044cb4        0x0 c:/opt/bcc-2.0.2-gcc/bin/../lib/gcc/sparc-gaisler-elf/7.2.0/../../../../sparc-gaisler-elf/lib/leon/mfix-at697f\libm.a(lib_a-w_pow.o)
 .data          0x0000000040044cb4        0x0 c:/opt/bcc-2.0.2-gcc/bin/../lib/gcc/sparc-gaisler-elf/7.2.0/../../../../sparc-gaisler-elf/lib/leon/mfix-at697f\libm.a(lib_a-w_sqrt.o)
 .data          0x0000000040044cb4        0x0 c:/opt/bcc-2.0.2-gcc/bin/../lib/gcc/sparc-gaisler-elf/7.2.0/../../../../sparc-gaisler-elf/lib/leon/mfix-at697f\libm.a(lib_a-e_acos.o)
 .data          0x0000000040044cb4        0x0 c:/opt/bcc-2.0.2-gcc/bin/../lib/gcc/sparc-gaisler-elf/7.2.0/../../../../sparc-gaisler-elf/lib/leon/mfix-at697f\libm.a(lib_a-e_asin.o)
 .data          0x0000000040044cb4        0x0 c:/opt/bcc-2.0.2-gcc/bin/../lib/gcc/sparc-gaisler-elf/7.2.0/../../../../sparc-gaisler-elf/lib/leon/mfix-at697f\libm.a(lib_a-e_atan2.o)
 .data          0x0000000040044cb4        0x0 c:/opt/bcc-2.0.2-gcc/bin/../lib/gcc/sparc-gaisler-elf/7.2.0/../../../../sparc-gaisler-elf/lib/leon/mfix-at697f\libm.a(lib_a-e_fmod.o)
 .data          0x0000000040044cb4        0x0 c:/opt/bcc-2.0.2-gcc/bin/../lib/gcc/sparc-gaisler-elf/7.2.0/../../../../sparc-gaisler-elf/lib/leon/mfix-at697f\libm.a(lib_a-e_pow.o)
 .data          0x0000000040044cb4        0x0 c:/opt/bcc-2.0.2-gcc/bin/../lib/gcc/sparc-gaisler-elf/7.2.0/../../../../sparc-gaisler-elf/lib/leon/mfix-at697f\libm.a(lib_a-e_rem_pio2.o)
 .data          0x0000000040044cb4        0x0 c:/opt/bcc-2.0.2-gcc/bin/../lib/gcc/sparc-gaisler-elf/7.2.0/../../../../sparc-gaisler-elf/lib/leon/mfix-at697f\libm.a(lib_a-e_sqrt.o)
 .data          0x0000000040044cb4        0x0 c:/opt/bcc-2.0.2-gcc/bin/../lib/gcc/sparc-gaisler-elf/7.2.0/../../../../sparc-gaisler-elf/lib/leon/mfix-at697f\libm.a(lib_a-k_cos.o)
 .data          0x0000000040044cb4        0x0 c:/opt/bcc-2.0.2-gcc/bin/../lib/gcc/sparc-gaisler-elf/7.2.0/../../../../sparc-gaisler-elf/lib/leon/mfix-at697f\libm.a(lib_a-k_rem_pio2.o)
 .data          0x0000000040044cb4        0x0 c:/opt/bcc-2.0.2-gcc/bin/../lib/gcc/sparc-gaisler-elf/7.2.0/../../../../sparc-gaisler-elf/lib/leon/mfix-at697f\libm.a(lib_a-k_sin.o)
 .data          0x0000000040044cb4        0x0 c:/opt/bcc-2.0.2-gcc/bin/../lib/gcc/sparc-gaisler-elf/7.2.0/../../../../sparc-gaisler-elf/lib/leon/mfix-at697f\libm.a(lib_a-k_tan.o)
 .data          0x0000000040044cb4        0x0 c:/opt/bcc-2.0.2-gcc/bin/../lib/gcc/sparc-gaisler-elf/7.2.0/../../../../sparc-gaisler-elf/lib/leon/mfix-at697f\libm.a(lib_a-s_finite.o)
 .data          0x0000000040044cb4        0x4 c:/opt/bcc-2.0.2-gcc/bin/../lib/gcc/sparc-gaisler-elf/7.2.0/../../../../sparc-gaisler-elf/lib/leon/mfix-at697f\libm.a(lib_a-s_lib_ver.o)
                0x0000000040044cb4                __fdlib_version
 .data          0x0000000040044cb8        0x0 c:/opt/bcc-2.0.2-gcc/bin/../lib/gcc/sparc-gaisler-elf/7.2.0/../../../../sparc-gaisler-elf/lib/leon/mfix-at697f\libm.a(lib_a-s_matherr.o)
 .data          0x0000000040044cb8        0x0 c:/opt/bcc-2.0.2-gcc/bin/../lib/gcc/sparc-gaisler-elf/7.2.0/../../../../sparc-gaisler-elf/lib/leon/mfix-at697f\libm.a(lib_a-s_nan.o)
 .data          0x0000000040044cb8        0x0 c:/opt/bcc-2.0.2-gcc/bin/../lib/gcc/sparc-gaisler-elf/7.2.0/../../../../sparc-gaisler-elf/lib/leon/mfix-at697f\libm.a(lib_a-s_rint.o)
 .data          0x0000000040044cb8        0x0 c:/opt/bcc-2.0.2-gcc/bin/../lib/gcc/sparc-gaisler-elf/7.2.0/../../../../sparc-gaisler-elf/lib/leon/mfix-at697f\libm.a(lib_a-s_scalbn.o)
 .data          0x0000000040044cb8        0x0 c:/opt/bcc-2.0.2-gcc/bin/../lib/gcc/sparc-gaisler-elf/7.2.0/../../../../sparc-gaisler-elf/lib/leon/mfix-at697f\libm.a(lib_a-s_copysign.o)
 .data          0x0000000040044cb8        0x0 c:/opt/bcc-2.0.2-gcc/bin/../sparc-gaisler-elf/bsp/leon2/leon/mfix-at697f\libbcc.a(reset_trap_mvt.S.o)
 .data          0x0000000040044cb8        0x0 c:/opt/bcc-2.0.2-gcc/bin/../sparc-gaisler-elf/bsp/leon2/leon/mfix-at697f\libbcc.a(window_trap.S.o)
 .data          0x0000000040044cb8        0x0 c:/opt/bcc-2.0.2-gcc/bin/../sparc-gaisler-elf/bsp/leon2/leon/mfix-at697f\libbcc.a(interrupt_trap.S.o)
 .data          0x0000000040044cb8        0x0 c:/opt/bcc-2.0.2-gcc/bin/../sparc-gaisler-elf/bsp/leon2/leon/mfix-at697f\libbcc.a(flush_windows_trap.S.o)
 .data          0x0000000040044cb8        0x0 c:/opt/bcc-2.0.2-gcc/bin/../sparc-gaisler-elf/bsp/leon2/leon/mfix-at697f\libbcc.a(sw_trap_set_pil.S.o)
 .data          0x0000000040044cb8        0x0 c:/opt/bcc-2.0.2-gcc/bin/../sparc-gaisler-elf/bsp/leon2/leon/mfix-at697f\libbcc.a(trap.c.o)
 .data          0x0000000040044cb8        0x0 c:/opt/bcc-2.0.2-gcc/bin/../sparc-gaisler-elf/bsp/leon2/leon/mfix-at697f\libbcc.a(isr.c.o)
 .data          0x0000000040044cb8       0x10 c:/opt/bcc-2.0.2-gcc/bin/../sparc-gaisler-elf/bsp/leon2/leon/mfix-at697f\libbcc.a(int_nest.c.o)
                0x0000000040044cb8                __bcc_int_nest
 .data          0x0000000040044cc8        0x0 c:/opt/bcc-2.0.2-gcc/bin/../sparc-gaisler-elf/bsp/leon2/leon/mfix-at697f\libbcc.a(init.S.o)
 .data          0x0000000040044cc8       0x10 c:/opt/bcc-2.0.2-gcc/bin/../sparc-gaisler-elf/bsp/leon2/leon/mfix-at697f\libbcc.a(leon_info.S.o)
                0x0000000040044cc8                __bcc_leon_version
                0x0000000040044ccc                __bcc_nwindows_min1
                0x0000000040044cd0                __bcc_nwindows
                0x0000000040044cd4                __bcc_cpuid
 .data          0x0000000040044cd8        0x0 c:/opt/bcc-2.0.2-gcc/bin/../sparc-gaisler-elf/bsp/leon2/leon/mfix-at697f\libbcc.a(dwzero.S.o)
 .data          0x0000000040044cd8        0x0 c:/opt/bcc-2.0.2-gcc/bin/../sparc-gaisler-elf/bsp/leon2/leon/mfix-at697f\libbcc.a(copy_data.c.o)
 .data          0x0000000040044cd8        0x0 c:/opt/bcc-2.0.2-gcc/bin/../sparc-gaisler-elf/bsp/leon2/leon/mfix-at697f\libbcc.a(lowlevel.S.o)
 .data          0x0000000040044cd8        0x0 c:/opt/bcc-2.0.2-gcc/bin/../sparc-gaisler-elf/bsp/leon2/leon/mfix-at697f\libbcc.a(lowlevel_leon2.S.o)
 .data          0x0000000040044cd8        0x0 c:/opt/bcc-2.0.2-gcc/bin/../sparc-gaisler-elf/bsp/leon2/leon/mfix-at697f\libbcc.a(int_leon2.c.o)
 .data          0x0000000040044cd8        0x0 c:/opt/bcc-2.0.2-gcc/bin/../sparc-gaisler-elf/bsp/leon2/leon/mfix-at697f\libbcc.a(int_leon2_get_source.c.o)
 .data          0x0000000040044cd8        0x0 c:/opt/bcc-2.0.2-gcc/bin/../sparc-gaisler-elf/bsp/leon2/leon/mfix-at697f\libbcc.a(int_leon2_init.c.o)
 .data          0x0000000040044cd8        0x0 c:/opt/bcc-2.0.2-gcc/bin/../sparc-gaisler-elf/bsp/leon2/leon/mfix-at697f\libbcc.a(con_leon2.c.o)
 .data          0x0000000040044cd8        0x0 c:/opt/bcc-2.0.2-gcc/bin/../sparc-gaisler-elf/bsp/leon2/leon/mfix-at697f\libbcc.a(timer_leon2.c.o)
 .data          0x0000000040044cd8        0x0 c:/opt/bcc-2.0.2-gcc/bin/../sparc-gaisler-elf/bsp/leon2/leon/mfix-at697f\libbcc.a(set_pil.S.o)
 .data          0x0000000040044cd8        0x4 c:/opt/bcc-2.0.2-gcc/bin/../sparc-gaisler-elf/bsp/leon2/leon/mfix-at697f\libbcc.a(int_leon2_handle.c.o)
                0x0000000040044cd8                __bcc_int_handle
 .data          0x0000000040044cdc        0x4 c:/opt/bcc-2.0.2-gcc/bin/../sparc-gaisler-elf/bsp/leon2/leon/mfix-at697f\libbcc.a(con_handle.c.o)
                0x0000000040044cdc                __bcc_con_handle
 .data          0x0000000040044ce0        0x8 c:/opt/bcc-2.0.2-gcc/bin/../sparc-gaisler-elf/bsp/leon2/leon/mfix-at697f\libbcc.a(timer_handle.c.o)
                0x0000000040044ce0                __bcc_timer_interrupt
                0x0000000040044ce4                __bcc_timer_handle
 .data          0x0000000040044ce8        0x0 c:/opt/bcc-2.0.2-gcc/bin/../lib/gcc/sparc-gaisler-elf/7.2.0/../../../../sparc-gaisler-elf/lib/leon/mfix-at697f\libc.a(lib_a-atexit.o)
 .data          0x0000000040044ce8        0x0 c:/opt/bcc-2.0.2-gcc/bin/../lib/gcc/sparc-gaisler-elf/7.2.0/../../../../sparc-gaisler-elf/lib/leon/mfix-at697f\libc.a(lib_a-errno.o)
 .data          0x0000000040044ce8        0x0 c:/opt/bcc-2.0.2-gcc/bin/../lib/gcc/sparc-gaisler-elf/7.2.0/../../../../sparc-gaisler-elf/lib/leon/mfix-at697f\libc.a(lib_a-exit.o)
 .data          0x0000000040044ce8       0x64 c:/opt/bcc-2.0.2-gcc/bin/../lib/gcc/sparc-gaisler-elf/7.2.0/../../../../sparc-gaisler-elf/lib/leon/mfix-at697f\libc.a(lib_a-impure.o)
                0x0000000040044ce8                _impure_ptr
 .data          0x0000000040044d4c        0x0 c:/opt/bcc-2.0.2-gcc/bin/../lib/gcc/sparc-gaisler-elf/7.2.0/../../../../sparc-gaisler-elf/lib/leon/mfix-at697f\libc.a(lib_a-memcpy.o)
 .data          0x0000000040044d4c        0x0 c:/opt/bcc-2.0.2-gcc/bin/../lib/gcc/sparc-gaisler-elf/7.2.0/../../../../sparc-gaisler-elf/lib/leon/mfix-at697f\libc.a(lib_a-__atexit.o)
 .data          0x0000000040044d4c        0x0 c:/opt/bcc-2.0.2-gcc/bin/../lib/gcc/sparc-gaisler-elf/7.2.0/../../../../sparc-gaisler-elf/lib/leon/mfix-at697f\libc.a(lib_a-__call_atexit.o)
 .data          0x0000000040044d4c        0x0 c:/opt/bcc-2.0.2-gcc/bin/../sparc-gaisler-elf/bsp/leon2/leon/mfix-at697f\libbcc.a(_exit.S.o)
 .data          0x0000000040044d4c        0x0 c:/opt/bcc-2.0.2-gcc/bin/../lib/gcc/sparc-gaisler-elf/7.2.0/leon/mfix-at697f/crtend.o
 .data          0x0000000040044d4c        0x0 c:/opt/bcc-2.0.2-gcc/bin/../lib/gcc/sparc-gaisler-elf/7.2.0/leon/mfix-at697f/crtn.o
                0x0000000040044d50                . = ALIGN (0x8)
 *fill*         0x0000000040044d4c        0x4 
                0x0000000040044d50                __data_end = .
                0x0000000040044800                __data_start_lma = LOADADDR (.data)
                0x0000000000000550                __data_size = SIZEOF (.data)

.iplt           0x0000000040044d50        0x0
 .iplt          0x0000000040044d50        0x0 c:/opt/bcc-2.0.2-gcc/bin/../sparc-gaisler-elf/bsp/leon2/leon/mfix-at697f/trap_table_mvt.S.o

.tm_clone_table
                0x0000000040044d50        0x0
 .tm_clone_table
                0x0000000040044d50        0x0 c:/opt/bcc-2.0.2-gcc/bin/../lib/gcc/sparc-gaisler-elf/7.2.0/leon/mfix-at697f/crtbegin.o
 .tm_clone_table
                0x0000000040044d50        0x0 c:/opt/bcc-2.0.2-gcc/bin/../lib/gcc/sparc-gaisler-elf/7.2.0/leon/mfix-at697f/crtend.o

.bss            0x0000000040044d50    0x8e980
                0x0000000040044d50                . = ALIGN (0x8)
                0x0000000040044d50                __bss_start = .
 *(.bss .bss.*)
 .bss           0x0000000040044d50        0x0 c:/opt/bcc-2.0.2-gcc/bin/../sparc-gaisler-elf/bsp/leon2/leon/mfix-at697f/trap_table_mvt.S.o
 .bss           0x0000000040044d50        0x4 c:/opt/bcc-2.0.2-gcc/bin/../sparc-gaisler-elf/bsp/leon2/leon/mfix-at697f/crt0.S.o
                0x0000000040044d50                __bcc_sp_at_entry
 .bss           0x0000000040044d54        0x0 c:/opt/bcc-2.0.2-gcc/bin/../lib/gcc/sparc-gaisler-elf/7.2.0/leon/mfix-at697f/crti.o
 .bss           0x0000000040044d54       0x20 c:/opt/bcc-2.0.2-gcc/bin/../lib/gcc/sparc-gaisler-elf/7.2.0/leon/mfix-at697f/crtbegin.o
 .bss           0x0000000040044d74        0x0 C:\Users\ajarr\AppData\Local\Temp\cc6epILV.o
 .bss           0x0000000040044d74        0x1 C:\Users\ajarr\AppData\Local\Temp\ccIUYBk4.o
 *fill*         0x0000000040044d75        0x3 
 .bss           0x0000000040044d78        0x8 C:\Users\ajarr\AppData\Local\Temp\ccvsnmY2.o
                0x0000000040044d78                test_st_sp
                0x0000000040044d79                filler_byte
                0x0000000040044d7c                repeat_count
 .bss           0x0000000040044d80       0x22 C:\Users\ajarr\AppData\Local\Temp\cczww0RR.o
                0x0000000040044d80                Diff_stop_srl_num
                0x0000000040044d84                Diff_start_srl_num
                0x0000000040044d88                DTTC_count
                0x0000000040044d8c                head
                0x0000000040044d90                ATTC_count
                0x0000000040044d94                ATTC_exe_en
                0x0000000040044d98                ATTC_Master_en
                0x0000000040044d9c                Nodeptrempty_flag
                0x0000000040044da0                ComputedParity
                0x0000000040044da1                RcvdParity
 .bss           0x0000000040044da2        0x0 C:\Users\ajarr\AppData\Local\Temp\ccXWfUhL.o
 .bss           0x0000000040044da2        0x0 C:\Users\ajarr\AppData\Local\Temp\ccm9LEki.o
 .bss           0x0000000040044da2        0x0 C:\Users\ajarr\AppData\Local\Temp\cchY9yN1.o
 *fill*         0x0000000040044da2        0x2 
 .bss           0x0000000040044da4        0x8 C:\Users\ajarr\AppData\Local\Temp\ccsnkR1R.o
                0x0000000040044da4                load_shedding_flag
                0x0000000040044da5                low_battery_voltage
                0x0000000040044da8                inter_HAL_EPS_Hardware_Status_count
 .bss           0x0000000040044dac        0x4 C:\Users\ajarr\AppData\Local\Temp\ccTwgEYO.o
                0x0000000040044dac                imu_count
 .bss           0x0000000040044db0        0x0 C:\Users\ajarr\AppData\Local\Temp\ccEKVXdT.o
 .bss           0x0000000040044db0        0xc C:\Users\ajarr\AppData\Local\Temp\ccecVsE3.o
                0x0000000040044db0                gpstest
                0x0000000040044db4                gps_ready_bit
                0x0000000040044db8                gps_count
 .bss           0x0000000040044dbc        0x0 C:\Users\ajarr\AppData\Local\Temp\ccoo9rYu.o
 .bss           0x0000000040044dbc        0x4 C:\Users\ajarr\AppData\Local\Temp\cckLW0x4.o
                0x0000000040044dbc                MTR_Reset_Flag
 .bss           0x0000000040044dc0        0xe C:\Users\ajarr\AppData\Local\Temp\ccoK9PBU.o
                0x0000000040044dcc                crc_test
 *fill*         0x0000000040044dce        0x2 
 .bss           0x0000000040044dd0       0x18 C:\Users\ajarr\AppData\Local\Temp\ccc7OliV.o
                0x0000000040044dd0                SA2_status
                0x0000000040044dd4                SA1_status
                0x0000000040044dd8                TC_HAL_SA_Deploy
                0x0000000040044ddc                SA_Command_Type
                0x0000000040044de0                SA2_Deploy_cmd_rcvd_time
                0x0000000040044de4                SA1_Deploy_cmd_rcvd_time
 .bss           0x0000000040044de8        0x0 C:\Users\ajarr\AppData\Local\Temp\ccLBYgor.o
 .bss           0x0000000040044de8        0x0 C:\Users\ajarr\AppData\Local\Temp\cc41N2oq.o
 .bss           0x0000000040044de8        0x0 C:\Users\ajarr\AppData\Local\Temp\cczww3Ay.o
 .bss           0x0000000040044de8        0x0 C:\Users\ajarr\AppData\Local\Temp\ccJldDN1.o
 .bss           0x0000000040044de8        0x0 C:\Users\ajarr\AppData\Local\Temp\ccnWSFNQ.o
 .bss           0x0000000040044de8        0x0 C:\Users\ajarr\AppData\Local\Temp\ccegvyo6.o
 .bss           0x0000000040044de8        0x0 C:\Users\ajarr\AppData\Local\Temp\ccyOpeqt.o
 .bss           0x0000000040044de8       0x30 C:\Users\ajarr\AppData\Local\Temp\cceA7QRW.o
                0x0000000040044de8                tmin
                0x0000000040044df0                distsqrd
                0x0000000040044df8                adotb
                0x0000000040044e00                asqrd
                0x0000000040044e08                bsqrd
                0x0000000040044e10                tempse
 .bss           0x0000000040044e18        0x0 C:\Users\ajarr\AppData\Local\Temp\ccExFPZ1.o
 .bss           0x0000000040044e18        0x0 C:\Users\ajarr\AppData\Local\Temp\ccd1pLAc.o
 .bss           0x0000000040044e18        0x0 C:\Users\ajarr\AppData\Local\Temp\ccG5Eq4q.o