Archive member included to satisfy reference by file (symbol)

c:/opt/bcc-2.0.2-gcc/bin/../lib/gcc/sparc-gaisler-elf/7.2.0/../../../../sparc-gaisler-elf/lib/leon/mfix-at697f\libm.a(lib_a-s_atan.o)
                              C:\Users\Bhagawat\AppData\Local\Temp\ccOx652G.o (atan)
c:/opt/bcc-2.0.2-gcc/bin/../lib/gcc/sparc-gaisler-elf/7.2.0/../../../../sparc-gaisler-elf/lib/leon/mfix-at697f\libm.a(lib_a-s_cos.o)
                              C:\Users\Bhagawat\AppData\Local\Temp\ccpUstG2.o (cos)
c:/opt/bcc-2.0.2-gcc/bin/../lib/gcc/sparc-gaisler-elf/7.2.0/../../../../sparc-gaisler-elf/lib/leon/mfix-at697f\libm.a(lib_a-s_fabs.o)
                              c:/opt/bcc-2.0.2-gcc/bin/../lib/gcc/sparc-gaisler-elf/7.2.0/../../../../sparc-gaisler-elf/lib/leon/mfix-at697f\libm.a(lib_a-s_atan.o) (fabs)
c:/opt/bcc-2.0.2-gcc/bin/../lib/gcc/sparc-gaisler-elf/7.2.0/../../../../sparc-gaisler-elf/lib/leon/mfix-at697f\libm.a(lib_a-s_floor.o)
                              C:\Users\Bhagawat\AppData\Local\Temp\cceAQ5kD.o (floor)
c:/opt/bcc-2.0.2-gcc/bin/../lib/gcc/sparc-gaisler-elf/7.2.0/../../../../sparc-gaisler-elf/lib/leon/mfix-at697f\libm.a(lib_a-s_round.o)
                              C:\Users\Bhagawat\AppData\Local\Temp\ccCrInb2.o (round)
c:/opt/bcc-2.0.2-gcc/bin/../lib/gcc/sparc-gaisler-elf/7.2.0/../../../../sparc-gaisler-elf/lib/leon/mfix-at697f\libm.a(lib_a-s_sin.o)
                              C:\Users\Bhagawat\AppData\Local\Temp\ccpUstG2.o (sin)
c:/opt/bcc-2.0.2-gcc/bin/../lib/gcc/sparc-gaisler-elf/7.2.0/../../../../sparc-gaisler-elf/lib/leon/mfix-at697f\libm.a(lib_a-s_tan.o)
                              C:\Users\Bhagawat\AppData\Local\Temp\ccOx652G.o (tan)
c:/opt/bcc-2.0.2-gcc/bin/../lib/gcc/sparc-gaisler-elf/7.2.0/../../../../sparc-gaisler-elf/lib/leon/mfix-at697f\libm.a(lib_a-w_acos.o)
                              C:\Users\Bhagawat\AppData\Local\Temp\cc8gWo74.o (acos)
c:/opt/bcc-2.0.2-gcc/bin/../lib/gcc/sparc-gaisler-elf/7.2.0/../../../../sparc-gaisler-elf/lib/leon/mfix-at697f\libm.a(lib_a-w_asin.o)
                              C:\Users\Bhagawat\AppData\Local\Temp\cceAQ5kD.o (asin)
c:/opt/bcc-2.0.2-gcc/bin/../lib/gcc/sparc-gaisler-elf/7.2.0/../../../../sparc-gaisler-elf/lib/leon/mfix-at697f\libm.a(lib_a-w_atan2.o)
                              C:\Users\Bhagawat\AppData\Local\Temp\ccOx652G.o (atan2)
c:/opt/bcc-2.0.2-gcc/bin/../lib/gcc/sparc-gaisler-elf/7.2.0/../../../../sparc-gaisler-elf/lib/leon/mfix-at697f\libm.a(lib_a-w_fmod.o)
                              C:\Users\Bhagawat\AppData\Local\Temp\cceAQ5kD.o (fmod)
c:/opt/bcc-2.0.2-gcc/bin/../lib/gcc/sparc-gaisler-elf/7.2.0/../../../../sparc-gaisler-elf/lib/leon/mfix-at697f\libm.a(lib_a-w_pow.o)
                              C:\Users\Bhagawat\AppData\Local\Temp\cc8gWo74.o (pow)
c:/opt/bcc-2.0.2-gcc/bin/../lib/gcc/sparc-gaisler-elf/7.2.0/../../../../sparc-gaisler-elf/lib/leon/mfix-at697f\libm.a(lib_a-w_sqrt.o)
                              C:\Users\Bhagawat\AppData\Local\Temp\ccJyY9k3.o (sqrt)
c:/opt/bcc-2.0.2-gcc/bin/../lib/gcc/sparc-gaisler-elf/7.2.0/../../../../sparc-gaisler-elf/lib/leon/mfix-at697f\libm.a(lib_a-e_acos.o)
                              c:/opt/bcc-2.0.2-gcc/bin/../lib/gcc/sparc-gaisler-elf/7.2.0/../../../../sparc-gaisler-elf/lib/leon/mfix-at697f\libm.a(lib_a-w_acos.o) (__ieee754_acos)
c:/opt/bcc-2.0.2-gcc/bin/../lib/gcc/sparc-gaisler-elf/7.2.0/../../../../sparc-gaisler-elf/lib/leon/mfix-at697f\libm.a(lib_a-e_asin.o)
                              c:/opt/bcc-2.0.2-gcc/bin/../lib/gcc/sparc-gaisler-elf/7.2.0/../../../../sparc-gaisler-elf/lib/leon/mfix-at697f\libm.a(lib_a-w_asin.o) (__ieee754_asin)
c:/opt/bcc-2.0.2-gcc/bin/../lib/gcc/sparc-gaisler-elf/7.2.0/../../../../sparc-gaisler-elf/lib/leon/mfix-at697f\libm.a(lib_a-e_atan2.o)
                              c:/opt/bcc-2.0.2-gcc/bin/../lib/gcc/sparc-gaisler-elf/7.2.0/../../../../sparc-gaisler-elf/lib/leon/mfix-at697f\libm.a(lib_a-w_atan2.o) (__ieee754_atan2)
c:/opt/bcc-2.0.2-gcc/bin/../lib/gcc/sparc-gaisler-elf/7.2.0/../../../../sparc-gaisler-elf/lib/leon/mfix-at697f\libm.a(lib_a-e_fmod.o)
                              c:/opt/bcc-2.0.2-gcc/bin/../lib/gcc/sparc-gaisler-elf/7.2.0/../../../../sparc-gaisler-elf/lib/leon/mfix-at697f\libm.a(lib_a-w_fmod.o) (__ieee754_fmod)
c:/opt/bcc-2.0.2-gcc/bin/../lib/gcc/sparc-gaisler-elf/7.2.0/../../../../sparc-gaisler-elf/lib/leon/mfix-at697f\libm.a(lib_a-e_pow.o)
                              c:/opt/bcc-2.0.2-gcc/bin/../lib/gcc/sparc-gaisler-elf/7.2.0/../../../../sparc-gaisler-elf/lib/leon/mfix-at697f\libm.a(lib_a-w_pow.o) (__ieee754_pow)
c:/opt/bcc-2.0.2-gcc/bin/../lib/gcc/sparc-gaisler-elf/7.2.0/../../../../sparc-gaisler-elf/lib/leon/mfix-at697f\libm.a(lib_a-e_rem_pio2.o)
                              c:/opt/bcc-2.0.2-gcc/bin/../lib/gcc/sparc-gaisler-elf/7.2.0/../../../../sparc-gaisler-elf/lib/leon/mfix-at697f\libm.a(lib_a-s_cos.o) (__ieee754_rem_pio2)
[...]
Memory Configuration

Name             Origin             Length             Attributes
rom              0x0000000000000000 0x0000000020000000
ram              0x0000000040000000 0x0000000040000000
*default*        0x0000000000000000 0xffffffffffffffff

Linker script and memory map

LOAD c:/opt/bcc-2.0.2-gcc/bin/../sparc-gaisler-elf/bsp/leon2/leon/mfix-at697f/trap_table_mvt.S.o
LOAD c:/opt/bcc-2.0.2-gcc/bin/../sparc-gaisler-elf/bsp/leon2/leon/mfix-at697f/crt0.S.o
LOAD c:/opt/bcc-2.0.2-gcc/bin/../lib/gcc/sparc-gaisler-elf/7.2.0/leon/mfix-at697f/crti.o
LOAD c:/opt/bcc-2.0.2-gcc/bin/../lib/gcc/sparc-gaisler-elf/7.2.0/leon/mfix-at697f/crtbegin.o
LOAD C:\Users\Bhagawat\AppData\Local\Temp\ccu0oaS6.o
LOAD C:\Users\Bhagawat\AppData\Local\Temp\ccuxUPye.o
LOAD C:\Users\Bhagawat\AppData\Local\Temp\ccAfrT5n.o
LOAD C:\Users\Bhagawat\AppData\Local\Temp\ccpUstG2.o
LOAD C:\Users\Bhagawat\AppData\Local\Temp\ccexj6GO.o
LOAD C:\Users\Bhagawat\AppData\Local\Temp\cc6OyqAM.o
LOAD C:\Users\Bhagawat\AppData\Local\Temp\cc7Cc0AR.o
LOAD C:\Users\Bhagawat\AppData\Local\Temp\cck5nOka.o
LOAD C:\Users\Bhagawat\AppData\Local\Temp\ccNNtNCy.o
LOAD C:\Users\Bhagawat\AppData\Local\Temp\ccSTdeH9.o
LOAD C:\Users\Bhagawat\AppData\Local\Temp\ccNuuUf4.o
LOAD C:\Users\Bhagawat\AppData\Local\Temp\cc7rwIne.o
LOAD C:\Users\Bhagawat\AppData\Local\Temp\ccxUIq5F.o
LOAD C:\Users\Bhagawat\AppData\Local\Temp\ccz8hJnw.o
LOAD C:\Users\Bhagawat\AppData\Local\Temp\ccbt3EFy.o
LOAD C:\Users\Bhagawat\AppData\Local\Temp\ccJyY9k3.o
LOAD C:\Users\Bhagawat\AppData\Local\Temp\cc8gWo74.o
LOAD C:\Users\Bhagawat\AppData\Local\Temp\ccl5hR3e.o
LOAD C:\Users\Bhagawat\AppData\Local\Temp\ccCrInb2.o
LOAD C:\Users\Bhagawat\AppData\Local\Temp\cc7i57z6.o
LOAD C:\Users\Bhagawat\AppData\Local\Temp\ccMxMwMD.o
LOAD C:\Users\Bhagawat\AppData\Local\Temp\ccOx652G.o
LOAD C:\Users\Bhagawat\AppData\Local\Temp\ccptReeH.o
LOAD C:\Users\Bhagawat\AppData\Local\Temp\cceAQ5kD.o
LOAD C:\Users\Bhagawat\AppData\Local\Temp\ccCsv3BK.o
LOAD C:\Users\Bhagawat\AppData\Local\Temp\cccbMOY7.o
LOAD c:/opt/bcc-2.0.2-gcc/bin/../lib/gcc/sparc-gaisler-elf/7.2.0/../../../../sparc-gaisler-elf/lib/leon/mfix-at697f\libm.a
                0x0000000000000000                PROVIDE (__bcc_cfg_skip_clear_bss, 0x0)

.text           0x0000000040000000    0x46180
 CREATE_OBJECT_SYMBOLS
                0x0000000040000000                __text_start = .
                0x0000000040000000                . = ALIGN (0x1000)
 *(.text.traptable)
 .text.traptable
                0x0000000040000000     0x1000 c:/opt/bcc-2.0.2-gcc/bin/../sparc-gaisler-elf/bsp/leon2/leon/mfix-at697f/trap_table_mvt.S.o
                0x0000000040000000                __bcc_entry_point
                0x0000000040000000                __bcc_trap_table
 *(.text .text.*)
 .text          0x0000000040001000        0x0 c:/opt/bcc-2.0.2-gcc/bin/../sparc-gaisler-elf/bsp/leon2/leon/mfix-at697f/trap_table_mvt.S.o
 .text          0x0000000040001000       0xb8 c:/opt/bcc-2.0.2-gcc/bin/../sparc-gaisler-elf/bsp/leon2/leon/mfix-at697f/crt0.S.o
                0x0000000040001000                __bcc_crt0
 .text          0x00000000400010b8        0x0 c:/opt/bcc-2.0.2-gcc/bin/../lib/gcc/sparc-gaisler-elf/7.2.0/leon/mfix-at697f/crti.o
 .text          0x00000000400010b8      0x180 c:/opt/bcc-2.0.2-gcc/bin/../lib/gcc/sparc-gaisler-elf/7.2.0/leon/mfix-at697f/crtbegin.o
 .text          0x0000000040001238      0x93c C:\Users\Bhagawat\AppData\Local\Temp\ccu0oaS6.o
                0x0000000040001238                rMinCycle_Wait
                0x00000000400012d4                OBC_Process
                0x0000000040001b24                rMinCycle_Flag_Reset
 .text.startup  0x0000000040001b74       0xa0 C:\Users\Bhagawat\AppData\Local\Temp\ccu0oaS6.o
                0x0000000040001b74                main
 .text          0x0000000040001c14      0xa94 C:\Users\Bhagawat\AppData\Local\Temp\ccuxUPye.o
                0x0000000040001c34                Init_Memory
                0x0000000040001c68                checksum_u32
                0x0000000040001cd4                chksum8
                0x0000000040001d0c                rOutput_Latch_Update
                0x0000000040001ee8                ST_output_update
                0x0000000040002100                NMI_interrupt_test
                0x00000000400021bc                MUX_Output
                0x00000000400024fc                EEPROM_RST
                0x0000000040002530                EEPROM_RES
                0x0000000040002560                s_ram_scrub
                0x00000000400025dc                prom_chksum
 .text          0x00000000400026a8     0xd77c C:\Users\Bhagawat\AppData\Local\Temp\ccAfrT5n.o
                0x0000000040002894                rHAL_TM_Write
                0x0000000040002af4                rHAL_TM_HW_Status_Update
                0x0000000040002c18                rTM_Address_Table_Init
                0x000000004000c804                rTM_Copy_Subframe
                0x000000004000c874                Sampling_Rate_Select
                0x000000004000c8d0                Frame_Address_Select
                0x000000004000ca3c                rTCH_full_dump_cpy_buf
                0x000000004000cbb0                rTCH_dump_cpy_buf
                0x000000004000cf54                TC_Hist_dumping
                0x000000004000cfa0                copy_frame
                0x000000004000d058                ST_Copy_Subframe
                0x000000004000d51c                StorageTelemetry
                0x000000004000d5b4                Storage_Telemetry_Write
                0x000000004000d5dc                Norm_ST_1_Table_Init
                0x000000004000eea0                Spec_ST_Table_Init
                0x000000004000fb3c                ST_DUMPING
                0x000000004000fca0                rTM_Real_st_write
                0x000000004000fde0                ST_full_dump
 .text          0x000000004000fe24     0x753c C:\Users\Bhagawat\AppData\Local\Temp\ccpUstG2.o
                0x000000004001001c                TC_IMU1_On
                0x000000004001005c                TC_IMU2_On
                0x000000004001009c                TC_IMU1_Off
                0x00000000400100dc                TC_IMU2_Off
                0x000000004001011c                TC_NMI_count_reset
                0x0000000040010130                TC_GPS1_ON
                0x0000000040010160                TC_GPS1_OFF
                0x0000000040010194                TC_GPS2_on
                0x00000000400101c8                TC_GPS2_off
                0x0000000040010200                TC_W1_ON
                0x0000000040010230                TC_W2_ON
                0x0000000040010264                TC_W3_ON
                0x0000000040010294                TC_W4_ON
                0x00000000400102c4                TC_W1_OFF
                0x00000000400102f4                TC_W2_OFF
                0x0000000040010324                TC_W3_OFF
                0x0000000040010354                TC_W4_OFF
                0x0000000040010384                rTC_Detumbling_ModePreprocessing_BDOT
                0x0000000040010394                rTC_Detumbling_ModePreprocessing_GYRO
                0x00000000400103a4                rTC_SunAcquisition_ModePreprocessing
                0x00000000400103b4                rTC_ThreeAxis_ModePreprocessing
                0x00000000400103c4                rTC_Suspended_ModePreprocessing
                0x00000000400103d0                PL_K_CMD_HLT
                0x0000000040010400                rTC_HILS_MODE_IDLE
                0x0000000040010410                rTC_HILS_MODE_START
                0x0000000040010420                rTC_HILS_MODE_STOP
                0x0000000040010430                Antenna_mechanism_ON
                0x0000000040010460                Antenna_mechanism_OFF
                0x0000000040010490                S_band_tx_on
                0x00000000400104c0                S_band_tx_off
                0x00000000400104f0                SA_DEPLOYMENT_MECHANISM_MAIN_OFF
                0x0000000040010524                SA_DEPLOYMENT_MECHANISM_RED_OFF
                0x0000000040010558                sunlit
                0x0000000040010568                eclipse
                0x0000000040010574                Sunlit_eclipse_both
                0x0000000040010584                rSafe_mode_PreProcessing
                0x0000000040010594                eeprom_en
                0x00000000400105a4                eeprom_dis
                0x00000000400105b0                TC_ATTC_CMD_clear
                0x0000000040010670                rElapsedTimerAssign
                0x00000000400106c0                imu1_db_execute
                0x00000000400106cc                imu2_db_execute
                0x00000000400106d8                TC_ACC_Ang_RESET
                0x00000000400106e4                rMag_Refeci_update
                0x0000000040010778                rSun_Ephemeris_update
                0x00000000400107e4                TC_GPS1_NMEA_VTG_enable
                0x0000000040010810                TC_GPS1_NMEA_VTG_disable
                0x000000004001083c                TC_GPS1_NMEA_GGA_enable
                0x0000000040010868                TC_GPS1_NMEA_GGA_disable
                0x0000000040010894                TC_GPS1_NMEA_GSA_enable
                0x00000000400108c0                TC_GPS1_NMEA_GSA_disable
                0x00000000400108ec                TC_GPS1_cold_start
                0x0000000040010918                TC_GPS1_factory_reset
                0x0000000040010944                TC_GPS2_NMEA_VTG_enable
                0x0000000040010970                TC_GPS2_NMEA_VTG_disable
                0x000000004001099c                TC_GPS2_NMEA_GGA_enable
                0x00000000400109c8                TC_GPS2_NMEA_GGA_disable
                0x00000000400109f4                TC_GPS2_NMEA_GSA_enable
                0x0000000040010a20                TC_GPS2_NMEA_GSA_disable
                0x0000000040010a4c                TC_GPS2_cold_start
                0x0000000040010a78                TC_GPS2_factory_reset
                0x0000000040010aa4                TC_GPS1_NMEA_NMEA_GSV_Enable
                0x0000000040010ad0                TC_GPS1_NMEA_NMEA_GSV_disable
                0x0000000040010afc                TC_GPS2_NMEA_NMEA_GSV_Enable
                0x0000000040010b28                TC_GPS2_NMEA_NMEA_GSV_disable
                0x0000000040010b54                TC_MTR_ON
                0x0000000040010b60                TC_MTR_OFF
                0x0000000040010b6c                payload_1_on
                0x0000000040010b94                payload_1_off
                0x0000000040010ba0                PL_K_CMD_STS
                0x0000000040010bac                PL_K_CMD_ACQ
                0x0000000040010bb8                PL_K_DIAG
                0x0000000040010bc4                PL_K_CMD_OFF
                0x0000000040010bd0                PL_K_CMD_ON
                0x0000000040010bdc                rTLE_Update
                0x0000000040010f14                TC_init_RW1
                0x0000000040010f48                TC_init_RW2
                0x0000000040010f7c                TC_init_RW3
                0x0000000040010fb0                TC_init_RW4
                0x0000000040010fe4                TC_MTR_Yaw_Positive
                0x0000000040010ff8                TC_MTR_Yaw_Negative
                0x000000004001100c                TC_MTR_Pitch_Positive
                0x0000000040011020                TC_MTR_Pitch_Negative
                0x0000000040011034                TC_MTR_Roll_Positive
                0x0000000040011048                TC_MTR_Roll_Negative
                0x000000004001105c                TC_MTR_Roll_No_cuurent
                0x0000000040011070                TC_MTR_Pitch_No_cuurent
                0x0000000040011084                TC_MTR_Yaw_No_cuurent
                0x0000000040011098                payload_2_on
                0x00000000400110c0                payload_2_off
                0x00000000400110cc                X_band_tx_on
                0x00000000400110f4                X_band_tx_off
                0x0000000040011100                SA_DEPLOYMENT_MECHANISM_MAIN_ON
                0x000000004001110c                SA_DEPLOYMENT_MECHANISM_RED_ON
                0x0000000040011118                Antenna_mechanism_arm
                0x0000000040011124                Antenna_deploy
                0x0000000040011130                Antenna_mechanism_disarm
                0x000000004001113c                TC_pl_debug
                0x0000000040011148                TC_TM_DS_EN
                0x0000000040011154                Antenna_RESET_command
                0x0000000040011160                Antenna_deploy_with_override
                0x000000004001116c                Antenna_system_temp
                0x0000000040011178                Antenna_deploy_status_report
                0x0000000040011184                Antenna_deploy_activation_count
                0x0000000040011190                Antenna_deploy_activation_time
                0x000000004001119c                rTC_ref_snv_bias_q_update
                0x000000004001126c                rTC_ref_stn_bias_q_update
                0x0000000040011398                rTC_ref_q_gnd_update
                0x00000000400114c4                TC_q_body_init
                0x00000000400115f0                rTC_HILS_ENABLE
                0x00000000400115fc                rTC_HILS_DISABLE
                0x000000004001170c                TC_pl_tm
                0x0000000040011714                imu1_db_checksum
                0x000000004001171c                imu2_db_checksum
                0x0000000040011724                imu_test_sys_sel
                0x000000004001172c                TC_Drift_Uplink_Compenstation_Update_IMU1
                0x0000000040011734                TC_Drift_Uplink_Compenstation_Update_IMU2
                0x000000004001173c                TC_Gyro_Misalignment_Update_IMU1
                0x0000000040011744                TC_Gyro_Misalignment_Update_IMU2
                0x000000004001174c                TC_Gyro_Scale_Factor_Update_IMU1
                0x0000000040011754                TC_Gyro_Scale_Factor_Update_IMU2
                0x000000004001175c                TC_MagBias_Uplink_Compenstation_Update_IMU1
                0x0000000040011764                TC_MagBias_Uplink_Compenstation_Update_IMU2
                0x000000004001176c                TC_Mag_Misalignment_Update_IMU1
                0x0000000040011774                TC_Mag_Misalignment_Update_IMU2
                0x000000004001177c                TC_Mag_Scale_Factor_Update_IMU1
                0x0000000040011784                TC_Mag_Scale_Factor_Update_IMU2
                0x000000004001178c                TC_Mag_LPF_Gain_Update_IMU1
                0x0000000040011794                TC_Mag_LPF_Gain_Update_IMU2
                0x000000004001179c                TC_Gyro_LPF_Gain_Update_IMU1
                0x00000000400117a4                TC_Gyro_LPF_Gain_Update_IMU2
                0x00000000400117ac                TC_Nominal_wheel_speed_execute
                0x00000000400117b4                Pitch_Torquer_ON
                0x00000000400117bc                Yaw_Torquer_ON
                0x00000000400117c4                rHeater1_on
                0x00000000400117cc                rHeater1_off
                0x00000000400117d4                rHeater2_on
                0x00000000400117dc                rHeater2_off
                0x00000000400117e4                rHeater3_on
                0x00000000400117ec                rHeater3_off
                0x00000000400117f4                rHeater4_on
                0x00000000400117fc                rHeater4_off
                0x0000000040011804                rHeater5_on
                0x000000004001180c                rHeater5_off
                0x0000000040011814                rHeater6_on
                0x000000004001181c                rHeater6_off
                0x0000000040011824                RX_TX_deployed
                0x000000004001182c                OBC_ON
                0x0000000040011834                OBC_OFF
                0x000000004001183c                SA1_DEPLOYMENT_AND_SA2_DEPLOYMENT_REDUNDANT_SPARE_BUS_ON
                0x0000000040011844                SA1_DEPLOYMENT_AND_SA2_DEPLOYMENT_REDUNDANT_SPARE_BUS_OFF
                0x000000004001184c                Test_ON
                0x0000000040011854                Test_OFF
                0x000000004001185c                rTC_write_tC_history
                0x0000000040011884                TC_status_reset
                0x0000000040011898                rContingency_TC
                0x00000000400118a0                rData_TC
                0x0000000040011e04                rADCS_Data_TC
                0x0000000040013280                rRemote_base_addr_TC
                0x0000000040013330                rRemote_data_view
                0x00000000400133ac                rBoolean_TC
                0x00000000400133fc                rFuncExecute_TC
                0x0000000040013460                rRemoteProgram_Addr_TC
                0x00000000400134b4                rRemoteProgram_Data_TC
                0x00000000400134e0                rDifferential_TimeTag_TC
                0x000000004001353c                initNodetable
                0x0000000040013578                getNode
                0x00000000400135b4                freeNode
                0x00000000400135ec                rAbsoluteTTC_Update
                0x00000000400137a4                rAbsolute_TimeTag_TC
                0x00000000400137b0                rDifferential_TimeTag_Update
                0x000000004001380c                rDifferential_TimeTag_Execute
                0x0000000040013964                rDifferentialTTC_Execute
                0x0000000040013970                rAbsoluteTTC_Delete
                0x0000000040013b78                rAbsoluteTTC_Clear
                0x0000000040013c38                rInit_Block
                0x0000000040013c80                Block_update
                0x0000000040013efc                rBlock_TC
                0x0000000040013f08                TMTC_Assignment
                0x00000000400147dc                invertReverse
                0x0000000040014804                BCHEncoder
                0x00000000400149a4                rHAL_TC_Read
                0x0000000040014c70                Pitch_Torquer_OFF
                0x0000000040014c78                Yaw_Torquer_OFF
                0x0000000040014c80                TC_detumbling_rate_gain_1
                0x00000000400150c4                TC_detumbling_bdot_gain_1
                0x0000000040015508                TC_BDOT_Det_Thresh_1
                0x000000004001569c                TC_GYRO_Det_Min_Thres_1
                0x0000000040015830                rTc_nominal_speed_RW1
                0x000000004001590c                rTc_nominal_speed_RW2
                0x00000000400159e8                rTc_nominal_speed_RW3
                0x0000000040015ac4                rTc_nominal_speed_RW4
                0x0000000040015ba0                TC_AngMomDump_Thrsld_1
                0x0000000040015d34                TC_SpeedDump_Thrsld_1
                0x0000000040015e60                TC_SpeedDump_TimeSelect_1
                0x0000000040015ff4                TC_comd_pitch_rate_1
                0x0000000040016188                TC_Gyro_LPF_Gain_IMU1_1
                0x00000000400163c0                TC_Gyro_LPF_Gain_IMU2_1
                0x00000000400165f8                TC_Mag_LPF_Gain_IMU1_1
                0x0000000040016830                TC_Mag_LPF_Gain_IMU2_1
                0x0000000040016a68                TC_Wheel_Cutoff_Threshold_1
                0x0000000040016bfc                adcsgains
                0x0000000040016d10                rGainSelect_TC
                0x0000000040016d64                rReal_Time_TC
                0x0000000040016fe8                rTelecommand
                0x0000000040017160                rAbsoluteTTC_Execute
                0x0000000040017280                rBlockTC_Execute
 .text          0x0000000040017360       0x38 C:\Users\Bhagawat\AppData\Local\Temp\ccexj6GO.o
                0x0000000040017360                fdi_nmi_int_handler
 .text          0x0000000040017398     0x1850 C:\Users\Bhagawat\AppData\Local\Temp\cc6OyqAM.o
                0x0000000040017398                rPOR_Init
 .text          0x0000000040018be8      0xde4 C:\Users\Bhagawat\AppData\Local\Temp\cc7Cc0AR.o
                0x0000000040018c10                rHILS_payload
                0x0000000040018c8c                HILS_mode_enable
                0x0000000040018cc0                HILS_mode_disable
                0x0000000040018cf4                rHAL_pl1_ON
                0x0000000040018d74                rHAL_pl1_OFF
                0x0000000040018dc4                rHAL_pl2_ON
                0x0000000040018e44                rHAL_pl2_OFF
                0x0000000040018e94                rHAL_tm_ds_en
                0x0000000040018ed0                rHAL_X_Tx_ON
                0x0000000040018f04                rHAL_X_Tx_OFF
                0x0000000040018f38                rHAL_pl_sts_check
                0x0000000040018f68                rHAL_pl_cmd_hlt
                0x0000000040018fe0                rHAL_pl_debug
                0x00000000400190a0                rHAL_pl_x_tx_data_on
                0x0000000040019190                rHAL_pl_cmd_acq
                0x0000000040019270                rHAL_pl_x_tx_data_off
                0x00000000400192b0                rHAL_pl_diag
                0x0000000040019328                pl_tx_tm
                0x0000000040019450                pl_tx_tm_2
                0x0000000040019520                rpl_read
                0x000000004001960c                rpl_tm_write
 .text          0x00000000400199cc      0x4a8 C:\Users\Bhagawat\AppData\Local\Temp\cck5nOka.o
                0x00000000400199cc                rHAL_EPS_Hardware_Status
                0x0000000040019a34                rHAL_Battery_load_shedding
                0x0000000040019a90                rHAL_EPS_shunt_switch
 .text          0x0000000040019e74      0x1b4 C:\Users\Bhagawat\AppData\Local\Temp\ccNNtNCy.o
                0x0000000040019e74                rIMU_Init
                0x0000000040019ee0                HAL_IMU_Read
 .text          0x000000004001a028      0x3b4 C:\Users\Bhagawat\AppData\Local\Temp\ccSTdeH9.o
                0x000000004001a028                rHAL_ADC_Read
                0x000000004001a084                rHAL_ADC_TM_Copy
                0x000000004001a2b0                sun_Sensor_data
                0x000000004001a3c4                rHAL_ADC_StatusREG_Enable
 .text          0x000000004001a3dc      0xf94 C:\Users\Bhagawat\AppData\Local\Temp\ccNuuUf4.o
                0x000000004001a3dc                rGPS_Buffer_Init
                0x000000004001a644                rHAL_GPS_Read
                0x000000004001a864                GPS_1_DATA
                0x000000004001a8c8                rGPS_OBT_timer
                0x000000004001a93c                rHAL_GPS_Config
                0x000000004001b008                rGPS_TM_Extract
                0x000000004001b30c                ST_TM_gps_data
 .text          0x000000004001b370     0x1114 C:\Users\Bhagawat\AppData\Local\Temp\cc7rwIne.o
                0x000000004001b370                Thermister_select
                0x000000004001b3b4                UTP_selection
                0x000000004001b408                LTP_selection
                0x000000004001b468                Heater_1_auto_control
                0x000000004001b4d8                Heater_2_auto_control
                0x000000004001b548                Heater_3_auto_control
                0x000000004001b5b8                Heater_4_auto_control
                0x000000004001b628                Heater_5_auto_control
                0x000000004001b698                Heater_6_auto_control
                0x000000004001b708                Heater_7_auto_control
                0x000000004001b75c                Heater_8_auto_control
                0x000000004001b7b0                Heater_9_auto_control
                0x000000004001b804                Heater_10_auto_control
                0x000000004001b858                Heater_11_auto_control
                0x000000004001b8ac                Heater_12_auto_control
                0x000000004001b900                Heater_13_auto_control
                0x000000004001b95c                Heater_14_auto_control
                0x000000004001b9b8                Heater_1_manual_control
                0x000000004001ba24                Heater_2_manual_control
                0x000000004001ba90                Heater_3_manual_control
                0x000000004001bafc                Heater_4_manual_control
                0x000000004001bb68                Heater_5_manual_control
                0x000000004001bbd4                Heater_6_manual_control
                0x000000004001bc40                Heater_control_auto_manual
                0x000000004001c2e4                Heater_7_manual_control
                0x000000004001c314                Heater_8_manual_control
                0x000000004001c344                Heater_9_manual_control
                0x000000004001c374                Heater_10_manual_control
                0x000000004001c3a4                Heater_11_manual_control
                0x000000004001c3d4                Heater_12_manual_control
                0x000000004001c404                Heater_13_manual_control
                0x000000004001c444                Heater_14_manual_control
 .text          0x000000004001c484      0x8dc C:\Users\Bhagawat\AppData\Local\Temp\ccxUIq5F.o
                0x000000004001c484                rHAL_MTR_ON
                0x000000004001c4b8                rHAL_MTR_OFF
                0x000000004001c4ec                rHAL_MTR
                0x000000004001cb24                MTR_Monitoring
                0x000000004001cb50                rHAL_MTR_TC
 .text          0x000000004001cd60     0x16e0 C:\Users\Bhagawat\AppData\Local\Temp\ccz8hJnw.o
                0x000000004001cd60                RW_Init
                0x000000004001cedc                HAL_RW_CRC_Check
                0x000000004001cf48                rHAL_RW_TM_Read
                0x000000004001d318                rRW_SlipFrame_Check
                0x000000004001d55c                rHAL_RW_TC_Write
                0x000000004001d734                rHAL_RW_TM_Write
                0x000000004001d894                rHAL_RW_ConfigBuffer_Write
                0x000000004001d938                rRW_Data_Write
                0x000000004001dde8                rRW_Data_Request
                0x000000004001df24                rRW_Data_Read
                0x000000004001e2d0                rRW_init_cmd
 .text          0x000000004001e440      0x6f8 C:\Users\Bhagawat\AppData\Local\Temp\ccbt3EFy.o
                0x000000004001e440                antennaCommand1
                0x000000004001e48c                antennaCommand2
                0x000000004001e4d8                antennaCommand3
                0x000000004001e524                antennaCommand4
                0x000000004001e570                antennaCommand5
                0x000000004001e5bc                antennaCommand6
                0x000000004001e608                antennaCommand7
                0x000000004001e650                antennaCommand8
                0x000000004001e69c                antennaCommand9
                0x000000004001e6e8                rHAL_Antenna_Read
                0x000000004001e730                rHAL_SA_MAIN_Deploy_on
                0x000000004001e7a8                rHAL_SA_RED_Deploy_on
                0x000000004001e810                rHAL_SA1_Deploy_status_check
                0x000000004001e8f8                rHAL_SA2_Deploy_status_check
                0x000000004001e9e0                rHAL_SA_Deploy_Status_new
 .text          0x000000004001eb38     0x64a4 C:\Users\Bhagawat\AppData\Local\Temp\ccJyY9k3.o
                0x000000004001ec68                rQ_Propagation
                0x000000004001ec98                rQuestDataProcessing
                0x000000004001f000                rDAD_quest
                0x0000000040020338                rErrorComputation
                0x00000000400209dc                rExtendedKalmanFilter1_p1
                0x0000000040021718                rExtendedKalmanFilter1_p2
                0x00000000400220b4                rExtendedKalmanFilter2_p1
                0x0000000040023a78                rExtendedKalmanFilter2_p2
                0x000000004002437c                rEKF_dy_int
                0x000000004002469c                rEKFDynamics
                0x0000000040024e08                rExtendedKalmanFilter2_Prop
 .text          0x0000000040024fdc     0x2ad4 C:\Users\Bhagawat\AppData\Local\Temp\cc8gWo74.o
                0x0000000040024fdc                rGH_generation
                0x0000000040025184                rMagFieldComp
                0x0000000040025c9c                rSun_Ephemeris
                0x0000000040025eec                rReferenceQuatComputation
                0x0000000040026d48                rRefVectorGeneration
                0x000000004002756c                rRefRate_Computation
                0x000000004002771c                rSl_Ecl_OnBrd_detection
 .text          0x0000000040027ab0        0x0 C:\Users\Bhagawat\AppData\Local\Temp\ccl5hR3e.o
 .text          0x0000000040027ab0     0x29dc C:\Users\Bhagawat\AppData\Local\Temp\ccCrInb2.o
                0x0000000040028b44                rDutyCycleGeneration
                0x0000000040028c84                rTorquer_Polarity_Check
                0x0000000040028e04                rAngularMomentumDumping
                0x0000000040029a2c                rLinearController
                0x000000004002a3f4                rSpeedBasedMomentumDumping
                0x000000004002a42c                rWheel_Spin_updown
                0x000000004002a454                rWheel_Auto_Reconfiguration
 .text          0x000000004002a48c     0x115c C:\Users\Bhagawat\AppData\Local\Temp\cc7i57z6.o
                0x000000004002a4a4                rSuspended_ModePreprocessing
                0x000000004002a538                rDetumbling_ModePreprocessing_BDOT_Logic
                0x000000004002a950                rDetumbling_ModePreprocessing_GYRO_Logic
                0x000000004002adb4                rSunAcquisition_ModePreprocessing
                0x000000004002b134                rThreeAxis_ModePreprocessing
                0x000000004002b388                rRateReductionCheck
                0x000000004002b484                rSafeMode_Preprocessing
                0x000000004002b578                rScModeSelection
 .text          0x000000004002b5e8     0x4b2c C:\Users\Bhagawat\AppData\Local\Temp\ccMxMwMD.o
                0x000000004002b5e8                rADCS_Pon_vars
 .text          0x0000000040030114     0x8490 C:\Users\Bhagawat\AppData\Local\Temp\ccOx652G.o
                0x0000000040030114                rIMUDataCorrection
                0x00000000400314b0                rIMU_1_DB_Copy
                0x0000000040031d50                rIMU_2_DB_Copy
                0x00000000400325f0                rIMU_1_DB_Init
                0x0000000040032e90                rIMU_2_DB_Init
                0x0000000040033730                rIMU_Angle_Reset
                0x0000000040033778                rIMUDataProcessing
                0x0000000040034dd8                rTheta_Limit
                0x0000000040034e38                rIMU1_DB_Execute
                0x0000000040034e5c                rIMU2_DB_Execute
                0x0000000040034e80                rBDOT_Computation
                0x00000000400350ac                rSunSensorVectorComp
                0x00000000400380e0                rSunSensorDataProcessing
                0x0000000040038544                rSS_Read_Data
 .text          0x00000000400385a4        0x0 C:\Users\Bhagawat\AppData\Local\Temp\ccptReeH.o
 .text          0x00000000400385a4     0x4a4c C:\Users\Bhagawat\AppData\Local\Temp\cceAQ5kD.o
                0x000000004003a1d4                rOrbit_Initialization
                0x000000004003b338                rOrbit_Propagation
                0x000000004003c6bc                rOrbitalElements_computation
                0x000000004003c6e4                rTLEDataProcessing
                0x000000004003c71c                rJulian_Day
                0x000000004003c758                rNEDtoECEF
                0x000000004003c84c                rECEFtoECItoECEF
                0x000000004003c874                rGPSDataProcessing
                0x000000004003cf80                rGPSTLEProcessing
 .text          0x000000004003cff0      0xd4c C:\Users\Bhagawat\AppData\Local\Temp\ccCsv3BK.o
                0x000000004003cff0                rxRot
                0x000000004003d080                ryRot
                0x000000004003d110                rzRot
                0x000000004003d198                rMatInv
                0x000000004003d350                rCross_Product
                0x000000004003d3b8                rMatMul3x1
                0x000000004003d430                rMatMul3x3
                0x000000004003d4e8                rRM_to_Quat
                0x000000004003d81c                rQs_Normalization
                0x000000004003d924                rQs_Multiplication
                0x000000004003da00                rVectorNorm
                0x000000004003dad0                rMat_adjoint3
                0x000000004003dbcc                rMatMul34x1
                0x000000004003dc48                rMatMul43x1
                0x000000004003dcc4                rMatMul44x1
 .text          0x000000004003dd3c     0x3330 C:\Users\Bhagawat\AppData\Local\Temp\cccbMOY7.o
                0x000000004003dd3c                rSus_mode_remote_entry_hook
                0x000000004003dd48                rSus_mode_remote_exit_hook
                0x000000004003dd54                rDBDOT_mode_remote_entry_hook
                0x000000004003dd60                rDBDOT_mode_remote_exit_hook
                0x000000004003dd6c                rDGYRO_mode_remote_entry_hook
                0x000000004003dd78                rDGYRO_mode_remote_exit_hook
                0x000000004003dd84                rSACQ_mode_remote_entry_hook
                0x000000004003dd90                rSACQ_mode_remote_exit_hook
                0x000000004003dd9c                r3AXIS_mode_remote_entry_hook
                0x000000004003dda8                r3AXIS_mode_remote_exit_hook
                0x000000004003ddb4                rSAFE_mode_remote_entry_hook
                0x000000004003ddc0                rSAFE_mode_remote_exit_hook
                0x000000004003ddcc                rRemote_patch_area_S1
                0x000000004003e100                rRemote_patch_area_S2
                0x000000004003e434                rRemote_patch_area_S3
                0x000000004003e768                rRemote_patch_area_S4
                0x000000004003ea9c                rRemote_patch_area_S5
                0x000000004003edd0                rRemote_patch_area_S6
                0x000000004003f104                rRemote_patch_area_L1
                0x00000000400400b8                rRemote_patch_area_L2
 .text          0x000000004004106c      0x2d0 c:/opt/bcc-2.0.2-gcc/bin/../lib/gcc/sparc-gaisler-elf/7.2.0/../../../../sparc-gaisler-elf/lib/leon/mfix-at697f\libm.a(lib_a-s_atan.o)
                0x000000004004106c                atan
 .text          0x000000004004133c       0xe4 c:/opt/bcc-2.0.2-gcc/bin/../lib/gcc/sparc-gaisler-elf/7.2.0/../../../../sparc-gaisler-elf/lib/leon/mfix-at697f\libm.a(lib_a-s_cos.o)
                0x000000004004133c                cos
 .text          0x0000000040041420       0x28 c:/opt/bcc-2.0.2-gcc/bin/../lib/gcc/sparc-gaisler-elf/7.2.0/../../../../sparc-gaisler-elf/lib/leon/mfix-at697f\libm.a(lib_a-s_fabs.o)
                0x0000000040041420                fabs
 .text          0x0000000040041448      0x1f0 c:/opt/bcc-2.0.2-gcc/bin/../lib/gcc/sparc-gaisler-elf/7.2.0/../../../../sparc-gaisler-elf/lib/leon/mfix-at697f\libm.a(lib_a-s_floor.o)
                0x0000000040041448                floor
 .text          0x0000000040041638       0xf4 c:/opt/bcc-2.0.2-gcc/bin/../lib/gcc/sparc-gaisler-elf/7.2.0/../../../../sparc-gaisler-elf/lib/leon/mfix-at697f\libm.a(lib_a-s_round.o)
                0x0000000040041638                round
 .text          0x000000004004172c       0xe8 c:/opt/bcc-2.0.2-gcc/bin/../lib/gcc/sparc-gaisler-elf/7.2.0/../../../../sparc-gaisler-elf/lib/leon/mfix-at697f\libm.a(lib_a-s_sin.o)
                0x000000004004172c                sin
 .text          0x0000000040041814       0x9c c:/opt/bcc-2.0.2-gcc/bin/../lib/gcc/sparc-gaisler-elf/7.2.0/../../../../sparc-gaisler-elf/lib/leon/mfix-at697f\libm.a(lib_a-s_tan.o)
                0x0000000040041814                tan
 .text          0x00000000400418b0      0x128 c:/opt/bcc-2.0.2-gcc/bin/../lib/gcc/sparc-gaisler-elf/7.2.0/../../../../sparc-gaisler-elf/lib/leon/mfix-at697f\libm.a(lib_a-w_acos.o)
                0x00000000400418b0                acos
 .text          0x00000000400419d8      0x128 c:/opt/bcc-2.0.2-gcc/bin/../lib/gcc/sparc-gaisler-elf/7.2.0/../../../../sparc-gaisler-elf/lib/leon/mfix-at697f\libm.a(lib_a-w_asin.o)
                0x00000000400419d8                asin
 .text          0x0000000040041b00        0xc c:/opt/bcc-2.0.2-gcc/bin/../lib/gcc/sparc-gaisler-elf/7.2.0/../../../../sparc-gaisler-elf/lib/leon/mfix-at697f\libm.a(lib_a-w_atan2.o)
                0x0000000040041b00                atan2
 .text          0x0000000040041b0c      0x148 c:/opt/bcc-2.0.2-gcc/bin/../lib/gcc/sparc-gaisler-elf/7.2.0/../../../../sparc-gaisler-elf/lib/leon/mfix-at697f\libm.a(lib_a-w_fmod.o)
                0x0000000040041b0c                fmod
 .text          0x0000000040041c54      0x4a8 c:/opt/bcc-2.0.2-gcc/bin/../lib/gcc/sparc-gaisler-elf/7.2.0/../../../../sparc-gaisler-elf/lib/leon/mfix-at697f\libm.a(lib_a-w_pow.o)
                0x0000000040041c54                pow
 .text          0x00000000400420fc       0xfc c:/opt/bcc-2.0.2-gcc/bin/../lib/gcc/sparc-gaisler-elf/7.2.0/../../../../sparc-gaisler-elf/lib/leon/mfix-at697f\libm.a(lib_a-w_sqrt.o)
                0x00000000400420fc                sqrt
 .text          0x00000000400421f8      0x37c c:/opt/bcc-2.0.2-gcc/bin/../lib/gcc/sparc-gaisler-elf/7.2.0/../../../../sparc-gaisler-elf/lib/leon/mfix-at697f\libm.a(lib_a-e_acos.o)
                0x00000000400421f8                __ieee754_acos
 .text          0x0000000040042574      0x310 c:/opt/bcc-2.0.2-gcc/bin/../lib/gcc/sparc-gaisler-elf/7.2.0/../../../../sparc-gaisler-elf/lib/leon/mfix-at697f\libm.a(lib_a-e_asin.o)
                0x0000000040042574                __ieee754_asin
 .text          0x0000000040042884      0x2b4 c:/opt/bcc-2.0.2-gcc/bin/../lib/gcc/sparc-gaisler-elf/7.2.0/../../../../sparc-gaisler-elf/lib/leon/mfix-at697f\libm.a(lib_a-e_atan2.o)
                0x0000000040042884                __ieee754_atan2
 .text          0x0000000040042b38      0x3ac c:/opt/bcc-2.0.2-gcc/bin/../lib/gcc/sparc-gaisler-elf/7.2.0/../../../../sparc-gaisler-elf/lib/leon/mfix-at697f\libm.a(lib_a-e_fmod.o)
                0x0000000040042b38                __ieee754_fmod
 .text          0x0000000040042ee4      0x8dc c:/opt/bcc-2.0.2-gcc/bin/../lib/gcc/sparc-gaisler-elf/7.2.0/../../../../sparc-gaisler-elf/lib/leon/mfix-at697f\libm.a(lib_a-e_pow.o)
                0x0000000040042ee4                __ieee754_pow
 .text          0x00000000400437c0      0x39c c:/opt/bcc-2.0.2-gcc/bin/../lib/gcc/sparc-gaisler-elf/7.2.0/../../../../sparc-gaisler-elf/lib/leon/mfix-at697f\libm.a(lib_a-e_rem_pio2.o)
                0x00000000400437c0                __ieee754_rem_pio2
 .text          0x0000000040043b5c      0x270 c:/opt/bcc-2.0.2-gcc/bin/../lib/gcc/sparc-gaisler-elf/7.2.0/../../../../sparc-gaisler-elf/lib/leon/mfix-at697f\libm.a(lib_a-e_sqrt.o)
                0x0000000040043b5c                __ieee754_sqrt
 .text          0x0000000040043dcc      0x1bc c:/opt/bcc-2.0.2-gcc/bin/../lib/gcc/sparc-gaisler-elf/7.2.0/../../../../sparc-gaisler-elf/lib/leon/mfix-at697f\libm.a(lib_a-k_cos.o)
                0x0000000040043dcc                __kernel_cos
 .text          0x0000000040043f88      0xbdc c:/opt/bcc-2.0.2-gcc/bin/../lib/gcc/sparc-gaisler-elf/7.2.0/../../../../sparc-gaisler-elf/lib/leon/mfix-at697f\libm.a(lib_a-k_rem_pio2.o)
                0x0000000040043f88                __kernel_rem_pio2
 .text          0x0000000040044b64      0x100 c:/opt/bcc-2.0.2-gcc/bin/../lib/gcc/sparc-gaisler-elf/7.2.0/../../../../sparc-gaisler-elf/lib/leon/mfix-at697f\libm.a(lib_a-k_sin.o)
                0x0000000040044b64                __kernel_sin
 .text          0x0000000040044c64      0x290 c:/opt/bcc-2.0.2-gcc/bin/../lib/gcc/sparc-gaisler-elf/7.2.0/../../../../sparc-gaisler-elf/lib/leon/mfix-at697f\libm.a(lib_a-k_tan.o)
                0x0000000040044c64                __kernel_tan
 .text          0x0000000040044ef4       0x18 c:/opt/bcc-2.0.2-gcc/bin/../lib/gcc/sparc-gaisler-elf/7.2.0/../../../../sparc-gaisler-elf/lib/leon/mfix-at697f\libm.a(lib_a-s_finite.o)
                0x0000000040044ef4                finite
 .text          0x0000000040044f0c        0x0 c:/opt/bcc-2.0.2-gcc/bin/../lib/gcc/sparc-gaisler-elf/7.2.0/../../../../sparc-gaisler-elf/lib/leon/mfix-at697f\libm.a(lib_a-s_lib_ver.o)
 .text          0x0000000040044f0c        0x8 c:/opt/bcc-2.0.2-gcc/bin/../lib/gcc/sparc-gaisler-elf/7.2.0/../../../../sparc-gaisler-elf/lib/leon/mfix-at697f\libm.a(lib_a-s_matherr.o)
                0x0000000040044f0c                matherr
 .text          0x0000000040044f14        0xc c:/opt/bcc-2.0.2-gcc/bin/../lib/gcc/sparc-gaisler-elf/7.2.0/../../../../sparc-gaisler-elf/lib/leon/mfix-at697f\libm.a(lib_a-s_nan.o)
                0x0000000040044f14                nan
 .text          0x0000000040044f20      0x1ac c:/opt/bcc-2.0.2-gcc/bin/../lib/gcc/sparc-gaisler-elf/7.2.0/../../../../sparc-gaisler-elf/lib/leon/mfix-at697f\libm.a(lib_a-s_rint.o)
                0x0000000040044f20                rint
 .text          0x00000000400450cc      0x14c c:/opt/bcc-2.0.2-gcc/bin/../lib/gcc/sparc-gaisler-elf/7.2.0/../../../../sparc-gaisler-elf/lib/leon/mfix-at697f\libm.a(lib_a-s_scalbn.o)
                0x00000000400450cc                scalbn
 .text          0x0000000040045218       0x30 c:/opt/bcc-2.0.2-gcc/bin/../lib/gcc/sparc-gaisler-elf/7.2.0/../../../../sparc-gaisler-elf/lib/leon/mfix-at697f\libm.a(lib_a-s_copysign.o)
                0x0000000040045218                copysign
 .text          0x0000000040045248       0x7c c:/opt/bcc-2.0.2-gcc/bin/../sparc-gaisler-elf/bsp/leon2/leon/mfix-at697f\libbcc.a(reset_trap_mvt.S.o)
                0x0000000040045248                __bcc_trap_reset_mvt
 .text          0x00000000400452c4       0xb0 c:/opt/bcc-2.0.2-gcc/bin/../sparc-gaisler-elf/bsp/leon2/leon/mfix-at697f\libbcc.a(window_trap.S.o)
                0x00000000400452c4                __bcc_trap_window_overflow
                0x0000000040045314                __bcc_trap_window_underflow
 .text          0x0000000040045374      0x1b4 c:/opt/bcc-2.0.2-gcc/bin/../sparc-gaisler-elf/bsp/leon2/leon/mfix-at697f\libbcc.a(interrupt_trap.S.o)
                0x0000000040045374                __bcc_trap_interrupt_svt
                0x0000000040045378                __bcc_trap_interrupt
 .text          0x0000000040045528       0x88 c:/opt/bcc-2.0.2-gcc/bin/../sparc-gaisler-elf/bsp/leon2/leon/mfix-at697f\libbcc.a(flush_windows_trap.S.o)
                0x0000000040045528                __bcc_trap_flush_windows
 .text          0x00000000400455b0       0x2c c:/opt/bcc-2.0.2-gcc/bin/../sparc-gaisler-elf/bsp/leon2/leon/mfix-at697f\libbcc.a(sw_trap_set_pil.S.o)
                0x00000000400455b0                __bcc_trap_sw_set_pil
 .text          0x00000000400455dc       0xb0 c:/opt/bcc-2.0.2-gcc/bin/../sparc-gaisler-elf/bsp/leon2/leon/mfix-at697f\libbcc.a(trap.c.o)
                0x00000000400455dc                bcc_set_trap
 .text          0x000000004004568c        0x0 c:/opt/bcc-2.0.2-gcc/bin/../sparc-gaisler-elf/bsp/leon2/leon/mfix-at697f\libbcc.a(isr.c.o)
 .text          0x000000004004568c        0x0 c:/opt/bcc-2.0.2-gcc/bin/../sparc-gaisler-elf/bsp/leon2/leon/mfix-at697f\libbcc.a(int_nest.c.o)
 .text          0x000000004004568c        0x8 c:/opt/bcc-2.0.2-gcc/bin/../sparc-gaisler-elf/bsp/leon2/leon/mfix-at697f\libbcc.a(init.S.o)
                0x000000004004568c                __bcc_init40
                0x000000004004568c                __bcc_init70
                0x000000004004568c                __bcc_init60
                0x000000004004568c                __bcc_init50
 .text          0x0000000040045694       0x84 c:/opt/bcc-2.0.2-gcc/bin/../sparc-gaisler-elf/bsp/leon2/leon/mfix-at697f\libbcc.a(leon_info.S.o)
                0x0000000040045694                __bcc_get_leon_info
                0x0000000040045708                bcc_get_cpuid
 .text          0x0000000040045718       0x2c c:/opt/bcc-2.0.2-gcc/bin/../sparc-gaisler-elf/bsp/leon2/leon/mfix-at697f\libbcc.a(dwzero.S.o)
                0x0000000040045718                bcc_dwzero
 .text          0x0000000040045744       0x5c c:/opt/bcc-2.0.2-gcc/bin/../sparc-gaisler-elf/bsp/leon2/leon/mfix-at697f\libbcc.a(copy_data.c.o)
                0x0000000040045744                __bcc_copy_data
 .text          0x00000000400457a0       0x90 c:/opt/bcc-2.0.2-gcc/bin/../sparc-gaisler-elf/bsp/leon2/leon/mfix-at697f\libbcc.a(lowlevel.S.o)
                0x00000000400457a0                bcc_loadnocache
                0x00000000400457ac                bcc_loadnocache16
                0x00000000400457b8                bcc_loadnocache8
                0x00000000400457d0                bcc_ldstub
                0x00000000400457dc                bcc_set_psr
                0x00000000400457f4                bcc_get_psr
                0x00000000400457fc                bcc_get_pil
                0x000000004004580c                bcc_set_tbr
                0x0000000040045824                bcc_get_tbr
 .text          0x0000000040045830       0x50 c:/opt/bcc-2.0.2-gcc/bin/../sparc-gaisler-elf/bsp/leon2/leon/mfix-at697f\libbcc.a(lowlevel_leon2.S.o)
                0x0000000040045830                bcc_set_ccr
                0x0000000040045840                bcc_get_ccr
                0x0000000040045850                bcc_flush_cache
                0x000000004004585c                bcc_flush_icache
                0x0000000040045864                bcc_flush_dcache
                0x000000004004586c                bcc_power_down
 .text          0x0000000040045880      0x160 c:/opt/bcc-2.0.2-gcc/bin/../sparc-gaisler-elf/bsp/leon2/leon/mfix-at697f\libbcc.a(int_leon2.c.o)
                0x0000000040045880                bcc_int_mask
                0x00000000400458d0                bcc_int_unmask
                0x0000000040045920                bcc_int_clear
                0x0000000040045958                bcc_int_force
                0x000000004004599c                bcc_int_pend
 .text          0x00000000400459e0        0x8 c:/opt/bcc-2.0.2-gcc/bin/../sparc-gaisler-elf/bsp/leon2/leon/mfix-at697f\libbcc.a(int_leon2_get_source.c.o)
                0x00000000400459e0                __bcc_int_get_source
 .text          0x00000000400459e8        0x8 c:/opt/bcc-2.0.2-gcc/bin/../sparc-gaisler-elf/bsp/leon2/leon/mfix-at697f\libbcc.a(int_leon2_init.c.o)
                0x00000000400459e8                __bcc_int_init
 .text          0x00000000400459f0       0x70 c:/opt/bcc-2.0.2-gcc/bin/../sparc-gaisler-elf/bsp/leon2/leon/mfix-at697f\libbcc.a(con_leon2.c.o)
                0x00000000400459f0                __bcc_con_init
                0x00000000400459f8                __bcc_con_outbyte
                0x0000000040045a2c                __bcc_con_inbyte
 .text          0x0000000040045a60       0x30 c:/opt/bcc-2.0.2-gcc/bin/../sparc-gaisler-elf/bsp/leon2/leon/mfix-at697f\libbcc.a(timer_leon2.c.o)
                0x0000000040045a60                __bcc_timer_init
                0x0000000040045a68                bcc_timer_get_us
 .text          0x0000000040045a90        0xc c:/opt/bcc-2.0.2-gcc/bin/../sparc-gaisler-elf/bsp/leon2/leon/mfix-at697f\libbcc.a(set_pil.S.o)
                0x0000000040045a90                bcc_set_pil
 .text          0x0000000040045a9c        0x0 c:/opt/bcc-2.0.2-gcc/bin/../sparc-gaisler-elf/bsp/leon2/leon/mfix-at697f\libbcc.a(int_leon2_handle.c.o)
 .text          0x0000000040045a9c        0x0 c:/opt/bcc-2.0.2-gcc/bin/../sparc-gaisler-elf/bsp/leon2/leon/mfix-at697f\libbcc.a(con_handle.c.o)
 .text          0x0000000040045a9c        0x0 c:/opt/bcc-2.0.2-gcc/bin/../sparc-gaisler-elf/bsp/leon2/leon/mfix-at697f\libbcc.a(timer_handle.c.o)
 .text          0x0000000040045a9c       0x1c c:/opt/bcc-2.0.2-gcc/bin/../lib/gcc/sparc-gaisler-elf/7.2.0/../../../../sparc-gaisler-elf/lib/leon/mfix-at697f\libc.a(lib_a-atexit.o)
                0x0000000040045a9c                atexit
 .text          0x0000000040045ab8        0xc c:/opt/bcc-2.0.2-gcc/bin/../lib/gcc/sparc-gaisler-elf/7.2.0/../../../../sparc-gaisler-elf/lib/leon/mfix-at697f\libc.a(lib_a-errno.o)
                0x0000000040045ab8                __errno
 .text          0x0000000040045ac4       0x3c c:/opt/bcc-2.0.2-gcc/bin/../lib/gcc/sparc-gaisler-elf/7.2.0/../../../../sparc-gaisler-elf/lib/leon/mfix-at697f\libc.a(lib_a-exit.o)
                0x0000000040045ac4                exit
 .text          0x0000000040045b00        0x0 c:/opt/bcc-2.0.2-gcc/bin/../lib/gcc/sparc-gaisler-elf/7.2.0/../../../../sparc-gaisler-elf/lib/leon/mfix-at697f\libc.a(lib_a-impure.o)
 .text          0x0000000040045b00      0x19c c:/opt/bcc-2.0.2-gcc/bin/../lib/gcc/sparc-gaisler-elf/7.2.0/../../../../sparc-gaisler-elf/lib/leon/mfix-at697f\libc.a(lib_a-memcpy.o)
                0x0000000040045b00                memcpy
 .text          0x0000000040045c9c      0x158 c:/opt/bcc-2.0.2-gcc/bin/../lib/gcc/sparc-gaisler-elf/7.2.0/../../../../sparc-gaisler-elf/lib/leon/mfix-at697f\libc.a(lib_a-__atexit.o)
                0x0000000040045c9c                __register_exitproc
 .text          0x0000000040045df4      0x2b4 c:/opt/bcc-2.0.2-gcc/bin/../lib/gcc/sparc-gaisler-elf/7.2.0/../../../../sparc-gaisler-elf/lib/leon/mfix-at697f\libc.a(lib_a-__call_atexit.o)
                0x0000000040045df4                __call_exitprocs
 .text          0x00000000400460a8       0x18 c:/opt/bcc-2.0.2-gcc/bin/../sparc-gaisler-elf/bsp/leon2/leon/mfix-at697f\libbcc.a(_exit.S.o)
                0x00000000400460a8                _exit
 .text          0x00000000400460c0       0x48 c:/opt/bcc-2.0.2-gcc/bin/../lib/gcc/sparc-gaisler-elf/7.2.0/leon/mfix-at697f/crtend.o
 .text          0x0000000040046108        0x0 c:/opt/bcc-2.0.2-gcc/bin/../lib/gcc/sparc-gaisler-elf/7.2.0/leon/mfix-at697f/crtn.o
                0x0000000040046110                . = ALIGN (0x10)
 *fill*         0x0000000040046108        0x8 
 *(.eh_frame)
 .eh_frame      0x0000000040046110        0x0 c:/opt/bcc-2.0.2-gcc/bin/../lib/gcc/sparc-gaisler-elf/7.2.0/leon/mfix-at697f/crtbegin.o
 .eh_frame      0x0000000040046110        0x4 c:/opt/bcc-2.0.2-gcc/bin/../lib/gcc/sparc-gaisler-elf/7.2.0/leon/mfix-at697f/crtend.o
                0x0000000040046120                . = ALIGN (0x10)
 *fill*         0x0000000040046114        0xc 
 *(.gnu.linkonce.t*)
                0x0000000040046120                ___CTOR_LIST__ = .
                0x0000000040046120        0x4 LONG 0x2 (((___CTOR_END__ - ___CTOR_LIST__) / 0x4) - 0x2)
 *(SORT(.ctors.*))
 *(.ctors)
 .ctors         0x0000000040046124        0x4 c:/opt/bcc-2.0.2-gcc/bin/../lib/gcc/sparc-gaisler-elf/7.2.0/leon/mfix-at697f/crtbegin.o
 .ctors         0x0000000040046128        0x4 c:/opt/bcc-2.0.2-gcc/bin/../lib/gcc/sparc-gaisler-elf/7.2.0/leon/mfix-at697f/crtend.o
                0x000000004004612c        0x4 LONG 0x0
                0x0000000040046130                ___CTOR_END__ = .
                0x0000000040046130                ___DTOR_LIST__ = .
                0x0000000040046130        0x4 LONG 0x2 (((___DTOR_END__ - ___DTOR_LIST__) / 0x4) - 0x2)
 *(SORT(.dtors.*))
 *(.dtors)
 .dtors         0x0000000040046134        0x4 c:/opt/bcc-2.0.2-gcc/bin/../lib/gcc/sparc-gaisler-elf/7.2.0/leon/mfix-at697f/crtbegin.o
 .dtors         0x0000000040046138        0x4 c:/opt/bcc-2.0.2-gcc/bin/../lib/gcc/sparc-gaisler-elf/7.2.0/leon/mfix-at697f/crtend.o
                0x0000000040046138                __DTOR_END__
                0x000000004004613c        0x4 LONG 0x0
                0x0000000040046140                ___DTOR_END__ = .
 *(.gnu.linkonce*)
 *(.init)
 .init          0x0000000040046140        0x4 c:/opt/bcc-2.0.2-gcc/bin/../lib/gcc/sparc-gaisler-elf/7.2.0/leon/mfix-at697f/crti.o
                0x0000000040046140                _init
 .init          0x0000000040046144        0x8 c:/opt/bcc-2.0.2-gcc/bin/../lib/gcc/sparc-gaisler-elf/7.2.0/leon/mfix-at697f/crtbegin.o
 .init          0x000000004004614c        0x8 c:/opt/bcc-2.0.2-gcc/bin/../lib/gcc/sparc-gaisler-elf/7.2.0/leon/mfix-at697f/crtend.o
 .init          0x0000000040046154        0xc c:/opt/bcc-2.0.2-gcc/bin/../lib/gcc/sparc-gaisler-elf/7.2.0/leon/mfix-at697f/crtn.o
 *(.fini)
 .fini          0x0000000040046160        0x4 c:/opt/bcc-2.0.2-gcc/bin/../lib/gcc/sparc-gaisler-elf/7.2.0/leon/mfix-at697f/crti.o
                0x0000000040046160                _fini
 .fini          0x0000000040046164        0x8 c:/opt/bcc-2.0.2-gcc/bin/../lib/gcc/sparc-gaisler-elf/7.2.0/leon/mfix-at697f/crtbegin.o
 .fini          0x000000004004616c        0xc c:/opt/bcc-2.0.2-gcc/bin/../lib/gcc/sparc-gaisler-elf/7.2.0/leon/mfix-at697f/crtn.o
 *(.lit)
 *(.shdata)
                0x0000000040046180                . = ALIGN (0x10)
 *fill*         0x0000000040046178        0x8 
                0x0000000040046180                __text_end = .

.gcc_except_table
 *(.gcc_except_table)

.rodata         0x0000000040046180     0x30f0
                0x0000000040046180                __rodata_start = .
 *(.rodata*)
 .rodata.cst8   0x0000000040046180       0x38 C:\Users\Bhagawat\AppData\Local\Temp\ccu0oaS6.o
 .rodata        0x00000000400461b8        0x0 C:\Users\Bhagawat\AppData\Local\Temp\ccuxUPye.o
 .rodata        0x00000000400461b8       0x10 C:\Users\Bhagawat\AppData\Local\Temp\ccAfrT5n.o
 .rodata.cst8   0x00000000400461c8       0x18 C:\Users\Bhagawat\AppData\Local\Temp\ccpUstG2.o
 .rodata.cst4   0x00000000400461e0        0x4 C:\Users\Bhagawat\AppData\Local\Temp\ccpUstG2.o
 .rodata        0x00000000400461e4        0x0 C:\Users\Bhagawat\AppData\Local\Temp\ccpUstG2.o
 .rodata        0x00000000400461e4        0x0 C:\Users\Bhagawat\AppData\Local\Temp\cc7Cc0AR.o
 *fill*         0x00000000400461e4        0x4 
 .rodata.cst8   0x00000000400461e8       0x10 C:\Users\Bhagawat\AppData\Local\Temp\ccz8hJnw.o
 .rodata.cst8   0x00000000400461f8       0x60 C:\Users\Bhagawat\AppData\Local\Temp\ccJyY9k3.o
                                        0x140 (size before relaxing)
 .rodata.cst4   0x0000000040046258        0x4 C:\Users\Bhagawat\AppData\Local\Temp\ccJyY9k3.o
 *fill*         0x000000004004625c        0x4 
 .rodata.cst8   0x0000000040046260       0x20 C:\Users\Bhagawat\AppData\Local\Temp\cc8gWo74.o
                                         0x80 (size before relaxing)
 .rodata        0x0000000040046280     0x2684 C:\Users\Bhagawat\AppData\Local\Temp\ccl5hR3e.o
                0x0000000040046280                c_I_nine_cross_nine
                0x0000000040046508                c_I_three_cross_three
                0x0000000040046550                c_DPM_Pol_LookUpTable
                0x0000000040046698                c_Tv_wof_0034
                0x00000000400466e0                c_Tv_wof_0204
                0x0000000040046728                c_Tv_wof_0230
                0x0000000040046770                c_Tv_wof_1004
                0x00000000400467b8                c_Tv_wof_1030
                0x0000000040046800                c_Tv_wof_1200
                0x0000000040046848                c_B2wh_mat_0034
                0x00000000400468a8                c_B2wh_mat_0204
                0x0000000040046908                c_B2wh_mat_0230
                0x0000000040046968                c_B2wh_mat_1004
                0x00000000400469c8                c_B2wh_mat_1030
                0x0000000040046a28                c_B2wh_mat_1200
                0x0000000040046a88                c_B2wh_mat_0234
                0x0000000040046ae8                c_B2wh_mat_1034
                0x0000000040046b48                c_B2wh_mat_1204
                0x0000000040046ba8                c_B2wh_mat_1230
                0x0000000040046c08                c_B2wh_mat_4RW
                0x0000000040046c68                c_wh2B_mat_0034
                0x0000000040046cc8                c_wh2B_mat_0204
                0x0000000040046d28                c_wh2B_mat_0230
                0x0000000040046d88                c_wh2B_mat_1004
                0x0000000040046de8                c_wh2B_mat_1030
                0x0000000040046e48                c_wh2B_mat_1200
                0x0000000040046ea8                c_wh2B_mat_0234
                0x0000000040046f08                c_wh2B_mat_1034
                0x0000000040046f68                c_wh2B_mat_1204
                0x0000000040046fc8                c_wh2B_mat_1230
                0x0000000040047028                c_wh2B_mat_4RW
                0x0000000040047088                c_MOI_wh
                0x0000000040047090                c_MOI_wh4
                0x0000000040047098                c_MOI_wh3
                0x00000000400470a0                c_MOI_wh2
                0x00000000400470a8                c_MOI_wh1
                0x00000000400470b0                TC_T_RW_MAX
                0x00000000400470b8                c_RADps2RPM
                0x00000000400470c0                c_RPM2RADpS
                0x00000000400470c8                c_DPMMAX
                0x00000000400470d0                c_wkm_sunmag
                0x00000000400470d8                c_wks_sunmag
                0x00000000400470e0                c_wkm_mag
                0x00000000400470e8                c_wks_mag
                0x00000000400470f0                c_ss2b4156
                0x0000000040047138                c_ss2b3456
                0x0000000040047180                c_ss2b2356
                0x00000000400471c8                c_ss2b1256
                0x0000000040047210                c_misaln_cor146
                0x0000000040047258                c_misaln_cor145
                0x00000000400472a0                c_misaln_cor346
                0x00000000400472e8                c_misaln_cor345
                0x0000000040047330                c_misaln_cor326
                0x0000000040047378                c_misaln_cor325
                0x00000000400473c0                c_misaln_cor126
                0x0000000040047408                c_misaln_cor125
                0x0000000040047450                c_AngDev_SAMtransit_thrsld
                0x0000000040047458                c_AngDev_SMtransit_thrsld
                0x0000000040047460                c_Sunlit_Thrsld
                0x0000000040047468                c_SSThrsld
                0x0000000040047470                c_Imax_YN_Main
                0x0000000040047478                c_Imax_YP_Main
                0x0000000040047480                c_Imax_PN_Main
                0x0000000040047488                c_Imax_PP_Main
                0x0000000040047490                c_Imax_RNND_Main
                0x0000000040047498                c_Imax_RPND_Main
                0x00000000400474a0                c_Imax_RND_Main
                0x00000000400474a8                c_Imax_RPD_Main
                0x00000000400474b0                c_Imax_YN_Red
                0x00000000400474b8                c_Imax_YP_Red
                0x00000000400474c0                c_Imax_PN_Red
                0x00000000400474c8                c_Imax_PP_Red
                0x00000000400474d0                c_Imax_RNND_Red
                0x00000000400474d8                c_Imax_RPND_Red
                0x00000000400474e0                c_Imax_RND_Red
                0x00000000400474e8                c_Imax_RPD_Red
                0x00000000400474f0                c_KDset3
                0x00000000400474f8                c_KDset2
                0x0000000040047500                c_KDset1
                0x0000000040047508                c_Epsilon2
                0x0000000040047510                c_Epsilon1
                0x0000000040047518                c_Sun_Dis3
                0x0000000040047520                c_Sun_Dis2
                0x0000000040047528                c_Sun_Dis1
                0x0000000040047530                c_L_Ecliptic2
                0x0000000040047538                c_L_Ecliptic1
                0x0000000040047540                c_Msun2
                0x0000000040047548                c_Msun1
                0x0000000040047550                c_L_Msun2
                0x0000000040047558                c_L_Msun1
                0x0000000040047560                c_hsval
                0x00000000400478a0                c_hval
                0x0000000040047be0                c_gsval
                0x0000000040047f20                c_gval
                0x0000000040048260                c_sdmax
                0x0000000040048268                c_a
                0x0000000040048270                c_Pibytwo
                0x0000000040048278                c_Kmax
                0x000000004004827c                c_Nmax
                0x0000000040048280                c_rk_T
                0x0000000040048508                c_rk
                0x0000000040048790                c_I_four_cross_four
                0x00000000400487d0                c_onesecond
                0x00000000400487d8                c_oneminute
                0x00000000400487e0                c_halfhour
                0x00000000400487e8                c_Mmax
                0x00000000400487f0                c_AS2R
                0x00000000400487f8                c_R2D
                0x0000000040048800                c_D2R
                0x0000000040048808                c_min_per_day
                0x0000000040048810                c_temp4
                0x0000000040048818                c_j4
                0x0000000040048820                c_j3oj2
                0x0000000040048828                c_qzms2t
                0x0000000040048830                c_ss
                0x0000000040048838                c_xpdotp
                0x0000000040048840                c_Pi
                0x0000000040048848                c_Day_To_Seconds
                0x0000000040048850                c_invmu
                0x0000000040048858                c_mu
                0x0000000040048860                c_dividebyzerovalue
                0x0000000040048868                c_xke
                0x0000000040048870                c_x2o3
                0x0000000040048878                c_Twopi
                0x0000000040048880                c_j2
                0x0000000040048888                c_au
                0x0000000040048890                c_auer
                0x0000000040048898                c_radiusearthkm
                0x00000000400488a0                c_vkmpersec
                0x00000000400488a8                c_OMEGAE
                0x00000000400488b0                c_tsince_min
                0x00000000400488b8                c_twomu
                0x00000000400488c0                c_MiC
                0x00000000400488c8                c_MaC
                0x00000000400488d0                c_TM_RW_Resol
                0x00000000400488d8                c_TM_Resol_B
                0x00000000400488e0                c_TM_Resol_w
                0x00000000400488e8                c_TM_Resol_DelThta
                0x00000000400488f0                c_Resol_DelThta
                0x00000000400488f8                c_Resol_B
                0x0000000040048900                c_FFFF
 *fill*         0x0000000040048904        0x4 
 .rodata.cst8   0x0000000040048908       0x50 C:\Users\Bhagawat\AppData\Local\Temp\ccCrInb2.o
                                         0xa0 (size before relaxing)
 .rodata.cst8   0x0000000040048958       0x28 C:\Users\Bhagawat\AppData\Local\Temp\cc7i57z6.o
                                         0x78 (size before relaxing)
 .rodata.cst4   0x0000000040048980        0x4 C:\Users\Bhagawat\AppData\Local\Temp\cc7i57z6.o
                                          0xc (size before relaxing)
 .rodata        0x0000000040048984        0x0 C:\Users\Bhagawat\AppData\Local\Temp\cc7i57z6.o
 *fill*         0x0000000040048984        0x4 
 .rodata.cst8   0x0000000040048988       0x48 C:\Users\Bhagawat\AppData\Local\Temp\ccMxMwMD.o
                                         0x68 (size before relaxing)
 .rodata.cst4   0x00000000400489d0        0x4 C:\Users\Bhagawat\AppData\Local\Temp\ccMxMwMD.o
                                          0x8 (size before relaxing)
 *fill*         0x00000000400489d4        0x4 
 .rodata.cst8   0x00000000400489d8       0x30 C:\Users\Bhagawat\AppData\Local\Temp\ccOx652G.o
                                         0xa8 (size before relaxing)
 .rodata.cst8   0x0000000040048a08      0x2e0 C:\Users\Bhagawat\AppData\Local\Temp\cceAQ5kD.o
                                        0x408 (size before relaxing)
 .rodata.cst8   0x0000000040048ce8       0x88 C:\Users\Bhagawat\AppData\Local\Temp\ccCsv3BK.o
 .rodata.cst8   0x0000000040048ce8       0xa8 c:/opt/bcc-2.0.2-gcc/bin/../lib/gcc/sparc-gaisler-elf/7.2.0/../../../../sparc-gaisler-elf/lib/leon/mfix-at697f\libm.a(lib_a-s_atan.o)
                                         0xd0 (size before relaxing)
 .rodata.cst8   0x0000000040048d90       0x10 c:/opt/bcc-2.0.2-gcc/bin/../lib/gcc/sparc-gaisler-elf/7.2.0/../../../../sparc-gaisler-elf/lib/leon/mfix-at697f\libm.a(lib_a-s_floor.o)
 .rodata.str1.8
                0x0000000040048d90        0x9 c:/opt/bcc-2.0.2-gcc/bin/../lib/gcc/sparc-gaisler-elf/7.2.0/../../../../sparc-gaisler-elf/lib/leon/mfix-at697f\libm.a(lib_a-w_acos.o)
 .rodata.cst8   0x0000000040048d99        0x8 c:/opt/bcc-2.0.2-gcc/bin/../lib/gcc/sparc-gaisler-elf/7.2.0/../../../../sparc-gaisler-elf/lib/leon/mfix-at697f\libm.a(lib_a-w_acos.o)
 *fill*         0x0000000040048d99        0x7 
 .rodata.str1.8
                0x0000000040048da0        0x5 c:/opt/bcc-2.0.2-gcc/bin/../lib/gcc/sparc-gaisler-elf/7.2.0/../../../../sparc-gaisler-elf/lib/leon/mfix-at697f\libm.a(lib_a-w_asin.o)
                                          0x9 (size before relaxing)
 .rodata.cst8   0x0000000040048da5        0x8 c:/opt/bcc-2.0.2-gcc/bin/../lib/gcc/sparc-gaisler-elf/7.2.0/../../../../sparc-gaisler-elf/lib/leon/mfix-at697f\libm.a(lib_a-w_asin.o)
 *fill*         0x0000000040048da5        0x3 
 .rodata.str1.8
                0x0000000040048da8        0x5 c:/opt/bcc-2.0.2-gcc/bin/../lib/gcc/sparc-gaisler-elf/7.2.0/../../../../sparc-gaisler-elf/lib/leon/mfix-at697f\libm.a(lib_a-w_fmod.o)
 .rodata.cst8   0x0000000040048dad        0x8 c:/opt/bcc-2.0.2-gcc/bin/../lib/gcc/sparc-gaisler-elf/7.2.0/../../../../sparc-gaisler-elf/lib/leon/mfix-at697f\libm.a(lib_a-w_fmod.o)
 *fill*         0x0000000040048dad        0x3 
 .rodata.str1.8
                0x0000000040048db0        0x4 c:/opt/bcc-2.0.2-gcc/bin/../lib/gcc/sparc-gaisler-elf/7.2.0/../../../../sparc-gaisler-elf/lib/leon/mfix-at697f\libm.a(lib_a-w_pow.o)
 *fill*         0x0000000040048db4        0x4 
 .rodata.cst8   0x0000000040048db8       0x20 c:/opt/bcc-2.0.2-gcc/bin/../lib/gcc/sparc-gaisler-elf/7.2.0/../../../../sparc-gaisler-elf/lib/leon/mfix-at697f\libm.a(lib_a-w_pow.o)
                                         0x38 (size before relaxing)
 .rodata.str1.8
                0x0000000040048dd8        0x8 c:/opt/bcc-2.0.2-gcc/bin/../lib/gcc/sparc-gaisler-elf/7.2.0/../../../../sparc-gaisler-elf/lib/leon/mfix-at697f\libm.a(lib_a-w_sqrt.o)
                                          0x5 (size before relaxing)
 .rodata.cst8   0x0000000040048de0        0x8 c:/opt/bcc-2.0.2-gcc/bin/../lib/gcc/sparc-gaisler-elf/7.2.0/../../../../sparc-gaisler-elf/lib/leon/mfix-at697f\libm.a(lib_a-w_sqrt.o)
 .rodata.cst8   0x0000000040048de0       0x50 c:/opt/bcc-2.0.2-gcc/bin/../lib/gcc/sparc-gaisler-elf/7.2.0/../../../../sparc-gaisler-elf/lib/leon/mfix-at697f\libm.a(lib_a-e_acos.o)
                                         0x80 (size before relaxing)
 .rodata.cst8   0x0000000040048e30       0x80 c:/opt/bcc-2.0.2-gcc/bin/../lib/gcc/sparc-gaisler-elf/7.2.0/../../../../sparc-gaisler-elf/lib/leon/mfix-at697f\libm.a(lib_a-e_asin.o)
 .rodata.cst8   0x0000000040048e30       0x28 c:/opt/bcc-2.0.2-gcc/bin/../lib/gcc/sparc-gaisler-elf/7.2.0/../../../../sparc-gaisler-elf/lib/leon/mfix-at697f\libm.a(lib_a-e_atan2.o)
                                         0x58 (size before relaxing)
 .rodata        0x0000000040048e58       0x10 c:/opt/bcc-2.0.2-gcc/bin/../lib/gcc/sparc-gaisler-elf/7.2.0/../../../../sparc-gaisler-elf/lib/leon/mfix-at697f\libm.a(lib_a-e_fmod.o)
 .rodata.str1.8
                0x0000000040048e68        0x1 c:/opt/bcc-2.0.2-gcc/bin/../lib/gcc/sparc-gaisler-elf/7.2.0/../../../../sparc-gaisler-elf/lib/leon/mfix-at697f\libm.a(lib_a-e_pow.o)
 .rodata.cst8   0x0000000040048e68       0xc8 c:/opt/bcc-2.0.2-gcc/bin/../lib/gcc/sparc-gaisler-elf/7.2.0/../../../../sparc-gaisler-elf/lib/leon/mfix-at697f\libm.a(lib_a-e_pow.o)
                                        0x120 (size before relaxing)
 .rodata.cst8   0x0000000040048f30       0x40 c:/opt/bcc-2.0.2-gcc/bin/../lib/gcc/sparc-gaisler-elf/7.2.0/../../../../sparc-gaisler-elf/lib/leon/mfix-at697f\libm.a(lib_a-e_rem_pio2.o)
                                         0x50 (size before relaxing)
 .rodata        0x0000000040048f70      0x188 c:/opt/bcc-2.0.2-gcc/bin/../lib/gcc/sparc-gaisler-elf/7.2.0/../../../../sparc-gaisler-elf/lib/leon/mfix-at697f\libm.a(lib_a-e_rem_pio2.o)
 .rodata.cst8   0x00000000400490f8       0x40 c:/opt/bcc-2.0.2-gcc/bin/../lib/gcc/sparc-gaisler-elf/7.2.0/../../../../sparc-gaisler-elf/lib/leon/mfix-at697f\libm.a(lib_a-k_cos.o)
                                         0x50 (size before relaxing)
 .rodata.cst8   0x0000000040049138       0x50 c:/opt/bcc-2.0.2-gcc/bin/../lib/gcc/sparc-gaisler-elf/7.2.0/../../../../sparc-gaisler-elf/lib/leon/mfix-at697f\libm.a(lib_a-k_rem_pio2.o)
                                         0x78 (size before relaxing)
 .rodata        0x0000000040049188       0x10 c:/opt/bcc-2.0.2-gcc/bin/../lib/gcc/sparc-gaisler-elf/7.2.0/../../../../sparc-gaisler-elf/lib/leon/mfix-at697f\libm.a(lib_a-k_rem_pio2.o)
 .rodata.cst8   0x0000000040049198       0x30 c:/opt/bcc-2.0.2-gcc/bin/../lib/gcc/sparc-gaisler-elf/7.2.0/../../../../sparc-gaisler-elf/lib/leon/mfix-at697f\libm.a(lib_a-k_sin.o)
                                         0x38 (size before relaxing)
 .rodata.cst8   0x00000000400491c8       0x68 c:/opt/bcc-2.0.2-gcc/bin/../lib/gcc/sparc-gaisler-elf/7.2.0/../../../../sparc-gaisler-elf/lib/leon/mfix-at697f\libm.a(lib_a-k_tan.o)
                                         0x90 (size before relaxing)
 .rodata.cst8   0x0000000040049230        0x8 c:/opt/bcc-2.0.2-gcc/bin/../lib/gcc/sparc-gaisler-elf/7.2.0/../../../../sparc-gaisler-elf/lib/leon/mfix-at697f\libm.a(lib_a-s_nan.o)
 .rodata        0x0000000040049238       0x10 c:/opt/bcc-2.0.2-gcc/bin/../lib/gcc/sparc-gaisler-elf/7.2.0/../../../../sparc-gaisler-elf/lib/leon/mfix-at697f\libm.a(lib_a-s_rint.o)
 .rodata.cst8   0x0000000040049248       0x18 c:/opt/bcc-2.0.2-gcc/bin/../lib/gcc/sparc-gaisler-elf/7.2.0/../../../../sparc-gaisler-elf/lib/leon/mfix-at697f\libm.a(lib_a-s_scalbn.o)
                                         0x20 (size before relaxing)
 .rodata        0x0000000040049260        0x4 c:/opt/bcc-2.0.2-gcc/bin/../lib/gcc/sparc-gaisler-elf/7.2.0/../../../../sparc-gaisler-elf/lib/leon/mfix-at697f\libc.a(lib_a-impure.o)
                0x0000000040049260                _global_impure_ptr
 *(.gnu.linkonce.r*)
                0x0000000040049270                . = ALIGN (0x10)
 *fill*         0x0000000040049264        0xc 
                0x0000000040049270                __rodata_end = .

.rela.dyn       0x0000000040049270        0x0
 .rela.iplt     0x0000000040049270        0x0 c:/opt/bcc-2.0.2-gcc/bin/../sparc-gaisler-elf/bsp/leon2/leon/mfix-at697f/trap_table_mvt.S.o
 .rela.text.traptable
                0x0000000040049270        0x0 c:/opt/bcc-2.0.2-gcc/bin/../sparc-gaisler-elf/bsp/leon2/leon/mfix-at697f/trap_table_mvt.S.o
 .rela.text     0x0000000040049270        0x0 c:/opt/bcc-2.0.2-gcc/bin/../sparc-gaisler-elf/bsp/leon2/leon/mfix-at697f/trap_table_mvt.S.o
 .rela.text.startup
                0x0000000040049270        0x0 c:/opt/bcc-2.0.2-gcc/bin/../sparc-gaisler-elf/bsp/leon2/leon/mfix-at697f/trap_table_mvt.S.o
 .rela.data     0x0000000040049270        0x0 c:/opt/bcc-2.0.2-gcc/bin/../sparc-gaisler-elf/bsp/leon2/leon/mfix-at697f/trap_table_mvt.S.o

.ext.data       0x0000000040049270        0x0
                0x0000000040049270                . = ALIGN (0x8)
                0x0000000040049270                __extdata_start = .
 *(.data.ext)
                0x0000000040049270                . = ALIGN (0x8)
                0x0000000040049270                __extdata_end = .
                0x0000000040049270                __extdata_start_lma = LOADADDR (.ext.data)
                0x0000000000000000                __extdata_size = SIZEOF (.ext.data)

.data           0x0000000040049270      0x568
                0x0000000040049270                . = ALIGN (0x8)
                0x0000000040049270                __data_start = .
 *(.data .data.*)
 .data          0x0000000040049270        0x0 c:/opt/bcc-2.0.2-gcc/bin/../sparc-gaisler-elf/bsp/leon2/leon/mfix-at697f/trap_table_mvt.S.o
 .data          0x0000000040049270        0x0 c:/opt/bcc-2.0.2-gcc/bin/../sparc-gaisler-elf/bsp/leon2/leon/mfix-at697f/crt0.S.o
 .data          0x0000000040049270        0x0 c:/opt/bcc-2.0.2-gcc/bin/../lib/gcc/sparc-gaisler-elf/7.2.0/leon/mfix-at697f/crti.o
 .data          0x0000000040049270        0x4 c:/opt/bcc-2.0.2-gcc/bin/../lib/gcc/sparc-gaisler-elf/7.2.0/leon/mfix-at697f/crtbegin.o
                0x0000000040049270                __dso_handle
 .data          0x0000000040049274        0x0 C:\Users\Bhagawat\AppData\Local\Temp\ccu0oaS6.o
 .data          0x0000000040049274        0x0 C:\Users\Bhagawat\AppData\Local\Temp\ccuxUPye.o
 .data          0x0000000040049274       0x18 C:\Users\Bhagawat\AppData\Local\Temp\ccAfrT5n.o
                0x0000000040049288                real_tm_wait
 .data          0x000000004004928c      0x3c4 C:\Users\Bhagawat\AppData\Local\Temp\ccpUstG2.o
                0x000000004004928c                Resol_Table_Adcs
                0x0000000040049370                BlkExe_Status
                0x0000000040049374                FuncExecute_Table
                0x00000000400495e4                Resol_Table
 .data          0x0000000040049650        0x0 C:\Users\Bhagawat\AppData\Local\Temp\ccexj6GO.o
 .data          0x0000000040049650        0x0 C:\Users\Bhagawat\AppData\Local\Temp\cc6OyqAM.o
 .data          0x0000000040049650        0x8 C:\Users\Bhagawat\AppData\Local\Temp\cc7Cc0AR.o
                0x0000000040049650                PL_Debug_Data
 .data          0x0000000040049658       0x20 C:\Users\Bhagawat\AppData\Local\Temp\cck5nOka.o
                0x0000000040049658                inter_HAL_EPS_Hardware_Status_SEL
 .data          0x0000000040049678        0x0 C:\Users\Bhagawat\AppData\Local\Temp\ccNNtNCy.o
 .data          0x0000000040049678        0x0 C:\Users\Bhagawat\AppData\Local\Temp\ccSTdeH9.o
 .data          0x0000000040049678        0x0 C:\Users\Bhagawat\AppData\Local\Temp\ccNuuUf4.o
 .data          0x0000000040049678       0xbc C:\Users\Bhagawat\AppData\Local\Temp\cc7rwIne.o
                0x0000000040049678                Auto_manual
                0x000000004004967c                UTP
                0x00000000400496bc                LTP
                0x00000000400496fc                Thermister_index_select
 .data          0x0000000040049734        0x0 C:\Users\Bhagawat\AppData\Local\Temp\ccxUIq5F.o
 *fill*         0x0000000040049734        0x4 
 .data          0x0000000040049738        0x4 C:\Users\Bhagawat\AppData\Local\Temp\ccz8hJnw.o
                0x0000000040049738                NSP_addr_table
 .data          0x000000004004973c        0x0 C:\Users\Bhagawat\AppData\Local\Temp\ccbt3EFy.o
 .data          0x000000004004973c        0x0 C:\Users\Bhagawat\AppData\Local\Temp\ccJyY9k3.o
 .data          0x000000004004973c        0x0 C:\Users\Bhagawat\AppData\Local\Temp\cc8gWo74.o
 .data          0x000000004004973c        0x0 C:\Users\Bhagawat\AppData\Local\Temp\ccl5hR3e.o
 .data          0x000000004004973c        0x0 C:\Users\Bhagawat\AppData\Local\Temp\ccCrInb2.o
 .data          0x000000004004973c        0x0 C:\Users\Bhagawat\AppData\Local\Temp\cc7i57z6.o
 .data          0x000000004004973c        0x0 C:\Users\Bhagawat\AppData\Local\Temp\ccMxMwMD.o
 .data          0x000000004004973c        0x0 C:\Users\Bhagawat\AppData\Local\Temp\ccOx652G.o
 .data          0x000000004004973c        0x0 C:\Users\Bhagawat\AppData\Local\Temp\ccptReeH.o
 .data          0x000000004004973c        0x0 C:\Users\Bhagawat\AppData\Local\Temp\cceAQ5kD.o
 .data          0x000000004004973c        0x0 C:\Users\Bhagawat\AppData\Local\Temp\ccCsv3BK.o
 .data          0x000000004004973c        0x0 C:\Users\Bhagawat\AppData\Local\Temp\cccbMOY7.o
 .data          0x000000004004973c        0x0 c:/opt/bcc-2.0.2-gcc/bin/../lib/gcc/sparc-gaisler-elf/7.2.0/../../../../sparc-gaisler-elf/lib/leon/mfix-at697f\libm.a(lib_a-s_atan.o)
 .data          0x000000004004973c        0x0 c:/opt/bcc-2.0.2-gcc/bin/../lib/gcc/sparc-gaisler-elf/7.2.0/../../../../sparc-gaisler-elf/lib/leon/mfix-at697f\libm.a(lib_a-s_cos.o)
 .data          0x000000004004973c        0x0 c:/opt/bcc-2.0.2-gcc/bin/../lib/gcc/sparc-gaisler-elf/7.2.0/../../../../sparc-gaisler-elf/lib/leon/mfix-at697f\libm.a(lib_a-s_fabs.o)
 .data          0x000000004004973c        0x0 c:/opt/bcc-2.0.2-gcc/bin/../lib/gcc/sparc-gaisler-elf/7.2.0/../../../../sparc-gaisler-elf/lib/leon/mfix-at697f\libm.a(lib_a-s_floor.o)
 .data          0x000000004004973c        0x0 c:/opt/bcc-2.0.2-gcc/bin/../lib/gcc/sparc-gaisler-elf/7.2.0/../../../../sparc-gaisler-elf/lib/leon/mfix-at697f\libm.a(lib_a-s_round.o)
 .data          0x000000004004973c        0x0 c:/opt/bcc-2.0.2-gcc/bin/../lib/gcc/sparc-gaisler-elf/7.2.0/../../../../sparc-gaisler-elf/lib/leon/mfix-at697f\libm.a(lib_a-s_sin.o)
 .data          0x000000004004973c        0x0 c:/opt/bcc-2.0.2-gcc/bin/../lib/gcc/sparc-gaisler-elf/7.2.0/../../../../sparc-gaisler-elf/lib/leon/mfix-at697f\libm.a(lib_a-s_tan.o)
 .data          0x000000004004973c        0x0 c:/opt/bcc-2.0.2-gcc/bin/../lib/gcc/sparc-gaisler-elf/7.2.0/../../../../sparc-gaisler-elf/lib/leon/mfix-at697f\libm.a(lib_a-w_acos.o)
 .data          0x000000004004973c        0x0 c:/opt/bcc-2.0.2-gcc/bin/../lib/gcc/sparc-gaisler-elf/7.2.0/../../../../sparc-gaisler-elf/lib/leon/mfix-at697f\libm.a(lib_a-w_asin.o)
 .data          0x000000004004973c        0x0 c:/opt/bcc-2.0.2-gcc/bin/../lib/gcc/sparc-gaisler-elf/7.2.0/../../../../sparc-gaisler-elf/lib/leon/mfix-at697f\libm.a(lib_a-w_atan2.o)
 .data          0x000000004004973c        0x0 c:/opt/bcc-2.0.2-gcc/bin/../lib/gcc/sparc-gaisler-elf/7.2.0/../../../../sparc-gaisler-elf/lib/leon/mfix-at697f\libm.a(lib_a-w_fmod.o)
 .data          0x000000004004973c        0x0 c:/opt/bcc-2.0.2-gcc/bin/../lib/gcc/sparc-gaisler-elf/7.2.0/../../../../sparc-gaisler-elf/lib/leon/mfix-at697f\libm.a(lib_a-w_pow.o)
 .data          0x000000004004973c        0x0 c:/opt/bcc-2.0.2-gcc/bin/../lib/gcc/sparc-gaisler-elf/7.2.0/../../../../sparc-gaisler-elf/lib/leon/mfix-at697f\libm.a(lib_a-w_sqrt.o)
 .data          0x000000004004973c        0x0 c:/opt/bcc-2.0.2-gcc/bin/../lib/gcc/sparc-gaisler-elf/7.2.0/../../../../sparc-gaisler-elf/lib/leon/mfix-at697f\libm.a(lib_a-e_acos.o)
 .data          0x000000004004973c        0x0 c:/opt/bcc-2.0.2-gcc/bin/../lib/gcc/sparc-gaisler-elf/7.2.0/../../../../sparc-gaisler-elf/lib/leon/mfix-at697f\libm.a(lib_a-e_asin.o)
 .data          0x000000004004973c        0x0 c:/opt/bcc-2.0.2-gcc/bin/../lib/gcc/sparc-gaisler-elf/7.2.0/../../../../sparc-gaisler-elf/lib/leon/mfix-at697f\libm.a(lib_a-e_atan2.o)
 .data          0x000000004004973c        0x0 c:/opt/bcc-2.0.2-gcc/bin/../lib/gcc/sparc-gaisler-elf/7.2.0/../../../../sparc-gaisler-elf/lib/leon/mfix-at697f\libm.a(lib_a-e_fmod.o)
 .data          0x000000004004973c        0x0 c:/opt/bcc-2.0.2-gcc/bin/../lib/gcc/sparc-gaisler-elf/7.2.0/../../../../sparc-gaisler-elf/lib/leon/mfix-at697f\libm.a(lib_a-e_pow.o)
 .data          0x000000004004973c        0x0 c:/opt/bcc-2.0.2-gcc/bin/../lib/gcc/sparc-gaisler-elf/7.2.0/../../../../sparc-gaisler-elf/lib/leon/mfix-at697f\libm.a(lib_a-e_rem_pio2.o)
 .data          0x000000004004973c        0x0 c:/opt/bcc-2.0.2-gcc/bin/../lib/gcc/sparc-gaisler-elf/7.2.0/../../../../sparc-gaisler-elf/lib/leon/mfix-at697f\libm.a(lib_a-e_sqrt.o)
 .data          0x000000004004973c        0x0 c:/opt/bcc-2.0.2-gcc/bin/../lib/gcc/sparc-gaisler-elf/7.2.0/../../../../sparc-gaisler-elf/lib/leon/mfix-at697f\libm.a(lib_a-k_cos.o)
 .data          0x000000004004973c        0x0 c:/opt/bcc-2.0.2-gcc/bin/../lib/gcc/sparc-gaisler-elf/7.2.0/../../../../sparc-gaisler-elf/lib/leon/mfix-at697f\libm.a(lib_a-k_rem_pio2.o)
 .data          0x000000004004973c        0x0 c:/opt/bcc-2.0.2-gcc/bin/../lib/gcc/sparc-gaisler-elf/7.2.0/../../../../sparc-gaisler-elf/lib/leon/mfix-at697f\libm.a(lib_a-k_sin.o)
 .data          0x000000004004973c        0x0 c:/opt/bcc-2.0.2-gcc/bin/../lib/gcc/sparc-gaisler-elf/7.2.0/../../../../sparc-gaisler-elf/lib/leon/mfix-at697f\libm.a(lib_a-k_tan.o)
 .data          0x000000004004973c        0x0 c:/opt/bcc-2.0.2-gcc/bin/../lib/gcc/sparc-gaisler-elf/7.2.0/../../../../sparc-gaisler-elf/lib/leon/mfix-at697f\libm.a(lib_a-s_finite.o)
 .data          0x000000004004973c        0x4 c:/opt/bcc-2.0.2-gcc/bin/../lib/gcc/sparc-gaisler-elf/7.2.0/../../../../sparc-gaisler-elf/lib/leon/mfix-at697f\libm.a(lib_a-s_lib_ver.o)
                0x000000004004973c                __fdlib_version
 .data          0x0000000040049740        0x0 c:/opt/bcc-2.0.2-gcc/bin/../lib/gcc/sparc-gaisler-elf/7.2.0/../../../../sparc-gaisler-elf/lib/leon/mfix-at697f\libm.a(lib_a-s_matherr.o)
 .data          0x0000000040049740        0x0 c:/opt/bcc-2.0.2-gcc/bin/../lib/gcc/sparc-gaisler-elf/7.2.0/../../../../sparc-gaisler-elf/lib/leon/mfix-at697f\libm.a(lib_a-s_nan.o)
 .data          0x0000000040049740        0x0 c:/opt/bcc-2.0.2-gcc/bin/../lib/gcc/sparc-gaisler-elf/7.2.0/../../../../sparc-gaisler-elf/lib/leon/mfix-at697f\libm.a(lib_a-s_rint.o)
 .data          0x0000000040049740        0x0 c:/opt/bcc-2.0.2-gcc/bin/../lib/gcc/sparc-gaisler-elf/7.2.0/../../../../sparc-gaisler-elf/lib/leon/mfix-at697f\libm.a(lib_a-s_scalbn.o)
 .data          0x0000000040049740        0x0 c:/opt/bcc-2.0.2-gcc/bin/../lib/gcc/sparc-gaisler-elf/7.2.0/../../../../sparc-gaisler-elf/lib/leon/mfix-at697f\libm.a(lib_a-s_copysign.o)
 .data          0x0000000040049740        0x0 c:/opt/bcc-2.0.2-gcc/bin/../sparc-gaisler-elf/bsp/leon2/leon/mfix-at697f\libbcc.a(reset_trap_mvt.S.o)
 .data          0x0000000040049740        0x0 c:/opt/bcc-2.0.2-gcc/bin/../sparc-gaisler-elf/bsp/leon2/leon/mfix-at697f\libbcc.a(window_trap.S.o)
 .data          0x0000000040049740        0x0 c:/opt/bcc-2.0.2-gcc/bin/../sparc-gaisler-elf/bsp/leon2/leon/mfix-at697f\libbcc.a(interrupt_trap.S.o)
 .data          0x0000000040049740        0x0 c:/opt/bcc-2.0.2-gcc/bin/../sparc-gaisler-elf/bsp/leon2/leon/mfix-at697f\libbcc.a(flush_windows_trap.S.o)
 .data          0x0000000040049740        0x0 c:/opt/bcc-2.0.2-gcc/bin/../sparc-gaisler-elf/bsp/leon2/leon/mfix-at697f\libbcc.a(sw_trap_set_pil.S.o)
 .data          0x0000000040049740        0x0 c:/opt/bcc-2.0.2-gcc/bin/../sparc-gaisler-elf/bsp/leon2/leon/mfix-at697f\libbcc.a(trap.c.o)
 .data          0x0000000040049740        0x0 c:/opt/bcc-2.0.2-gcc/bin/../sparc-gaisler-elf/bsp/leon2/leon/mfix-at697f\libbcc.a(isr.c.o)
 .data          0x0000000040049740       0x10 c:/opt/bcc-2.0.2-gcc/bin/../sparc-gaisler-elf/bsp/leon2/leon/mfix-at697f\libbcc.a(int_nest.c.o)
                0x0000000040049740                __bcc_int_nest
 .data          0x0000000040049750        0x0 c:/opt/bcc-2.0.2-gcc/bin/../sparc-gaisler-elf/bsp/leon2/leon/mfix-at697f\libbcc.a(init.S.o)
 .data          0x0000000040049750       0x10 c:/opt/bcc-2.0.2-gcc/bin/../sparc-gaisler-elf/bsp/leon2/leon/mfix-at697f\libbcc.a(leon_info.S.o)
                0x0000000040049750                __bcc_leon_version
                0x0000000040049754                __bcc_nwindows_min1
                0x0000000040049758                __bcc_nwindows
                0x000000004004975c                __bcc_cpuid
 .data          0x0000000040049760        0x0 c:/opt/bcc-2.0.2-gcc/bin/../sparc-gaisler-elf/bsp/leon2/leon/mfix-at697f\libbcc.a(dwzero.S.o)
 .data          0x0000000040049760        0x0 c:/opt/bcc-2.0.2-gcc/bin/../sparc-gaisler-elf/bsp/leon2/leon/mfix-at697f\libbcc.a(copy_data.c.o)
 .data          0x0000000040049760        0x0 c:/opt/bcc-2.0.2-gcc/bin/../sparc-gaisler-elf/bsp/leon2/leon/mfix-at697f\libbcc.a(lowlevel.S.o)
 .data          0x0000000040049760        0x0 c:/opt/bcc-2.0.2-gcc/bin/../sparc-gaisler-elf/bsp/leon2/leon/mfix-at697f\libbcc.a(lowlevel_leon2.S.o)
 .data          0x0000000040049760        0x0 c:/opt/bcc-2.0.2-gcc/bin/../sparc-gaisler-elf/bsp/leon2/leon/mfix-at697f\libbcc.a(int_leon2.c.o)
 .data          0x0000000040049760        0x0 c:/opt/bcc-2.0.2-gcc/bin/../sparc-gaisler-elf/bsp/leon2/leon/mfix-at697f\libbcc.a(int_leon2_get_source.c.o)
 .data          0x0000000040049760        0x0 c:/opt/bcc-2.0.2-gcc/bin/../sparc-gaisler-elf/bsp/leon2/leon/mfix-at697f\libbcc.a(int_leon2_init.c.o)
 .data          0x0000000040049760        0x0 c:/opt/bcc-2.0.2-gcc/bin/../sparc-gaisler-elf/bsp/leon2/leon/mfix-at697f\libbcc.a(con_leon2.c.o)
 .data          0x0000000040049760        0x0 c:/opt/bcc-2.0.2-gcc/bin/../sparc-gaisler-elf/bsp/leon2/leon/mfix-at697f\libbcc.a(timer_leon2.c.o)
 .data          0x0000000040049760        0x0 c:/opt/bcc-2.0.2-gcc/bin/../sparc-gaisler-elf/bsp/leon2/leon/mfix-at697f\libbcc.a(set_pil.S.o)
 .data          0x0000000040049760        0x4 c:/opt/bcc-2.0.2-gcc/bin/../sparc-gaisler-elf/bsp/leon2/leon/mfix-at697f\libbcc.a(int_leon2_handle.c.o)
                0x0000000040049760                __bcc_int_handle
 .data          0x0000000040049764        0x4 c:/opt/bcc-2.0.2-gcc/bin/../sparc-gaisler-elf/bsp/leon2/leon/mfix-at697f\libbcc.a(con_handle.c.o)
                0x0000000040049764                __bcc_con_handle
 .data          0x0000000040049768        0x8 c:/opt/bcc-2.0.2-gcc/bin/../sparc-gaisler-elf/bsp/leon2/leon/mfix-at697f\libbcc.a(timer_handle.c.o)
                0x0000000040049768                __bcc_timer_interrupt
                0x000000004004976c                __bcc_timer_handle
 .data          0x0000000040049770        0x0 c:/opt/bcc-2.0.2-gcc/bin/../lib/gcc/sparc-gaisler-elf/7.2.0/../../../../sparc-gaisler-elf/lib/leon/mfix-at697f\libc.a(lib_a-atexit.o)
 .data          0x0000000040049770        0x0 c:/opt/bcc-2.0.2-gcc/bin/../lib/gcc/sparc-gaisler-elf/7.2.0/../../../../sparc-gaisler-elf/lib/leon/mfix-at697f\libc.a(lib_a-errno.o)
 .data          0x0000000040049770        0x0 c:/opt/bcc-2.0.2-gcc/bin/../lib/gcc/sparc-gaisler-elf/7.2.0/../../../../sparc-gaisler-elf/lib/leon/mfix-at697f\libc.a(lib_a-exit.o)
 .data          0x0000000040049770       0x64 c:/opt/bcc-2.0.2-gcc/bin/../lib/gcc/sparc-gaisler-elf/7.2.0/../../../../sparc-gaisler-elf/lib/leon/mfix-at697f\libc.a(lib_a-impure.o)
                0x0000000040049770                _impure_ptr
 .data          0x00000000400497d4        0x0 c:/opt/bcc-2.0.2-gcc/bin/../lib/gcc/sparc-gaisler-elf/7.2.0/../../../../sparc-gaisler-elf/lib/leon/mfix-at697f\libc.a(lib_a-memcpy.o)
 .data          0x00000000400497d4        0x0 c:/opt/bcc-2.0.2-gcc/bin/../lib/gcc/sparc-gaisler-elf/7.2.0/../../../../sparc-gaisler-elf/lib/leon/mfix-at697f\libc.a(lib_a-__atexit.o)
 .data          0x00000000400497d4        0x0 c:/opt/bcc-2.0.2-gcc/bin/../lib/gcc/sparc-gaisler-elf/7.2.0/../../../../sparc-gaisler-elf/lib/leon/mfix-at697f\libc.a(lib_a-__call_atexit.o)
 .data          0x00000000400497d4        0x0 c:/opt/bcc-2.0.2-gcc/bin/../sparc-gaisler-elf/bsp/leon2/leon/mfix-at697f\libbcc.a(_exit.S.o)
 .data          0x00000000400497d4        0x0 c:/opt/bcc-2.0.2-gcc/bin/../lib/gcc/sparc-gaisler-elf/7.2.0/leon/mfix-at697f/crtend.o
 .data          0x00000000400497d4        0x0 c:/opt/bcc-2.0.2-gcc/bin/../lib/gcc/sparc-gaisler-elf/7.2.0/leon/mfix-at697f/crtn.o
                0x00000000400497d8                . = ALIGN (0x8)
 *fill*         0x00000000400497d4        0x4 
                0x00000000400497d8                __data_end = .
                0x0000000040049270                __data_start_lma = LOADADDR (.data)
                0x0000000000000568                __data_size = SIZEOF (.data)

.iplt           0x00000000400497d8        0x0
 .iplt          0x00000000400497d8        0x0 c:/opt/bcc-2.0.2-gcc/bin/../sparc-gaisler-elf/bsp/leon2/leon/mfix-at697f/trap_table_mvt.S.o

.tm_clone_table
                0x00000000400497d8        0x0
 .tm_clone_table
                0x00000000400497d8        0x0 c:/opt/bcc-2.0.2-gcc/bin/../lib/gcc/sparc-gaisler-elf/7.2.0/leon/mfix-at697f/crtbegin.o
 .tm_clone_table
                0x00000000400497d8        0x0 c:/opt/bcc-2.0.2-gcc/bin/../lib/gcc/sparc-gaisler-elf/7.2.0/leon/mfix-at697f/crtend.o

.bss            0x00000000400497d8    0x91ee0
                0x00000000400497d8                . = ALIGN (0x8)
                0x00000000400497d8                __bss_start = .
 *(.bss .bss.*)
 .bss           0x00000000400497d8        0x0 c:/opt/bcc-2.0.2-gcc/bin/../sparc-gaisler-elf/bsp/leon2/leon/mfix-at697f/trap_table_mvt.S.o
 .bss           0x00000000400497d8        0x4 c:/opt/bcc-2.0.2-gcc/bin/../sparc-gaisler-elf/bsp/leon2/leon/mfix-at697f/crt0.S.o
                0x00000000400497d8                __bcc_sp_at_entry
 .bss           0x00000000400497dc        0x0 c:/opt/bcc-2.0.2-gcc/bin/../lib/gcc/sparc-gaisler-elf/7.2.0/leon/mfix-at697f/crti.o
 .bss           0x00000000400497dc       0x20 c:/opt/bcc-2.0.2-gcc/bin/../lib/gcc/sparc-gaisler-elf/7.2.0/leon/mfix-at697f/crtbegin.o
 .bss           0x00000000400497fc        0x0 C:\Users\Bhagawat\AppData\Local\Temp\ccu0oaS6.o
 .bss           0x00000000400497fc        0x0 C:\Users\Bhagawat\AppData\Local\Temp\ccuxUPye.o
 .bss           0x00000000400497fc        0x8 C:\Users\Bhagawat\AppData\Local\Temp\ccAfrT5n.o
                0x00000000400497fc                test_st_sp
                0x00000000400497fd                filler_byte
                0x0000000040049800                repeat_count
 .bss           0x0000000040049804       0x22 C:\Users\Bhagawat\AppData\Local\Temp\ccpUstG2.o
                0x0000000040049804                Diff_stop_srl_num
                0x0000000040049808                Diff_start_srl_num
                0x000000004004980c                DTTC_count
                0x0000000040049810                head
                0x0000000040049814                ATTC_count
                0x0000000040049818                ATTC_exe_en
                0x000000004004981c                ATTC_Master_en
                0x0000000040049820                Nodeptrempty_flag
                0x0000000040049824                ComputedParity
                0x0000000040049825                RcvdParity
 .bss           0x0000000040049826        0x0 C:\Users\Bhagawat\AppData\Local\Temp\ccexj6GO.o
 .bss           0x0000000040049826        0x0 C:\Users\Bhagawat\AppData\Local\Temp\cc6OyqAM.o
 .bss           0x0000000040049826        0x0 C:\Users\Bhagawat\AppData\Local\Temp\cc7Cc0AR.o
 *fill*         0x0000000040049826        0x2 
 .bss           0x0000000040049828        0x8 C:\Users\Bhagawat\AppData\Local\Temp\cck5nOka.o
                0x0000000040049828                load_shedding_flag
                0x0000000040049829                low_battery_voltage
                0x000000004004982c                inter_HAL_EPS_Hardware_Status_count
 .bss           0x0000000040049830        0x4 C:\Users\Bhagawat\AppData\Local\Temp\ccNNtNCy.o
                0x0000000040049830                imu_count
 .bss           0x0000000040049834        0x0 C:\Users\Bhagawat\AppData\Local\Temp\ccSTdeH9.o
 .bss           0x0000000040049834        0x8 C:\Users\Bhagawat\AppData\Local\Temp\ccNuuUf4.o
                0x0000000040049834                gps_ready_bit
                0x0000000040049838                gps_count
 .bss           0x000000004004983c        0x0 C:\Users\Bhagawat\AppData\Local\Temp\cc7rwIne.o
 .bss           0x000000004004983c        0x4 C:\Users\Bhagawat\AppData\Local\Temp\ccxUIq5F.o
                0x000000004004983c                MTR_Reset_Flag
 .bss           0x0000000040049840        0xe C:\Users\Bhagawat\AppData\Local\Temp\ccz8hJnw.o
                0x000000004004984c                crc_test
 *fill*         0x000000004004984e        0x2 
 .bss           0x0000000040049850       0x18 C:\Users\Bhagawat\AppData\Local\Temp\ccbt3EFy.o
                0x0000000040049850                SA2_status
                0x0000000040049854                SA1_status
                0x0000000040049858                TC_HAL_SA_Deploy
                0x000000004004985c                SA_Command_Type
                0x0000000040049860                SA2_Deploy_cmd_rcvd_time
                0x0000000040049864                SA1_Deploy_cmd_rcvd_time
 .bss           0x0000000040049868        0x0 C:\Users\Bhagawat\AppData\Local\Temp\ccJyY9k3.o