Archive member included to satisfy reference by file (symbol)

c:/opt/bcc-2.0.2-gcc/bin/../lib/gcc/sparc-gaisler-elf/7.2.0/../../../../sparc-gaisler-elf/lib/leon/mfix-at697f\libm.a(lib_a-s_atan.o)
                              C:\Users\ajarr\AppData\Local\Temp\ccDyzQsg.o (atan)
c:/opt/bcc-2.0.2-gcc/bin/../lib/gcc/sparc-gaisler-elf/7.2.0/../../../../sparc-gaisler-elf/lib/leon/mfix-at697f\libm.a(lib_a-s_cos.o)
                              C:\Users\ajarr\AppData\Local\Temp\ccCiDg3z.o (cos)
c:/opt/bcc-2.0.2-gcc/bin/../lib/gcc/sparc-gaisler-elf/7.2.0/../../../../sparc-gaisler-elf/lib/leon/mfix-at697f\libm.a(lib_a-s_fabs.o)
                              c:/opt/bcc-2.0.2-gcc/bin/../lib/gcc/sparc-gaisler-elf/7.2.0/../../../../sparc-gaisler-elf/lib/leon/mfix-at697f\libm.a(lib_a-s_atan.o) (fabs)
c:/opt/bcc-2.0.2-gcc/bin/../lib/gcc/sparc-gaisler-elf/7.2.0/../../../../sparc-gaisler-elf/lib/leon/mfix-at697f\libm.a(lib_a-s_floor.o)
                              C:\Users\ajarr\AppData\Local\Temp\ccMrT4FW.o (floor)
c:/opt/bcc-2.0.2-gcc/bin/../lib/gcc/sparc-gaisler-elf/7.2.0/../../../../sparc-gaisler-elf/lib/leon/mfix-at697f\libm.a(lib_a-s_round.o)
                              C:\Users\ajarr\AppData\Local\Temp\ccFFxYas.o (round)
c:/opt/bcc-2.0.2-gcc/bin/../lib/gcc/sparc-gaisler-elf/7.2.0/../../../../sparc-gaisler-elf/lib/leon/mfix-at697f\libm.a(lib_a-s_sin.o)
                              C:\Users\ajarr\AppData\Local\Temp\ccCiDg3z.o (sin)
c:/opt/bcc-2.0.2-gcc/bin/../lib/gcc/sparc-gaisler-elf/7.2.0/../../../../sparc-gaisler-elf/lib/leon/mfix-at697f\libm.a(lib_a-s_tan.o)
                              C:\Users\ajarr\AppData\Local\Temp\ccDyzQsg.o (tan)
c:/opt/bcc-2.0.2-gcc/bin/../lib/gcc/sparc-gaisler-elf/7.2.0/../../../../sparc-gaisler-elf/lib/leon/mfix-at697f\libm.a(lib_a-w_acos.o)
                              C:\Users\ajarr\AppData\Local\Temp\ccFiodEC.o (acos)
c:/opt/bcc-2.0.2-gcc/bin/../lib/gcc/sparc-gaisler-elf/7.2.0/../../../../sparc-gaisler-elf/lib/leon/mfix-at697f\libm.a(lib_a-w_asin.o)
                              C:\Users\ajarr\AppData\Local\Temp\ccMrT4FW.o (asin)
c:/opt/bcc-2.0.2-gcc/bin/../lib/gcc/sparc-gaisler-elf/7.2.0/../../../../sparc-gaisler-elf/lib/leon/mfix-at697f\libm.a(lib_a-w_atan2.o)
                              C:\Users\ajarr\AppData\Local\Temp\ccFiodEC.o (atan2)
c:/opt/bcc-2.0.2-gcc/bin/../lib/gcc/sparc-gaisler-elf/7.2.0/../../../../sparc-gaisler-elf/lib/leon/mfix-at697f\libm.a(lib_a-w_fmod.o)
                              C:\Users\ajarr\AppData\Local\Temp\ccMrT4FW.o (fmod)
c:/opt/bcc-2.0.2-gcc/bin/../lib/gcc/sparc-gaisler-elf/7.2.0/../../../../sparc-gaisler-elf/lib/leon/mfix-at697f\libm.a(lib_a-w_pow.o)
                              C:\Users\ajarr\AppData\Local\Temp\ccFiodEC.o (pow)
c:/opt/bcc-2.0.2-gcc/bin/../lib/gcc/sparc-gaisler-elf/7.2.0/../../../../sparc-gaisler-elf/lib/leon/mfix-at697f\libm.a(lib_a-w_sqrt.o)
                              C:\Users\ajarr\AppData\Local\Temp\ccCiDg3z.o (sqrt)
c:/opt/bcc-2.0.2-gcc/bin/../lib/gcc/sparc-gaisler-elf/7.2.0/../../../../sparc-gaisler-elf/lib/leon/mfix-at697f\libm.a(lib_a-e_acos.o)
                              c:/opt/bcc-2.0.2-gcc/bin/../lib/gcc/sparc-gaisler-elf/7.2.0/../../../../sparc-gaisler-elf/lib/leon/mfix-at697f\libm.a(lib_a-w_acos.o) (__ieee754_acos)
c:/opt/bcc-2.0.2-gcc/bin/../lib/gcc/sparc-gaisler-elf/7.2.0/../../../../sparc-gaisler-elf/lib/leon/mfix-at697f\libm.a(lib_a-e_asin.o)
                              c:/opt/bcc-2.0.2-gcc/bin/../lib/gcc/sparc-gaisler-elf/7.2.0/../../../../sparc-gaisler-elf/lib/leon/mfix-at697f\libm.a(lib_a-w_asin.o) (__ieee754_asin)
c:/opt/bcc-2.0.2-gcc/bin/../lib/gcc/sparc-gaisler-elf/7.2.0/../../../../sparc-gaisler-elf/lib/leon/mfix-at697f\libm.a(lib_a-e_atan2.o)
                              c:/opt/bcc-2.0.2-gcc/bin/../lib/gcc/sparc-gaisler-elf/7.2.0/../../../../sparc-gaisler-elf/lib/leon/mfix-at697f\libm.a(lib_a-w_atan2.o) (__ieee754_atan2)
c:/opt/bcc-2.0.2-gcc/bin/../lib/gcc/sparc-gaisler-elf/7.2.0/../../../../sparc-gaisler-elf/lib/leon/mfix-at697f\libm.a(lib_a-e_fmod.o)
                              c:/opt/bcc-2.0.2-gcc/bin/../lib/gcc/sparc-gaisler-elf/7.2.0/../../../../sparc-gaisler-elf/lib/leon/mfix-at697f\libm.a(lib_a-w_fmod.o) (__ieee754_fmod)
c:/opt/bcc-2.0.2-gcc/bin/../lib/gcc/sparc-gaisler-elf/7.2.0/../../../../sparc-gaisler-elf/lib/leon/mfix-at697f\libm.a(lib_a-e_pow.o)
                              c:/opt/bcc-2.0.2-gcc/bin/../lib/gcc/sparc-gaisler-elf/7.2.0/../../../../sparc-gaisler-elf/lib/leon/mfix-at697f\libm.a(lib_a-w_pow.o) (__ieee754_pow)
c:/opt/bcc-2.0.2-gcc/bin/../lib/gcc/sparc-gaisler-elf/7.2.0/../../../../sparc-gaisler-elf/lib/leon/mfix-at697f\libm.a(lib_a-e_rem_pio2.o)
                              c:/opt/bcc-2.0.2-gcc/bin/../lib/gcc/sparc-gaisler-elf/7.2.0/../../../../sparc-gaisler-elf/lib/leon/mfix-at697f\libm.a(lib_a-s_cos.o) (__ieee754_rem_pio2)
c:/opt/bcc-2.0.2-gcc/bin/../lib/gcc/sparc-gaisler-elf/7.2.0/../../../../sparc-gaisler-elf/lib/leon/mfix-at697f\libm.a(lib_a-e_sqrt.o)
[...]
Memory Configuration

Name             Origin             Length             Attributes
rom              0x0000000000000000 0x0000000020000000
ram              0x0000000040000000 0x0000000040000000
*default*        0x0000000000000000 0xffffffffffffffff

Linker script and memory map

LOAD c:/opt/bcc-2.0.2-gcc/bin/../sparc-gaisler-elf/bsp/leon2/leon/mfix-at697f/trap_table_mvt.S.o
LOAD c:/opt/bcc-2.0.2-gcc/bin/../sparc-gaisler-elf/bsp/leon2/leon/mfix-at697f/crt0.S.o
LOAD c:/opt/bcc-2.0.2-gcc/bin/../lib/gcc/sparc-gaisler-elf/7.2.0/leon/mfix-at697f/crti.o
LOAD c:/opt/bcc-2.0.2-gcc/bin/../lib/gcc/sparc-gaisler-elf/7.2.0/leon/mfix-at697f/crtbegin.o
LOAD C:\Users\ajarr\AppData\Local\Temp\ccUGTAbm.o
LOAD C:\Users\ajarr\AppData\Local\Temp\ccP3ynSc.o
LOAD C:\Users\ajarr\AppData\Local\Temp\ccFXi61M.o
LOAD C:\Users\ajarr\AppData\Local\Temp\ccklvG8s.o
LOAD C:\Users\ajarr\AppData\Local\Temp\cc5njWzd.o
LOAD C:\Users\ajarr\AppData\Local\Temp\ccLPfxFQ.o
LOAD C:\Users\ajarr\AppData\Local\Temp\ccTN7O0E.o
LOAD C:\Users\ajarr\AppData\Local\Temp\ccVwpf2C.o
LOAD C:\Users\ajarr\AppData\Local\Temp\cc7msB7H.o
LOAD C:\Users\ajarr\AppData\Local\Temp\cccJp1OK.o
LOAD C:\Users\ajarr\AppData\Local\Temp\ccPSFad8.o
LOAD C:\Users\ajarr\AppData\Local\Temp\ccqj1TAL.o
LOAD C:\Users\ajarr\AppData\Local\Temp\cc5Jre8A.o
LOAD C:\Users\ajarr\AppData\Local\Temp\ccaaPywI.o
LOAD C:\Users\ajarr\AppData\Local\Temp\ccCrGLKN.o
LOAD C:\Users\ajarr\AppData\Local\Temp\ccCiDg3z.o
LOAD C:\Users\ajarr\AppData\Local\Temp\ccFiodEC.o
LOAD C:\Users\ajarr\AppData\Local\Temp\ccmTRicO.o
LOAD C:\Users\ajarr\AppData\Local\Temp\ccFFxYas.o
LOAD C:\Users\ajarr\AppData\Local\Temp\ccyGplMk.o
LOAD C:\Users\ajarr\AppData\Local\Temp\cc4bmzgK.o
LOAD C:\Users\ajarr\AppData\Local\Temp\ccDyzQsg.o
LOAD C:\Users\ajarr\AppData\Local\Temp\cciwe9qQ.o
LOAD C:\Users\ajarr\AppData\Local\Temp\ccMrT4FW.o
LOAD C:\Users\ajarr\AppData\Local\Temp\ccQlwCKg.o
LOAD C:\Users\ajarr\AppData\Local\Temp\ccCu5tdE.o
LOAD c:/opt/bcc-2.0.2-gcc/bin/../lib/gcc/sparc-gaisler-elf/7.2.0/../../../../sparc-gaisler-elf/lib/leon/mfix-at697f\libm.a
                0x0000000000000000                PROVIDE (__bcc_cfg_skip_clear_bss, 0x0)

.text           0x0000000040000000    0x3f6f0
 CREATE_OBJECT_SYMBOLS
                0x0000000040000000                __text_start = .
                0x0000000040000000                . = ALIGN (0x1000)
 *(.text.traptable)
 .text.traptable
                0x0000000040000000     0x1000 c:/opt/bcc-2.0.2-gcc/bin/../sparc-gaisler-elf/bsp/leon2/leon/mfix-at697f/trap_table_mvt.S.o
                0x0000000040000000                __bcc_entry_point
                0x0000000040000000                __bcc_trap_table
 *(.text .text.*)
 .text          0x0000000040001000        0x0 c:/opt/bcc-2.0.2-gcc/bin/../sparc-gaisler-elf/bsp/leon2/leon/mfix-at697f/trap_table_mvt.S.o
 .text          0x0000000040001000       0xb8 c:/opt/bcc-2.0.2-gcc/bin/../sparc-gaisler-elf/bsp/leon2/leon/mfix-at697f/crt0.S.o
                0x0000000040001000                __bcc_crt0
 .text          0x00000000400010b8        0x0 c:/opt/bcc-2.0.2-gcc/bin/../lib/gcc/sparc-gaisler-elf/7.2.0/leon/mfix-at697f/crti.o
 .text          0x00000000400010b8      0x180 c:/opt/bcc-2.0.2-gcc/bin/../lib/gcc/sparc-gaisler-elf/7.2.0/leon/mfix-at697f/crtbegin.o
 .text          0x0000000040001238      0x974 C:\Users\ajarr\AppData\Local\Temp\ccUGTAbm.o
                0x0000000040001238                rMinCycle_Wait
                0x00000000400012d4                OBC_Process
                0x0000000040001b5c                rMinCycle_Flag_Reset
 .text.startup  0x0000000040001bac       0xa0 C:\Users\ajarr\AppData\Local\Temp\ccUGTAbm.o
                0x0000000040001bac                main
 .text          0x0000000040001c4c      0xaac C:\Users\ajarr\AppData\Local\Temp\ccP3ynSc.o
                0x0000000040001c6c                Init_Memory
                0x0000000040001ca0                checksum_u32
                0x0000000040001d0c                checksum_u8
                0x0000000040001d5c                rOutput_Latch_Update
                0x0000000040001f38                ST_output_update
                0x0000000040002150                NMI_interrupt_test
                0x000000004000220c                MUX_Output
                0x000000004000254c                EEPROM_RST
                0x0000000040002580                EEPROM_RES
                0x00000000400025b0                s_ram_scrub
                0x000000004000262c                prom_chksum
 .text          0x00000000400026f8     0xd810 C:\Users\ajarr\AppData\Local\Temp\ccFXi61M.o
                0x00000000400028e4                rHAL_TM_Write
                0x0000000040002b48                rHAL_TM_HW_Status_Update
                0x0000000040002c6c                rTM_Address_Table_Init
                0x000000004000c8ec                rTM_Copy_Subframe
                0x000000004000c95c                Sampling_Rate_Select
                0x000000004000c9b8                Frame_Address_Select
                0x000000004000cb24                rTCH_full_dump_cpy_buf
                0x000000004000cca0                rTCH_dump_cpy_buf
                0x000000004000d048                TC_Hist_dumping
                0x000000004000d094                copy_frame
                0x000000004000d14c                ST_Copy_Subframe
                0x000000004000d608                StorageTelemetry
                0x000000004000d6a0                Storage_Telemetry_Write
                0x000000004000d6c8                Norm_ST_1_Table_Init
                0x000000004000ef84                Spec_ST_Table_Init
                0x000000004000fc20                ST_DUMPING
                0x000000004000fd84                rTM_Real_st_write
                0x000000004000fec4                ST_full_dump
 .text          0x000000004000ff08     0x65f0 C:\Users\ajarr\AppData\Local\Temp\ccklvG8s.o
                0x00000000400100e4                TC_IMU1_On
                0x0000000040010124                TC_IMU2_On
                0x0000000040010164                TC_IMU1_Off
                0x00000000400101a4                TC_IMU2_Off
                0x00000000400101e4                TC_NMI_count_reset
                0x00000000400101f8                TC_GPS1_ON
                0x0000000040010228                TC_GPS1_OFF
                0x000000004001025c                TC_GPS2_on
                0x0000000040010290                TC_GPS2_off
                0x00000000400102c8                TC_W1_ON
                0x00000000400102f8                TC_W2_ON
                0x000000004001032c                TC_W3_ON
                0x000000004001035c                TC_W4_ON
                0x000000004001038c                TC_W1_OFF
                0x00000000400103bc                TC_W2_OFF
                0x00000000400103ec                TC_W3_OFF
                0x000000004001041c                TC_W4_OFF
                0x000000004001044c                rTC_Detumbling_ModePreprocessing_BDOT
                0x000000004001045c                rTC_Detumbling_ModePreprocessing_GYRO
                0x000000004001046c                rTC_SunAcquisition_ModePreprocessing
                0x000000004001047c                rTC_ThreeAxis_ModePreprocessing
                0x000000004001048c                rTC_Suspended_ModePreprocessing
                0x0000000040010498                PL_K_CMD_HLT
                0x00000000400104c8                Antenna_mechanism_ON
                0x00000000400104f8                Antenna_mechanism_OFF
                0x0000000040010528                S_band_tx_on
                0x0000000040010558                S_band_tx_off
                0x0000000040010588                SA_DEPLOYMENT_MECHANISM_MAIN_OFF
                0x00000000400105bc                SA_DEPLOYMENT_MECHANISM_RED_OFF
                0x00000000400105f0                sunlit
                0x0000000040010600                eclipse
                0x000000004001060c                Sunlit_eclipse_both
                0x000000004001061c                rSafe_mode_PreProcessing
                0x000000004001062c                eeprom_en
                0x000000004001063c                eeprom_dis
                0x0000000040010648                TC_ATTC_CMD_clear
                0x0000000040010708                imu1_db_execute
                0x0000000040010714                imu2_db_execute
                0x0000000040010720                TC_ACC_Ang_RESET
                0x000000004001072c                TC_GPS1_NMEA_VTG_enable
                0x0000000040010758                TC_GPS1_NMEA_VTG_disable
                0x0000000040010784                TC_GPS1_NMEA_GGA_enable
                0x00000000400107b0                TC_GPS1_NMEA_GGA_disable
                0x00000000400107dc                TC_GPS1_NMEA_GSA_enable
                0x0000000040010808                TC_GPS1_NMEA_GSA_disable
                0x0000000040010834                TC_GPS1_cold_start
                0x0000000040010860                TC_GPS1_factory_reset
                0x000000004001088c                TC_GPS2_NMEA_VTG_enable
                0x00000000400108b8                TC_GPS2_NMEA_VTG_disable
                0x00000000400108e4                TC_GPS2_NMEA_GGA_enable
                0x0000000040010910                TC_GPS2_NMEA_GGA_disable
                0x000000004001093c                TC_GPS2_NMEA_GSA_enable
                0x0000000040010968                TC_GPS2_NMEA_GSA_disable
                0x0000000040010994                TC_GPS2_cold_start
                0x00000000400109c0                TC_GPS2_factory_reset
                0x00000000400109ec                TC_GPS1_NMEA_NMEA_GSV_Enable
                0x0000000040010a18                TC_GPS1_NMEA_NMEA_GSV_disable
                0x0000000040010a44                TC_GPS2_NMEA_NMEA_GSV_Enable
                0x0000000040010a70                TC_GPS2_NMEA_NMEA_GSV_disable
                0x0000000040010a9c                TC_MTR_ON
                0x0000000040010aa8                TC_MTR_OFF
                0x0000000040010ab4                payload_1_on
                0x0000000040010adc                payload_1_off
                0x0000000040010ae8                PL_K_CMD_STS
                0x0000000040010af4                PL_K_CMD_ACQ
                0x0000000040010b00                PL_K_DIAG
                0x0000000040010b0c                PL_K_CMD_OFF
                0x0000000040010b18                PL_K_CMD_ON
                0x0000000040010b24                ss_main_db_execute
                0x0000000040010b30                ss_redundant_db_execute
                0x0000000040010b3c                TC_init_RW1
                0x0000000040010b70                TC_init_RW2
                0x0000000040010ba4                TC_init_RW3
                0x0000000040010bd8                TC_init_RW4
                0x0000000040010c0c                TC_MTR_Yaw_Positive
                0x0000000040010c20                TC_MTR_Yaw_Negative
                0x0000000040010c34                TC_MTR_Pitch_Positive
                0x0000000040010c48                TC_MTR_Pitch_Negative
                0x0000000040010c5c                TC_MTR_Roll_Positive
                0x0000000040010c70                TC_MTR_Roll_Negative
                0x0000000040010c84                TC_MTR_Roll_No_cuurent
                0x0000000040010c98                TC_MTR_Pitch_No_cuurent
                0x0000000040010cac                TC_MTR_Yaw_No_cuurent
                0x0000000040010cc0                payload_2_on
                0x0000000040010ce8                payload_2_off
                0x0000000040010cf4                X_band_tx_on
                0x0000000040010d1c                X_band_tx_off
                0x0000000040010d28                SA_DEPLOYMENT_MECHANISM_MAIN_ON
                0x0000000040010d34                SA_DEPLOYMENT_MECHANISM_RED_ON
                0x0000000040010d40                Antenna_mechanism_arm
                0x0000000040010d4c                Antenna_deploy
                0x0000000040010d58                Antenna_mechanism_disarm
                0x0000000040010d64                TC_pl_debug
                0x0000000040010d70                TC_TM_DS_EN
                0x0000000040010d7c                Antenna_RESET_command
                0x0000000040010d88                Antenna_deploy_with_override
                0x0000000040010d94                Antenna_system_temp
                0x0000000040010da0                Antenna_deploy_status_report
                0x0000000040010dac                Antenna_deploy_activation_count
                0x0000000040010db8                Antenna_deploy_activation_time
                0x0000000040010ec8                TC_pl_tm
                0x0000000040010ed0                imu1_db_checksum
                0x0000000040010ed8                imu2_db_checksum
                0x0000000040010ee0                imu_test_sys_sel
                0x0000000040010ee8                TC_Drift_Uplink_Compenstation_Update_IMU1
                0x0000000040010ef0                TC_Drift_Uplink_Compenstation_Update_IMU2
                0x0000000040010ef8                TC_Gyro_Misalignment_Update_IMU1
                0x0000000040010f00                TC_Gyro_Misalignment_Update_IMU2
                0x0000000040010f08                TC_Gyro_Scale_Factor_Update_IMU1
                0x0000000040010f10                TC_Gyro_Scale_Factor_Update_IMU2
                0x0000000040010f18                TC_MagBias_Uplink_Compenstation_Update_IMU1
                0x0000000040010f20                TC_MagBias_Uplink_Compenstation_Update_IMU2
                0x0000000040010f28                TC_Mag_Misalignment_Update_IMU1
                0x0000000040010f30                TC_Mag_Misalignment_Update_IMU2
                0x0000000040010f38                TC_Mag_Scale_Factor_Update_IMU1
                0x0000000040010f40                TC_Mag_Scale_Factor_Update_IMU2
                0x0000000040010f48                TC_Mag_LPF_Gain_Update_IMU1
                0x0000000040010f50                TC_Mag_LPF_Gain_Update_IMU2
                0x0000000040010f58                TC_Gyro_LPF_Gain_Update_IMU1
                0x0000000040010f60                TC_Gyro_LPF_Gain_Update_IMU2
                0x0000000040010f68                TC_Panel2_Deploy
                0x0000000040010f70                TC_Nominal_wheel_speed_execute
                0x0000000040010f78                Pitch_Torquer_ON
                0x0000000040010f80                Yaw_Torquer_ON
                0x0000000040010f88                Pitch_Torquer_OFF
                0x0000000040010f90                Yaw_Torquer_OFF
                0x0000000040010f98                rHeater1_on
                0x0000000040010fa0                rHeater1_off
                0x0000000040010fa8                rHeater2_on
                0x0000000040010fb0                rHeater2_off
                0x0000000040010fb8                rHeater3_on
                0x0000000040010fc0                rHeater3_off
                0x0000000040010fc8                rHeater4_on
                0x0000000040010fd0                rHeater4_off
                0x0000000040010fd8                rHeater5_on
                0x0000000040010fe0                rHeater5_off
                0x0000000040010fe8                rHeater6_on
                0x0000000040010ff0                rHeater6_off
                0x0000000040010ff8                RX_TX_deployed
                0x0000000040011000                ss_main_db_checksum
                0x0000000040011008                ss_redundant_db_checksum
                0x0000000040011010                TC_Qinit
                0x0000000040011018                OBC_ON
                0x0000000040011020                OBC_OFF
                0x0000000040011028                SA1_DEPLOYMENT_AND_SA2_DEPLOYMENT_REDUNDANT_SPARE_BUS_ON
                0x0000000040011030                SA1_DEPLOYMENT_AND_SA2_DEPLOYMENT_REDUNDANT_SPARE_BUS_OFF
                0x0000000040011038                Test_ON
                0x0000000040011040                Test_OFF
                0x0000000040011048                rTC_write_tC_history
                0x0000000040011070                TC_status_reset
                0x0000000040011084                rContingency_TC
                0x000000004001108c                rData_TC
                0x00000000400115f0                rADCS_Data_TC
                0x00000000400129d4                rRemote_base_addr_TC
                0x0000000040012a84                rRemote_data_view
                0x0000000040012afc                rBoolean_TC
                0x0000000040012b4c                rFuncExecute_TC
                0x0000000040012bb0                rRemoteProgram_Addr_TC
                0x0000000040012c04                rRemoteProgram_Data_TC
                0x0000000040012c30                rDifferential_TimeTag_TC
                0x0000000040012c8c                initNodetable
                0x0000000040012cc8                getNode
                0x0000000040012d04                freeNode
                0x0000000040012d3c                rAbsoluteTTC_Update
                0x0000000040012ef4                rAbsolute_TimeTag_TC
                0x0000000040012f00                rDifferential_TimeTag_Update
                0x0000000040012f5c                rDifferential_TimeTag_Execute
                0x00000000400130b4                rDifferentialTTC_Execute
                0x00000000400130c0                rAbsoluteTTC_Delete
                0x0000000040013244                rAbsoluteTTC_Clear
                0x0000000040013304                rInit_Block
                0x000000004001334c                Block_update
                0x00000000400135c8                rBlock_TC
                0x00000000400135d4                TMTC_Assignment
                0x0000000040013d24                invertReverse
                0x0000000040013d4c                BCHEncoder
                0x0000000040013eec                rHAL_TC_Read
                0x00000000400141b8                TC_detumbling_rate_gain_1
                0x00000000400145fc                TC_detumbling_bdot_gain_1
                0x0000000040014a40                TC_BDOT_Det_Thresh_1
                0x0000000040014bd4                TC_GYRO_Det_Min_Thres_1
                0x0000000040014d68                TC_AngMomDump_Thrsld_1
                0x0000000040014efc                TC_SpeedDump_Thrsld_1
                0x0000000040015028                TC_SpeedDump_TimeSelect_1
                0x00000000400151bc                TC_comd_pitch_rate_1
                0x0000000040015350                TC_Gyro_LPF_Gain_IMU1_1
                0x0000000040015588                TC_Gyro_LPF_Gain_IMU2_1
                0x00000000400157c0                TC_Mag_LPF_Gain_IMU1_1
                0x00000000400159f8                TC_Mag_LPF_Gain_IMU2_1
                0x0000000040015c30                TC_Wheel_Cutoff_Threshold_1
                0x0000000040015dc4                adcsgains
                0x0000000040015ea8                rGainSelect_TC
                0x0000000040015efc                rReal_Time_TC
                0x0000000040016180                rTelecommand
                0x00000000400162f8                rAbsoluteTTC_Execute
                0x0000000040016418                rBlockTC_Execute
 .text          0x00000000400164f8       0x38 C:\Users\ajarr\AppData\Local\Temp\cc5njWzd.o
                0x00000000400164f8                fdi_nmi_int_handler
 .text          0x0000000040016530     0x1670 C:\Users\ajarr\AppData\Local\Temp\ccLPfxFQ.o
                0x0000000040016530                rPOR_Init
 .text          0x0000000040017ba0      0xd00 C:\Users\ajarr\AppData\Local\Temp\ccTN7O0E.o
                0x0000000040017bc8                rHAL_pl1_ON
                0x0000000040017c48                rHAL_pl1_OFF
                0x0000000040017c98                rHAL_pl2_ON
                0x0000000040017d18                rHAL_pl2_OFF
                0x0000000040017d68                rHAL_tm_ds_en
                0x0000000040017da4                rHAL_X_Tx_ON
                0x0000000040017dd8                rHAL_X_Tx_OFF
                0x0000000040017e0c                rHAL_pl_sts_check
                0x0000000040017e3c                rHAL_pl_cmd_hlt
                0x0000000040017eb4                rHAL_pl_debug
                0x0000000040017f74                rHAL_pl_x_tx_data_on
                0x0000000040018064                rHAL_pl_cmd_acq
                0x0000000040018144                rHAL_pl_x_tx_data_off
                0x0000000040018184                rHAL_pl_diag
                0x00000000400181fc                pl_tx_tm
                0x0000000040018324                pl_tx_tm_2
                0x00000000400183f4                rpl_read
                0x00000000400184e0                rpl_tm_write
 .text          0x00000000400188a0      0x4a8 C:\Users\ajarr\AppData\Local\Temp\ccVwpf2C.o
                0x00000000400188a0                rHAL_EPS_Hardware_Status
                0x0000000040018908                rHAL_Battery_load_shedding
                0x0000000040018964                rHAL_EPS_shunt_switch
 .text          0x0000000040018d48      0x1b4 C:\Users\ajarr\AppData\Local\Temp\cc7msB7H.o
                0x0000000040018d48                rIMU_Init
                0x0000000040018db4                HAL_IMU_Read
 .text          0x0000000040018efc      0x3b4 C:\Users\ajarr\AppData\Local\Temp\cccJp1OK.o
                0x0000000040018efc                rHAL_ADC_Read
                0x0000000040018f58                rHAL_ADC_TM_Copy
                0x0000000040019184                sun_Sensor_data
                0x0000000040019298                rHAL_ADC_StatusREG_Enable
 .text          0x00000000400192b0     0x1010 C:\Users\ajarr\AppData\Local\Temp\ccPSFad8.o
                0x00000000400192b0                rGPS_Buffer_Init
                0x0000000040019518                rGPS_pulsecheck
                0x00000000400195b4                rHAL_GPS_Read
                0x0000000040019824                GPS_1_DATA
                0x0000000040019888                rHAL_GPS_Config
                0x0000000040019f88                rGPS_TM_Extract
                0x000000004001a25c                ST_TM_gps_data
 .text          0x000000004001a2c0     0x1114 C:\Users\ajarr\AppData\Local\Temp\ccqj1TAL.o
                0x000000004001a2c0                Thermister_select
                0x000000004001a304                UTP_selection
                0x000000004001a358                LTP_selection
                0x000000004001a3b8                Heater_1_auto_control
                0x000000004001a428                Heater_2_auto_control
                0x000000004001a498                Heater_3_auto_control
                0x000000004001a508                Heater_4_auto_control
                0x000000004001a578                Heater_5_auto_control
                0x000000004001a5e8                Heater_6_auto_control
                0x000000004001a658                Heater_7_auto_control
                0x000000004001a6ac                Heater_8_auto_control
                0x000000004001a700                Heater_9_auto_control
                0x000000004001a754                Heater_10_auto_control
                0x000000004001a7a8                Heater_11_auto_control
                0x000000004001a7fc                Heater_12_auto_control
                0x000000004001a850                Heater_13_auto_control
                0x000000004001a8ac                Heater_14_auto_control
                0x000000004001a908                Heater_1_manual_control
                0x000000004001a974                Heater_2_manual_control
                0x000000004001a9e0                Heater_3_manual_control
                0x000000004001aa4c                Heater_4_manual_control
                0x000000004001aab8                Heater_5_manual_control
                0x000000004001ab24                Heater_6_manual_control
                0x000000004001ab90                Heater_control_auto_manual
                0x000000004001b234                Heater_7_manual_control
                0x000000004001b264                Heater_8_manual_control
                0x000000004001b294                Heater_9_manual_control
                0x000000004001b2c4                Heater_10_manual_control
                0x000000004001b2f4                Heater_11_manual_control
                0x000000004001b324                Heater_12_manual_control
                0x000000004001b354                Heater_13_manual_control
                0x000000004001b394                Heater_14_manual_control
 .text          0x000000004001b3d4      0x8dc C:\Users\ajarr\AppData\Local\Temp\cc5Jre8A.o
                0x000000004001b3d4                rHAL_MTR_ON
                0x000000004001b408                rHAL_MTR_OFF
                0x000000004001b43c                rHAL_MTR
                0x000000004001ba74                MTR_Monitoring
                0x000000004001baa0                rHAL_MTR_TC
 .text          0x000000004001bcb0     0x143c C:\Users\ajarr\AppData\Local\Temp\ccaaPywI.o
                0x000000004001bcb0                RW_Init
                0x000000004001be2c                HAL_RW_CRC_Check
                0x000000004001be98                rHAL_RW_TM_Read
                0x000000004001c268                rRW_SlipFrame_Check
                0x000000004001c4ac                rHAL_RW_TC_Write
                0x000000004001c684                rHAL_RW_TM_Write
                0x000000004001c7e4                rHAL_RW_ConfigBuffer_Write
                0x000000004001c888                rRW_Data_Write
                0x000000004001ca94                rRW_Data_Request
                0x000000004001cbd0                rRW_Data_Read
                0x000000004001cf7c                rRW_init_cmd
 .text          0x000000004001d0ec      0x6dc C:\Users\ajarr\AppData\Local\Temp\ccCrGLKN.o
                0x000000004001d0ec                antennaCommand1
                0x000000004001d138                antennaCommand2
                0x000000004001d184                antennaCommand3
                0x000000004001d1d0                antennaCommand4
                0x000000004001d21c                antennaCommand5
                0x000000004001d268                antennaCommand6
                0x000000004001d2b4                antennaCommand7
                0x000000004001d2fc                antennaCommand8
                0x000000004001d348                antennaCommand9
                0x000000004001d394                rHAL_Antenna_Read
                0x000000004001d3dc                rHAL_SA_MAIN_Deploy_on
                0x000000004001d454                rHAL_SA_RED_Deploy_on
                0x000000004001d4bc                rHAL_SA1_Deploy_status_check
                0x000000004001d5a4                rHAL_SA2_Deploy_status_check
                0x000000004001d68c                rHAL_SA_Deploy_Status_new
 .text          0x000000004001d7c8     0x32f0 C:\Users\ajarr\AppData\Local\Temp\ccCiDg3z.o
                0x000000004001d8f8                rQ_Propagation
                0x000000004001d928                rQuestDataProcessing
                0x000000004001de74                rDAD_quest
                0x000000004001ee04                rErrorComputation
                0x000000004001f3e0                rExtendedKalmanFilter1_p1
                0x000000004002011c                rExtendedKalmanFilter1_p2
 .text          0x0000000040020ab8     0x2bec C:\Users\ajarr\AppData\Local\Temp\ccFiodEC.o
                0x0000000040020ab8                rGH_generation
                0x0000000040020c7c                rMagFieldComp1
                0x00000000400216cc                rMagFieldComp2
                0x0000000040021de4                rSun_Ephemeris
                0x0000000040022024                rReferenceQuatComputation
                0x0000000040022af8                rRefVectorGeneration
                0x00000000400231f4                rRefRate_Computation
                0x00000000400234d8                rSl_Ecl_OnBrd_detection
 .text          0x00000000400236a4        0x0 C:\Users\ajarr\AppData\Local\Temp\ccmTRicO.o
 .text          0x00000000400236a4     0x2868 C:\Users\ajarr\AppData\Local\Temp\ccFFxYas.o
                0x00000000400237e0                rLinearController
                0x00000000400241cc                rDutyCycleGeneration
                0x0000000040024350                rAngularMomentumDumping
                0x00000000400247ec                rTorquer_Polarity_Check
                0x0000000040024820                rSpeedBasedMomentumDumping
                0x0000000040024f78                rWheel_Spin_updown
                0x0000000040025308                rWheel_Auto_Reconfiguration
 .text          0x0000000040025f0c     0x10f8 C:\Users\ajarr\AppData\Local\Temp\ccyGplMk.o
                0x0000000040025f24                rSuspended_ModePreprocessing
                0x0000000040025f98                rDetumbling_ModePreprocessing_BDOT_Logic
                0x0000000040026408                rDetumbling_ModePreprocessing_GYRO_Logic
                0x0000000040026850                rSunAcquisition_ModePreprocessing
                0x0000000040026c08                rThreeAxis_ModePreprocessing
                0x0000000040026e54                rRateReductionCheck
                0x0000000040026f50                rSafeMode_Preprocessing
                0x0000000040026f8c                rScModeSelection
 .text          0x0000000040027004     0x4a04 C:\Users\ajarr\AppData\Local\Temp\cc4bmzgK.o
                0x0000000040027004                rADCS_Pon_vars
 .text          0x000000004002ba08     0x9494 C:\Users\ajarr\AppData\Local\Temp\ccDyzQsg.o
                0x000000004002ba08                rIMUDataCorrection
                0x000000004002cda4                rIMU_1_DB_Copy
                0x000000004002d644                rIMU_2_DB_Copy
                0x000000004002dee4                rIMU_1_DB_Init
                0x000000004002e784                rIMU_2_DB_Init
                0x000000004002f024                rIMU_Angle_Reset
                0x000000004002f06c                rIMUDataProcessing
                0x0000000040030300                rTheta_Limit
                0x0000000040030360                rIMU1_DB_Execute
                0x0000000040030384                rIMU2_DB_Execute
                0x00000000400303a8                rBDOT_Computation
                0x00000000400305d4                rSunSensorVectorComp
                0x00000000400336c4                rSunSensorDataProcessing
                0x0000000040033aa0                rSS_Read_Data
                0x0000000040033b00                rSS_Main_DB_Init
                0x0000000040033b18                rSS_Redundant_DB_Init
                0x0000000040033b24                rSS_Main_DB_Copy
                0x000000004003447c                rSS_Redundant_DB_Copy
                0x0000000040034dd4                rSS_Main_DB_Execute
                0x0000000040034e38                rSS_Redundant_DB_Execute
 .text          0x0000000040034e9c        0x0 C:\Users\ajarr\AppData\Local\Temp\cciwe9qQ.o
 .text          0x0000000040034e9c     0x4768 C:\Users\ajarr\AppData\Local\Temp\ccMrT4FW.o
                0x000000004003657c                rOrbit_Initialization
                0x000000004003794c                rOrbit_Propagation
                0x0000000040038cd0                rOrbitalElements_computation
                0x0000000040038cf8                rOrbitalElements_TLE
                0x0000000040038d30                rGPS_data_validity
                0x0000000040038d38                rJulian_Day
                0x0000000040038d74                rNEDtoECEF
                0x0000000040038e68                rECEFtoECItoECEF
                0x0000000040038e90                rast_args
                0x0000000040038f9c                rnut_iau1980
                0x00000000400390f8                rGPS2OE
                0x000000004003957c                rGPSDataProcessing
 .text          0x0000000040039604      0xd4c C:\Users\ajarr\AppData\Local\Temp\ccQlwCKg.o
                0x0000000040039604                rxRot
                0x0000000040039694                ryRot
                0x0000000040039724                rzRot
                0x00000000400397ac                rMatInv
                0x0000000040039964                rCross_Product
                0x00000000400399cc                rMatMul3x1
                0x0000000040039a44                rMatMul3x3
                0x0000000040039afc                rRM_to_Quat
                0x0000000040039e30                rQs_Normalization
                0x0000000040039f38                rQs_Multiplication
                0x000000004003a014                rVectorNorm
                0x000000004003a0e4                rMat_adjoint3
                0x000000004003a1e0                rMatMul34x1
                0x000000004003a25c                rMatMul43x1
                0x000000004003a2d8                rMatMul44x1
 .text          0x000000004003a350      0x284 C:\Users\ajarr\AppData\Local\Temp\ccCu5tdE.o
                0x000000004003a350                rSus_mode_remote_entry_hook
                0x000000004003a37c                rSus_mode_remote_exit_hook
                0x000000004003a388                rDBDOT_mode_remote_entry_hook
                0x000000004003a394                rDBDOT_mode_remote_exit_hook
                0x000000004003a3a0                rDGYRO_mode_remote_entry_hook
                0x000000004003a3ac                rDGYRO_mode_remote_exit_hook
                0x000000004003a3b8                rSACQ_mode_remote_entry_hook
                0x000000004003a3c4                rSACQ_mode_remote_exit_hook
                0x000000004003a3d0                r3AXIS_mode_remote_entry_hook
                0x000000004003a3dc                r3AXIS_mode_remote_exit_hook
                0x000000004003a3e8                rSAFE_mode_remote_entry_hook
                0x000000004003a3f4                rSAFE_mode_remote_exit_hook
                0x000000004003a400                rRemote_patch_area_1
                0x000000004003a598                rRemote_patch_area_2
                0x000000004003a5a4                rRemote_patch_area_3
                0x000000004003a5b0                rRemote_patch_area_4
                0x000000004003a5bc                rRemote_patch_area_5
                0x000000004003a5c8                rRemote_patch_area_6
 .text          0x000000004003a5d4      0x2d0 c:/opt/bcc-2.0.2-gcc/bin/../lib/gcc/sparc-gaisler-elf/7.2.0/../../../../sparc-gaisler-elf/lib/leon/mfix-at697f\libm.a(lib_a-s_atan.o)
                0x000000004003a5d4                atan
 .text          0x000000004003a8a4       0xe4 c:/opt/bcc-2.0.2-gcc/bin/../lib/gcc/sparc-gaisler-elf/7.2.0/../../../../sparc-gaisler-elf/lib/leon/mfix-at697f\libm.a(lib_a-s_cos.o)
                0x000000004003a8a4                cos
 .text          0x000000004003a988       0x28 c:/opt/bcc-2.0.2-gcc/bin/../lib/gcc/sparc-gaisler-elf/7.2.0/../../../../sparc-gaisler-elf/lib/leon/mfix-at697f\libm.a(lib_a-s_fabs.o)
                0x000000004003a988                fabs
 .text          0x000000004003a9b0      0x1f0 c:/opt/bcc-2.0.2-gcc/bin/../lib/gcc/sparc-gaisler-elf/7.2.0/../../../../sparc-gaisler-elf/lib/leon/mfix-at697f\libm.a(lib_a-s_floor.o)
                0x000000004003a9b0                floor
 .text          0x000000004003aba0       0xf4 c:/opt/bcc-2.0.2-gcc/bin/../lib/gcc/sparc-gaisler-elf/7.2.0/../../../../sparc-gaisler-elf/lib/leon/mfix-at697f\libm.a(lib_a-s_round.o)
                0x000000004003aba0                round
 .text          0x000000004003ac94       0xe8 c:/opt/bcc-2.0.2-gcc/bin/../lib/gcc/sparc-gaisler-elf/7.2.0/../../../../sparc-gaisler-elf/lib/leon/mfix-at697f\libm.a(lib_a-s_sin.o)
                0x000000004003ac94                sin
 .text          0x000000004003ad7c       0x9c c:/opt/bcc-2.0.2-gcc/bin/../lib/gcc/sparc-gaisler-elf/7.2.0/../../../../sparc-gaisler-elf/lib/leon/mfix-at697f\libm.a(lib_a-s_tan.o)
                0x000000004003ad7c                tan
 .text          0x000000004003ae18      0x128 c:/opt/bcc-2.0.2-gcc/bin/../lib/gcc/sparc-gaisler-elf/7.2.0/../../../../sparc-gaisler-elf/lib/leon/mfix-at697f\libm.a(lib_a-w_acos.o)
                0x000000004003ae18                acos
 .text          0x000000004003af40      0x128 c:/opt/bcc-2.0.2-gcc/bin/../lib/gcc/sparc-gaisler-elf/7.2.0/../../../../sparc-gaisler-elf/lib/leon/mfix-at697f\libm.a(lib_a-w_asin.o)
                0x000000004003af40                asin
 .text          0x000000004003b068        0xc c:/opt/bcc-2.0.2-gcc/bin/../lib/gcc/sparc-gaisler-elf/7.2.0/../../../../sparc-gaisler-elf/lib/leon/mfix-at697f\libm.a(lib_a-w_atan2.o)
                0x000000004003b068                atan2
 .text          0x000000004003b074      0x148 c:/opt/bcc-2.0.2-gcc/bin/../lib/gcc/sparc-gaisler-elf/7.2.0/../../../../sparc-gaisler-elf/lib/leon/mfix-at697f\libm.a(lib_a-w_fmod.o)
                0x000000004003b074                fmod
 .text          0x000000004003b1bc      0x4a8 c:/opt/bcc-2.0.2-gcc/bin/../lib/gcc/sparc-gaisler-elf/7.2.0/../../../../sparc-gaisler-elf/lib/leon/mfix-at697f\libm.a(lib_a-w_pow.o)
                0x000000004003b1bc                pow
 .text          0x000000004003b664       0xfc c:/opt/bcc-2.0.2-gcc/bin/../lib/gcc/sparc-gaisler-elf/7.2.0/../../../../sparc-gaisler-elf/lib/leon/mfix-at697f\libm.a(lib_a-w_sqrt.o)
                0x000000004003b664                sqrt
 .text          0x000000004003b760      0x37c c:/opt/bcc-2.0.2-gcc/bin/../lib/gcc/sparc-gaisler-elf/7.2.0/../../../../sparc-gaisler-elf/lib/leon/mfix-at697f\libm.a(lib_a-e_acos.o)
                0x000000004003b760                __ieee754_acos
 .text          0x000000004003badc      0x310 c:/opt/bcc-2.0.2-gcc/bin/../lib/gcc/sparc-gaisler-elf/7.2.0/../../../../sparc-gaisler-elf/lib/leon/mfix-at697f\libm.a(lib_a-e_asin.o)
                0x000000004003badc                __ieee754_asin
 .text          0x000000004003bdec      0x2b4 c:/opt/bcc-2.0.2-gcc/bin/../lib/gcc/sparc-gaisler-elf/7.2.0/../../../../sparc-gaisler-elf/lib/leon/mfix-at697f\libm.a(lib_a-e_atan2.o)
                0x000000004003bdec                __ieee754_atan2
 .text          0x000000004003c0a0      0x3ac c:/opt/bcc-2.0.2-gcc/bin/../lib/gcc/sparc-gaisler-elf/7.2.0/../../../../sparc-gaisler-elf/lib/leon/mfix-at697f\libm.a(lib_a-e_fmod.o)
                0x000000004003c0a0                __ieee754_fmod
 .text          0x000000004003c44c      0x8dc c:/opt/bcc-2.0.2-gcc/bin/../lib/gcc/sparc-gaisler-elf/7.2.0/../../../../sparc-gaisler-elf/lib/leon/mfix-at697f\libm.a(lib_a-e_pow.o)
                0x000000004003c44c                __ieee754_pow
 .text          0x000000004003cd28      0x39c c:/opt/bcc-2.0.2-gcc/bin/../lib/gcc/sparc-gaisler-elf/7.2.0/../../../../sparc-gaisler-elf/lib/leon/mfix-at697f\libm.a(lib_a-e_rem_pio2.o)
                0x000000004003cd28                __ieee754_rem_pio2
 .text          0x000000004003d0c4      0x270 c:/opt/bcc-2.0.2-gcc/bin/../lib/gcc/sparc-gaisler-elf/7.2.0/../../../../sparc-gaisler-elf/lib/leon/mfix-at697f\libm.a(lib_a-e_sqrt.o)
                0x000000004003d0c4                __ieee754_sqrt
 .text          0x000000004003d334      0x1bc c:/opt/bcc-2.0.2-gcc/bin/../lib/gcc/sparc-gaisler-elf/7.2.0/../../../../sparc-gaisler-elf/lib/leon/mfix-at697f\libm.a(lib_a-k_cos.o)
                0x000000004003d334                __kernel_cos
 .text          0x000000004003d4f0      0xbdc c:/opt/bcc-2.0.2-gcc/bin/../lib/gcc/sparc-gaisler-elf/7.2.0/../../../../sparc-gaisler-elf/lib/leon/mfix-at697f\libm.a(lib_a-k_rem_pio2.o)
                0x000000004003d4f0                __kernel_rem_pio2
 .text          0x000000004003e0cc      0x100 c:/opt/bcc-2.0.2-gcc/bin/../lib/gcc/sparc-gaisler-elf/7.2.0/../../../../sparc-gaisler-elf/lib/leon/mfix-at697f\libm.a(lib_a-k_sin.o)
                0x000000004003e0cc                __kernel_sin
 .text          0x000000004003e1cc      0x290 c:/opt/bcc-2.0.2-gcc/bin/../lib/gcc/sparc-gaisler-elf/7.2.0/../../../../sparc-gaisler-elf/lib/leon/mfix-at697f\libm.a(lib_a-k_tan.o)
                0x000000004003e1cc                __kernel_tan
 .text          0x000000004003e45c       0x18 c:/opt/bcc-2.0.2-gcc/bin/../lib/gcc/sparc-gaisler-elf/7.2.0/../../../../sparc-gaisler-elf/lib/leon/mfix-at697f\libm.a(lib_a-s_finite.o)
                0x000000004003e45c                finite
 .text          0x000000004003e474        0x0 c:/opt/bcc-2.0.2-gcc/bin/../lib/gcc/sparc-gaisler-elf/7.2.0/../../../../sparc-gaisler-elf/lib/leon/mfix-at697f\libm.a(lib_a-s_lib_ver.o)
 .text          0x000000004003e474        0x8 c:/opt/bcc-2.0.2-gcc/bin/../lib/gcc/sparc-gaisler-elf/7.2.0/../../../../sparc-gaisler-elf/lib/leon/mfix-at697f\libm.a(lib_a-s_matherr.o)
                0x000000004003e474                matherr
 .text          0x000000004003e47c        0xc c:/opt/bcc-2.0.2-gcc/bin/../lib/gcc/sparc-gaisler-elf/7.2.0/../../../../sparc-gaisler-elf/lib/leon/mfix-at697f\libm.a(lib_a-s_nan.o)
                0x000000004003e47c                nan
 .text          0x000000004003e488      0x1ac c:/opt/bcc-2.0.2-gcc/bin/../lib/gcc/sparc-gaisler-elf/7.2.0/../../../../sparc-gaisler-elf/lib/leon/mfix-at697f\libm.a(lib_a-s_rint.o)
                0x000000004003e488                rint
 .text          0x000000004003e634      0x14c c:/opt/bcc-2.0.2-gcc/bin/../lib/gcc/sparc-gaisler-elf/7.2.0/../../../../sparc-gaisler-elf/lib/leon/mfix-at697f\libm.a(lib_a-s_scalbn.o)
                0x000000004003e634                scalbn
 .text          0x000000004003e780       0x30 c:/opt/bcc-2.0.2-gcc/bin/../lib/gcc/sparc-gaisler-elf/7.2.0/../../../../sparc-gaisler-elf/lib/leon/mfix-at697f\libm.a(lib_a-s_copysign.o)
                0x000000004003e780                copysign
 .text          0x000000004003e7b0       0x7c c:/opt/bcc-2.0.2-gcc/bin/../sparc-gaisler-elf/bsp/leon2/leon/mfix-at697f\libbcc.a(reset_trap_mvt.S.o)
                0x000000004003e7b0                __bcc_trap_reset_mvt
 .text          0x000000004003e82c       0xb0 c:/opt/bcc-2.0.2-gcc/bin/../sparc-gaisler-elf/bsp/leon2/leon/mfix-at697f\libbcc.a(window_trap.S.o)
                0x000000004003e82c                __bcc_trap_window_overflow
                0x000000004003e87c                __bcc_trap_window_underflow
 .text          0x000000004003e8dc      0x1b4 c:/opt/bcc-2.0.2-gcc/bin/../sparc-gaisler-elf/bsp/leon2/leon/mfix-at697f\libbcc.a(interrupt_trap.S.o)
                0x000000004003e8dc                __bcc_trap_interrupt_svt
                0x000000004003e8e0                __bcc_trap_interrupt
 .text          0x000000004003ea90       0x88 c:/opt/bcc-2.0.2-gcc/bin/../sparc-gaisler-elf/bsp/leon2/leon/mfix-at697f\libbcc.a(flush_windows_trap.S.o)
                0x000000004003ea90                __bcc_trap_flush_windows
 .text          0x000000004003eb18       0x2c c:/opt/bcc-2.0.2-gcc/bin/../sparc-gaisler-elf/bsp/leon2/leon/mfix-at697f\libbcc.a(sw_trap_set_pil.S.o)
                0x000000004003eb18                __bcc_trap_sw_set_pil
 .text          0x000000004003eb44       0xb0 c:/opt/bcc-2.0.2-gcc/bin/../sparc-gaisler-elf/bsp/leon2/leon/mfix-at697f\libbcc.a(trap.c.o)
                0x000000004003eb44                bcc_set_trap
 .text          0x000000004003ebf4        0x0 c:/opt/bcc-2.0.2-gcc/bin/../sparc-gaisler-elf/bsp/leon2/leon/mfix-at697f\libbcc.a(isr.c.o)
 .text          0x000000004003ebf4        0x0 c:/opt/bcc-2.0.2-gcc/bin/../sparc-gaisler-elf/bsp/leon2/leon/mfix-at697f\libbcc.a(int_nest.c.o)
 .text          0x000000004003ebf4        0x8 c:/opt/bcc-2.0.2-gcc/bin/../sparc-gaisler-elf/bsp/leon2/leon/mfix-at697f\libbcc.a(init.S.o)
                0x000000004003ebf4                __bcc_init40
                0x000000004003ebf4                __bcc_init70
                0x000000004003ebf4                __bcc_init60
                0x000000004003ebf4                __bcc_init50
 .text          0x000000004003ebfc       0x84 c:/opt/bcc-2.0.2-gcc/bin/../sparc-gaisler-elf/bsp/leon2/leon/mfix-at697f\libbcc.a(leon_info.S.o)
                0x000000004003ebfc                __bcc_get_leon_info
                0x000000004003ec70                bcc_get_cpuid
 .text          0x000000004003ec80       0x2c c:/opt/bcc-2.0.2-gcc/bin/../sparc-gaisler-elf/bsp/leon2/leon/mfix-at697f\libbcc.a(dwzero.S.o)
                0x000000004003ec80                bcc_dwzero
 .text          0x000000004003ecac       0x5c c:/opt/bcc-2.0.2-gcc/bin/../sparc-gaisler-elf/bsp/leon2/leon/mfix-at697f\libbcc.a(copy_data.c.o)
                0x000000004003ecac                __bcc_copy_data
 *fill*         0x000000004003ed08        0x8 
 .text          0x000000004003ed10       0x90 c:/opt/bcc-2.0.2-gcc/bin/../sparc-gaisler-elf/bsp/leon2/leon/mfix-at697f\libbcc.a(lowlevel.S.o)
                0x000000004003ed10                bcc_loadnocache
                0x000000004003ed1c                bcc_loadnocache16
                0x000000004003ed28                bcc_loadnocache8
                0x000000004003ed40                bcc_ldstub
                0x000000004003ed4c                bcc_set_psr
                0x000000004003ed64                bcc_get_psr
                0x000000004003ed6c                bcc_get_pil
                0x000000004003ed7c                bcc_set_tbr
                0x000000004003ed94                bcc_get_tbr
 .text          0x000000004003eda0       0x50 c:/opt/bcc-2.0.2-gcc/bin/../sparc-gaisler-elf/bsp/leon2/leon/mfix-at697f\libbcc.a(lowlevel_leon2.S.o)
                0x000000004003eda0                bcc_set_ccr
                0x000000004003edb0                bcc_get_ccr
                0x000000004003edc0                bcc_flush_cache
                0x000000004003edcc                bcc_flush_icache
                0x000000004003edd4                bcc_flush_dcache
                0x000000004003eddc                bcc_power_down
 .text          0x000000004003edf0      0x160 c:/opt/bcc-2.0.2-gcc/bin/../sparc-gaisler-elf/bsp/leon2/leon/mfix-at697f\libbcc.a(int_leon2.c.o)
                0x000000004003edf0                bcc_int_mask
                0x000000004003ee40                bcc_int_unmask
                0x000000004003ee90                bcc_int_clear
                0x000000004003eec8                bcc_int_force
                0x000000004003ef0c                bcc_int_pend
 .text          0x000000004003ef50        0x8 c:/opt/bcc-2.0.2-gcc/bin/../sparc-gaisler-elf/bsp/leon2/leon/mfix-at697f\libbcc.a(int_leon2_get_source.c.o)
                0x000000004003ef50                __bcc_int_get_source
 .text          0x000000004003ef58        0x8 c:/opt/bcc-2.0.2-gcc/bin/../sparc-gaisler-elf/bsp/leon2/leon/mfix-at697f\libbcc.a(int_leon2_init.c.o)
                0x000000004003ef58                __bcc_int_init
 .text          0x000000004003ef60       0x70 c:/opt/bcc-2.0.2-gcc/bin/../sparc-gaisler-elf/bsp/leon2/leon/mfix-at697f\libbcc.a(con_leon2.c.o)
                0x000000004003ef60                __bcc_con_init
                0x000000004003ef68                __bcc_con_outbyte
                0x000000004003ef9c                __bcc_con_inbyte
 .text          0x000000004003efd0       0x30 c:/opt/bcc-2.0.2-gcc/bin/../sparc-gaisler-elf/bsp/leon2/leon/mfix-at697f\libbcc.a(timer_leon2.c.o)
                0x000000004003efd0                __bcc_timer_init
                0x000000004003efd8                bcc_timer_get_us
 .text          0x000000004003f000        0xc c:/opt/bcc-2.0.2-gcc/bin/../sparc-gaisler-elf/bsp/leon2/leon/mfix-at697f\libbcc.a(set_pil.S.o)
                0x000000004003f000                bcc_set_pil
 .text          0x000000004003f00c        0x0 c:/opt/bcc-2.0.2-gcc/bin/../sparc-gaisler-elf/bsp/leon2/leon/mfix-at697f\libbcc.a(int_leon2_handle.c.o)
 .text          0x000000004003f00c        0x0 c:/opt/bcc-2.0.2-gcc/bin/../sparc-gaisler-elf/bsp/leon2/leon/mfix-at697f\libbcc.a(con_handle.c.o)
 .text          0x000000004003f00c        0x0 c:/opt/bcc-2.0.2-gcc/bin/../sparc-gaisler-elf/bsp/leon2/leon/mfix-at697f\libbcc.a(timer_handle.c.o)
 .text          0x000000004003f00c       0x1c c:/opt/bcc-2.0.2-gcc/bin/../lib/gcc/sparc-gaisler-elf/7.2.0/../../../../sparc-gaisler-elf/lib/leon/mfix-at697f\libc.a(lib_a-atexit.o)
                0x000000004003f00c                atexit
 .text          0x000000004003f028        0xc c:/opt/bcc-2.0.2-gcc/bin/../lib/gcc/sparc-gaisler-elf/7.2.0/../../../../sparc-gaisler-elf/lib/leon/mfix-at697f\libc.a(lib_a-errno.o)
                0x000000004003f028                __errno
 .text          0x000000004003f034       0x3c c:/opt/bcc-2.0.2-gcc/bin/../lib/gcc/sparc-gaisler-elf/7.2.0/../../../../sparc-gaisler-elf/lib/leon/mfix-at697f\libc.a(lib_a-exit.o)
                0x000000004003f034                exit
 .text          0x000000004003f070        0x0 c:/opt/bcc-2.0.2-gcc/bin/../lib/gcc/sparc-gaisler-elf/7.2.0/../../../../sparc-gaisler-elf/lib/leon/mfix-at697f\libc.a(lib_a-impure.o)
 .text          0x000000004003f070      0x19c c:/opt/bcc-2.0.2-gcc/bin/../lib/gcc/sparc-gaisler-elf/7.2.0/../../../../sparc-gaisler-elf/lib/leon/mfix-at697f\libc.a(lib_a-memcpy.o)
                0x000000004003f070                memcpy
 .text          0x000000004003f20c      0x158 c:/opt/bcc-2.0.2-gcc/bin/../lib/gcc/sparc-gaisler-elf/7.2.0/../../../../sparc-gaisler-elf/lib/leon/mfix-at697f\libc.a(lib_a-__atexit.o)
                0x000000004003f20c                __register_exitproc
 .text          0x000000004003f364      0x2b4 c:/opt/bcc-2.0.2-gcc/bin/../lib/gcc/sparc-gaisler-elf/7.2.0/../../../../sparc-gaisler-elf/lib/leon/mfix-at697f\libc.a(lib_a-__call_atexit.o)
                0x000000004003f364                __call_exitprocs
 .text          0x000000004003f618       0x18 c:/opt/bcc-2.0.2-gcc/bin/../sparc-gaisler-elf/bsp/leon2/leon/mfix-at697f\libbcc.a(_exit.S.o)
                0x000000004003f618                _exit
 .text          0x000000004003f630       0x48 c:/opt/bcc-2.0.2-gcc/bin/../lib/gcc/sparc-gaisler-elf/7.2.0/leon/mfix-at697f/crtend.o
 .text          0x000000004003f678        0x0 c:/opt/bcc-2.0.2-gcc/bin/../lib/gcc/sparc-gaisler-elf/7.2.0/leon/mfix-at697f/crtn.o
                0x000000004003f680                . = ALIGN (0x10)
 *fill*         0x000000004003f678        0x8 
 *(.eh_frame)
 .eh_frame      0x000000004003f680        0x0 c:/opt/bcc-2.0.2-gcc/bin/../lib/gcc/sparc-gaisler-elf/7.2.0/leon/mfix-at697f/crtbegin.o
 .eh_frame      0x000000004003f680        0x4 c:/opt/bcc-2.0.2-gcc/bin/../lib/gcc/sparc-gaisler-elf/7.2.0/leon/mfix-at697f/crtend.o
                0x000000004003f690                . = ALIGN (0x10)
 *fill*         0x000000004003f684        0xc 
 *(.gnu.linkonce.t*)
                0x000000004003f690                ___CTOR_LIST__ = .
                0x000000004003f690        0x4 LONG 0x2 (((___CTOR_END__ - ___CTOR_LIST__) / 0x4) - 0x2)
 *(SORT(.ctors.*))
 *(.ctors)
 .ctors         0x000000004003f694        0x4 c:/opt/bcc-2.0.2-gcc/bin/../lib/gcc/sparc-gaisler-elf/7.2.0/leon/mfix-at697f/crtbegin.o
 .ctors         0x000000004003f698        0x4 c:/opt/bcc-2.0.2-gcc/bin/../lib/gcc/sparc-gaisler-elf/7.2.0/leon/mfix-at697f/crtend.o
                0x000000004003f69c        0x4 LONG 0x0
                0x000000004003f6a0                ___CTOR_END__ = .
                0x000000004003f6a0                ___DTOR_LIST__ = .
                0x000000004003f6a0        0x4 LONG 0x2 (((___DTOR_END__ - ___DTOR_LIST__) / 0x4) - 0x2)
 *(SORT(.dtors.*))
 *(.dtors)
 .dtors         0x000000004003f6a4        0x4 c:/opt/bcc-2.0.2-gcc/bin/../lib/gcc/sparc-gaisler-elf/7.2.0/leon/mfix-at697f/crtbegin.o
 .dtors         0x000000004003f6a8        0x4 c:/opt/bcc-2.0.2-gcc/bin/../lib/gcc/sparc-gaisler-elf/7.2.0/leon/mfix-at697f/crtend.o
                0x000000004003f6a8                __DTOR_END__
                0x000000004003f6ac        0x4 LONG 0x0
                0x000000004003f6b0                ___DTOR_END__ = .
 *(.gnu.linkonce*)
 *(.init)
 .init          0x000000004003f6b0        0x4 c:/opt/bcc-2.0.2-gcc/bin/../lib/gcc/sparc-gaisler-elf/7.2.0/leon/mfix-at697f/crti.o
                0x000000004003f6b0                _init
 .init          0x000000004003f6b4        0x8 c:/opt/bcc-2.0.2-gcc/bin/../lib/gcc/sparc-gaisler-elf/7.2.0/leon/mfix-at697f/crtbegin.o
 .init          0x000000004003f6bc        0x8 c:/opt/bcc-2.0.2-gcc/bin/../lib/gcc/sparc-gaisler-elf/7.2.0/leon/mfix-at697f/crtend.o
 .init          0x000000004003f6c4        0xc c:/opt/bcc-2.0.2-gcc/bin/../lib/gcc/sparc-gaisler-elf/7.2.0/leon/mfix-at697f/crtn.o
 *(.fini)
 .fini          0x000000004003f6d0        0x4 c:/opt/bcc-2.0.2-gcc/bin/../lib/gcc/sparc-gaisler-elf/7.2.0/leon/mfix-at697f/crti.o
                0x000000004003f6d0                _fini
 .fini          0x000000004003f6d4        0x8 c:/opt/bcc-2.0.2-gcc/bin/../lib/gcc/sparc-gaisler-elf/7.2.0/leon/mfix-at697f/crtbegin.o
 .fini          0x000000004003f6dc        0xc c:/opt/bcc-2.0.2-gcc/bin/../lib/gcc/sparc-gaisler-elf/7.2.0/leon/mfix-at697f/crtn.o
 *(.lit)
 *(.shdata)
                0x000000004003f6f0                . = ALIGN (0x10)
 *fill*         0x000000004003f6e8        0x8 
                0x000000004003f6f0                __text_end = .

.gcc_except_table
 *(.gcc_except_table)

.rodata         0x000000004003f6f0     0x5130
                0x000000004003f6f0                __rodata_start = .
 *(.rodata*)
 .rodata.cst8   0x000000004003f6f0       0x38 C:\Users\ajarr\AppData\Local\Temp\ccUGTAbm.o
 .rodata        0x000000004003f728        0x0 C:\Users\ajarr\AppData\Local\Temp\ccP3ynSc.o
 .rodata        0x000000004003f728       0x10 C:\Users\ajarr\AppData\Local\Temp\ccFXi61M.o
 .rodata.cst4   0x000000004003f738        0x4 C:\Users\ajarr\AppData\Local\Temp\ccklvG8s.o
 .rodata        0x000000004003f73c        0x0 C:\Users\ajarr\AppData\Local\Temp\ccklvG8s.o
 .rodata        0x000000004003f73c        0x0 C:\Users\ajarr\AppData\Local\Temp\ccTN7O0E.o
 *fill*         0x000000004003f73c        0x4 
 .rodata.cst8   0x000000004003f740        0x8 C:\Users\ajarr\AppData\Local\Temp\ccaaPywI.o
 .rodata.cst8   0x000000004003f748       0x58 C:\Users\ajarr\AppData\Local\Temp\ccCiDg3z.o
                                         0xc8 (size before relaxing)
 .rodata.cst4   0x000000004003f7a0        0x4 C:\Users\ajarr\AppData\Local\Temp\ccCiDg3z.o
 *fill*         0x000000004003f7a4        0x4 
 .rodata.cst8   0x000000004003f7a8       0x18 C:\Users\ajarr\AppData\Local\Temp\ccFiodEC.o
                                         0x78 (size before relaxing)
 .rodata        0x000000004003f7c0     0x4724 C:\Users\ajarr\AppData\Local\Temp\ccmTRicO.o
                0x000000004003f7c0                c_I_nine_cross_nine
                0x000000004003fa48                c_I_three_cross_three
                0x000000004003fa90                c_Tv_wof_0034
                0x000000004003fad8                c_Tv_wof_0204
                0x000000004003fb20                c_Tv_wof_0230
                0x000000004003fb68                c_Tv_wof_1004
                0x000000004003fbb0                c_Tv_wof_1030
                0x000000004003fbf8                c_Tv_wof_1200
                0x000000004003fc40                c_B2wh_mat_0034
                0x000000004003fca0                c_B2wh_mat_0204
                0x000000004003fd00                c_B2wh_mat_0230
                0x000000004003fd60                c_B2wh_mat_1004
                0x000000004003fdc0                c_B2wh_mat_1030
                0x000000004003fe20                c_B2wh_mat_1200
                0x000000004003fe80                c_B2wh_mat_0234
                0x000000004003fee0                c_B2wh_mat_1034
                0x000000004003ff40                c_B2wh_mat_1204
                0x000000004003ffa0                c_B2wh_mat_1230
                0x0000000040040000                c_B2wh_mat_4RW
                0x0000000040040060                c_wh2B_mat_0034
                0x00000000400400c0                c_wh2B_mat_0204
                0x0000000040040120                c_wh2B_mat_0230
                0x0000000040040180                c_wh2B_mat_1004
                0x00000000400401e0                c_wh2B_mat_1030
                0x0000000040040240                c_wh2B_mat_1200
                0x00000000400402a0                c_wh2B_mat_0234
                0x0000000040040300                c_wh2B_mat_1034
                0x0000000040040360                c_wh2B_mat_1204
                0x00000000400403c0                c_wh2B_mat_1230
                0x0000000040040420                c_wh2B_mat_4RW
                0x0000000040040480                c_MOI_wh
                0x0000000040040488                c_MOI_wh4
                0x0000000040040490                c_MOI_wh3
                0x0000000040040498                c_MOI_wh2
                0x00000000400404a0                c_MOI_wh1
                0x00000000400404a8                TC_T_RW_MAX
                0x00000000400404b0                c_RADps2RPM
                0x00000000400404b8                c_RPM2RADpS
                0x00000000400404c0                c_DPMMAX
                0x00000000400404c8                c_wkm_sunmag
                0x00000000400404d0                c_wks_sunmag
                0x00000000400404d8                c_wkm_mag
                0x00000000400404e0                c_wks_mag
                0x00000000400404e8                c_ss2b4156
                0x0000000040040530                c_ss2b3456
                0x0000000040040578                c_ss2b2356
                0x00000000400405c0                c_ss2b1256
                0x0000000040040608                c_misaln_cor146
                0x0000000040040650                c_misaln_cor145
                0x0000000040040698                c_misaln_cor346
                0x00000000400406e0                c_misaln_cor345
                0x0000000040040728                c_misaln_cor326
                0x0000000040040770                c_misaln_cor325
                0x00000000400407b8                c_misaln_cor126
                0x0000000040040800                c_misaln_cor125
                0x0000000040040848                c_AngDev_SAMtransit_thrsld
                0x0000000040040850                c_AngDev_SMtransit_thrsld
                0x0000000040040858                c_Sunlit_Thrsld
                0x0000000040040860                c_SSThrsld
                0x0000000040040868                c_Imax_YN_Main
                0x0000000040040870                c_Imax_YP_Main
                0x0000000040040878                c_Imax_PN_Main
                0x0000000040040880                c_Imax_PP_Main
                0x0000000040040888                c_Imax_RNND_Main
                0x0000000040040890                c_Imax_RPND_Main
                0x0000000040040898                c_Imax_RND_Main
                0x00000000400408a0                c_Imax_RPD_Main
                0x00000000400408a8                c_Imax_YN_Red
                0x00000000400408b0                c_Imax_YP_Red
                0x00000000400408b8                c_Imax_PN_Red
                0x00000000400408c0                c_Imax_PP_Red
                0x00000000400408c8                c_Imax_RNND_Red
                0x00000000400408d0                c_Imax_RPND_Red
                0x00000000400408d8                c_Imax_RND_Red
                0x00000000400408e0                c_Imax_RPD_Red
                0x00000000400408e8                c_KDset3
                0x00000000400408f0                c_KDset2
                0x00000000400408f8                c_KDset1
                0x0000000040040900                c_Epsilon2
                0x0000000040040908                c_Epsilon1
                0x0000000040040910                c_Sun_Dis3
                0x0000000040040918                c_Sun_Dis2
                0x0000000040040920                c_Sun_Dis1
                0x0000000040040928                c_L_Ecliptic2
                0x0000000040040930                c_L_Ecliptic1
                0x0000000040040938                c_Msun2
                0x0000000040040940                c_Msun1
                0x0000000040040948                c_L_Msun2
                0x0000000040040950                c_L_Msun1
                0x0000000040040958                c_hsval
                0x0000000040040c98                c_hval
                0x0000000040040fd8                c_gsval
                0x0000000040041318                c_gval
                0x0000000040041658                c_sdmax
                0x0000000040041660                c_a
                0x0000000040041668                c_Pibytwo
                0x0000000040041670                c_Kmax
                0x0000000040041674                c_Nmax
                0x0000000040041678                nut
                0x0000000040043798                fc
                0x0000000040043860                c_rk_T
                0x0000000040043ae8                c_rk
                0x0000000040043d70                c_I_four_cross_four
                0x0000000040043db0                c_onesecond
                0x0000000040043db8                c_oneminute
                0x0000000040043dc0                c_halfhour
                0x0000000040043dc8                c_Mmax
                0x0000000040043dd0                c_AS2R
                0x0000000040043dd8                c_R2D
                0x0000000040043de0                c_D2R
                0x0000000040043de8                c_min_per_day
                0x0000000040043df0                c_temp4
                0x0000000040043df8                c_j4
                0x0000000040043e00                c_j3oj2
                0x0000000040043e08                c_qzms2t
                0x0000000040043e10                c_ss
                0x0000000040043e18                c_xpdotp
                0x0000000040043e20                c_Pi
                0x0000000040043e28                c_Day_To_Seconds
                0x0000000040043e30                c_invmu
                0x0000000040043e38                c_mu
                0x0000000040043e40                c_dividebyzerovalue
                0x0000000040043e48                c_xke
                0x0000000040043e50                c_x2o3
                0x0000000040043e58                c_Twopi
                0x0000000040043e60                c_j2
                0x0000000040043e68                c_au
                0x0000000040043e70                c_auer
                0x0000000040043e78                c_radiusearthkm
                0x0000000040043e80                c_vkmpersec
                0x0000000040043e88                c_OMEGAE
                0x0000000040043e90                c_tsince_min
                0x0000000040043e98                c_twomu
                0x0000000040043ea0                c_MiC
                0x0000000040043ea8                c_MaC
                0x0000000040043eb0                c_TM_RW_Resol
                0x0000000040043eb8                c_TM_Resol_B
                0x0000000040043ec0                c_TM_Resol_w
                0x0000000040043ec8                c_TM_Resol_DelThta
                0x0000000040043ed0                c_Resol_DelThta
                0x0000000040043ed8                c_Resol_B
                0x0000000040043ee0                c_FFFF
 *fill*         0x0000000040043ee4        0x4 
 .rodata.cst8   0x0000000040043ee8       0x58 C:\Users\ajarr\AppData\Local\Temp\ccFFxYas.o
                                         0xb0 (size before relaxing)
 .rodata.cst8   0x0000000040043f40       0x30 C:\Users\ajarr\AppData\Local\Temp\ccyGplMk.o
                                         0x78 (size before relaxing)
 .rodata        0x0000000040043f70        0x0 C:\Users\ajarr\AppData\Local\Temp\ccyGplMk.o
 .rodata.cst8   0x0000000040043f70       0x48 C:\Users\ajarr\AppData\Local\Temp\cc4bmzgK.o
                                         0x68 (size before relaxing)
 .rodata.cst4   0x0000000040043fb8        0x8 C:\Users\ajarr\AppData\Local\Temp\cc4bmzgK.o
 .rodata.cst8   0x0000000040043fc0       0x38 C:\Users\ajarr\AppData\Local\Temp\ccDyzQsg.o
                                         0xa0 (size before relaxing)
 .rodata.cst4   0x0000000040043ff8        0x8 C:\Users\ajarr\AppData\Local\Temp\ccDyzQsg.o
                                          0xc (size before relaxing)
 .rodata.cst8   0x0000000040044000      0x290 C:\Users\ajarr\AppData\Local\Temp\ccMrT4FW.o
                                        0x3c0 (size before relaxing)
 .rodata.cst8   0x0000000040044290       0x88 C:\Users\ajarr\AppData\Local\Temp\ccQlwCKg.o
 .rodata.cst8   0x0000000040044290       0xa8 c:/opt/bcc-2.0.2-gcc/bin/../lib/gcc/sparc-gaisler-elf/7.2.0/../../../../sparc-gaisler-elf/lib/leon/mfix-at697f\libm.a(lib_a-s_atan.o)
                                         0xd0 (size before relaxing)
 .rodata.cst8   0x0000000040044338       0x10 c:/opt/bcc-2.0.2-gcc/bin/../lib/gcc/sparc-gaisler-elf/7.2.0/../../../../sparc-gaisler-elf/lib/leon/mfix-at697f\libm.a(lib_a-s_floor.o)
 .rodata.str1.8
                0x0000000040044338        0x9 c:/opt/bcc-2.0.2-gcc/bin/../lib/gcc/sparc-gaisler-elf/7.2.0/../../../../sparc-gaisler-elf/lib/leon/mfix-at697f\libm.a(lib_a-w_acos.o)
 .rodata.cst8   0x0000000040044341        0x8 c:/opt/bcc-2.0.2-gcc/bin/../lib/gcc/sparc-gaisler-elf/7.2.0/../../../../sparc-gaisler-elf/lib/leon/mfix-at697f\libm.a(lib_a-w_acos.o)
 *fill*         0x0000000040044341        0x7 
 .rodata.str1.8
                0x0000000040044348        0x5 c:/opt/bcc-2.0.2-gcc/bin/../lib/gcc/sparc-gaisler-elf/7.2.0/../../../../sparc-gaisler-elf/lib/leon/mfix-at697f\libm.a(lib_a-w_asin.o)
                                          0x9 (size before relaxing)
 .rodata.cst8   0x000000004004434d        0x8 c:/opt/bcc-2.0.2-gcc/bin/../lib/gcc/sparc-gaisler-elf/7.2.0/../../../../sparc-gaisler-elf/lib/leon/mfix-at697f\libm.a(lib_a-w_asin.o)
 *fill*         0x000000004004434d        0x3 
 .rodata.str1.8
                0x0000000040044350        0x5 c:/opt/bcc-2.0.2-gcc/bin/../lib/gcc/sparc-gaisler-elf/7.2.0/../../../../sparc-gaisler-elf/lib/leon/mfix-at697f\libm.a(lib_a-w_fmod.o)
 .rodata.cst8   0x0000000040044355        0x8 c:/opt/bcc-2.0.2-gcc/bin/../lib/gcc/sparc-gaisler-elf/7.2.0/../../../../sparc-gaisler-elf/lib/leon/mfix-at697f\libm.a(lib_a-w_fmod.o)
 *fill*         0x0000000040044355        0x3 
 .rodata.str1.8
                0x0000000040044358        0x4 c:/opt/bcc-2.0.2-gcc/bin/../lib/gcc/sparc-gaisler-elf/7.2.0/../../../../sparc-gaisler-elf/lib/leon/mfix-at697f\libm.a(lib_a-w_pow.o)
 *fill*         0x000000004004435c        0x4 
 .rodata.cst8   0x0000000040044360       0x20 c:/opt/bcc-2.0.2-gcc/bin/../lib/gcc/sparc-gaisler-elf/7.2.0/../../../../sparc-gaisler-elf/lib/leon/mfix-at697f\libm.a(lib_a-w_pow.o)
                                         0x38 (size before relaxing)
 .rodata.str1.8
                0x0000000040044380        0x8 c:/opt/bcc-2.0.2-gcc/bin/../lib/gcc/sparc-gaisler-elf/7.2.0/../../../../sparc-gaisler-elf/lib/leon/mfix-at697f\libm.a(lib_a-w_sqrt.o)
                                          0x5 (size before relaxing)
 .rodata.cst8   0x0000000040044388        0x8 c:/opt/bcc-2.0.2-gcc/bin/../lib/gcc/sparc-gaisler-elf/7.2.0/../../../../sparc-gaisler-elf/lib/leon/mfix-at697f\libm.a(lib_a-w_sqrt.o)
 .rodata.cst8   0x0000000040044388       0x58 c:/opt/bcc-2.0.2-gcc/bin/../lib/gcc/sparc-gaisler-elf/7.2.0/../../../../sparc-gaisler-elf/lib/leon/mfix-at697f\libm.a(lib_a-e_acos.o)
                                         0x80 (size before relaxing)
 .rodata.cst8   0x00000000400443e0       0x80 c:/opt/bcc-2.0.2-gcc/bin/../lib/gcc/sparc-gaisler-elf/7.2.0/../../../../sparc-gaisler-elf/lib/leon/mfix-at697f\libm.a(lib_a-e_asin.o)
 .rodata.cst8   0x00000000400443e0       0x28 c:/opt/bcc-2.0.2-gcc/bin/../lib/gcc/sparc-gaisler-elf/7.2.0/../../../../sparc-gaisler-elf/lib/leon/mfix-at697f\libm.a(lib_a-e_atan2.o)
                                         0x58 (size before relaxing)
 .rodata        0x0000000040044408       0x10 c:/opt/bcc-2.0.2-gcc/bin/../lib/gcc/sparc-gaisler-elf/7.2.0/../../../../sparc-gaisler-elf/lib/leon/mfix-at697f\libm.a(lib_a-e_fmod.o)
 .rodata.str1.8
                0x0000000040044418        0x1 c:/opt/bcc-2.0.2-gcc/bin/../lib/gcc/sparc-gaisler-elf/7.2.0/../../../../sparc-gaisler-elf/lib/leon/mfix-at697f\libm.a(lib_a-e_pow.o)
 .rodata.cst8   0x0000000040044418       0xc8 c:/opt/bcc-2.0.2-gcc/bin/../lib/gcc/sparc-gaisler-elf/7.2.0/../../../../sparc-gaisler-elf/lib/leon/mfix-at697f\libm.a(lib_a-e_pow.o)
                                        0x120 (size before relaxing)
 .rodata.cst8   0x00000000400444e0       0x40 c:/opt/bcc-2.0.2-gcc/bin/../lib/gcc/sparc-gaisler-elf/7.2.0/../../../../sparc-gaisler-elf/lib/leon/mfix-at697f\libm.a(lib_a-e_rem_pio2.o)
                                         0x50 (size before relaxing)
 .rodata        0x0000000040044520      0x188 c:/opt/bcc-2.0.2-gcc/bin/../lib/gcc/sparc-gaisler-elf/7.2.0/../../../../sparc-gaisler-elf/lib/leon/mfix-at697f\libm.a(lib_a-e_rem_pio2.o)
 .rodata.cst8   0x00000000400446a8       0x40 c:/opt/bcc-2.0.2-gcc/bin/../lib/gcc/sparc-gaisler-elf/7.2.0/../../../../sparc-gaisler-elf/lib/leon/mfix-at697f\libm.a(lib_a-k_cos.o)
                                         0x50 (size before relaxing)
 .rodata.cst8   0x00000000400446e8       0x50 c:/opt/bcc-2.0.2-gcc/bin/../lib/gcc/sparc-gaisler-elf/7.2.0/../../../../sparc-gaisler-elf/lib/leon/mfix-at697f\libm.a(lib_a-k_rem_pio2.o)
                                         0x78 (size before relaxing)
 .rodata        0x0000000040044738       0x10 c:/opt/bcc-2.0.2-gcc/bin/../lib/gcc/sparc-gaisler-elf/7.2.0/../../../../sparc-gaisler-elf/lib/leon/mfix-at697f\libm.a(lib_a-k_rem_pio2.o)
 .rodata.cst8   0x0000000040044748       0x30 c:/opt/bcc-2.0.2-gcc/bin/../lib/gcc/sparc-gaisler-elf/7.2.0/../../../../sparc-gaisler-elf/lib/leon/mfix-at697f\libm.a(lib_a-k_sin.o)
                                         0x38 (size before relaxing)
 .rodata.cst8   0x0000000040044778       0x68 c:/opt/bcc-2.0.2-gcc/bin/../lib/gcc/sparc-gaisler-elf/7.2.0/../../../../sparc-gaisler-elf/lib/leon/mfix-at697f\libm.a(lib_a-k_tan.o)
                                         0x90 (size before relaxing)
 .rodata.cst8   0x00000000400447e0        0x8 c:/opt/bcc-2.0.2-gcc/bin/../lib/gcc/sparc-gaisler-elf/7.2.0/../../../../sparc-gaisler-elf/lib/leon/mfix-at697f\libm.a(lib_a-s_nan.o)
 .rodata        0x00000000400447e8       0x10 c:/opt/bcc-2.0.2-gcc/bin/../lib/gcc/sparc-gaisler-elf/7.2.0/../../../../sparc-gaisler-elf/lib/leon/mfix-at697f\libm.a(lib_a-s_rint.o)
 .rodata.cst8   0x00000000400447f8       0x18 c:/opt/bcc-2.0.2-gcc/bin/../lib/gcc/sparc-gaisler-elf/7.2.0/../../../../sparc-gaisler-elf/lib/leon/mfix-at697f\libm.a(lib_a-s_scalbn.o)
                                         0x20 (size before relaxing)
 .rodata        0x0000000040044810        0x4 c:/opt/bcc-2.0.2-gcc/bin/../lib/gcc/sparc-gaisler-elf/7.2.0/../../../../sparc-gaisler-elf/lib/leon/mfix-at697f\libc.a(lib_a-impure.o)
                0x0000000040044810                _global_impure_ptr
 *(.gnu.linkonce.r*)
                0x0000000040044820                . = ALIGN (0x10)
 *fill*         0x0000000040044814        0xc 
                0x0000000040044820                __rodata_end = .

.rela.dyn       0x0000000040044820        0x0
 .rela.iplt     0x0000000040044820        0x0 c:/opt/bcc-2.0.2-gcc/bin/../sparc-gaisler-elf/bsp/leon2/leon/mfix-at697f/trap_table_mvt.S.o
 .rela.text.traptable
                0x0000000040044820        0x0 c:/opt/bcc-2.0.2-gcc/bin/../sparc-gaisler-elf/bsp/leon2/leon/mfix-at697f/trap_table_mvt.S.o
 .rela.text     0x0000000040044820        0x0 c:/opt/bcc-2.0.2-gcc/bin/../sparc-gaisler-elf/bsp/leon2/leon/mfix-at697f/trap_table_mvt.S.o
 .rela.text.startup
                0x0000000040044820        0x0 c:/opt/bcc-2.0.2-gcc/bin/../sparc-gaisler-elf/bsp/leon2/leon/mfix-at697f/trap_table_mvt.S.o
 .rela.data     0x0000000040044820        0x0 c:/opt/bcc-2.0.2-gcc/bin/../sparc-gaisler-elf/bsp/leon2/leon/mfix-at697f/trap_table_mvt.S.o

.ext.data       0x0000000040044820        0x0
                0x0000000040044820                . = ALIGN (0x8)
                0x0000000040044820                __extdata_start = .
 *(.data.ext)
                0x0000000040044820                . = ALIGN (0x8)
                0x0000000040044820                __extdata_end = .
                0x0000000040044820                __extdata_start_lma = LOADADDR (.ext.data)
                0x0000000000000000                __extdata_size = SIZEOF (.ext.data)

.data           0x0000000040044820      0x550
                0x0000000040044820                . = ALIGN (0x8)
                0x0000000040044820                __data_start = .
 *(.data .data.*)
 .data          0x0000000040044820        0x0 c:/opt/bcc-2.0.2-gcc/bin/../sparc-gaisler-elf/bsp/leon2/leon/mfix-at697f/trap_table_mvt.S.o
 .data          0x0000000040044820        0x0 c:/opt/bcc-2.0.2-gcc/bin/../sparc-gaisler-elf/bsp/leon2/leon/mfix-at697f/crt0.S.o
 .data          0x0000000040044820        0x0 c:/opt/bcc-2.0.2-gcc/bin/../lib/gcc/sparc-gaisler-elf/7.2.0/leon/mfix-at697f/crti.o
 .data          0x0000000040044820        0x4 c:/opt/bcc-2.0.2-gcc/bin/../lib/gcc/sparc-gaisler-elf/7.2.0/leon/mfix-at697f/crtbegin.o
                0x0000000040044820                __dso_handle
 .data          0x0000000040044824        0x0 C:\Users\ajarr\AppData\Local\Temp\ccUGTAbm.o
 .data          0x0000000040044824        0x0 C:\Users\ajarr\AppData\Local\Temp\ccP3ynSc.o
 .data          0x0000000040044824       0x18 C:\Users\ajarr\AppData\Local\Temp\ccFXi61M.o
                0x0000000040044838                real_tm_wait
 .data          0x000000004004483c      0x3ac C:\Users\ajarr\AppData\Local\Temp\ccklvG8s.o
                0x000000004004483c                Resol_Table_Adcs
                0x0000000040044920                BlkExe_Status
                0x0000000040044924                FuncExecute_Table
                0x0000000040044b7c                Resol_Table
 .data          0x0000000040044be8        0x0 C:\Users\ajarr\AppData\Local\Temp\cc5njWzd.o
 .data          0x0000000040044be8        0x0 C:\Users\ajarr\AppData\Local\Temp\ccLPfxFQ.o
 .data          0x0000000040044be8        0x8 C:\Users\ajarr\AppData\Local\Temp\ccTN7O0E.o
                0x0000000040044be8                PL_Debug_Data
 .data          0x0000000040044bf0       0x20 C:\Users\ajarr\AppData\Local\Temp\ccVwpf2C.o
                0x0000000040044bf0                inter_HAL_EPS_Hardware_Status_SEL
 .data          0x0000000040044c10        0x0 C:\Users\ajarr\AppData\Local\Temp\cc7msB7H.o
 .data          0x0000000040044c10        0x0 C:\Users\ajarr\AppData\Local\Temp\cccJp1OK.o
 .data          0x0000000040044c10        0x0 C:\Users\ajarr\AppData\Local\Temp\ccPSFad8.o
 .data          0x0000000040044c10       0xbc C:\Users\ajarr\AppData\Local\Temp\ccqj1TAL.o
                0x0000000040044c10                Auto_manual
                0x0000000040044c14                UTP
                0x0000000040044c54                LTP
                0x0000000040044c94                Thermister_index_select
 .data          0x0000000040044ccc        0x0 C:\Users\ajarr\AppData\Local\Temp\cc5Jre8A.o
 *fill*         0x0000000040044ccc        0x4 
 .data          0x0000000040044cd0        0x4 C:\Users\ajarr\AppData\Local\Temp\ccaaPywI.o
                0x0000000040044cd0                NSP_addr_table
 .data          0x0000000040044cd4        0x0 C:\Users\ajarr\AppData\Local\Temp\ccCrGLKN.o
 .data          0x0000000040044cd4        0x0 C:\Users\ajarr\AppData\Local\Temp\ccCiDg3z.o
 .data          0x0000000040044cd4        0x0 C:\Users\ajarr\AppData\Local\Temp\ccFiodEC.o
 .data          0x0000000040044cd4        0x0 C:\Users\ajarr\AppData\Local\Temp\ccmTRicO.o
 .data          0x0000000040044cd4        0x0 C:\Users\ajarr\AppData\Local\Temp\ccFFxYas.o
 .data          0x0000000040044cd4        0x0 C:\Users\ajarr\AppData\Local\Temp\ccyGplMk.o
 .data          0x0000000040044cd4        0x0 C:\Users\ajarr\AppData\Local\Temp\cc4bmzgK.o
 .data          0x0000000040044cd4        0x0 C:\Users\ajarr\AppData\Local\Temp\ccDyzQsg.o
 .data          0x0000000040044cd4        0x0 C:\Users\ajarr\AppData\Local\Temp\cciwe9qQ.o
 .data          0x0000000040044cd4        0x0 C:\Users\ajarr\AppData\Local\Temp\ccMrT4FW.o
 .data          0x0000000040044cd4        0x0 C:\Users\ajarr\AppData\Local\Temp\ccQlwCKg.o
 .data          0x0000000040044cd4        0x0 C:\Users\ajarr\AppData\Local\Temp\ccCu5tdE.o
 .data          0x0000000040044cd4        0x0 c:/opt/bcc-2.0.2-gcc/bin/../lib/gcc/sparc-gaisler-elf/7.2.0/../../../../sparc-gaisler-elf/lib/leon/mfix-at697f\libm.a(lib_a-s_atan.o)
 .data          0x0000000040044cd4        0x0 c:/opt/bcc-2.0.2-gcc/bin/../lib/gcc/sparc-gaisler-elf/7.2.0/../../../../sparc-gaisler-elf/lib/leon/mfix-at697f\libm.a(lib_a-s_cos.o)
 .data          0x0000000040044cd4        0x0 c:/opt/bcc-2.0.2-gcc/bin/../lib/gcc/sparc-gaisler-elf/7.2.0/../../../../sparc-gaisler-elf/lib/leon/mfix-at697f\libm.a(lib_a-s_fabs.o)
 .data          0x0000000040044cd4        0x0 c:/opt/bcc-2.0.2-gcc/bin/../lib/gcc/sparc-gaisler-elf/7.2.0/../../../../sparc-gaisler-elf/lib/leon/mfix-at697f\libm.a(lib_a-s_floor.o)
 .data          0x0000000040044cd4        0x0 c:/opt/bcc-2.0.2-gcc/bin/../lib/gcc/sparc-gaisler-elf/7.2.0/../../../../sparc-gaisler-elf/lib/leon/mfix-at697f\libm.a(lib_a-s_round.o)
 .data          0x0000000040044cd4        0x0 c:/opt/bcc-2.0.2-gcc/bin/../lib/gcc/sparc-gaisler-elf/7.2.0/../../../../sparc-gaisler-elf/lib/leon/mfix-at697f\libm.a(lib_a-s_sin.o)
 .data          0x0000000040044cd4        0x0 c:/opt/bcc-2.0.2-gcc/bin/../lib/gcc/sparc-gaisler-elf/7.2.0/../../../../sparc-gaisler-elf/lib/leon/mfix-at697f\libm.a(lib_a-s_tan.o)
 .data          0x0000000040044cd4        0x0 c:/opt/bcc-2.0.2-gcc/bin/../lib/gcc/sparc-gaisler-elf/7.2.0/../../../../sparc-gaisler-elf/lib/leon/mfix-at697f\libm.a(lib_a-w_acos.o)
 .data          0x0000000040044cd4        0x0 c:/opt/bcc-2.0.2-gcc/bin/../lib/gcc/sparc-gaisler-elf/7.2.0/../../../../sparc-gaisler-elf/lib/leon/mfix-at697f\libm.a(lib_a-w_asin.o)
 .data          0x0000000040044cd4        0x0 c:/opt/bcc-2.0.2-gcc/bin/../lib/gcc/sparc-gaisler-elf/7.2.0/../../../../sparc-gaisler-elf/lib/leon/mfix-at697f\libm.a(lib_a-w_atan2.o)
 .data          0x0000000040044cd4        0x0 c:/opt/bcc-2.0.2-gcc/bin/../lib/gcc/sparc-gaisler-elf/7.2.0/../../../../sparc-gaisler-elf/lib/leon/mfix-at697f\libm.a(lib_a-w_fmod.o)
 .data          0x0000000040044cd4        0x0 c:/opt/bcc-2.0.2-gcc/bin/../lib/gcc/sparc-gaisler-elf/7.2.0/../../../../sparc-gaisler-elf/lib/leon/mfix-at697f\libm.a(lib_a-w_pow.o)
 .data          0x0000000040044cd4        0x0 c:/opt/bcc-2.0.2-gcc/bin/../lib/gcc/sparc-gaisler-elf/7.2.0/../../../../sparc-gaisler-elf/lib/leon/mfix-at697f\libm.a(lib_a-w_sqrt.o)
 .data          0x0000000040044cd4        0x0 c:/opt/bcc-2.0.2-gcc/bin/../lib/gcc/sparc-gaisler-elf/7.2.0/../../../../sparc-gaisler-elf/lib/leon/mfix-at697f\libm.a(lib_a-e_acos.o)
 .data          0x0000000040044cd4        0x0 c:/opt/bcc-2.0.2-gcc/bin/../lib/gcc/sparc-gaisler-elf/7.2.0/../../../../sparc-gaisler-elf/lib/leon/mfix-at697f\libm.a(lib_a-e_asin.o)
 .data          0x0000000040044cd4        0x0 c:/opt/bcc-2.0.2-gcc/bin/../lib/gcc/sparc-gaisler-elf/7.2.0/../../../../sparc-gaisler-elf/lib/leon/mfix-at697f\libm.a(lib_a-e_atan2.o)
 .data          0x0000000040044cd4        0x0 c:/opt/bcc-2.0.2-gcc/bin/../lib/gcc/sparc-gaisler-elf/7.2.0/../../../../sparc-gaisler-elf/lib/leon/mfix-at697f\libm.a(lib_a-e_fmod.o)
 .data          0x0000000040044cd4        0x0 c:/opt/bcc-2.0.2-gcc/bin/../lib/gcc/sparc-gaisler-elf/7.2.0/../../../../sparc-gaisler-elf/lib/leon/mfix-at697f\libm.a(lib_a-e_pow.o)
 .data          0x0000000040044cd4        0x0 c:/opt/bcc-2.0.2-gcc/bin/../lib/gcc/sparc-gaisler-elf/7.2.0/../../../../sparc-gaisler-elf/lib/leon/mfix-at697f\libm.a(lib_a-e_rem_pio2.o)
 .data          0x0000000040044cd4        0x0 c:/opt/bcc-2.0.2-gcc/bin/../lib/gcc/sparc-gaisler-elf/7.2.0/../../../../sparc-gaisler-elf/lib/leon/mfix-at697f\libm.a(lib_a-e_sqrt.o)
 .data          0x0000000040044cd4        0x0 c:/opt/bcc-2.0.2-gcc/bin/../lib/gcc/sparc-gaisler-elf/7.2.0/../../../../sparc-gaisler-elf/lib/leon/mfix-at697f\libm.a(lib_a-k_cos.o)
 .data          0x0000000040044cd4        0x0 c:/opt/bcc-2.0.2-gcc/bin/../lib/gcc/sparc-gaisler-elf/7.2.0/../../../../sparc-gaisler-elf/lib/leon/mfix-at697f\libm.a(lib_a-k_rem_pio2.o)
 .data          0x0000000040044cd4        0x0 c:/opt/bcc-2.0.2-gcc/bin/../lib/gcc/sparc-gaisler-elf/7.2.0/../../../../sparc-gaisler-elf/lib/leon/mfix-at697f\libm.a(lib_a-k_sin.o)
 .data          0x0000000040044cd4        0x0 c:/opt/bcc-2.0.2-gcc/bin/../lib/gcc/sparc-gaisler-elf/7.2.0/../../../../sparc-gaisler-elf/lib/leon/mfix-at697f\libm.a(lib_a-k_tan.o)
 .data          0x0000000040044cd4        0x0 c:/opt/bcc-2.0.2-gcc/bin/../lib/gcc/sparc-gaisler-elf/7.2.0/../../../../sparc-gaisler-elf/lib/leon/mfix-at697f\libm.a(lib_a-s_finite.o)
 .data          0x0000000040044cd4        0x4 c:/opt/bcc-2.0.2-gcc/bin/../lib/gcc/sparc-gaisler-elf/7.2.0/../../../../sparc-gaisler-elf/lib/leon/mfix-at697f\libm.a(lib_a-s_lib_ver.o)
                0x0000000040044cd4                __fdlib_version
 .data          0x0000000040044cd8        0x0 c:/opt/bcc-2.0.2-gcc/bin/../lib/gcc/sparc-gaisler-elf/7.2.0/../../../../sparc-gaisler-elf/lib/leon/mfix-at697f\libm.a(lib_a-s_matherr.o)
 .data          0x0000000040044cd8        0x0 c:/opt/bcc-2.0.2-gcc/bin/../lib/gcc/sparc-gaisler-elf/7.2.0/../../../../sparc-gaisler-elf/lib/leon/mfix-at697f\libm.a(lib_a-s_nan.o)
 .data          0x0000000040044cd8        0x0 c:/opt/bcc-2.0.2-gcc/bin/../lib/gcc/sparc-gaisler-elf/7.2.0/../../../../sparc-gaisler-elf/lib/leon/mfix-at697f\libm.a(lib_a-s_rint.o)
 .data          0x0000000040044cd8        0x0 c:/opt/bcc-2.0.2-gcc/bin/../lib/gcc/sparc-gaisler-elf/7.2.0/../../../../sparc-gaisler-elf/lib/leon/mfix-at697f\libm.a(lib_a-s_scalbn.o)
 .data          0x0000000040044cd8        0x0 c:/opt/bcc-2.0.2-gcc/bin/../lib/gcc/sparc-gaisler-elf/7.2.0/../../../../sparc-gaisler-elf/lib/leon/mfix-at697f\libm.a(lib_a-s_copysign.o)
 .data          0x0000000040044cd8        0x0 c:/opt/bcc-2.0.2-gcc/bin/../sparc-gaisler-elf/bsp/leon2/leon/mfix-at697f\libbcc.a(reset_trap_mvt.S.o)
 .data          0x0000000040044cd8        0x0 c:/opt/bcc-2.0.2-gcc/bin/../sparc-gaisler-elf/bsp/leon2/leon/mfix-at697f\libbcc.a(window_trap.S.o)
 .data          0x0000000040044cd8        0x0 c:/opt/bcc-2.0.2-gcc/bin/../sparc-gaisler-elf/bsp/leon2/leon/mfix-at697f\libbcc.a(interrupt_trap.S.o)
 .data          0x0000000040044cd8        0x0 c:/opt/bcc-2.0.2-gcc/bin/../sparc-gaisler-elf/bsp/leon2/leon/mfix-at697f\libbcc.a(flush_windows_trap.S.o)
 .data          0x0000000040044cd8        0x0 c:/opt/bcc-2.0.2-gcc/bin/../sparc-gaisler-elf/bsp/leon2/leon/mfix-at697f\libbcc.a(sw_trap_set_pil.S.o)
 .data          0x0000000040044cd8        0x0 c:/opt/bcc-2.0.2-gcc/bin/../sparc-gaisler-elf/bsp/leon2/leon/mfix-at697f\libbcc.a(trap.c.o)
 .data          0x0000000040044cd8        0x0 c:/opt/bcc-2.0.2-gcc/bin/../sparc-gaisler-elf/bsp/leon2/leon/mfix-at697f\libbcc.a(isr.c.o)
 .data          0x0000000040044cd8       0x10 c:/opt/bcc-2.0.2-gcc/bin/../sparc-gaisler-elf/bsp/leon2/leon/mfix-at697f\libbcc.a(int_nest.c.o)
                0x0000000040044cd8                __bcc_int_nest
 .data          0x0000000040044ce8        0x0 c:/opt/bcc-2.0.2-gcc/bin/../sparc-gaisler-elf/bsp/leon2/leon/mfix-at697f\libbcc.a(init.S.o)
 .data          0x0000000040044ce8       0x10 c:/opt/bcc-2.0.2-gcc/bin/../sparc-gaisler-elf/bsp/leon2/leon/mfix-at697f\libbcc.a(leon_info.S.o)
                0x0000000040044ce8                __bcc_leon_version
                0x0000000040044cec                __bcc_nwindows_min1
                0x0000000040044cf0                __bcc_nwindows
                0x0000000040044cf4                __bcc_cpuid
 .data          0x0000000040044cf8        0x0 c:/opt/bcc-2.0.2-gcc/bin/../sparc-gaisler-elf/bsp/leon2/leon/mfix-at697f\libbcc.a(dwzero.S.o)
 .data          0x0000000040044cf8        0x0 c:/opt/bcc-2.0.2-gcc/bin/../sparc-gaisler-elf/bsp/leon2/leon/mfix-at697f\libbcc.a(copy_data.c.o)
 .data          0x0000000040044cf8        0x0 c:/opt/bcc-2.0.2-gcc/bin/../sparc-gaisler-elf/bsp/leon2/leon/mfix-at697f\libbcc.a(lowlevel.S.o)
 .data          0x0000000040044cf8        0x0 c:/opt/bcc-2.0.2-gcc/bin/../sparc-gaisler-elf/bsp/leon2/leon/mfix-at697f\libbcc.a(lowlevel_leon2.S.o)
 .data          0x0000000040044cf8        0x0 c:/opt/bcc-2.0.2-gcc/bin/../sparc-gaisler-elf/bsp/leon2/leon/mfix-at697f\libbcc.a(int_leon2.c.o)
 .data          0x0000000040044cf8        0x0 c:/opt/bcc-2.0.2-gcc/bin/../sparc-gaisler-elf/bsp/leon2/leon/mfix-at697f\libbcc.a(int_leon2_get_source.c.o)
 .data          0x0000000040044cf8        0x0 c:/opt/bcc-2.0.2-gcc/bin/../sparc-gaisler-elf/bsp/leon2/leon/mfix-at697f\libbcc.a(int_leon2_init.c.o)
 .data          0x0000000040044cf8        0x0 c:/opt/bcc-2.0.2-gcc/bin/../sparc-gaisler-elf/bsp/leon2/leon/mfix-at697f\libbcc.a(con_leon2.c.o)
 .data          0x0000000040044cf8        0x0 c:/opt/bcc-2.0.2-gcc/bin/../sparc-gaisler-elf/bsp/leon2/leon/mfix-at697f\libbcc.a(timer_leon2.c.o)
 .data          0x0000000040044cf8        0x0 c:/opt/bcc-2.0.2-gcc/bin/../sparc-gaisler-elf/bsp/leon2/leon/mfix-at697f\libbcc.a(set_pil.S.o)
 .data          0x0000000040044cf8        0x4 c:/opt/bcc-2.0.2-gcc/bin/../sparc-gaisler-elf/bsp/leon2/leon/mfix-at697f\libbcc.a(int_leon2_handle.c.o)
                0x0000000040044cf8                __bcc_int_handle
 .data          0x0000000040044cfc        0x4 c:/opt/bcc-2.0.2-gcc/bin/../sparc-gaisler-elf/bsp/leon2/leon/mfix-at697f\libbcc.a(con_handle.c.o)
                0x0000000040044cfc                __bcc_con_handle
 .data          0x0000000040044d00        0x8 c:/opt/bcc-2.0.2-gcc/bin/../sparc-gaisler-elf/bsp/leon2/leon/mfix-at697f\libbcc.a(timer_handle.c.o)
                0x0000000040044d00                __bcc_timer_interrupt
                0x0000000040044d04                __bcc_timer_handle
 .data          0x0000000040044d08        0x0 c:/opt/bcc-2.0.2-gcc/bin/../lib/gcc/sparc-gaisler-elf/7.2.0/../../../../sparc-gaisler-elf/lib/leon/mfix-at697f\libc.a(lib_a-atexit.o)
 .data          0x0000000040044d08        0x0 c:/opt/bcc-2.0.2-gcc/bin/../lib/gcc/sparc-gaisler-elf/7.2.0/../../../../sparc-gaisler-elf/lib/leon/mfix-at697f\libc.a(lib_a-errno.o)
 .data          0x0000000040044d08        0x0 c:/opt/bcc-2.0.2-gcc/bin/../lib/gcc/sparc-gaisler-elf/7.2.0/../../../../sparc-gaisler-elf/lib/leon/mfix-at697f\libc.a(lib_a-exit.o)
 .data          0x0000000040044d08       0x64 c:/opt/bcc-2.0.2-gcc/bin/../lib/gcc/sparc-gaisler-elf/7.2.0/../../../../sparc-gaisler-elf/lib/leon/mfix-at697f\libc.a(lib_a-impure.o)
                0x0000000040044d08                _impure_ptr
 .data          0x0000000040044d6c        0x0 c:/opt/bcc-2.0.2-gcc/bin/../lib/gcc/sparc-gaisler-elf/7.2.0/../../../../sparc-gaisler-elf/lib/leon/mfix-at697f\libc.a(lib_a-memcpy.o)
 .data          0x0000000040044d6c        0x0 c:/opt/bcc-2.0.2-gcc/bin/../lib/gcc/sparc-gaisler-elf/7.2.0/../../../../sparc-gaisler-elf/lib/leon/mfix-at697f\libc.a(lib_a-__atexit.o)
 .data          0x0000000040044d6c        0x0 c:/opt/bcc-2.0.2-gcc/bin/../lib/gcc/sparc-gaisler-elf/7.2.0/../../../../sparc-gaisler-elf/lib/leon/mfix-at697f\libc.a(lib_a-__call_atexit.o)
 .data          0x0000000040044d6c        0x0 c:/opt/bcc-2.0.2-gcc/bin/../sparc-gaisler-elf/bsp/leon2/leon/mfix-at697f\libbcc.a(_exit.S.o)
 .data          0x0000000040044d6c        0x0 c:/opt/bcc-2.0.2-gcc/bin/../lib/gcc/sparc-gaisler-elf/7.2.0/leon/mfix-at697f/crtend.o
 .data          0x0000000040044d6c        0x0 c:/opt/bcc-2.0.2-gcc/bin/../lib/gcc/sparc-gaisler-elf/7.2.0/leon/mfix-at697f/crtn.o
                0x0000000040044d70                . = ALIGN (0x8)
 *fill*         0x0000000040044d6c        0x4 
                0x0000000040044d70                __data_end = .
                0x0000000040044820                __data_start_lma = LOADADDR (.data)
                0x0000000000000550                __data_size = SIZEOF (.data)

.iplt           0x0000000040044d70        0x0
 .iplt          0x0000000040044d70        0x0 c:/opt/bcc-2.0.2-gcc/bin/../sparc-gaisler-elf/bsp/leon2/leon/mfix-at697f/trap_table_mvt.S.o

.tm_clone_table
                0x0000000040044d70        0x0
 .tm_clone_table
                0x0000000040044d70        0x0 c:/opt/bcc-2.0.2-gcc/bin/../lib/gcc/sparc-gaisler-elf/7.2.0/leon/mfix-at697f/crtbegin.o
 .tm_clone_table
                0x0000000040044d70        0x0 c:/opt/bcc-2.0.2-gcc/bin/../lib/gcc/sparc-gaisler-elf/7.2.0/leon/mfix-at697f/crtend.o

.bss            0x0000000040044d70    0x8e980
                0x0000000040044d70                . = ALIGN (0x8)
                0x0000000040044d70                __bss_start = .
 *(.bss .bss.*)
 .bss           0x0000000040044d70        0x0 c:/opt/bcc-2.0.2-gcc/bin/../sparc-gaisler-elf/bsp/leon2/leon/mfix-at697f/trap_table_mvt.S.o
 .bss           0x0000000040044d70        0x4 c:/opt/bcc-2.0.2-gcc/bin/../sparc-gaisler-elf/bsp/leon2/leon/mfix-at697f/crt0.S.o
                0x0000000040044d70                __bcc_sp_at_entry
 .bss           0x0000000040044d74        0x0 c:/opt/bcc-2.0.2-gcc/bin/../lib/gcc/sparc-gaisler-elf/7.2.0/leon/mfix-at697f/crti.o
 .bss           0x0000000040044d74       0x20 c:/opt/bcc-2.0.2-gcc/bin/../lib/gcc/sparc-gaisler-elf/7.2.0/leon/mfix-at697f/crtbegin.o
 .bss           0x0000000040044d94        0x0 C:\Users\ajarr\AppData\Local\Temp\ccUGTAbm.o
 .bss           0x0000000040044d94        0x1 C:\Users\ajarr\AppData\Local\Temp\ccP3ynSc.o
 *fill*         0x0000000040044d95        0x3 
 .bss           0x0000000040044d98        0x8 C:\Users\ajarr\AppData\Local\Temp\ccFXi61M.o
                0x0000000040044d98                test_st_sp
                0x0000000040044d99                filler_byte
                0x0000000040044d9c                repeat_count
 .bss           0x0000000040044da0       0x22 C:\Users\ajarr\AppData\Local\Temp\ccklvG8s.o
                0x0000000040044da0                Diff_stop_srl_num
                0x0000000040044da4                Diff_start_srl_num
                0x0000000040044da8                DTTC_count
                0x0000000040044dac                head
                0x0000000040044db0                ATTC_count
                0x0000000040044db4                ATTC_exe_en
                0x0000000040044db8                ATTC_Master_en
                0x0000000040044dbc                Nodeptrempty_flag
                0x0000000040044dc0                ComputedParity
                0x0000000040044dc1                RcvdParity
 .bss           0x0000000040044dc2        0x0 C:\Users\ajarr\AppData\Local\Temp\cc5njWzd.o
 .bss           0x0000000040044dc2        0x0 C:\Users\ajarr\AppData\Local\Temp\ccLPfxFQ.o
 .bss           0x0000000040044dc2        0x0 C:\Users\ajarr\AppData\Local\Temp\ccTN7O0E.o
 *fill*         0x0000000040044dc2        0x2 
 .bss           0x0000000040044dc4        0x8 C:\Users\ajarr\AppData\Local\Temp\ccVwpf2C.o
                0x0000000040044dc4                load_shedding_flag
                0x0000000040044dc5                low_battery_voltage
                0x0000000040044dc8                inter_HAL_EPS_Hardware_Status_count
 .bss           0x0000000040044dcc        0x4 C:\Users\ajarr\AppData\Local\Temp\cc7msB7H.o
                0x0000000040044dcc                imu_count
 .bss           0x0000000040044dd0        0x0 C:\Users\ajarr\AppData\Local\Temp\cccJp1OK.o
 .bss           0x0000000040044dd0        0xc C:\Users\ajarr\AppData\Local\Temp\ccPSFad8.o
                0x0000000040044dd0                gpstest
                0x0000000040044dd4                gps_ready_bit
                0x0000000040044dd8                gps_count
 .bss           0x0000000040044ddc        0x0 C:\Users\ajarr\AppData\Local\Temp\ccqj1TAL.o
 .bss           0x0000000040044ddc        0x4 C:\Users\ajarr\AppData\Local\Temp\cc5Jre8A.o
                0x0000000040044ddc                MTR_Reset_Flag
 .bss           0x0000000040044de0        0xe C:\Users\ajarr\AppData\Local\Temp\ccaaPywI.o
                0x0000000040044dec                crc_test
 *fill*         0x0000000040044dee        0x2 
 .bss           0x0000000040044df0       0x18 C:\Users\ajarr\AppData\Local\Temp\ccCrGLKN.o
                0x0000000040044df0                SA2_status
                0x0000000040044df4                SA1_status
                0x0000000040044df8                TC_HAL_SA_Deploy
                0x0000000040044dfc                SA_Command_Type
                0x0000000040044e00                SA2_Deploy_cmd_rcvd_time
                0x0000000040044e04                SA1_Deploy_cmd_rcvd_time
 .bss           0x0000000040044e08        0x0 C:\Users\ajarr\AppData\Local\Temp\ccCiDg3z.o
 .bss           0x0000000040044e08        0x0 C:\Users\ajarr\AppData\Local\Temp\ccFiodEC.o
 .bss           0x0000000040044e08        0x0 C:\Users\ajarr\AppData\Local\Temp\ccmTRicO.o
 .bss           0x0000000040044e08        0x0 C:\Users\ajarr\AppData\Local\Temp\ccFFxYas.o
 .bss           0x0000000040044e08        0x0 C:\Users\ajarr\AppData\Local\Temp\ccyGplMk.o
 .bss           0x0000000040044e08        0x0 C:\Users\ajarr\AppData\Local\Temp\cc4bmzgK.o
 .bss           0x0000000040044e08        0x0 C:\Users\ajarr\AppData\Local\Temp\ccDyzQsg.o
 .bss           0x0000000040044e08       0x30 C:\Users\ajarr\AppData\Local\Temp\cciwe9qQ.o
                0x0000000040044e08                tmin
                0x0000000040044e10                distsqrd
                0x0000000040044e18                adotb
                0x0000000040044e20                asqrd
                0x0000000040044e28                bsqrd
                0x0000000040044e30                tempse
 .bss           0x0000000040044e38        0x0 C:\Users\ajarr\AppData\Local\Temp\ccMrT4FW.o
 .bss           0x0000000040044e38        0x0 C:\Users\ajarr\AppData\Local\Temp\ccQlwCKg.o
 .bss           0x0000000040044e38        0x0 C:\Users\ajarr\AppData\Local\Temp\ccCu5tdE.o