Archive member included to satisfy reference by file (symbol)

c:/opt/bcc-2.0.2-gcc/bin/../lib/gcc/sparc-gaisler-elf/7.2.0/../../../../sparc-gaisler-elf/lib/leon/mfix-at697f\libm.a(lib_a-s_atan.o)
                              C:\Users\Bhagawat\AppData\Local\Temp\cc5EtDn1.o (atan)
c:/opt/bcc-2.0.2-gcc/bin/../lib/gcc/sparc-gaisler-elf/7.2.0/../../../../sparc-gaisler-elf/lib/leon/mfix-at697f\libm.a(lib_a-s_cos.o)
                              C:\Users\Bhagawat\AppData\Local\Temp\ccVD7Kja.o (cos)
c:/opt/bcc-2.0.2-gcc/bin/../lib/gcc/sparc-gaisler-elf/7.2.0/../../../../sparc-gaisler-elf/lib/leon/mfix-at697f\libm.a(lib_a-s_fabs.o)
                              c:/opt/bcc-2.0.2-gcc/bin/../lib/gcc/sparc-gaisler-elf/7.2.0/../../../../sparc-gaisler-elf/lib/leon/mfix-at697f\libm.a(lib_a-s_atan.o) (fabs)
c:/opt/bcc-2.0.2-gcc/bin/../lib/gcc/sparc-gaisler-elf/7.2.0/../../../../sparc-gaisler-elf/lib/leon/mfix-at697f\libm.a(lib_a-s_floor.o)
                              C:\Users\Bhagawat\AppData\Local\Temp\ccm9XfIv.o (floor)
c:/opt/bcc-2.0.2-gcc/bin/../lib/gcc/sparc-gaisler-elf/7.2.0/../../../../sparc-gaisler-elf/lib/leon/mfix-at697f\libm.a(lib_a-s_round.o)
                              C:\Users\Bhagawat\AppData\Local\Temp\ccUeU7Fb.o (round)
c:/opt/bcc-2.0.2-gcc/bin/../lib/gcc/sparc-gaisler-elf/7.2.0/../../../../sparc-gaisler-elf/lib/leon/mfix-at697f\libm.a(lib_a-s_sin.o)
                              C:\Users\Bhagawat\AppData\Local\Temp\ccVD7Kja.o (sin)
c:/opt/bcc-2.0.2-gcc/bin/../lib/gcc/sparc-gaisler-elf/7.2.0/../../../../sparc-gaisler-elf/lib/leon/mfix-at697f\libm.a(lib_a-s_tan.o)
                              C:\Users\Bhagawat\AppData\Local\Temp\cc5EtDn1.o (tan)
c:/opt/bcc-2.0.2-gcc/bin/../lib/gcc/sparc-gaisler-elf/7.2.0/../../../../sparc-gaisler-elf/lib/leon/mfix-at697f\libm.a(lib_a-w_acos.o)
                              C:\Users\Bhagawat\AppData\Local\Temp\cc6yP3uP.o (acos)
c:/opt/bcc-2.0.2-gcc/bin/../lib/gcc/sparc-gaisler-elf/7.2.0/../../../../sparc-gaisler-elf/lib/leon/mfix-at697f\libm.a(lib_a-w_asin.o)
                              C:\Users\Bhagawat\AppData\Local\Temp\ccm9XfIv.o (asin)
c:/opt/bcc-2.0.2-gcc/bin/../lib/gcc/sparc-gaisler-elf/7.2.0/../../../../sparc-gaisler-elf/lib/leon/mfix-at697f\libm.a(lib_a-w_atan2.o)
                              C:\Users\Bhagawat\AppData\Local\Temp\cc5EtDn1.o (atan2)
c:/opt/bcc-2.0.2-gcc/bin/../lib/gcc/sparc-gaisler-elf/7.2.0/../../../../sparc-gaisler-elf/lib/leon/mfix-at697f\libm.a(lib_a-w_fmod.o)
                              C:\Users\Bhagawat\AppData\Local\Temp\ccm9XfIv.o (fmod)
c:/opt/bcc-2.0.2-gcc/bin/../lib/gcc/sparc-gaisler-elf/7.2.0/../../../../sparc-gaisler-elf/lib/leon/mfix-at697f\libm.a(lib_a-w_pow.o)
                              C:\Users\Bhagawat\AppData\Local\Temp\cc6yP3uP.o (pow)
c:/opt/bcc-2.0.2-gcc/bin/../lib/gcc/sparc-gaisler-elf/7.2.0/../../../../sparc-gaisler-elf/lib/leon/mfix-at697f\libm.a(lib_a-w_sqrt.o)
                              C:\Users\Bhagawat\AppData\Local\Temp\cc2kvQDC.o (sqrt)
c:/opt/bcc-2.0.2-gcc/bin/../lib/gcc/sparc-gaisler-elf/7.2.0/../../../../sparc-gaisler-elf/lib/leon/mfix-at697f\libm.a(lib_a-e_acos.o)
                              c:/opt/bcc-2.0.2-gcc/bin/../lib/gcc/sparc-gaisler-elf/7.2.0/../../../../sparc-gaisler-elf/lib/leon/mfix-at697f\libm.a(lib_a-w_acos.o) (__ieee754_acos)
c:/opt/bcc-2.0.2-gcc/bin/../lib/gcc/sparc-gaisler-elf/7.2.0/../../../../sparc-gaisler-elf/lib/leon/mfix-at697f\libm.a(lib_a-e_asin.o)
                              c:/opt/bcc-2.0.2-gcc/bin/../lib/gcc/sparc-gaisler-elf/7.2.0/../../../../sparc-gaisler-elf/lib/leon/mfix-at697f\libm.a(lib_a-w_asin.o) (__ieee754_asin)
c:/opt/bcc-2.0.2-gcc/bin/../lib/gcc/sparc-gaisler-elf/7.2.0/../../../../sparc-gaisler-elf/lib/leon/mfix-at697f\libm.a(lib_a-e_atan2.o)
                              c:/opt/bcc-2.0.2-gcc/bin/../lib/gcc/sparc-gaisler-elf/7.2.0/../../../../sparc-gaisler-elf/lib/leon/mfix-at697f\libm.a(lib_a-w_atan2.o) (__ieee754_atan2)
c:/opt/bcc-2.0.2-gcc/bin/../lib/gcc/sparc-gaisler-elf/7.2.0/../../../../sparc-gaisler-elf/lib/leon/mfix-at697f\libm.a(lib_a-e_fmod.o)
                              c:/opt/bcc-2.0.2-gcc/bin/../lib/gcc/sparc-gaisler-elf/7.2.0/../../../../sparc-gaisler-elf/lib/leon/mfix-at697f\libm.a(lib_a-w_fmod.o) (__ieee754_fmod)
c:/opt/bcc-2.0.2-gcc/bin/../lib/gcc/sparc-gaisler-elf/7.2.0/../../../../sparc-gaisler-elf/lib/leon/mfix-at697f\libm.a(lib_a-e_pow.o)
                              c:/opt/bcc-2.0.2-gcc/bin/../lib/gcc/sparc-gaisler-elf/7.2.0/../../../../sparc-gaisler-elf/lib/leon/mfix-at697f\libm.a(lib_a-w_pow.o) (__ieee754_pow)
c:/opt/bcc-2.0.2-gcc/bin/../lib/gcc/sparc-gaisler-elf/7.2.0/../../../../sparc-gaisler-elf/lib/leon/mfix-at697f\libm.a(lib_a-e_rem_pio2.o)
                              c:/opt/bcc-2.0.2-gcc/bin/../lib/gcc/sparc-gaisler-elf/7.2.0/../../../../sparc-gaisler-elf/lib/leon/mfix-at697f\libm.a(lib_a-s_cos.o) (__ieee754_rem_pio2)
[...]
Memory Configuration

Name             Origin             Length             Attributes
rom              0x0000000000000000 0x0000000020000000
ram              0x0000000040000000 0x0000000040000000
*default*        0x0000000000000000 0xffffffffffffffff

Linker script and memory map

LOAD c:/opt/bcc-2.0.2-gcc/bin/../sparc-gaisler-elf/bsp/leon2/leon/mfix-at697f/trap_table_mvt.S.o
LOAD c:/opt/bcc-2.0.2-gcc/bin/../sparc-gaisler-elf/bsp/leon2/leon/mfix-at697f/crt0.S.o
LOAD c:/opt/bcc-2.0.2-gcc/bin/../lib/gcc/sparc-gaisler-elf/7.2.0/leon/mfix-at697f/crti.o
LOAD c:/opt/bcc-2.0.2-gcc/bin/../lib/gcc/sparc-gaisler-elf/7.2.0/leon/mfix-at697f/crtbegin.o
LOAD C:\Users\Bhagawat\AppData\Local\Temp\ccB9oE4Q.o
LOAD C:\Users\Bhagawat\AppData\Local\Temp\ccgusVbt.o
LOAD C:\Users\Bhagawat\AppData\Local\Temp\ccnFU4Tw.o
LOAD C:\Users\Bhagawat\AppData\Local\Temp\ccVD7Kja.o
LOAD C:\Users\Bhagawat\AppData\Local\Temp\ccBWK06S.o
LOAD C:\Users\Bhagawat\AppData\Local\Temp\ccAGvxFL.o
LOAD C:\Users\Bhagawat\AppData\Local\Temp\ccUIM34N.o
LOAD C:\Users\Bhagawat\AppData\Local\Temp\cc4Vd1L6.o
LOAD C:\Users\Bhagawat\AppData\Local\Temp\cceXC61x.o
LOAD C:\Users\Bhagawat\AppData\Local\Temp\cc2o3ELa.o
LOAD C:\Users\Bhagawat\AppData\Local\Temp\ccoy5N1b.o
LOAD C:\Users\Bhagawat\AppData\Local\Temp\cc30eO0q.o
LOAD C:\Users\Bhagawat\AppData\Local\Temp\ccagYdCV.o
LOAD C:\Users\Bhagawat\AppData\Local\Temp\ccLCF4aU.o
LOAD C:\Users\Bhagawat\AppData\Local\Temp\ccLhcQKU.o
LOAD C:\Users\Bhagawat\AppData\Local\Temp\cc2kvQDC.o
LOAD C:\Users\Bhagawat\AppData\Local\Temp\cc6yP3uP.o
LOAD C:\Users\Bhagawat\AppData\Local\Temp\ccseFS9a.o
LOAD C:\Users\Bhagawat\AppData\Local\Temp\ccUeU7Fb.o
LOAD C:\Users\Bhagawat\AppData\Local\Temp\cch8AKQm.o
LOAD C:\Users\Bhagawat\AppData\Local\Temp\cc7yezFl.o
LOAD C:\Users\Bhagawat\AppData\Local\Temp\cc5EtDn1.o
LOAD C:\Users\Bhagawat\AppData\Local\Temp\cc321CGQ.o
LOAD C:\Users\Bhagawat\AppData\Local\Temp\ccm9XfIv.o
LOAD C:\Users\Bhagawat\AppData\Local\Temp\cczI8zex.o
LOAD C:\Users\Bhagawat\AppData\Local\Temp\cc9Ef0bG.o
LOAD c:/opt/bcc-2.0.2-gcc/bin/../lib/gcc/sparc-gaisler-elf/7.2.0/../../../../sparc-gaisler-elf/lib/leon/mfix-at697f\libm.a
                0x0000000000000000                PROVIDE (__bcc_cfg_skip_clear_bss, 0x0)

.text           0x0000000040000000    0x47600
 CREATE_OBJECT_SYMBOLS
                0x0000000040000000                __text_start = .
                0x0000000040000000                . = ALIGN (0x1000)
 *(.text.traptable)
 .text.traptable
                0x0000000040000000     0x1000 c:/opt/bcc-2.0.2-gcc/bin/../sparc-gaisler-elf/bsp/leon2/leon/mfix-at697f/trap_table_mvt.S.o
                0x0000000040000000                __bcc_entry_point
                0x0000000040000000                __bcc_trap_table
 *(.text .text.*)
 .text          0x0000000040001000        0x0 c:/opt/bcc-2.0.2-gcc/bin/../sparc-gaisler-elf/bsp/leon2/leon/mfix-at697f/trap_table_mvt.S.o
 .text          0x0000000040001000       0xb8 c:/opt/bcc-2.0.2-gcc/bin/../sparc-gaisler-elf/bsp/leon2/leon/mfix-at697f/crt0.S.o
                0x0000000040001000                __bcc_crt0
 .text          0x00000000400010b8        0x0 c:/opt/bcc-2.0.2-gcc/bin/../lib/gcc/sparc-gaisler-elf/7.2.0/leon/mfix-at697f/crti.o
 .text          0x00000000400010b8      0x180 c:/opt/bcc-2.0.2-gcc/bin/../lib/gcc/sparc-gaisler-elf/7.2.0/leon/mfix-at697f/crtbegin.o
 .text          0x0000000040001238      0x974 C:\Users\Bhagawat\AppData\Local\Temp\ccB9oE4Q.o
                0x0000000040001238                rMinCycle_Wait
                0x00000000400012d4                OBC_Process
                0x0000000040001b5c                rMinCycle_Flag_Reset
 .text.startup  0x0000000040001bac       0xa0 C:\Users\Bhagawat\AppData\Local\Temp\ccB9oE4Q.o
                0x0000000040001bac                main
 .text          0x0000000040001c4c      0xab0 C:\Users\Bhagawat\AppData\Local\Temp\ccgusVbt.o
                0x0000000040001c6c                Init_Memory
                0x0000000040001ca0                checksum_u32
                0x0000000040001d0c                checksum_u8
                0x0000000040001d60                rOutput_Latch_Update
                0x0000000040001f3c                ST_output_update
                0x0000000040002154                NMI_interrupt_test
                0x0000000040002210                MUX_Output
                0x0000000040002550                EEPROM_RST
                0x0000000040002584                EEPROM_RES
                0x00000000400025b4                s_ram_scrub
                0x0000000040002630                prom_chksum
 .text          0x00000000400026fc     0xd824 C:\Users\Bhagawat\AppData\Local\Temp\ccnFU4Tw.o
                0x00000000400028e8                rHAL_TM_Write
                0x0000000040002b48                rHAL_TM_HW_Status_Update
                0x0000000040002c80                rTM_Address_Table_Init
                0x000000004000c900                rTM_Copy_Subframe
                0x000000004000c970                Sampling_Rate_Select
                0x000000004000c9cc                Frame_Address_Select
                0x000000004000cb38                rTCH_full_dump_cpy_buf
                0x000000004000ccac                rTCH_dump_cpy_buf
                0x000000004000d050                TC_Hist_dumping
                0x000000004000d09c                copy_frame
                0x000000004000d154                ST_Copy_Subframe
                0x000000004000d618                StorageTelemetry
                0x000000004000d6b0                Storage_Telemetry_Write
                0x000000004000d6d8                Norm_ST_1_Table_Init
                0x000000004000ef9c                Spec_ST_Table_Init
                0x000000004000fc38                ST_DUMPING
                0x000000004000fd9c                rTM_Real_st_write
                0x000000004000fedc                ST_full_dump
 .text          0x000000004000ff20     0x7414 C:\Users\Bhagawat\AppData\Local\Temp\ccVD7Kja.o
                0x0000000040010118                TC_IMU1_On
                0x0000000040010158                TC_IMU2_On
                0x0000000040010198                TC_IMU1_Off
                0x00000000400101d8                TC_IMU2_Off
                0x0000000040010218                TC_NMI_count_reset
                0x000000004001022c                TC_GPS1_ON
                0x000000004001025c                TC_GPS1_OFF
                0x0000000040010290                TC_GPS2_on
                0x00000000400102c4                TC_GPS2_off
                0x00000000400102fc                TC_W1_ON
                0x000000004001032c                TC_W2_ON
                0x0000000040010360                TC_W3_ON
                0x0000000040010390                TC_W4_ON
                0x00000000400103c0                TC_W1_OFF
                0x00000000400103f0                TC_W2_OFF
                0x0000000040010420                TC_W3_OFF
                0x0000000040010450                TC_W4_OFF
                0x0000000040010480                rTC_Detumbling_ModePreprocessing_BDOT
                0x0000000040010490                rTC_Detumbling_ModePreprocessing_GYRO
                0x00000000400104a0                rTC_SunAcquisition_ModePreprocessing
                0x00000000400104b0                rTC_ThreeAxis_ModePreprocessing
                0x00000000400104c0                rTC_Suspended_ModePreprocessing
                0x00000000400104cc                PL_K_CMD_HLT
                0x00000000400104fc                rTLE_Update
                0x000000004001080c                Antenna_mechanism_ON
                0x000000004001083c                Antenna_mechanism_OFF
                0x000000004001086c                S_band_tx_on
                0x000000004001089c                S_band_tx_off
                0x00000000400108cc                SA_DEPLOYMENT_MECHANISM_MAIN_OFF
                0x0000000040010900                SA_DEPLOYMENT_MECHANISM_RED_OFF
                0x0000000040010934                sunlit
                0x0000000040010944                eclipse
                0x0000000040010950                Sunlit_eclipse_both
                0x0000000040010960                rSafe_mode_PreProcessing
                0x0000000040010970                eeprom_en
                0x0000000040010980                eeprom_dis
                0x000000004001098c                TC_ATTC_CMD_clear
                0x0000000040010a4c                rElapsedTimerAssign
                0x0000000040010a9c                imu1_db_execute
                0x0000000040010aa8                imu2_db_execute
                0x0000000040010ab4                TC_ACC_Ang_RESET
                0x0000000040010ac0                TC_GPS1_NMEA_VTG_enable
                0x0000000040010aec                TC_GPS1_NMEA_VTG_disable
                0x0000000040010b18                TC_GPS1_NMEA_GGA_enable
                0x0000000040010b44                TC_GPS1_NMEA_GGA_disable
                0x0000000040010b70                TC_GPS1_NMEA_GSA_enable
                0x0000000040010b9c                TC_GPS1_NMEA_GSA_disable
                0x0000000040010bc8                TC_GPS1_cold_start
                0x0000000040010bf4                TC_GPS1_factory_reset
                0x0000000040010c20                TC_GPS2_NMEA_VTG_enable
                0x0000000040010c4c                TC_GPS2_NMEA_VTG_disable
                0x0000000040010c78                TC_GPS2_NMEA_GGA_enable
                0x0000000040010ca4                TC_GPS2_NMEA_GGA_disable
                0x0000000040010cd0                TC_GPS2_NMEA_GSA_enable
                0x0000000040010cfc                TC_GPS2_NMEA_GSA_disable
                0x0000000040010d28                TC_GPS2_cold_start
                0x0000000040010d54                TC_GPS2_factory_reset
                0x0000000040010d80                TC_GPS1_NMEA_NMEA_GSV_Enable
                0x0000000040010dac                TC_GPS1_NMEA_NMEA_GSV_disable
                0x0000000040010dd8                TC_GPS2_NMEA_NMEA_GSV_Enable
                0x0000000040010e04                TC_GPS2_NMEA_NMEA_GSV_disable
                0x0000000040010e30                TC_MTR_ON
                0x0000000040010e3c                TC_MTR_OFF
                0x0000000040010e48                payload_1_on
                0x0000000040010e70                payload_1_off
                0x0000000040010e7c                PL_K_CMD_STS
                0x0000000040010e88                PL_K_CMD_ACQ
                0x0000000040010e94                PL_K_DIAG
                0x0000000040010ea0                PL_K_CMD_OFF
                0x0000000040010eac                PL_K_CMD_ON
                0x0000000040010eb8                ss_main_db_execute
                0x0000000040010ec4                ss_redundant_db_execute
                0x0000000040010ed0                TC_init_RW1
                0x0000000040010f04                TC_init_RW2
                0x0000000040010f38                TC_init_RW3
                0x0000000040010f6c                TC_init_RW4
                0x0000000040010fa0                TC_MTR_Yaw_Positive
                0x0000000040010fb4                TC_MTR_Yaw_Negative
                0x0000000040010fc8                TC_MTR_Pitch_Positive
                0x0000000040010fdc                TC_MTR_Pitch_Negative
                0x0000000040010ff0                TC_MTR_Roll_Positive
                0x0000000040011004                TC_MTR_Roll_Negative
                0x0000000040011018                TC_MTR_Roll_No_cuurent
                0x000000004001102c                TC_MTR_Pitch_No_cuurent
                0x0000000040011040                TC_MTR_Yaw_No_cuurent
                0x0000000040011054                payload_2_on
                0x000000004001107c                payload_2_off
                0x0000000040011088                X_band_tx_on
                0x00000000400110b0                X_band_tx_off
                0x00000000400110bc                SA_DEPLOYMENT_MECHANISM_MAIN_ON
                0x00000000400110c8                SA_DEPLOYMENT_MECHANISM_RED_ON
                0x00000000400110d4                Antenna_mechanism_arm
                0x00000000400110e0                Antenna_deploy
                0x00000000400110ec                Antenna_mechanism_disarm
                0x00000000400110f8                TC_pl_debug
                0x0000000040011104                TC_TM_DS_EN
                0x0000000040011110                Antenna_RESET_command
                0x000000004001111c                Antenna_deploy_with_override
                0x0000000040011128                Antenna_system_temp
                0x0000000040011134                Antenna_deploy_status_report
                0x0000000040011140                Antenna_deploy_activation_count
                0x000000004001114c                Antenna_deploy_activation_time
                0x0000000040011158                rTC_ref_snv_bias_q_update
                0x0000000040011228                rTC_ref_stn_bias_q_update
                0x0000000040011354                rTC_ref_q_gnd_update
                0x0000000040011480                TC_q_body_init
                0x00000000400116b0                TC_pl_tm
                0x00000000400116b8                imu1_db_checksum
                0x00000000400116c0                imu2_db_checksum
                0x00000000400116c8                imu_test_sys_sel
                0x00000000400116d0                TC_Drift_Uplink_Compenstation_Update_IMU1
                0x00000000400116d8                TC_Drift_Uplink_Compenstation_Update_IMU2
                0x00000000400116e0                TC_Gyro_Misalignment_Update_IMU1
                0x00000000400116e8                TC_Gyro_Misalignment_Update_IMU2
                0x00000000400116f0                TC_Gyro_Scale_Factor_Update_IMU1
                0x00000000400116f8                TC_Gyro_Scale_Factor_Update_IMU2
                0x0000000040011700                TC_MagBias_Uplink_Compenstation_Update_IMU1
                0x0000000040011708                TC_MagBias_Uplink_Compenstation_Update_IMU2
                0x0000000040011710                TC_Mag_Misalignment_Update_IMU1
                0x0000000040011718                TC_Mag_Misalignment_Update_IMU2
                0x0000000040011720                TC_Mag_Scale_Factor_Update_IMU1
                0x0000000040011728                TC_Mag_Scale_Factor_Update_IMU2
                0x0000000040011730                TC_Mag_LPF_Gain_Update_IMU1
                0x0000000040011738                TC_Mag_LPF_Gain_Update_IMU2
                0x0000000040011740                TC_Gyro_LPF_Gain_Update_IMU1
                0x0000000040011748                TC_Gyro_LPF_Gain_Update_IMU2
                0x0000000040011750                TC_Panel2_Deploy
                0x0000000040011758                TC_Nominal_wheel_speed_execute
                0x0000000040011760                Pitch_Torquer_ON
                0x0000000040011768                Yaw_Torquer_ON
                0x0000000040011770                Pitch_Torquer_OFF
                0x0000000040011778                Yaw_Torquer_OFF
                0x0000000040011780                rHeater1_on
                0x0000000040011788                rHeater1_off
                0x0000000040011790                rHeater2_on
                0x0000000040011798                rHeater2_off
                0x00000000400117a0                rHeater3_on
                0x00000000400117a8                rHeater3_off
                0x00000000400117b0                rHeater4_on
                0x00000000400117b8                rHeater4_off
                0x00000000400117c0                rHeater5_on
                0x00000000400117c8                rHeater5_off
                0x00000000400117d0                rHeater6_on
                0x00000000400117d8                rHeater6_off
                0x00000000400117e0                RX_TX_deployed
                0x00000000400117e8                ss_main_db_checksum
                0x00000000400117f0                ss_redundant_db_checksum
                0x00000000400117f8                OBC_ON
                0x0000000040011800                OBC_OFF
                0x0000000040011808                SA1_DEPLOYMENT_AND_SA2_DEPLOYMENT_REDUNDANT_SPARE_BUS_ON
                0x0000000040011810                SA1_DEPLOYMENT_AND_SA2_DEPLOYMENT_REDUNDANT_SPARE_BUS_OFF
                0x0000000040011818                Test_ON
                0x0000000040011820                Test_OFF
                0x0000000040011828                rTC_write_tC_history
                0x0000000040011850                TC_status_reset
                0x0000000040011864                rContingency_TC
                0x000000004001186c                rData_TC
                0x0000000040011dd0                rADCS_Data_TC
                0x000000004001324c                rRemote_base_addr_TC
                0x00000000400132fc                rRemote_data_view
                0x0000000040013378                rBoolean_TC
                0x00000000400133c8                rFuncExecute_TC
                0x000000004001342c                rRemoteProgram_Addr_TC
                0x0000000040013480                rRemoteProgram_Data_TC
                0x00000000400134ac                rDifferential_TimeTag_TC
                0x0000000040013508                initNodetable
                0x0000000040013544                getNode
                0x0000000040013580                freeNode
                0x00000000400135b8                rAbsoluteTTC_Update
                0x0000000040013770                rAbsolute_TimeTag_TC
                0x000000004001377c                rDifferential_TimeTag_Update
                0x00000000400137d8                rDifferential_TimeTag_Execute
                0x0000000040013930                rDifferentialTTC_Execute
                0x000000004001393c                rAbsoluteTTC_Delete
                0x0000000040013b44                rAbsoluteTTC_Clear
                0x0000000040013c04                rInit_Block
                0x0000000040013c4c                Block_update
                0x0000000040013ec8                rBlock_TC
                0x0000000040013ed4                TMTC_Assignment
                0x00000000400147a8                invertReverse
                0x00000000400147d0                BCHEncoder
                0x0000000040014970                rHAL_TC_Read
                0x0000000040014c3c                HILS_MODE_ENABLE
                0x0000000040014c48                HILS_MODE_DISABLE
                0x0000000040014c54                TC_detumbling_rate_gain_1
                0x0000000040015098                TC_detumbling_bdot_gain_1
                0x00000000400154dc                TC_BDOT_Det_Thresh_1
                0x0000000040015670                TC_GYRO_Det_Min_Thres_1
                0x0000000040015804                rTc_nominal_speed_RW1
                0x00000000400158e0                rTc_nominal_speed_RW2
                0x00000000400159bc                rTc_nominal_speed_RW3
                0x0000000040015a98                rTc_nominal_speed_RW4
                0x0000000040015b74                TC_AngMomDump_Thrsld_1
                0x0000000040015d08                TC_SpeedDump_Thrsld_1
                0x0000000040015e34                TC_SpeedDump_TimeSelect_1
                0x0000000040015fc8                TC_comd_pitch_rate_1
                0x000000004001615c                TC_Gyro_LPF_Gain_IMU1_1
                0x0000000040016394                TC_Gyro_LPF_Gain_IMU2_1
                0x00000000400165cc                TC_Mag_LPF_Gain_IMU1_1
                0x0000000040016804                TC_Mag_LPF_Gain_IMU2_1
                0x0000000040016a3c                TC_Wheel_Cutoff_Threshold_1
                0x0000000040016bd0                adcsgains
                0x0000000040016ce4                rGainSelect_TC
                0x0000000040016d38                rReal_Time_TC
                0x0000000040016fbc                rTelecommand
                0x0000000040017134                rAbsoluteTTC_Execute
                0x0000000040017254                rBlockTC_Execute
 .text          0x0000000040017334       0x38 C:\Users\Bhagawat\AppData\Local\Temp\ccBWK06S.o
                0x0000000040017334                fdi_nmi_int_handler
 .text          0x000000004001736c     0x1870 C:\Users\Bhagawat\AppData\Local\Temp\ccAGvxFL.o
                0x000000004001736c                rPOR_Init
 .text          0x0000000040018bdc      0xde4 C:\Users\Bhagawat\AppData\Local\Temp\ccUIM34N.o
                0x0000000040018c04                rHILS_payload
                0x0000000040018c80                HILS_mode_enable
                0x0000000040018cb4                HILS_mode_disable
                0x0000000040018ce8                rHAL_pl1_ON
                0x0000000040018d68                rHAL_pl1_OFF
                0x0000000040018db8                rHAL_pl2_ON
                0x0000000040018e38                rHAL_pl2_OFF
                0x0000000040018e88                rHAL_tm_ds_en
                0x0000000040018ec4                rHAL_X_Tx_ON
                0x0000000040018ef8                rHAL_X_Tx_OFF
                0x0000000040018f2c                rHAL_pl_sts_check
                0x0000000040018f5c                rHAL_pl_cmd_hlt
                0x0000000040018fd4                rHAL_pl_debug
                0x0000000040019094                rHAL_pl_x_tx_data_on
                0x0000000040019184                rHAL_pl_cmd_acq
                0x0000000040019264                rHAL_pl_x_tx_data_off
                0x00000000400192a4                rHAL_pl_diag
                0x000000004001931c                pl_tx_tm
                0x0000000040019444                pl_tx_tm_2
                0x0000000040019514                rpl_read
                0x0000000040019600                rpl_tm_write
 .text          0x00000000400199c0      0x4a8 C:\Users\Bhagawat\AppData\Local\Temp\cc4Vd1L6.o
                0x00000000400199c0                rHAL_EPS_Hardware_Status
                0x0000000040019a28                rHAL_Battery_load_shedding
                0x0000000040019a84                rHAL_EPS_shunt_switch
 .text          0x0000000040019e68      0x1b4 C:\Users\Bhagawat\AppData\Local\Temp\cceXC61x.o
                0x0000000040019e68                rIMU_Init
                0x0000000040019ed4                HAL_IMU_Read
 .text          0x000000004001a01c      0x3b4 C:\Users\Bhagawat\AppData\Local\Temp\cc2o3ELa.o
                0x000000004001a01c                rHAL_ADC_Read
                0x000000004001a078                rHAL_ADC_TM_Copy
                0x000000004001a2a4                sun_Sensor_data
                0x000000004001a3b8                rHAL_ADC_StatusREG_Enable
 .text          0x000000004001a3d0      0xfe0 C:\Users\Bhagawat\AppData\Local\Temp\ccoy5N1b.o
                0x000000004001a3d0                rGPS_Buffer_Init
                0x000000004001a638                rGPS_pulsecheck
                0x000000004001a6d4                rHAL_GPS_Read
                0x000000004001a8f4                GPS_1_DATA
                0x000000004001a958                rHAL_GPS_Config
                0x000000004001b058                rGPS_TM_Extract
                0x000000004001b34c                ST_TM_gps_data
 .text          0x000000004001b3b0     0x1114 C:\Users\Bhagawat\AppData\Local\Temp\cc30eO0q.o
                0x000000004001b3b0                Thermister_select
                0x000000004001b3f4                UTP_selection
                0x000000004001b448                LTP_selection
                0x000000004001b4a8                Heater_1_auto_control
                0x000000004001b518                Heater_2_auto_control
                0x000000004001b588                Heater_3_auto_control
                0x000000004001b5f8                Heater_4_auto_control
                0x000000004001b668                Heater_5_auto_control
                0x000000004001b6d8                Heater_6_auto_control
                0x000000004001b748                Heater_7_auto_control
                0x000000004001b79c                Heater_8_auto_control
                0x000000004001b7f0                Heater_9_auto_control
                0x000000004001b844                Heater_10_auto_control
                0x000000004001b898                Heater_11_auto_control
                0x000000004001b8ec                Heater_12_auto_control
                0x000000004001b940                Heater_13_auto_control
                0x000000004001b99c                Heater_14_auto_control
                0x000000004001b9f8                Heater_1_manual_control
                0x000000004001ba64                Heater_2_manual_control
                0x000000004001bad0                Heater_3_manual_control
                0x000000004001bb3c                Heater_4_manual_control
                0x000000004001bba8                Heater_5_manual_control
                0x000000004001bc14                Heater_6_manual_control
                0x000000004001bc80                Heater_control_auto_manual
                0x000000004001c324                Heater_7_manual_control
                0x000000004001c354                Heater_8_manual_control
                0x000000004001c384                Heater_9_manual_control
                0x000000004001c3b4                Heater_10_manual_control
                0x000000004001c3e4                Heater_11_manual_control
                0x000000004001c414                Heater_12_manual_control
                0x000000004001c444                Heater_13_manual_control
                0x000000004001c484                Heater_14_manual_control
 .text          0x000000004001c4c4      0x8dc C:\Users\Bhagawat\AppData\Local\Temp\ccagYdCV.o
                0x000000004001c4c4                rHAL_MTR_ON
                0x000000004001c4f8                rHAL_MTR_OFF
                0x000000004001c52c                rHAL_MTR
                0x000000004001cb64                MTR_Monitoring
                0x000000004001cb90                rHAL_MTR_TC
 .text          0x000000004001cda0     0x16e0 C:\Users\Bhagawat\AppData\Local\Temp\ccLCF4aU.o
                0x000000004001cda0                RW_Init
                0x000000004001cf1c                HAL_RW_CRC_Check
                0x000000004001cf88                rHAL_RW_TM_Read
                0x000000004001d358                rRW_SlipFrame_Check
                0x000000004001d59c                rHAL_RW_TC_Write
                0x000000004001d774                rHAL_RW_TM_Write
                0x000000004001d8d4                rHAL_RW_ConfigBuffer_Write
                0x000000004001d978                rRW_Data_Write
                0x000000004001de28                rRW_Data_Request
                0x000000004001df64                rRW_Data_Read
                0x000000004001e310                rRW_init_cmd
 .text          0x000000004001e480      0x6f8 C:\Users\Bhagawat\AppData\Local\Temp\ccLhcQKU.o
                0x000000004001e480                antennaCommand1
                0x000000004001e4cc                antennaCommand2
                0x000000004001e518                antennaCommand3
                0x000000004001e564                antennaCommand4
                0x000000004001e5b0                antennaCommand5
                0x000000004001e5fc                antennaCommand6
                0x000000004001e648                antennaCommand7
                0x000000004001e690                antennaCommand8
                0x000000004001e6dc                antennaCommand9
                0x000000004001e728                rHAL_Antenna_Read
                0x000000004001e770                rHAL_SA_MAIN_Deploy_on
                0x000000004001e7e8                rHAL_SA_RED_Deploy_on
                0x000000004001e850                rHAL_SA1_Deploy_status_check
                0x000000004001e938                rHAL_SA2_Deploy_status_check
                0x000000004001ea20                rHAL_SA_Deploy_Status_new
 .text          0x000000004001eb78     0x64a4 C:\Users\Bhagawat\AppData\Local\Temp\cc2kvQDC.o
                0x000000004001eca8                rQ_Propagation
                0x000000004001ecd8                rQuestDataProcessing
                0x000000004001f040                rDAD_quest
                0x0000000040020378                rErrorComputation
                0x0000000040020a1c                rExtendedKalmanFilter1_p1
                0x0000000040021758                rExtendedKalmanFilter1_p2
                0x00000000400220f4                rExtendedKalmanFilter2_p1
                0x0000000040023ab8                rExtendedKalmanFilter2_p2
                0x00000000400243bc                rEKF_dy_int
                0x00000000400246dc                rEKFDynamics
                0x0000000040024e48                rExtendedKalmanFilter2_Prop
 .text          0x000000004002501c     0x2af0 C:\Users\Bhagawat\AppData\Local\Temp\cc6yP3uP.o
                0x000000004002501c                rGH_generation
                0x00000000400251c4                rMagFieldComp
                0x0000000040025cd0                rSun_Ephemeris
                0x0000000040026034                rReferenceQuatComputation
                0x0000000040026e90                rRefVectorGeneration
                0x00000000400276b4                rRefRate_Computation
                0x0000000040027864                rSl_Ecl_OnBrd_detection
 .text          0x0000000040027b0c        0x0 C:\Users\Bhagawat\AppData\Local\Temp\ccseFS9a.o
 .text          0x0000000040027b0c     0x29dc C:\Users\Bhagawat\AppData\Local\Temp\ccUeU7Fb.o
                0x0000000040028ba0                rDutyCycleGeneration
                0x0000000040028ce0                rTorquer_Polarity_Check
                0x0000000040028e60                rAngularMomentumDumping
                0x0000000040029a88                rLinearController
                0x000000004002a450                rSpeedBasedMomentumDumping
                0x000000004002a488                rWheel_Spin_updown
                0x000000004002a4b0                rWheel_Auto_Reconfiguration
 .text          0x000000004002a4e8     0x115c C:\Users\Bhagawat\AppData\Local\Temp\cch8AKQm.o
                0x000000004002a500                rSuspended_ModePreprocessing
                0x000000004002a594                rDetumbling_ModePreprocessing_BDOT_Logic
                0x000000004002a9ac                rDetumbling_ModePreprocessing_GYRO_Logic
                0x000000004002ae10                rSunAcquisition_ModePreprocessing
                0x000000004002b190                rThreeAxis_ModePreprocessing
                0x000000004002b3e4                rRateReductionCheck
                0x000000004002b4e0                rSafeMode_Preprocessing
                0x000000004002b5d4                rScModeSelection
 .text          0x000000004002b644     0x4b4c C:\Users\Bhagawat\AppData\Local\Temp\cc7yezFl.o
                0x000000004002b644                rADCS_Pon_vars
 .text          0x0000000040030190     0x982c C:\Users\Bhagawat\AppData\Local\Temp\cc5EtDn1.o
                0x0000000040030190                rIMUDataCorrection
                0x000000004003152c                rIMU_1_DB_Copy
                0x0000000040031dcc                rIMU_2_DB_Copy
                0x000000004003266c                rIMU_1_DB_Init
                0x0000000040032f0c                rIMU_2_DB_Init
                0x00000000400337ac                rIMU_Angle_Reset
                0x00000000400337f4                rIMUDataProcessing
                0x0000000040034e54                rTheta_Limit
                0x0000000040034eb4                rIMU1_DB_Execute
                0x0000000040034ed8                rIMU2_DB_Execute
                0x0000000040034efc                rBDOT_Computation
                0x0000000040035128                rSunSensorVectorComp
                0x000000004003815c                rSunSensorDataProcessing
                0x00000000400385c0                rSS_Read_Data
                0x0000000040038620                rSS_Main_DB_Init
                0x0000000040038638                rSS_Redundant_DB_Init
                0x0000000040038644                rSS_Main_DB_Copy
                0x0000000040038f9c                rSS_Redundant_DB_Copy
                0x00000000400398f4                rSS_Main_DB_Execute
                0x0000000040039958                rSS_Redundant_DB_Execute
 .text          0x00000000400399bc        0x0 C:\Users\Bhagawat\AppData\Local\Temp\cc321CGQ.o
 .text          0x00000000400399bc     0x4aac C:\Users\Bhagawat\AppData\Local\Temp\ccm9XfIv.o
                0x000000004003b5dc                rOrbit_Initialization
                0x000000004003c740                rOrbit_Propagation
                0x000000004003dac4                rOrbitalElements_computation
                0x000000004003daec                rTLEDataProcessing
                0x000000004003db24                rJulian_Day
                0x000000004003db60                rNEDtoECEF
                0x000000004003dc54                rECEFtoECItoECEF
                0x000000004003dc7c                rGPSDataProcessing
                0x000000004003e3f8                rGPSTLEProcessing
 .text          0x000000004003e468      0xd4c C:\Users\Bhagawat\AppData\Local\Temp\cczI8zex.o
                0x000000004003e468                rxRot
                0x000000004003e4f8                ryRot
                0x000000004003e588                rzRot
                0x000000004003e610                rMatInv
                0x000000004003e7c8                rCross_Product
                0x000000004003e830                rMatMul3x1
                0x000000004003e8a8                rMatMul3x3
                0x000000004003e960                rRM_to_Quat
                0x000000004003ec94                rQs_Normalization
                0x000000004003ed9c                rQs_Multiplication
                0x000000004003ee78                rVectorNorm
                0x000000004003ef48                rMat_adjoint3
                0x000000004003f044                rMatMul34x1
                0x000000004003f0c0                rMatMul43x1
                0x000000004003f13c                rMatMul44x1
 .text          0x000000004003f1b4     0x3330 C:\Users\Bhagawat\AppData\Local\Temp\cc9Ef0bG.o
                0x000000004003f1b4                rSus_mode_remote_entry_hook
                0x000000004003f1c0                rSus_mode_remote_exit_hook
                0x000000004003f1cc                rDBDOT_mode_remote_entry_hook
                0x000000004003f1d8                rDBDOT_mode_remote_exit_hook
                0x000000004003f1e4                rDGYRO_mode_remote_entry_hook
                0x000000004003f1f0                rDGYRO_mode_remote_exit_hook
                0x000000004003f1fc                rSACQ_mode_remote_entry_hook
                0x000000004003f208                rSACQ_mode_remote_exit_hook
                0x000000004003f214                r3AXIS_mode_remote_entry_hook
                0x000000004003f220                r3AXIS_mode_remote_exit_hook
                0x000000004003f22c                rSAFE_mode_remote_entry_hook
                0x000000004003f238                rSAFE_mode_remote_exit_hook
                0x000000004003f244                rRemote_patch_area_S1
                0x000000004003f578                rRemote_patch_area_S2
                0x000000004003f8ac                rRemote_patch_area_S3
                0x000000004003fbe0                rRemote_patch_area_S4
                0x000000004003ff14                rRemote_patch_area_S5
                0x0000000040040248                rRemote_patch_area_S6
                0x000000004004057c                rRemote_patch_area_L1
                0x0000000040041530                rRemote_patch_area_L2
 .text          0x00000000400424e4      0x2d0 c:/opt/bcc-2.0.2-gcc/bin/../lib/gcc/sparc-gaisler-elf/7.2.0/../../../../sparc-gaisler-elf/lib/leon/mfix-at697f\libm.a(lib_a-s_atan.o)
                0x00000000400424e4                atan
 .text          0x00000000400427b4       0xe4 c:/opt/bcc-2.0.2-gcc/bin/../lib/gcc/sparc-gaisler-elf/7.2.0/../../../../sparc-gaisler-elf/lib/leon/mfix-at697f\libm.a(lib_a-s_cos.o)
                0x00000000400427b4                cos
 .text          0x0000000040042898       0x28 c:/opt/bcc-2.0.2-gcc/bin/../lib/gcc/sparc-gaisler-elf/7.2.0/../../../../sparc-gaisler-elf/lib/leon/mfix-at697f\libm.a(lib_a-s_fabs.o)
                0x0000000040042898                fabs
 .text          0x00000000400428c0      0x1f0 c:/opt/bcc-2.0.2-gcc/bin/../lib/gcc/sparc-gaisler-elf/7.2.0/../../../../sparc-gaisler-elf/lib/leon/mfix-at697f\libm.a(lib_a-s_floor.o)
                0x00000000400428c0                floor
 .text          0x0000000040042ab0       0xf4 c:/opt/bcc-2.0.2-gcc/bin/../lib/gcc/sparc-gaisler-elf/7.2.0/../../../../sparc-gaisler-elf/lib/leon/mfix-at697f\libm.a(lib_a-s_round.o)
                0x0000000040042ab0                round
 .text          0x0000000040042ba4       0xe8 c:/opt/bcc-2.0.2-gcc/bin/../lib/gcc/sparc-gaisler-elf/7.2.0/../../../../sparc-gaisler-elf/lib/leon/mfix-at697f\libm.a(lib_a-s_sin.o)
                0x0000000040042ba4                sin
 .text          0x0000000040042c8c       0x9c c:/opt/bcc-2.0.2-gcc/bin/../lib/gcc/sparc-gaisler-elf/7.2.0/../../../../sparc-gaisler-elf/lib/leon/mfix-at697f\libm.a(lib_a-s_tan.o)
                0x0000000040042c8c                tan
 .text          0x0000000040042d28      0x128 c:/opt/bcc-2.0.2-gcc/bin/../lib/gcc/sparc-gaisler-elf/7.2.0/../../../../sparc-gaisler-elf/lib/leon/mfix-at697f\libm.a(lib_a-w_acos.o)
                0x0000000040042d28                acos
 .text          0x0000000040042e50      0x128 c:/opt/bcc-2.0.2-gcc/bin/../lib/gcc/sparc-gaisler-elf/7.2.0/../../../../sparc-gaisler-elf/lib/leon/mfix-at697f\libm.a(lib_a-w_asin.o)
                0x0000000040042e50                asin
 .text          0x0000000040042f78        0xc c:/opt/bcc-2.0.2-gcc/bin/../lib/gcc/sparc-gaisler-elf/7.2.0/../../../../sparc-gaisler-elf/lib/leon/mfix-at697f\libm.a(lib_a-w_atan2.o)
                0x0000000040042f78                atan2
 .text          0x0000000040042f84      0x148 c:/opt/bcc-2.0.2-gcc/bin/../lib/gcc/sparc-gaisler-elf/7.2.0/../../../../sparc-gaisler-elf/lib/leon/mfix-at697f\libm.a(lib_a-w_fmod.o)
                0x0000000040042f84                fmod
 .text          0x00000000400430cc      0x4a8 c:/opt/bcc-2.0.2-gcc/bin/../lib/gcc/sparc-gaisler-elf/7.2.0/../../../../sparc-gaisler-elf/lib/leon/mfix-at697f\libm.a(lib_a-w_pow.o)
                0x00000000400430cc                pow
 .text          0x0000000040043574       0xfc c:/opt/bcc-2.0.2-gcc/bin/../lib/gcc/sparc-gaisler-elf/7.2.0/../../../../sparc-gaisler-elf/lib/leon/mfix-at697f\libm.a(lib_a-w_sqrt.o)
                0x0000000040043574                sqrt
 .text          0x0000000040043670      0x37c c:/opt/bcc-2.0.2-gcc/bin/../lib/gcc/sparc-gaisler-elf/7.2.0/../../../../sparc-gaisler-elf/lib/leon/mfix-at697f\libm.a(lib_a-e_acos.o)
                0x0000000040043670                __ieee754_acos
 .text          0x00000000400439ec      0x310 c:/opt/bcc-2.0.2-gcc/bin/../lib/gcc/sparc-gaisler-elf/7.2.0/../../../../sparc-gaisler-elf/lib/leon/mfix-at697f\libm.a(lib_a-e_asin.o)
                0x00000000400439ec                __ieee754_asin
 .text          0x0000000040043cfc      0x2b4 c:/opt/bcc-2.0.2-gcc/bin/../lib/gcc/sparc-gaisler-elf/7.2.0/../../../../sparc-gaisler-elf/lib/leon/mfix-at697f\libm.a(lib_a-e_atan2.o)
                0x0000000040043cfc                __ieee754_atan2
 .text          0x0000000040043fb0      0x3ac c:/opt/bcc-2.0.2-gcc/bin/../lib/gcc/sparc-gaisler-elf/7.2.0/../../../../sparc-gaisler-elf/lib/leon/mfix-at697f\libm.a(lib_a-e_fmod.o)
                0x0000000040043fb0                __ieee754_fmod
 .text          0x000000004004435c      0x8dc c:/opt/bcc-2.0.2-gcc/bin/../lib/gcc/sparc-gaisler-elf/7.2.0/../../../../sparc-gaisler-elf/lib/leon/mfix-at697f\libm.a(lib_a-e_pow.o)
                0x000000004004435c                __ieee754_pow
 .text          0x0000000040044c38      0x39c c:/opt/bcc-2.0.2-gcc/bin/../lib/gcc/sparc-gaisler-elf/7.2.0/../../../../sparc-gaisler-elf/lib/leon/mfix-at697f\libm.a(lib_a-e_rem_pio2.o)
                0x0000000040044c38                __ieee754_rem_pio2
 .text          0x0000000040044fd4      0x270 c:/opt/bcc-2.0.2-gcc/bin/../lib/gcc/sparc-gaisler-elf/7.2.0/../../../../sparc-gaisler-elf/lib/leon/mfix-at697f\libm.a(lib_a-e_sqrt.o)
                0x0000000040044fd4                __ieee754_sqrt
 .text          0x0000000040045244      0x1bc c:/opt/bcc-2.0.2-gcc/bin/../lib/gcc/sparc-gaisler-elf/7.2.0/../../../../sparc-gaisler-elf/lib/leon/mfix-at697f\libm.a(lib_a-k_cos.o)
                0x0000000040045244                __kernel_cos
 .text          0x0000000040045400      0xbdc c:/opt/bcc-2.0.2-gcc/bin/../lib/gcc/sparc-gaisler-elf/7.2.0/../../../../sparc-gaisler-elf/lib/leon/mfix-at697f\libm.a(lib_a-k_rem_pio2.o)
                0x0000000040045400                __kernel_rem_pio2
 .text          0x0000000040045fdc      0x100 c:/opt/bcc-2.0.2-gcc/bin/../lib/gcc/sparc-gaisler-elf/7.2.0/../../../../sparc-gaisler-elf/lib/leon/mfix-at697f\libm.a(lib_a-k_sin.o)
                0x0000000040045fdc                __kernel_sin
 .text          0x00000000400460dc      0x290 c:/opt/bcc-2.0.2-gcc/bin/../lib/gcc/sparc-gaisler-elf/7.2.0/../../../../sparc-gaisler-elf/lib/leon/mfix-at697f\libm.a(lib_a-k_tan.o)
                0x00000000400460dc                __kernel_tan
 .text          0x000000004004636c       0x18 c:/opt/bcc-2.0.2-gcc/bin/../lib/gcc/sparc-gaisler-elf/7.2.0/../../../../sparc-gaisler-elf/lib/leon/mfix-at697f\libm.a(lib_a-s_finite.o)
                0x000000004004636c                finite
 .text          0x0000000040046384        0x0 c:/opt/bcc-2.0.2-gcc/bin/../lib/gcc/sparc-gaisler-elf/7.2.0/../../../../sparc-gaisler-elf/lib/leon/mfix-at697f\libm.a(lib_a-s_lib_ver.o)
 .text          0x0000000040046384        0x8 c:/opt/bcc-2.0.2-gcc/bin/../lib/gcc/sparc-gaisler-elf/7.2.0/../../../../sparc-gaisler-elf/lib/leon/mfix-at697f\libm.a(lib_a-s_matherr.o)
                0x0000000040046384                matherr
 .text          0x000000004004638c        0xc c:/opt/bcc-2.0.2-gcc/bin/../lib/gcc/sparc-gaisler-elf/7.2.0/../../../../sparc-gaisler-elf/lib/leon/mfix-at697f\libm.a(lib_a-s_nan.o)
                0x000000004004638c                nan
 .text          0x0000000040046398      0x1ac c:/opt/bcc-2.0.2-gcc/bin/../lib/gcc/sparc-gaisler-elf/7.2.0/../../../../sparc-gaisler-elf/lib/leon/mfix-at697f\libm.a(lib_a-s_rint.o)
                0x0000000040046398                rint
 .text          0x0000000040046544      0x14c c:/opt/bcc-2.0.2-gcc/bin/../lib/gcc/sparc-gaisler-elf/7.2.0/../../../../sparc-gaisler-elf/lib/leon/mfix-at697f\libm.a(lib_a-s_scalbn.o)
                0x0000000040046544                scalbn
 .text          0x0000000040046690       0x30 c:/opt/bcc-2.0.2-gcc/bin/../lib/gcc/sparc-gaisler-elf/7.2.0/../../../../sparc-gaisler-elf/lib/leon/mfix-at697f\libm.a(lib_a-s_copysign.o)
                0x0000000040046690                copysign
 .text          0x00000000400466c0       0x7c c:/opt/bcc-2.0.2-gcc/bin/../sparc-gaisler-elf/bsp/leon2/leon/mfix-at697f\libbcc.a(reset_trap_mvt.S.o)
                0x00000000400466c0                __bcc_trap_reset_mvt
 .text          0x000000004004673c       0xb0 c:/opt/bcc-2.0.2-gcc/bin/../sparc-gaisler-elf/bsp/leon2/leon/mfix-at697f\libbcc.a(window_trap.S.o)
                0x000000004004673c                __bcc_trap_window_overflow
                0x000000004004678c                __bcc_trap_window_underflow
 .text          0x00000000400467ec      0x1b4 c:/opt/bcc-2.0.2-gcc/bin/../sparc-gaisler-elf/bsp/leon2/leon/mfix-at697f\libbcc.a(interrupt_trap.S.o)
                0x00000000400467ec                __bcc_trap_interrupt_svt
                0x00000000400467f0                __bcc_trap_interrupt
 .text          0x00000000400469a0       0x88 c:/opt/bcc-2.0.2-gcc/bin/../sparc-gaisler-elf/bsp/leon2/leon/mfix-at697f\libbcc.a(flush_windows_trap.S.o)
                0x00000000400469a0                __bcc_trap_flush_windows
 .text          0x0000000040046a28       0x2c c:/opt/bcc-2.0.2-gcc/bin/../sparc-gaisler-elf/bsp/leon2/leon/mfix-at697f\libbcc.a(sw_trap_set_pil.S.o)
                0x0000000040046a28                __bcc_trap_sw_set_pil
 .text          0x0000000040046a54       0xb0 c:/opt/bcc-2.0.2-gcc/bin/../sparc-gaisler-elf/bsp/leon2/leon/mfix-at697f\libbcc.a(trap.c.o)
                0x0000000040046a54                bcc_set_trap
 .text          0x0000000040046b04        0x0 c:/opt/bcc-2.0.2-gcc/bin/../sparc-gaisler-elf/bsp/leon2/leon/mfix-at697f\libbcc.a(isr.c.o)
 .text          0x0000000040046b04        0x0 c:/opt/bcc-2.0.2-gcc/bin/../sparc-gaisler-elf/bsp/leon2/leon/mfix-at697f\libbcc.a(int_nest.c.o)
 .text          0x0000000040046b04        0x8 c:/opt/bcc-2.0.2-gcc/bin/../sparc-gaisler-elf/bsp/leon2/leon/mfix-at697f\libbcc.a(init.S.o)
                0x0000000040046b04                __bcc_init40
                0x0000000040046b04                __bcc_init70
                0x0000000040046b04                __bcc_init60
                0x0000000040046b04                __bcc_init50
 .text          0x0000000040046b0c       0x84 c:/opt/bcc-2.0.2-gcc/bin/../sparc-gaisler-elf/bsp/leon2/leon/mfix-at697f\libbcc.a(leon_info.S.o)
                0x0000000040046b0c                __bcc_get_leon_info
                0x0000000040046b80                bcc_get_cpuid
 .text          0x0000000040046b90       0x2c c:/opt/bcc-2.0.2-gcc/bin/../sparc-gaisler-elf/bsp/leon2/leon/mfix-at697f\libbcc.a(dwzero.S.o)
                0x0000000040046b90                bcc_dwzero
 .text          0x0000000040046bbc       0x5c c:/opt/bcc-2.0.2-gcc/bin/../sparc-gaisler-elf/bsp/leon2/leon/mfix-at697f\libbcc.a(copy_data.c.o)
                0x0000000040046bbc                __bcc_copy_data
 *fill*         0x0000000040046c18        0x8 
 .text          0x0000000040046c20       0x90 c:/opt/bcc-2.0.2-gcc/bin/../sparc-gaisler-elf/bsp/leon2/leon/mfix-at697f\libbcc.a(lowlevel.S.o)
                0x0000000040046c20                bcc_loadnocache
                0x0000000040046c2c                bcc_loadnocache16
                0x0000000040046c38                bcc_loadnocache8
                0x0000000040046c50                bcc_ldstub
                0x0000000040046c5c                bcc_set_psr
                0x0000000040046c74                bcc_get_psr
                0x0000000040046c7c                bcc_get_pil
                0x0000000040046c8c                bcc_set_tbr
                0x0000000040046ca4                bcc_get_tbr
 .text          0x0000000040046cb0       0x50 c:/opt/bcc-2.0.2-gcc/bin/../sparc-gaisler-elf/bsp/leon2/leon/mfix-at697f\libbcc.a(lowlevel_leon2.S.o)
                0x0000000040046cb0                bcc_set_ccr
                0x0000000040046cc0                bcc_get_ccr
                0x0000000040046cd0                bcc_flush_cache
                0x0000000040046cdc                bcc_flush_icache
                0x0000000040046ce4                bcc_flush_dcache
                0x0000000040046cec                bcc_power_down
 .text          0x0000000040046d00      0x160 c:/opt/bcc-2.0.2-gcc/bin/../sparc-gaisler-elf/bsp/leon2/leon/mfix-at697f\libbcc.a(int_leon2.c.o)
                0x0000000040046d00                bcc_int_mask
                0x0000000040046d50                bcc_int_unmask
                0x0000000040046da0                bcc_int_clear
                0x0000000040046dd8                bcc_int_force
                0x0000000040046e1c                bcc_int_pend
 .text          0x0000000040046e60        0x8 c:/opt/bcc-2.0.2-gcc/bin/../sparc-gaisler-elf/bsp/leon2/leon/mfix-at697f\libbcc.a(int_leon2_get_source.c.o)
                0x0000000040046e60                __bcc_int_get_source
 .text          0x0000000040046e68        0x8 c:/opt/bcc-2.0.2-gcc/bin/../sparc-gaisler-elf/bsp/leon2/leon/mfix-at697f\libbcc.a(int_leon2_init.c.o)
                0x0000000040046e68                __bcc_int_init
 .text          0x0000000040046e70       0x70 c:/opt/bcc-2.0.2-gcc/bin/../sparc-gaisler-elf/bsp/leon2/leon/mfix-at697f\libbcc.a(con_leon2.c.o)
                0x0000000040046e70                __bcc_con_init
                0x0000000040046e78                __bcc_con_outbyte
                0x0000000040046eac                __bcc_con_inbyte
 .text          0x0000000040046ee0       0x30 c:/opt/bcc-2.0.2-gcc/bin/../sparc-gaisler-elf/bsp/leon2/leon/mfix-at697f\libbcc.a(timer_leon2.c.o)
                0x0000000040046ee0                __bcc_timer_init
                0x0000000040046ee8                bcc_timer_get_us
 .text          0x0000000040046f10        0xc c:/opt/bcc-2.0.2-gcc/bin/../sparc-gaisler-elf/bsp/leon2/leon/mfix-at697f\libbcc.a(set_pil.S.o)
                0x0000000040046f10                bcc_set_pil
 .text          0x0000000040046f1c        0x0 c:/opt/bcc-2.0.2-gcc/bin/../sparc-gaisler-elf/bsp/leon2/leon/mfix-at697f\libbcc.a(int_leon2_handle.c.o)
 .text          0x0000000040046f1c        0x0 c:/opt/bcc-2.0.2-gcc/bin/../sparc-gaisler-elf/bsp/leon2/leon/mfix-at697f\libbcc.a(con_handle.c.o)
 .text          0x0000000040046f1c        0x0 c:/opt/bcc-2.0.2-gcc/bin/../sparc-gaisler-elf/bsp/leon2/leon/mfix-at697f\libbcc.a(timer_handle.c.o)
 .text          0x0000000040046f1c       0x1c c:/opt/bcc-2.0.2-gcc/bin/../lib/gcc/sparc-gaisler-elf/7.2.0/../../../../sparc-gaisler-elf/lib/leon/mfix-at697f\libc.a(lib_a-atexit.o)
                0x0000000040046f1c                atexit
 .text          0x0000000040046f38        0xc c:/opt/bcc-2.0.2-gcc/bin/../lib/gcc/sparc-gaisler-elf/7.2.0/../../../../sparc-gaisler-elf/lib/leon/mfix-at697f\libc.a(lib_a-errno.o)
                0x0000000040046f38                __errno
 .text          0x0000000040046f44       0x3c c:/opt/bcc-2.0.2-gcc/bin/../lib/gcc/sparc-gaisler-elf/7.2.0/../../../../sparc-gaisler-elf/lib/leon/mfix-at697f\libc.a(lib_a-exit.o)
                0x0000000040046f44                exit
 .text          0x0000000040046f80        0x0 c:/opt/bcc-2.0.2-gcc/bin/../lib/gcc/sparc-gaisler-elf/7.2.0/../../../../sparc-gaisler-elf/lib/leon/mfix-at697f\libc.a(lib_a-impure.o)
 .text          0x0000000040046f80      0x19c c:/opt/bcc-2.0.2-gcc/bin/../lib/gcc/sparc-gaisler-elf/7.2.0/../../../../sparc-gaisler-elf/lib/leon/mfix-at697f\libc.a(lib_a-memcpy.o)
                0x0000000040046f80                memcpy
 .text          0x000000004004711c      0x158 c:/opt/bcc-2.0.2-gcc/bin/../lib/gcc/sparc-gaisler-elf/7.2.0/../../../../sparc-gaisler-elf/lib/leon/mfix-at697f\libc.a(lib_a-__atexit.o)
                0x000000004004711c                __register_exitproc
 .text          0x0000000040047274      0x2b4 c:/opt/bcc-2.0.2-gcc/bin/../lib/gcc/sparc-gaisler-elf/7.2.0/../../../../sparc-gaisler-elf/lib/leon/mfix-at697f\libc.a(lib_a-__call_atexit.o)
                0x0000000040047274                __call_exitprocs
 .text          0x0000000040047528       0x18 c:/opt/bcc-2.0.2-gcc/bin/../sparc-gaisler-elf/bsp/leon2/leon/mfix-at697f\libbcc.a(_exit.S.o)
                0x0000000040047528                _exit
 .text          0x0000000040047540       0x48 c:/opt/bcc-2.0.2-gcc/bin/../lib/gcc/sparc-gaisler-elf/7.2.0/leon/mfix-at697f/crtend.o
 .text          0x0000000040047588        0x0 c:/opt/bcc-2.0.2-gcc/bin/../lib/gcc/sparc-gaisler-elf/7.2.0/leon/mfix-at697f/crtn.o
                0x0000000040047590                . = ALIGN (0x10)
 *fill*         0x0000000040047588        0x8 
 *(.eh_frame)
 .eh_frame      0x0000000040047590        0x0 c:/opt/bcc-2.0.2-gcc/bin/../lib/gcc/sparc-gaisler-elf/7.2.0/leon/mfix-at697f/crtbegin.o
 .eh_frame      0x0000000040047590        0x4 c:/opt/bcc-2.0.2-gcc/bin/../lib/gcc/sparc-gaisler-elf/7.2.0/leon/mfix-at697f/crtend.o
                0x00000000400475a0                . = ALIGN (0x10)
 *fill*         0x0000000040047594        0xc 
 *(.gnu.linkonce.t*)
                0x00000000400475a0                ___CTOR_LIST__ = .
                0x00000000400475a0        0x4 LONG 0x2 (((___CTOR_END__ - ___CTOR_LIST__) / 0x4) - 0x2)
 *(SORT(.ctors.*))
 *(.ctors)
 .ctors         0x00000000400475a4        0x4 c:/opt/bcc-2.0.2-gcc/bin/../lib/gcc/sparc-gaisler-elf/7.2.0/leon/mfix-at697f/crtbegin.o
 .ctors         0x00000000400475a8        0x4 c:/opt/bcc-2.0.2-gcc/bin/../lib/gcc/sparc-gaisler-elf/7.2.0/leon/mfix-at697f/crtend.o
                0x00000000400475ac        0x4 LONG 0x0
                0x00000000400475b0                ___CTOR_END__ = .
                0x00000000400475b0                ___DTOR_LIST__ = .
                0x00000000400475b0        0x4 LONG 0x2 (((___DTOR_END__ - ___DTOR_LIST__) / 0x4) - 0x2)
 *(SORT(.dtors.*))
 *(.dtors)
 .dtors         0x00000000400475b4        0x4 c:/opt/bcc-2.0.2-gcc/bin/../lib/gcc/sparc-gaisler-elf/7.2.0/leon/mfix-at697f/crtbegin.o
 .dtors         0x00000000400475b8        0x4 c:/opt/bcc-2.0.2-gcc/bin/../lib/gcc/sparc-gaisler-elf/7.2.0/leon/mfix-at697f/crtend.o
                0x00000000400475b8                __DTOR_END__
                0x00000000400475bc        0x4 LONG 0x0
                0x00000000400475c0                ___DTOR_END__ = .
 *(.gnu.linkonce*)
 *(.init)
 .init          0x00000000400475c0        0x4 c:/opt/bcc-2.0.2-gcc/bin/../lib/gcc/sparc-gaisler-elf/7.2.0/leon/mfix-at697f/crti.o
                0x00000000400475c0                _init
 .init          0x00000000400475c4        0x8 c:/opt/bcc-2.0.2-gcc/bin/../lib/gcc/sparc-gaisler-elf/7.2.0/leon/mfix-at697f/crtbegin.o
 .init          0x00000000400475cc        0x8 c:/opt/bcc-2.0.2-gcc/bin/../lib/gcc/sparc-gaisler-elf/7.2.0/leon/mfix-at697f/crtend.o
 .init          0x00000000400475d4        0xc c:/opt/bcc-2.0.2-gcc/bin/../lib/gcc/sparc-gaisler-elf/7.2.0/leon/mfix-at697f/crtn.o
 *(.fini)
 .fini          0x00000000400475e0        0x4 c:/opt/bcc-2.0.2-gcc/bin/../lib/gcc/sparc-gaisler-elf/7.2.0/leon/mfix-at697f/crti.o
                0x00000000400475e0                _fini
 .fini          0x00000000400475e4        0x8 c:/opt/bcc-2.0.2-gcc/bin/../lib/gcc/sparc-gaisler-elf/7.2.0/leon/mfix-at697f/crtbegin.o
 .fini          0x00000000400475ec        0xc c:/opt/bcc-2.0.2-gcc/bin/../lib/gcc/sparc-gaisler-elf/7.2.0/leon/mfix-at697f/crtn.o
 *(.lit)
 *(.shdata)
                0x0000000040047600                . = ALIGN (0x10)
 *fill*         0x00000000400475f8        0x8 
                0x0000000040047600                __text_end = .

.gcc_except_table
 *(.gcc_except_table)

.rodata         0x0000000040047600     0x30f0
                0x0000000040047600                __rodata_start = .
 *(.rodata*)
 .rodata.cst8   0x0000000040047600       0x38 C:\Users\Bhagawat\AppData\Local\Temp\ccB9oE4Q.o
 .rodata        0x0000000040047638        0x0 C:\Users\Bhagawat\AppData\Local\Temp\ccgusVbt.o
 .rodata        0x0000000040047638       0x10 C:\Users\Bhagawat\AppData\Local\Temp\ccnFU4Tw.o
 .rodata.cst8   0x0000000040047648       0x10 C:\Users\Bhagawat\AppData\Local\Temp\ccVD7Kja.o
 .rodata.cst4   0x0000000040047658        0x4 C:\Users\Bhagawat\AppData\Local\Temp\ccVD7Kja.o
 .rodata        0x000000004004765c        0x0 C:\Users\Bhagawat\AppData\Local\Temp\ccVD7Kja.o
 .rodata        0x000000004004765c        0x0 C:\Users\Bhagawat\AppData\Local\Temp\ccUIM34N.o
 *fill*         0x000000004004765c        0x4 
 .rodata.cst8   0x0000000040047660       0x10 C:\Users\Bhagawat\AppData\Local\Temp\ccLCF4aU.o
 .rodata.cst8   0x0000000040047670       0x68 C:\Users\Bhagawat\AppData\Local\Temp\cc2kvQDC.o
                                        0x140 (size before relaxing)
 .rodata.cst4   0x00000000400476d8        0x4 C:\Users\Bhagawat\AppData\Local\Temp\cc2kvQDC.o
 *fill*         0x00000000400476dc        0x4 
 .rodata.cst8   0x00000000400476e0       0x20 C:\Users\Bhagawat\AppData\Local\Temp\cc6yP3uP.o
                                         0x80 (size before relaxing)
 .rodata        0x0000000040047700     0x2684 C:\Users\Bhagawat\AppData\Local\Temp\ccseFS9a.o
                0x0000000040047700                c_I_nine_cross_nine
                0x0000000040047988                c_I_three_cross_three
                0x00000000400479d0                c_DPM_Pol_LookUpTable
                0x0000000040047b18                c_Tv_wof_0034
                0x0000000040047b60                c_Tv_wof_0204
                0x0000000040047ba8                c_Tv_wof_0230
                0x0000000040047bf0                c_Tv_wof_1004
                0x0000000040047c38                c_Tv_wof_1030
                0x0000000040047c80                c_Tv_wof_1200
                0x0000000040047cc8                c_B2wh_mat_0034
                0x0000000040047d28                c_B2wh_mat_0204
                0x0000000040047d88                c_B2wh_mat_0230
                0x0000000040047de8                c_B2wh_mat_1004
                0x0000000040047e48                c_B2wh_mat_1030
                0x0000000040047ea8                c_B2wh_mat_1200
                0x0000000040047f08                c_B2wh_mat_0234
                0x0000000040047f68                c_B2wh_mat_1034
                0x0000000040047fc8                c_B2wh_mat_1204
                0x0000000040048028                c_B2wh_mat_1230
                0x0000000040048088                c_B2wh_mat_4RW
                0x00000000400480e8                c_wh2B_mat_0034
                0x0000000040048148                c_wh2B_mat_0204
                0x00000000400481a8                c_wh2B_mat_0230
                0x0000000040048208                c_wh2B_mat_1004
                0x0000000040048268                c_wh2B_mat_1030
                0x00000000400482c8                c_wh2B_mat_1200
                0x0000000040048328                c_wh2B_mat_0234
                0x0000000040048388                c_wh2B_mat_1034
                0x00000000400483e8                c_wh2B_mat_1204
                0x0000000040048448                c_wh2B_mat_1230
                0x00000000400484a8                c_wh2B_mat_4RW
                0x0000000040048508                c_MOI_wh
                0x0000000040048510                c_MOI_wh4
                0x0000000040048518                c_MOI_wh3
                0x0000000040048520                c_MOI_wh2
                0x0000000040048528                c_MOI_wh1
                0x0000000040048530                TC_T_RW_MAX
                0x0000000040048538                c_RADps2RPM
                0x0000000040048540                c_RPM2RADpS
                0x0000000040048548                c_DPMMAX
                0x0000000040048550                c_wkm_sunmag
                0x0000000040048558                c_wks_sunmag
                0x0000000040048560                c_wkm_mag
                0x0000000040048568                c_wks_mag
                0x0000000040048570                c_ss2b4156
                0x00000000400485b8                c_ss2b3456
                0x0000000040048600                c_ss2b2356
                0x0000000040048648                c_ss2b1256
                0x0000000040048690                c_misaln_cor146
                0x00000000400486d8                c_misaln_cor145
                0x0000000040048720                c_misaln_cor346
                0x0000000040048768                c_misaln_cor345
                0x00000000400487b0                c_misaln_cor326
                0x00000000400487f8                c_misaln_cor325
                0x0000000040048840                c_misaln_cor126
                0x0000000040048888                c_misaln_cor125
                0x00000000400488d0                c_AngDev_SAMtransit_thrsld
                0x00000000400488d8                c_AngDev_SMtransit_thrsld
                0x00000000400488e0                c_Sunlit_Thrsld
                0x00000000400488e8                c_SSThrsld
                0x00000000400488f0                c_Imax_YN_Main
                0x00000000400488f8                c_Imax_YP_Main
                0x0000000040048900                c_Imax_PN_Main
                0x0000000040048908                c_Imax_PP_Main
                0x0000000040048910                c_Imax_RNND_Main
                0x0000000040048918                c_Imax_RPND_Main
                0x0000000040048920                c_Imax_RND_Main
                0x0000000040048928                c_Imax_RPD_Main
                0x0000000040048930                c_Imax_YN_Red
                0x0000000040048938                c_Imax_YP_Red
                0x0000000040048940                c_Imax_PN_Red
                0x0000000040048948                c_Imax_PP_Red
                0x0000000040048950                c_Imax_RNND_Red
                0x0000000040048958                c_Imax_RPND_Red
                0x0000000040048960                c_Imax_RND_Red
                0x0000000040048968                c_Imax_RPD_Red
                0x0000000040048970                c_KDset3
                0x0000000040048978                c_KDset2
                0x0000000040048980                c_KDset1
                0x0000000040048988                c_Epsilon2
                0x0000000040048990                c_Epsilon1
                0x0000000040048998                c_Sun_Dis3
                0x00000000400489a0                c_Sun_Dis2
                0x00000000400489a8                c_Sun_Dis1
                0x00000000400489b0                c_L_Ecliptic2
                0x00000000400489b8                c_L_Ecliptic1
                0x00000000400489c0                c_Msun2
                0x00000000400489c8                c_Msun1
                0x00000000400489d0                c_L_Msun2
                0x00000000400489d8                c_L_Msun1
                0x00000000400489e0                c_hsval
                0x0000000040048d20                c_hval
                0x0000000040049060                c_gsval
                0x00000000400493a0                c_gval
                0x00000000400496e0                c_sdmax
                0x00000000400496e8                c_a
                0x00000000400496f0                c_Pibytwo
                0x00000000400496f8                c_Kmax
                0x00000000400496fc                c_Nmax
                0x0000000040049700                c_rk_T
                0x0000000040049988                c_rk
                0x0000000040049c10                c_I_four_cross_four
                0x0000000040049c50                c_onesecond
                0x0000000040049c58                c_oneminute
                0x0000000040049c60                c_halfhour
                0x0000000040049c68                c_Mmax
                0x0000000040049c70                c_AS2R
                0x0000000040049c78                c_R2D
                0x0000000040049c80                c_D2R
                0x0000000040049c88                c_min_per_day
                0x0000000040049c90                c_temp4
                0x0000000040049c98                c_j4
                0x0000000040049ca0                c_j3oj2
                0x0000000040049ca8                c_qzms2t
                0x0000000040049cb0                c_ss
                0x0000000040049cb8                c_xpdotp
                0x0000000040049cc0                c_Pi
                0x0000000040049cc8                c_Day_To_Seconds
                0x0000000040049cd0                c_invmu
                0x0000000040049cd8                c_mu
                0x0000000040049ce0                c_dividebyzerovalue
                0x0000000040049ce8                c_xke
                0x0000000040049cf0                c_x2o3
                0x0000000040049cf8                c_Twopi
                0x0000000040049d00                c_j2
                0x0000000040049d08                c_au
                0x0000000040049d10                c_auer
                0x0000000040049d18                c_radiusearthkm
                0x0000000040049d20                c_vkmpersec
                0x0000000040049d28                c_OMEGAE
                0x0000000040049d30                c_tsince_min
                0x0000000040049d38                c_twomu
                0x0000000040049d40                c_MiC
                0x0000000040049d48                c_MaC
                0x0000000040049d50                c_TM_RW_Resol
                0x0000000040049d58                c_TM_Resol_B
                0x0000000040049d60                c_TM_Resol_w
                0x0000000040049d68                c_TM_Resol_DelThta
                0x0000000040049d70                c_Resol_DelThta
                0x0000000040049d78                c_Resol_B
                0x0000000040049d80                c_FFFF
 *fill*         0x0000000040049d84        0x4 
 .rodata.cst8   0x0000000040049d88       0x50 C:\Users\Bhagawat\AppData\Local\Temp\ccUeU7Fb.o
                                         0xa0 (size before relaxing)
 .rodata.cst8   0x0000000040049dd8       0x28 C:\Users\Bhagawat\AppData\Local\Temp\cch8AKQm.o
                                         0x78 (size before relaxing)
 .rodata.cst4   0x0000000040049e00        0x4 C:\Users\Bhagawat\AppData\Local\Temp\cch8AKQm.o
                                          0xc (size before relaxing)
 .rodata        0x0000000040049e04        0x0 C:\Users\Bhagawat\AppData\Local\Temp\cch8AKQm.o
 *fill*         0x0000000040049e04        0x4 
 .rodata.cst8   0x0000000040049e08       0x48 C:\Users\Bhagawat\AppData\Local\Temp\cc7yezFl.o
                                         0x68 (size before relaxing)
 .rodata.cst4   0x0000000040049e50        0x4 C:\Users\Bhagawat\AppData\Local\Temp\cc7yezFl.o
                                          0x8 (size before relaxing)
 *fill*         0x0000000040049e54        0x4 
 .rodata.cst8   0x0000000040049e58       0x30 C:\Users\Bhagawat\AppData\Local\Temp\cc5EtDn1.o
                                         0xa8 (size before relaxing)
 .rodata.cst8   0x0000000040049e88      0x2e0 C:\Users\Bhagawat\AppData\Local\Temp\ccm9XfIv.o
                                        0x408 (size before relaxing)
 .rodata.cst8   0x000000004004a168       0x88 C:\Users\Bhagawat\AppData\Local\Temp\cczI8zex.o
 .rodata.cst8   0x000000004004a168       0xa8 c:/opt/bcc-2.0.2-gcc/bin/../lib/gcc/sparc-gaisler-elf/7.2.0/../../../../sparc-gaisler-elf/lib/leon/mfix-at697f\libm.a(lib_a-s_atan.o)
                                         0xd0 (size before relaxing)
 .rodata.cst8   0x000000004004a210       0x10 c:/opt/bcc-2.0.2-gcc/bin/../lib/gcc/sparc-gaisler-elf/7.2.0/../../../../sparc-gaisler-elf/lib/leon/mfix-at697f\libm.a(lib_a-s_floor.o)
 .rodata.str1.8
                0x000000004004a210        0x9 c:/opt/bcc-2.0.2-gcc/bin/../lib/gcc/sparc-gaisler-elf/7.2.0/../../../../sparc-gaisler-elf/lib/leon/mfix-at697f\libm.a(lib_a-w_acos.o)
 .rodata.cst8   0x000000004004a219        0x8 c:/opt/bcc-2.0.2-gcc/bin/../lib/gcc/sparc-gaisler-elf/7.2.0/../../../../sparc-gaisler-elf/lib/leon/mfix-at697f\libm.a(lib_a-w_acos.o)
 *fill*         0x000000004004a219        0x7 
 .rodata.str1.8
                0x000000004004a220        0x5 c:/opt/bcc-2.0.2-gcc/bin/../lib/gcc/sparc-gaisler-elf/7.2.0/../../../../sparc-gaisler-elf/lib/leon/mfix-at697f\libm.a(lib_a-w_asin.o)
                                          0x9 (size before relaxing)
 .rodata.cst8   0x000000004004a225        0x8 c:/opt/bcc-2.0.2-gcc/bin/../lib/gcc/sparc-gaisler-elf/7.2.0/../../../../sparc-gaisler-elf/lib/leon/mfix-at697f\libm.a(lib_a-w_asin.o)
 *fill*         0x000000004004a225        0x3 
 .rodata.str1.8
                0x000000004004a228        0x5 c:/opt/bcc-2.0.2-gcc/bin/../lib/gcc/sparc-gaisler-elf/7.2.0/../../../../sparc-gaisler-elf/lib/leon/mfix-at697f\libm.a(lib_a-w_fmod.o)
 .rodata.cst8   0x000000004004a22d        0x8 c:/opt/bcc-2.0.2-gcc/bin/../lib/gcc/sparc-gaisler-elf/7.2.0/../../../../sparc-gaisler-elf/lib/leon/mfix-at697f\libm.a(lib_a-w_fmod.o)
 *fill*         0x000000004004a22d        0x3 
 .rodata.str1.8
                0x000000004004a230        0x4 c:/opt/bcc-2.0.2-gcc/bin/../lib/gcc/sparc-gaisler-elf/7.2.0/../../../../sparc-gaisler-elf/lib/leon/mfix-at697f\libm.a(lib_a-w_pow.o)
 *fill*         0x000000004004a234        0x4 
 .rodata.cst8   0x000000004004a238       0x20 c:/opt/bcc-2.0.2-gcc/bin/../lib/gcc/sparc-gaisler-elf/7.2.0/../../../../sparc-gaisler-elf/lib/leon/mfix-at697f\libm.a(lib_a-w_pow.o)
                                         0x38 (size before relaxing)
 .rodata.str1.8
                0x000000004004a258        0x8 c:/opt/bcc-2.0.2-gcc/bin/../lib/gcc/sparc-gaisler-elf/7.2.0/../../../../sparc-gaisler-elf/lib/leon/mfix-at697f\libm.a(lib_a-w_sqrt.o)
                                          0x5 (size before relaxing)
 .rodata.cst8   0x000000004004a260        0x8 c:/opt/bcc-2.0.2-gcc/bin/../lib/gcc/sparc-gaisler-elf/7.2.0/../../../../sparc-gaisler-elf/lib/leon/mfix-at697f\libm.a(lib_a-w_sqrt.o)
 .rodata.cst8   0x000000004004a260       0x50 c:/opt/bcc-2.0.2-gcc/bin/../lib/gcc/sparc-gaisler-elf/7.2.0/../../../../sparc-gaisler-elf/lib/leon/mfix-at697f\libm.a(lib_a-e_acos.o)
                                         0x80 (size before relaxing)
 .rodata.cst8   0x000000004004a2b0       0x80 c:/opt/bcc-2.0.2-gcc/bin/../lib/gcc/sparc-gaisler-elf/7.2.0/../../../../sparc-gaisler-elf/lib/leon/mfix-at697f\libm.a(lib_a-e_asin.o)
 .rodata.cst8   0x000000004004a2b0       0x28 c:/opt/bcc-2.0.2-gcc/bin/../lib/gcc/sparc-gaisler-elf/7.2.0/../../../../sparc-gaisler-elf/lib/leon/mfix-at697f\libm.a(lib_a-e_atan2.o)
                                         0x58 (size before relaxing)
 .rodata        0x000000004004a2d8       0x10 c:/opt/bcc-2.0.2-gcc/bin/../lib/gcc/sparc-gaisler-elf/7.2.0/../../../../sparc-gaisler-elf/lib/leon/mfix-at697f\libm.a(lib_a-e_fmod.o)
 .rodata.str1.8
                0x000000004004a2e8        0x1 c:/opt/bcc-2.0.2-gcc/bin/../lib/gcc/sparc-gaisler-elf/7.2.0/../../../../sparc-gaisler-elf/lib/leon/mfix-at697f\libm.a(lib_a-e_pow.o)
 .rodata.cst8   0x000000004004a2e8       0xc8 c:/opt/bcc-2.0.2-gcc/bin/../lib/gcc/sparc-gaisler-elf/7.2.0/../../../../sparc-gaisler-elf/lib/leon/mfix-at697f\libm.a(lib_a-e_pow.o)
                                        0x120 (size before relaxing)
 .rodata.cst8   0x000000004004a3b0       0x40 c:/opt/bcc-2.0.2-gcc/bin/../lib/gcc/sparc-gaisler-elf/7.2.0/../../../../sparc-gaisler-elf/lib/leon/mfix-at697f\libm.a(lib_a-e_rem_pio2.o)
                                         0x50 (size before relaxing)
 .rodata        0x000000004004a3f0      0x188 c:/opt/bcc-2.0.2-gcc/bin/../lib/gcc/sparc-gaisler-elf/7.2.0/../../../../sparc-gaisler-elf/lib/leon/mfix-at697f\libm.a(lib_a-e_rem_pio2.o)
 .rodata.cst8   0x000000004004a578       0x40 c:/opt/bcc-2.0.2-gcc/bin/../lib/gcc/sparc-gaisler-elf/7.2.0/../../../../sparc-gaisler-elf/lib/leon/mfix-at697f\libm.a(lib_a-k_cos.o)
                                         0x50 (size before relaxing)
 .rodata.cst8   0x000000004004a5b8       0x50 c:/opt/bcc-2.0.2-gcc/bin/../lib/gcc/sparc-gaisler-elf/7.2.0/../../../../sparc-gaisler-elf/lib/leon/mfix-at697f\libm.a(lib_a-k_rem_pio2.o)
                                         0x78 (size before relaxing)
 .rodata        0x000000004004a608       0x10 c:/opt/bcc-2.0.2-gcc/bin/../lib/gcc/sparc-gaisler-elf/7.2.0/../../../../sparc-gaisler-elf/lib/leon/mfix-at697f\libm.a(lib_a-k_rem_pio2.o)
 .rodata.cst8   0x000000004004a618       0x30 c:/opt/bcc-2.0.2-gcc/bin/../lib/gcc/sparc-gaisler-elf/7.2.0/../../../../sparc-gaisler-elf/lib/leon/mfix-at697f\libm.a(lib_a-k_sin.o)
                                         0x38 (size before relaxing)
 .rodata.cst8   0x000000004004a648       0x68 c:/opt/bcc-2.0.2-gcc/bin/../lib/gcc/sparc-gaisler-elf/7.2.0/../../../../sparc-gaisler-elf/lib/leon/mfix-at697f\libm.a(lib_a-k_tan.o)
                                         0x90 (size before relaxing)
 .rodata.cst8   0x000000004004a6b0        0x8 c:/opt/bcc-2.0.2-gcc/bin/../lib/gcc/sparc-gaisler-elf/7.2.0/../../../../sparc-gaisler-elf/lib/leon/mfix-at697f\libm.a(lib_a-s_nan.o)
 .rodata        0x000000004004a6b8       0x10 c:/opt/bcc-2.0.2-gcc/bin/../lib/gcc/sparc-gaisler-elf/7.2.0/../../../../sparc-gaisler-elf/lib/leon/mfix-at697f\libm.a(lib_a-s_rint.o)
 .rodata.cst8   0x000000004004a6c8       0x18 c:/opt/bcc-2.0.2-gcc/bin/../lib/gcc/sparc-gaisler-elf/7.2.0/../../../../sparc-gaisler-elf/lib/leon/mfix-at697f\libm.a(lib_a-s_scalbn.o)
                                         0x20 (size before relaxing)
 .rodata        0x000000004004a6e0        0x4 c:/opt/bcc-2.0.2-gcc/bin/../lib/gcc/sparc-gaisler-elf/7.2.0/../../../../sparc-gaisler-elf/lib/leon/mfix-at697f\libc.a(lib_a-impure.o)
                0x000000004004a6e0                _global_impure_ptr
 *(.gnu.linkonce.r*)
                0x000000004004a6f0                . = ALIGN (0x10)
 *fill*         0x000000004004a6e4        0xc 
                0x000000004004a6f0                __rodata_end = .

.rela.dyn       0x000000004004a6f0        0x0
 .rela.iplt     0x000000004004a6f0        0x0 c:/opt/bcc-2.0.2-gcc/bin/../sparc-gaisler-elf/bsp/leon2/leon/mfix-at697f/trap_table_mvt.S.o
 .rela.text.traptable
                0x000000004004a6f0        0x0 c:/opt/bcc-2.0.2-gcc/bin/../sparc-gaisler-elf/bsp/leon2/leon/mfix-at697f/trap_table_mvt.S.o
 .rela.text     0x000000004004a6f0        0x0 c:/opt/bcc-2.0.2-gcc/bin/../sparc-gaisler-elf/bsp/leon2/leon/mfix-at697f/trap_table_mvt.S.o
 .rela.text.startup
                0x000000004004a6f0        0x0 c:/opt/bcc-2.0.2-gcc/bin/../sparc-gaisler-elf/bsp/leon2/leon/mfix-at697f/trap_table_mvt.S.o
 .rela.data     0x000000004004a6f0        0x0 c:/opt/bcc-2.0.2-gcc/bin/../sparc-gaisler-elf/bsp/leon2/leon/mfix-at697f/trap_table_mvt.S.o

.ext.data       0x000000004004a6f0        0x0
                0x000000004004a6f0                . = ALIGN (0x8)
                0x000000004004a6f0                __extdata_start = .
 *(.data.ext)
                0x000000004004a6f0                . = ALIGN (0x8)
                0x000000004004a6f0                __extdata_end = .
                0x000000004004a6f0                __extdata_start_lma = LOADADDR (.ext.data)
                0x0000000000000000                __extdata_size = SIZEOF (.ext.data)

.data           0x000000004004a6f0      0x568
                0x000000004004a6f0                . = ALIGN (0x8)
                0x000000004004a6f0                __data_start = .
 *(.data .data.*)
 .data          0x000000004004a6f0        0x0 c:/opt/bcc-2.0.2-gcc/bin/../sparc-gaisler-elf/bsp/leon2/leon/mfix-at697f/trap_table_mvt.S.o
 .data          0x000000004004a6f0        0x0 c:/opt/bcc-2.0.2-gcc/bin/../sparc-gaisler-elf/bsp/leon2/leon/mfix-at697f/crt0.S.o
 .data          0x000000004004a6f0        0x0 c:/opt/bcc-2.0.2-gcc/bin/../lib/gcc/sparc-gaisler-elf/7.2.0/leon/mfix-at697f/crti.o
 .data          0x000000004004a6f0        0x4 c:/opt/bcc-2.0.2-gcc/bin/../lib/gcc/sparc-gaisler-elf/7.2.0/leon/mfix-at697f/crtbegin.o
                0x000000004004a6f0                __dso_handle
 .data          0x000000004004a6f4        0x0 C:\Users\Bhagawat\AppData\Local\Temp\ccB9oE4Q.o
 .data          0x000000004004a6f4        0x0 C:\Users\Bhagawat\AppData\Local\Temp\ccgusVbt.o
 .data          0x000000004004a6f4       0x18 C:\Users\Bhagawat\AppData\Local\Temp\ccnFU4Tw.o
                0x000000004004a708                real_tm_wait
 .data          0x000000004004a70c      0x3c4 C:\Users\Bhagawat\AppData\Local\Temp\ccVD7Kja.o
                0x000000004004a70c                Resol_Table_Adcs
                0x000000004004a7f0                BlkExe_Status
                0x000000004004a7f4                FuncExecute_Table
                0x000000004004aa64                Resol_Table
 .data          0x000000004004aad0        0x0 C:\Users\Bhagawat\AppData\Local\Temp\ccBWK06S.o
 .data          0x000000004004aad0        0x0 C:\Users\Bhagawat\AppData\Local\Temp\ccAGvxFL.o
 .data          0x000000004004aad0        0x8 C:\Users\Bhagawat\AppData\Local\Temp\ccUIM34N.o
                0x000000004004aad0                PL_Debug_Data
 .data          0x000000004004aad8       0x20 C:\Users\Bhagawat\AppData\Local\Temp\cc4Vd1L6.o
                0x000000004004aad8                inter_HAL_EPS_Hardware_Status_SEL
 .data          0x000000004004aaf8        0x0 C:\Users\Bhagawat\AppData\Local\Temp\cceXC61x.o
 .data          0x000000004004aaf8        0x0 C:\Users\Bhagawat\AppData\Local\Temp\cc2o3ELa.o
 .data          0x000000004004aaf8        0x0 C:\Users\Bhagawat\AppData\Local\Temp\ccoy5N1b.o
 .data          0x000000004004aaf8       0xbc C:\Users\Bhagawat\AppData\Local\Temp\cc30eO0q.o
                0x000000004004aaf8                Auto_manual
                0x000000004004aafc                UTP
                0x000000004004ab3c                LTP
                0x000000004004ab7c                Thermister_index_select
 .data          0x000000004004abb4        0x0 C:\Users\Bhagawat\AppData\Local\Temp\ccagYdCV.o
 *fill*         0x000000004004abb4        0x4 
 .data          0x000000004004abb8        0x4 C:\Users\Bhagawat\AppData\Local\Temp\ccLCF4aU.o
                0x000000004004abb8                NSP_addr_table
 .data          0x000000004004abbc        0x0 C:\Users\Bhagawat\AppData\Local\Temp\ccLhcQKU.o
 .data          0x000000004004abbc        0x0 C:\Users\Bhagawat\AppData\Local\Temp\cc2kvQDC.o
 .data          0x000000004004abbc        0x0 C:\Users\Bhagawat\AppData\Local\Temp\cc6yP3uP.o
 .data          0x000000004004abbc        0x0 C:\Users\Bhagawat\AppData\Local\Temp\ccseFS9a.o
 .data          0x000000004004abbc        0x0 C:\Users\Bhagawat\AppData\Local\Temp\ccUeU7Fb.o
 .data          0x000000004004abbc        0x0 C:\Users\Bhagawat\AppData\Local\Temp\cch8AKQm.o
 .data          0x000000004004abbc        0x0 C:\Users\Bhagawat\AppData\Local\Temp\cc7yezFl.o
 .data          0x000000004004abbc        0x0 C:\Users\Bhagawat\AppData\Local\Temp\cc5EtDn1.o
 .data          0x000000004004abbc        0x0 C:\Users\Bhagawat\AppData\Local\Temp\cc321CGQ.o
 .data          0x000000004004abbc        0x0 C:\Users\Bhagawat\AppData\Local\Temp\ccm9XfIv.o
 .data          0x000000004004abbc        0x0 C:\Users\Bhagawat\AppData\Local\Temp\cczI8zex.o
 .data          0x000000004004abbc        0x0 C:\Users\Bhagawat\AppData\Local\Temp\cc9Ef0bG.o
 .data          0x000000004004abbc        0x0 c:/opt/bcc-2.0.2-gcc/bin/../lib/gcc/sparc-gaisler-elf/7.2.0/../../../../sparc-gaisler-elf/lib/leon/mfix-at697f\libm.a(lib_a-s_atan.o)
 .data          0x000000004004abbc        0x0 c:/opt/bcc-2.0.2-gcc/bin/../lib/gcc/sparc-gaisler-elf/7.2.0/../../../../sparc-gaisler-elf/lib/leon/mfix-at697f\libm.a(lib_a-s_cos.o)
 .data          0x000000004004abbc        0x0 c:/opt/bcc-2.0.2-gcc/bin/../lib/gcc/sparc-gaisler-elf/7.2.0/../../../../sparc-gaisler-elf/lib/leon/mfix-at697f\libm.a(lib_a-s_fabs.o)
 .data          0x000000004004abbc        0x0 c:/opt/bcc-2.0.2-gcc/bin/../lib/gcc/sparc-gaisler-elf/7.2.0/../../../../sparc-gaisler-elf/lib/leon/mfix-at697f\libm.a(lib_a-s_floor.o)
 .data          0x000000004004abbc        0x0 c:/opt/bcc-2.0.2-gcc/bin/../lib/gcc/sparc-gaisler-elf/7.2.0/../../../../sparc-gaisler-elf/lib/leon/mfix-at697f\libm.a(lib_a-s_round.o)
 .data          0x000000004004abbc        0x0 c:/opt/bcc-2.0.2-gcc/bin/../lib/gcc/sparc-gaisler-elf/7.2.0/../../../../sparc-gaisler-elf/lib/leon/mfix-at697f\libm.a(lib_a-s_sin.o)
 .data          0x000000004004abbc        0x0 c:/opt/bcc-2.0.2-gcc/bin/../lib/gcc/sparc-gaisler-elf/7.2.0/../../../../sparc-gaisler-elf/lib/leon/mfix-at697f\libm.a(lib_a-s_tan.o)
 .data          0x000000004004abbc        0x0 c:/opt/bcc-2.0.2-gcc/bin/../lib/gcc/sparc-gaisler-elf/7.2.0/../../../../sparc-gaisler-elf/lib/leon/mfix-at697f\libm.a(lib_a-w_acos.o)
 .data          0x000000004004abbc        0x0 c:/opt/bcc-2.0.2-gcc/bin/../lib/gcc/sparc-gaisler-elf/7.2.0/../../../../sparc-gaisler-elf/lib/leon/mfix-at697f\libm.a(lib_a-w_asin.o)
 .data          0x000000004004abbc        0x0 c:/opt/bcc-2.0.2-gcc/bin/../lib/gcc/sparc-gaisler-elf/7.2.0/../../../../sparc-gaisler-elf/lib/leon/mfix-at697f\libm.a(lib_a-w_atan2.o)
 .data          0x000000004004abbc        0x0 c:/opt/bcc-2.0.2-gcc/bin/../lib/gcc/sparc-gaisler-elf/7.2.0/../../../../sparc-gaisler-elf/lib/leon/mfix-at697f\libm.a(lib_a-w_fmod.o)
 .data          0x000000004004abbc        0x0 c:/opt/bcc-2.0.2-gcc/bin/../lib/gcc/sparc-gaisler-elf/7.2.0/../../../../sparc-gaisler-elf/lib/leon/mfix-at697f\libm.a(lib_a-w_pow.o)
 .data          0x000000004004abbc        0x0 c:/opt/bcc-2.0.2-gcc/bin/../lib/gcc/sparc-gaisler-elf/7.2.0/../../../../sparc-gaisler-elf/lib/leon/mfix-at697f\libm.a(lib_a-w_sqrt.o)
 .data          0x000000004004abbc        0x0 c:/opt/bcc-2.0.2-gcc/bin/../lib/gcc/sparc-gaisler-elf/7.2.0/../../../../sparc-gaisler-elf/lib/leon/mfix-at697f\libm.a(lib_a-e_acos.o)
 .data          0x000000004004abbc        0x0 c:/opt/bcc-2.0.2-gcc/bin/../lib/gcc/sparc-gaisler-elf/7.2.0/../../../../sparc-gaisler-elf/lib/leon/mfix-at697f\libm.a(lib_a-e_asin.o)
 .data          0x000000004004abbc        0x0 c:/opt/bcc-2.0.2-gcc/bin/../lib/gcc/sparc-gaisler-elf/7.2.0/../../../../sparc-gaisler-elf/lib/leon/mfix-at697f\libm.a(lib_a-e_atan2.o)
 .data          0x000000004004abbc        0x0 c:/opt/bcc-2.0.2-gcc/bin/../lib/gcc/sparc-gaisler-elf/7.2.0/../../../../sparc-gaisler-elf/lib/leon/mfix-at697f\libm.a(lib_a-e_fmod.o)
 .data          0x000000004004abbc        0x0 c:/opt/bcc-2.0.2-gcc/bin/../lib/gcc/sparc-gaisler-elf/7.2.0/../../../../sparc-gaisler-elf/lib/leon/mfix-at697f\libm.a(lib_a-e_pow.o)
 .data          0x000000004004abbc        0x0 c:/opt/bcc-2.0.2-gcc/bin/../lib/gcc/sparc-gaisler-elf/7.2.0/../../../../sparc-gaisler-elf/lib/leon/mfix-at697f\libm.a(lib_a-e_rem_pio2.o)
 .data          0x000000004004abbc        0x0 c:/opt/bcc-2.0.2-gcc/bin/../lib/gcc/sparc-gaisler-elf/7.2.0/../../../../sparc-gaisler-elf/lib/leon/mfix-at697f\libm.a(lib_a-e_sqrt.o)
 .data          0x000000004004abbc        0x0 c:/opt/bcc-2.0.2-gcc/bin/../lib/gcc/sparc-gaisler-elf/7.2.0/../../../../sparc-gaisler-elf/lib/leon/mfix-at697f\libm.a(lib_a-k_cos.o)
 .data          0x000000004004abbc        0x0 c:/opt/bcc-2.0.2-gcc/bin/../lib/gcc/sparc-gaisler-elf/7.2.0/../../../../sparc-gaisler-elf/lib/leon/mfix-at697f\libm.a(lib_a-k_rem_pio2.o)
 .data          0x000000004004abbc        0x0 c:/opt/bcc-2.0.2-gcc/bin/../lib/gcc/sparc-gaisler-elf/7.2.0/../../../../sparc-gaisler-elf/lib/leon/mfix-at697f\libm.a(lib_a-k_sin.o)
 .data          0x000000004004abbc        0x0 c:/opt/bcc-2.0.2-gcc/bin/../lib/gcc/sparc-gaisler-elf/7.2.0/../../../../sparc-gaisler-elf/lib/leon/mfix-at697f\libm.a(lib_a-k_tan.o)
 .data          0x000000004004abbc        0x0 c:/opt/bcc-2.0.2-gcc/bin/../lib/gcc/sparc-gaisler-elf/7.2.0/../../../../sparc-gaisler-elf/lib/leon/mfix-at697f\libm.a(lib_a-s_finite.o)
 .data          0x000000004004abbc        0x4 c:/opt/bcc-2.0.2-gcc/bin/../lib/gcc/sparc-gaisler-elf/7.2.0/../../../../sparc-gaisler-elf/lib/leon/mfix-at697f\libm.a(lib_a-s_lib_ver.o)
                0x000000004004abbc                __fdlib_version
 .data          0x000000004004abc0        0x0 c:/opt/bcc-2.0.2-gcc/bin/../lib/gcc/sparc-gaisler-elf/7.2.0/../../../../sparc-gaisler-elf/lib/leon/mfix-at697f\libm.a(lib_a-s_matherr.o)
 .data          0x000000004004abc0        0x0 c:/opt/bcc-2.0.2-gcc/bin/../lib/gcc/sparc-gaisler-elf/7.2.0/../../../../sparc-gaisler-elf/lib/leon/mfix-at697f\libm.a(lib_a-s_nan.o)
 .data          0x000000004004abc0        0x0 c:/opt/bcc-2.0.2-gcc/bin/../lib/gcc/sparc-gaisler-elf/7.2.0/../../../../sparc-gaisler-elf/lib/leon/mfix-at697f\libm.a(lib_a-s_rint.o)
 .data          0x000000004004abc0        0x0 c:/opt/bcc-2.0.2-gcc/bin/../lib/gcc/sparc-gaisler-elf/7.2.0/../../../../sparc-gaisler-elf/lib/leon/mfix-at697f\libm.a(lib_a-s_scalbn.o)
 .data          0x000000004004abc0        0x0 c:/opt/bcc-2.0.2-gcc/bin/../lib/gcc/sparc-gaisler-elf/7.2.0/../../../../sparc-gaisler-elf/lib/leon/mfix-at697f\libm.a(lib_a-s_copysign.o)
 .data          0x000000004004abc0        0x0 c:/opt/bcc-2.0.2-gcc/bin/../sparc-gaisler-elf/bsp/leon2/leon/mfix-at697f\libbcc.a(reset_trap_mvt.S.o)
 .data          0x000000004004abc0        0x0 c:/opt/bcc-2.0.2-gcc/bin/../sparc-gaisler-elf/bsp/leon2/leon/mfix-at697f\libbcc.a(window_trap.S.o)
 .data          0x000000004004abc0        0x0 c:/opt/bcc-2.0.2-gcc/bin/../sparc-gaisler-elf/bsp/leon2/leon/mfix-at697f\libbcc.a(interrupt_trap.S.o)
 .data          0x000000004004abc0        0x0 c:/opt/bcc-2.0.2-gcc/bin/../sparc-gaisler-elf/bsp/leon2/leon/mfix-at697f\libbcc.a(flush_windows_trap.S.o)
 .data          0x000000004004abc0        0x0 c:/opt/bcc-2.0.2-gcc/bin/../sparc-gaisler-elf/bsp/leon2/leon/mfix-at697f\libbcc.a(sw_trap_set_pil.S.o)
 .data          0x000000004004abc0        0x0 c:/opt/bcc-2.0.2-gcc/bin/../sparc-gaisler-elf/bsp/leon2/leon/mfix-at697f\libbcc.a(trap.c.o)
 .data          0x000000004004abc0        0x0 c:/opt/bcc-2.0.2-gcc/bin/../sparc-gaisler-elf/bsp/leon2/leon/mfix-at697f\libbcc.a(isr.c.o)
 .data          0x000000004004abc0       0x10 c:/opt/bcc-2.0.2-gcc/bin/../sparc-gaisler-elf/bsp/leon2/leon/mfix-at697f\libbcc.a(int_nest.c.o)
                0x000000004004abc0                __bcc_int_nest
 .data          0x000000004004abd0        0x0 c:/opt/bcc-2.0.2-gcc/bin/../sparc-gaisler-elf/bsp/leon2/leon/mfix-at697f\libbcc.a(init.S.o)
 .data          0x000000004004abd0       0x10 c:/opt/bcc-2.0.2-gcc/bin/../sparc-gaisler-elf/bsp/leon2/leon/mfix-at697f\libbcc.a(leon_info.S.o)
                0x000000004004abd0                __bcc_leon_version
                0x000000004004abd4                __bcc_nwindows_min1
                0x000000004004abd8                __bcc_nwindows
                0x000000004004abdc                __bcc_cpuid
 .data          0x000000004004abe0        0x0 c:/opt/bcc-2.0.2-gcc/bin/../sparc-gaisler-elf/bsp/leon2/leon/mfix-at697f\libbcc.a(dwzero.S.o)
 .data          0x000000004004abe0        0x0 c:/opt/bcc-2.0.2-gcc/bin/../sparc-gaisler-elf/bsp/leon2/leon/mfix-at697f\libbcc.a(copy_data.c.o)
 .data          0x000000004004abe0        0x0 c:/opt/bcc-2.0.2-gcc/bin/../sparc-gaisler-elf/bsp/leon2/leon/mfix-at697f\libbcc.a(lowlevel.S.o)
 .data          0x000000004004abe0        0x0 c:/opt/bcc-2.0.2-gcc/bin/../sparc-gaisler-elf/bsp/leon2/leon/mfix-at697f\libbcc.a(lowlevel_leon2.S.o)
 .data          0x000000004004abe0        0x0 c:/opt/bcc-2.0.2-gcc/bin/../sparc-gaisler-elf/bsp/leon2/leon/mfix-at697f\libbcc.a(int_leon2.c.o)
 .data          0x000000004004abe0        0x0 c:/opt/bcc-2.0.2-gcc/bin/../sparc-gaisler-elf/bsp/leon2/leon/mfix-at697f\libbcc.a(int_leon2_get_source.c.o)
 .data          0x000000004004abe0        0x0 c:/opt/bcc-2.0.2-gcc/bin/../sparc-gaisler-elf/bsp/leon2/leon/mfix-at697f\libbcc.a(int_leon2_init.c.o)
 .data          0x000000004004abe0        0x0 c:/opt/bcc-2.0.2-gcc/bin/../sparc-gaisler-elf/bsp/leon2/leon/mfix-at697f\libbcc.a(con_leon2.c.o)
 .data          0x000000004004abe0        0x0 c:/opt/bcc-2.0.2-gcc/bin/../sparc-gaisler-elf/bsp/leon2/leon/mfix-at697f\libbcc.a(timer_leon2.c.o)
 .data          0x000000004004abe0        0x0 c:/opt/bcc-2.0.2-gcc/bin/../sparc-gaisler-elf/bsp/leon2/leon/mfix-at697f\libbcc.a(set_pil.S.o)
 .data          0x000000004004abe0        0x4 c:/opt/bcc-2.0.2-gcc/bin/../sparc-gaisler-elf/bsp/leon2/leon/mfix-at697f\libbcc.a(int_leon2_handle.c.o)
                0x000000004004abe0                __bcc_int_handle
 .data          0x000000004004abe4        0x4 c:/opt/bcc-2.0.2-gcc/bin/../sparc-gaisler-elf/bsp/leon2/leon/mfix-at697f\libbcc.a(con_handle.c.o)
                0x000000004004abe4                __bcc_con_handle
 .data          0x000000004004abe8        0x8 c:/opt/bcc-2.0.2-gcc/bin/../sparc-gaisler-elf/bsp/leon2/leon/mfix-at697f\libbcc.a(timer_handle.c.o)
                0x000000004004abe8                __bcc_timer_interrupt
                0x000000004004abec                __bcc_timer_handle
 .data          0x000000004004abf0        0x0 c:/opt/bcc-2.0.2-gcc/bin/../lib/gcc/sparc-gaisler-elf/7.2.0/../../../../sparc-gaisler-elf/lib/leon/mfix-at697f\libc.a(lib_a-atexit.o)
 .data          0x000000004004abf0        0x0 c:/opt/bcc-2.0.2-gcc/bin/../lib/gcc/sparc-gaisler-elf/7.2.0/../../../../sparc-gaisler-elf/lib/leon/mfix-at697f\libc.a(lib_a-errno.o)
 .data          0x000000004004abf0        0x0 c:/opt/bcc-2.0.2-gcc/bin/../lib/gcc/sparc-gaisler-elf/7.2.0/../../../../sparc-gaisler-elf/lib/leon/mfix-at697f\libc.a(lib_a-exit.o)
 .data          0x000000004004abf0       0x64 c:/opt/bcc-2.0.2-gcc/bin/../lib/gcc/sparc-gaisler-elf/7.2.0/../../../../sparc-gaisler-elf/lib/leon/mfix-at697f\libc.a(lib_a-impure.o)
                0x000000004004abf0                _impure_ptr
 .data          0x000000004004ac54        0x0 c:/opt/bcc-2.0.2-gcc/bin/../lib/gcc/sparc-gaisler-elf/7.2.0/../../../../sparc-gaisler-elf/lib/leon/mfix-at697f\libc.a(lib_a-memcpy.o)
 .data          0x000000004004ac54        0x0 c:/opt/bcc-2.0.2-gcc/bin/../lib/gcc/sparc-gaisler-elf/7.2.0/../../../../sparc-gaisler-elf/lib/leon/mfix-at697f\libc.a(lib_a-__atexit.o)
 .data          0x000000004004ac54        0x0 c:/opt/bcc-2.0.2-gcc/bin/../lib/gcc/sparc-gaisler-elf/7.2.0/../../../../sparc-gaisler-elf/lib/leon/mfix-at697f\libc.a(lib_a-__call_atexit.o)
 .data          0x000000004004ac54        0x0 c:/opt/bcc-2.0.2-gcc/bin/../sparc-gaisler-elf/bsp/leon2/leon/mfix-at697f\libbcc.a(_exit.S.o)
 .data          0x000000004004ac54        0x0 c:/opt/bcc-2.0.2-gcc/bin/../lib/gcc/sparc-gaisler-elf/7.2.0/leon/mfix-at697f/crtend.o
 .data          0x000000004004ac54        0x0 c:/opt/bcc-2.0.2-gcc/bin/../lib/gcc/sparc-gaisler-elf/7.2.0/leon/mfix-at697f/crtn.o
                0x000000004004ac58                . = ALIGN (0x8)
 *fill*         0x000000004004ac54        0x4 
                0x000000004004ac58                __data_end = .
                0x000000004004a6f0                __data_start_lma = LOADADDR (.data)
                0x0000000000000568                __data_size = SIZEOF (.data)

.iplt           0x000000004004ac58        0x0
 .iplt          0x000000004004ac58        0x0 c:/opt/bcc-2.0.2-gcc/bin/../sparc-gaisler-elf/bsp/leon2/leon/mfix-at697f/trap_table_mvt.S.o

.tm_clone_table
                0x000000004004ac58        0x0
 .tm_clone_table
                0x000000004004ac58        0x0 c:/opt/bcc-2.0.2-gcc/bin/../lib/gcc/sparc-gaisler-elf/7.2.0/leon/mfix-at697f/crtbegin.o
 .tm_clone_table
                0x000000004004ac58        0x0 c:/opt/bcc-2.0.2-gcc/bin/../lib/gcc/sparc-gaisler-elf/7.2.0/leon/mfix-at697f/crtend.o

.bss            0x000000004004ac58    0x91ef0
                0x000000004004ac58                . = ALIGN (0x8)
                0x000000004004ac58                __bss_start = .
 *(.bss .bss.*)
 .bss           0x000000004004ac58        0x0 c:/opt/bcc-2.0.2-gcc/bin/../sparc-gaisler-elf/bsp/leon2/leon/mfix-at697f/trap_table_mvt.S.o
 .bss           0x000000004004ac58        0x4 c:/opt/bcc-2.0.2-gcc/bin/../sparc-gaisler-elf/bsp/leon2/leon/mfix-at697f/crt0.S.o
                0x000000004004ac58                __bcc_sp_at_entry
 .bss           0x000000004004ac5c        0x0 c:/opt/bcc-2.0.2-gcc/bin/../lib/gcc/sparc-gaisler-elf/7.2.0/leon/mfix-at697f/crti.o
 .bss           0x000000004004ac5c       0x20 c:/opt/bcc-2.0.2-gcc/bin/../lib/gcc/sparc-gaisler-elf/7.2.0/leon/mfix-at697f/crtbegin.o
 .bss           0x000000004004ac7c        0x0 C:\Users\Bhagawat\AppData\Local\Temp\ccB9oE4Q.o
 .bss           0x000000004004ac7c        0x0 C:\Users\Bhagawat\AppData\Local\Temp\ccgusVbt.o
 .bss           0x000000004004ac7c        0x8 C:\Users\Bhagawat\AppData\Local\Temp\ccnFU4Tw.o
                0x000000004004ac7c                test_st_sp
                0x000000004004ac7d                filler_byte
                0x000000004004ac80                repeat_count
 .bss           0x000000004004ac84       0x22 C:\Users\Bhagawat\AppData\Local\Temp\ccVD7Kja.o
                0x000000004004ac84                Diff_stop_srl_num
                0x000000004004ac88                Diff_start_srl_num
                0x000000004004ac8c                DTTC_count
                0x000000004004ac90                head
                0x000000004004ac94                ATTC_count
                0x000000004004ac98                ATTC_exe_en
                0x000000004004ac9c                ATTC_Master_en
                0x000000004004aca0                Nodeptrempty_flag
                0x000000004004aca4                ComputedParity
                0x000000004004aca5                RcvdParity
 .bss           0x000000004004aca6        0x0 C:\Users\Bhagawat\AppData\Local\Temp\ccBWK06S.o
 .bss           0x000000004004aca6        0x0 C:\Users\Bhagawat\AppData\Local\Temp\ccAGvxFL.o
 .bss           0x000000004004aca6        0x0 C:\Users\Bhagawat\AppData\Local\Temp\ccUIM34N.o
 *fill*         0x000000004004aca6        0x2 
 .bss           0x000000004004aca8        0x8 C:\Users\Bhagawat\AppData\Local\Temp\cc4Vd1L6.o
                0x000000004004aca8                load_shedding_flag
                0x000000004004aca9                low_battery_voltage
                0x000000004004acac                inter_HAL_EPS_Hardware_Status_count
 .bss           0x000000004004acb0        0x4 C:\Users\Bhagawat\AppData\Local\Temp\cceXC61x.o
                0x000000004004acb0                imu_count
 .bss           0x000000004004acb4        0x0 C:\Users\Bhagawat\AppData\Local\Temp\cc2o3ELa.o
 .bss           0x000000004004acb4        0xc C:\Users\Bhagawat\AppData\Local\Temp\ccoy5N1b.o
                0x000000004004acb4                gpstest
                0x000000004004acb8                gps_ready_bit
                0x000000004004acbc                gps_count
 .bss           0x000000004004acc0        0x0 C:\Users\Bhagawat\AppData\Local\Temp\cc30eO0q.o
 .bss           0x000000004004acc0        0x4 C:\Users\Bhagawat\AppData\Local\Temp\ccagYdCV.o
                0x000000004004acc0                MTR_Reset_Flag
 .bss           0x000000004004acc4        0xe C:\Users\Bhagawat\AppData\Local\Temp\ccLCF4aU.o
                0x000000004004acd0                crc_test
 *fill*         0x000000004004acd2        0x2 
 .bss           0x000000004004acd4       0x18 C:\Users\Bhagawat\AppData\Local\Temp\ccLhcQKU.o