Archive member included to satisfy reference by file (symbol)

c:/opt/bcc-2.0.2-gcc/bin/../lib/gcc/sparc-gaisler-elf/7.2.0/../../../../sparc-gaisler-elf/lib/leon/mfix-at697f\libm.a(lib_a-s_atan.o)
                              C:\Users\Bhagawat\AppData\Local\Temp\cc4U7lQF.o (atan)
c:/opt/bcc-2.0.2-gcc/bin/../lib/gcc/sparc-gaisler-elf/7.2.0/../../../../sparc-gaisler-elf/lib/leon/mfix-at697f\libm.a(lib_a-s_cos.o)
                              C:\Users\Bhagawat\AppData\Local\Temp\cc3KmY7C.o (cos)
c:/opt/bcc-2.0.2-gcc/bin/../lib/gcc/sparc-gaisler-elf/7.2.0/../../../../sparc-gaisler-elf/lib/leon/mfix-at697f\libm.a(lib_a-s_fabs.o)
                              c:/opt/bcc-2.0.2-gcc/bin/../lib/gcc/sparc-gaisler-elf/7.2.0/../../../../sparc-gaisler-elf/lib/leon/mfix-at697f\libm.a(lib_a-s_atan.o) (fabs)
c:/opt/bcc-2.0.2-gcc/bin/../lib/gcc/sparc-gaisler-elf/7.2.0/../../../../sparc-gaisler-elf/lib/leon/mfix-at697f\libm.a(lib_a-s_floor.o)
                              C:\Users\Bhagawat\AppData\Local\Temp\ccjxJ7AC.o (floor)
c:/opt/bcc-2.0.2-gcc/bin/../lib/gcc/sparc-gaisler-elf/7.2.0/../../../../sparc-gaisler-elf/lib/leon/mfix-at697f\libm.a(lib_a-s_round.o)
                              C:\Users\Bhagawat\AppData\Local\Temp\ccvSHdpO.o (round)
c:/opt/bcc-2.0.2-gcc/bin/../lib/gcc/sparc-gaisler-elf/7.2.0/../../../../sparc-gaisler-elf/lib/leon/mfix-at697f\libm.a(lib_a-s_sin.o)
                              C:\Users\Bhagawat\AppData\Local\Temp\cc3KmY7C.o (sin)
c:/opt/bcc-2.0.2-gcc/bin/../lib/gcc/sparc-gaisler-elf/7.2.0/../../../../sparc-gaisler-elf/lib/leon/mfix-at697f\libm.a(lib_a-s_tan.o)
                              C:\Users\Bhagawat\AppData\Local\Temp\cc4U7lQF.o (tan)
c:/opt/bcc-2.0.2-gcc/bin/../lib/gcc/sparc-gaisler-elf/7.2.0/../../../../sparc-gaisler-elf/lib/leon/mfix-at697f\libm.a(lib_a-w_acos.o)
                              C:\Users\Bhagawat\AppData\Local\Temp\ccNBNVxX.o (acos)
c:/opt/bcc-2.0.2-gcc/bin/../lib/gcc/sparc-gaisler-elf/7.2.0/../../../../sparc-gaisler-elf/lib/leon/mfix-at697f\libm.a(lib_a-w_asin.o)
                              C:\Users\Bhagawat\AppData\Local\Temp\ccjxJ7AC.o (asin)
c:/opt/bcc-2.0.2-gcc/bin/../lib/gcc/sparc-gaisler-elf/7.2.0/../../../../sparc-gaisler-elf/lib/leon/mfix-at697f\libm.a(lib_a-w_atan2.o)
                              C:\Users\Bhagawat\AppData\Local\Temp\cc4U7lQF.o (atan2)
c:/opt/bcc-2.0.2-gcc/bin/../lib/gcc/sparc-gaisler-elf/7.2.0/../../../../sparc-gaisler-elf/lib/leon/mfix-at697f\libm.a(lib_a-w_fmod.o)
                              C:\Users\Bhagawat\AppData\Local\Temp\ccjxJ7AC.o (fmod)
c:/opt/bcc-2.0.2-gcc/bin/../lib/gcc/sparc-gaisler-elf/7.2.0/../../../../sparc-gaisler-elf/lib/leon/mfix-at697f\libm.a(lib_a-w_pow.o)
                              C:\Users\Bhagawat\AppData\Local\Temp\ccNBNVxX.o (pow)
c:/opt/bcc-2.0.2-gcc/bin/../lib/gcc/sparc-gaisler-elf/7.2.0/../../../../sparc-gaisler-elf/lib/leon/mfix-at697f\libm.a(lib_a-w_sqrt.o)
                              C:\Users\Bhagawat\AppData\Local\Temp\ccxwKixX.o (sqrt)
c:/opt/bcc-2.0.2-gcc/bin/../lib/gcc/sparc-gaisler-elf/7.2.0/../../../../sparc-gaisler-elf/lib/leon/mfix-at697f\libm.a(lib_a-e_acos.o)
                              c:/opt/bcc-2.0.2-gcc/bin/../lib/gcc/sparc-gaisler-elf/7.2.0/../../../../sparc-gaisler-elf/lib/leon/mfix-at697f\libm.a(lib_a-w_acos.o) (__ieee754_acos)
c:/opt/bcc-2.0.2-gcc/bin/../lib/gcc/sparc-gaisler-elf/7.2.0/../../../../sparc-gaisler-elf/lib/leon/mfix-at697f\libm.a(lib_a-e_asin.o)
                              c:/opt/bcc-2.0.2-gcc/bin/../lib/gcc/sparc-gaisler-elf/7.2.0/../../../../sparc-gaisler-elf/lib/leon/mfix-at697f\libm.a(lib_a-w_asin.o) (__ieee754_asin)
c:/opt/bcc-2.0.2-gcc/bin/../lib/gcc/sparc-gaisler-elf/7.2.0/../../../../sparc-gaisler-elf/lib/leon/mfix-at697f\libm.a(lib_a-e_atan2.o)
                              c:/opt/bcc-2.0.2-gcc/bin/../lib/gcc/sparc-gaisler-elf/7.2.0/../../../../sparc-gaisler-elf/lib/leon/mfix-at697f\libm.a(lib_a-w_atan2.o) (__ieee754_atan2)
c:/opt/bcc-2.0.2-gcc/bin/../lib/gcc/sparc-gaisler-elf/7.2.0/../../../../sparc-gaisler-elf/lib/leon/mfix-at697f\libm.a(lib_a-e_fmod.o)
                              c:/opt/bcc-2.0.2-gcc/bin/../lib/gcc/sparc-gaisler-elf/7.2.0/../../../../sparc-gaisler-elf/lib/leon/mfix-at697f\libm.a(lib_a-w_fmod.o) (__ieee754_fmod)
c:/opt/bcc-2.0.2-gcc/bin/../lib/gcc/sparc-gaisler-elf/7.2.0/../../../../sparc-gaisler-elf/lib/leon/mfix-at697f\libm.a(lib_a-e_pow.o)
                              c:/opt/bcc-2.0.2-gcc/bin/../lib/gcc/sparc-gaisler-elf/7.2.0/../../../../sparc-gaisler-elf/lib/leon/mfix-at697f\libm.a(lib_a-w_pow.o) (__ieee754_pow)
c:/opt/bcc-2.0.2-gcc/bin/../lib/gcc/sparc-gaisler-elf/7.2.0/../../../../sparc-gaisler-elf/lib/leon/mfix-at697f\libm.a(lib_a-e_rem_pio2.o)
                              c:/opt/bcc-2.0.2-gcc/bin/../lib/gcc/sparc-gaisler-elf/7.2.0/../../../../sparc-gaisler-elf/lib/leon/mfix-at697f\libm.a(lib_a-s_cos.o) (__ieee754_rem_pio2)
[...]
Memory Configuration

Name             Origin             Length             Attributes
rom              0x0000000000000000 0x0000000020000000
ram              0x0000000040000000 0x0000000040000000
*default*        0x0000000000000000 0xffffffffffffffff

Linker script and memory map

LOAD c:/opt/bcc-2.0.2-gcc/bin/../sparc-gaisler-elf/bsp/leon2/leon/mfix-at697f/trap_table_mvt.S.o
LOAD c:/opt/bcc-2.0.2-gcc/bin/../sparc-gaisler-elf/bsp/leon2/leon/mfix-at697f/crt0.S.o
LOAD c:/opt/bcc-2.0.2-gcc/bin/../lib/gcc/sparc-gaisler-elf/7.2.0/leon/mfix-at697f/crti.o
LOAD c:/opt/bcc-2.0.2-gcc/bin/../lib/gcc/sparc-gaisler-elf/7.2.0/leon/mfix-at697f/crtbegin.o
LOAD C:\Users\Bhagawat\AppData\Local\Temp\ccYfwIAY.o
LOAD C:\Users\Bhagawat\AppData\Local\Temp\ccobH3aQ.o
LOAD C:\Users\Bhagawat\AppData\Local\Temp\ccHzD1TV.o
LOAD C:\Users\Bhagawat\AppData\Local\Temp\cc3KmY7C.o
LOAD C:\Users\Bhagawat\AppData\Local\Temp\ccfTqrds.o
LOAD C:\Users\Bhagawat\AppData\Local\Temp\cc8ORm7m.o
LOAD C:\Users\Bhagawat\AppData\Local\Temp\cckCvXKt.o
LOAD C:\Users\Bhagawat\AppData\Local\Temp\ccOYElXN.o
LOAD C:\Users\Bhagawat\AppData\Local\Temp\cc2SVUQd.o
LOAD C:\Users\Bhagawat\AppData\Local\Temp\ccWMV4wQ.o
LOAD C:\Users\Bhagawat\AppData\Local\Temp\ccAwmJTO.o
LOAD C:\Users\Bhagawat\AppData\Local\Temp\ccXeZ7H2.o
LOAD C:\Users\Bhagawat\AppData\Local\Temp\cc2jSEyt.o
LOAD C:\Users\Bhagawat\AppData\Local\Temp\ccvxXGJm.o
LOAD C:\Users\Bhagawat\AppData\Local\Temp\cc8Fj6Gr.o
LOAD C:\Users\Bhagawat\AppData\Local\Temp\ccxwKixX.o
LOAD C:\Users\Bhagawat\AppData\Local\Temp\ccNBNVxX.o
LOAD C:\Users\Bhagawat\AppData\Local\Temp\cchK8AE8.o
LOAD C:\Users\Bhagawat\AppData\Local\Temp\ccvSHdpO.o
LOAD C:\Users\Bhagawat\AppData\Local\Temp\ccb9JWYO.o
LOAD C:\Users\Bhagawat\AppData\Local\Temp\ccXcL6OH.o
LOAD C:\Users\Bhagawat\AppData\Local\Temp\cc4U7lQF.o
LOAD C:\Users\Bhagawat\AppData\Local\Temp\ccdcwtbM.o
LOAD C:\Users\Bhagawat\AppData\Local\Temp\ccjxJ7AC.o
LOAD C:\Users\Bhagawat\AppData\Local\Temp\ccQDEZAH.o
LOAD C:\Users\Bhagawat\AppData\Local\Temp\ccfMOFx1.o
LOAD c:/opt/bcc-2.0.2-gcc/bin/../lib/gcc/sparc-gaisler-elf/7.2.0/../../../../sparc-gaisler-elf/lib/leon/mfix-at697f\libm.a
                0x0000000000000000                PROVIDE (__bcc_cfg_skip_clear_bss, 0x0)

.text           0x0000000040000000    0x444a0
 CREATE_OBJECT_SYMBOLS
                0x0000000040000000                __text_start = .
                0x0000000040000000                . = ALIGN (0x1000)
 *(.text.traptable)
 .text.traptable
                0x0000000040000000     0x1000 c:/opt/bcc-2.0.2-gcc/bin/../sparc-gaisler-elf/bsp/leon2/leon/mfix-at697f/trap_table_mvt.S.o
                0x0000000040000000                __bcc_entry_point
                0x0000000040000000                __bcc_trap_table
 *(.text .text.*)
 .text          0x0000000040001000        0x0 c:/opt/bcc-2.0.2-gcc/bin/../sparc-gaisler-elf/bsp/leon2/leon/mfix-at697f/trap_table_mvt.S.o
 .text          0x0000000040001000       0xb8 c:/opt/bcc-2.0.2-gcc/bin/../sparc-gaisler-elf/bsp/leon2/leon/mfix-at697f/crt0.S.o
                0x0000000040001000                __bcc_crt0
 .text          0x00000000400010b8        0x0 c:/opt/bcc-2.0.2-gcc/bin/../lib/gcc/sparc-gaisler-elf/7.2.0/leon/mfix-at697f/crti.o
 .text          0x00000000400010b8      0x180 c:/opt/bcc-2.0.2-gcc/bin/../lib/gcc/sparc-gaisler-elf/7.2.0/leon/mfix-at697f/crtbegin.o
 .text          0x0000000040001238      0x93c C:\Users\Bhagawat\AppData\Local\Temp\ccYfwIAY.o
                0x0000000040001238                rMinCycle_Wait
                0x00000000400012d4                OBC_Process
                0x0000000040001b24                rMinCycle_Flag_Reset
 .text.startup  0x0000000040001b74       0xa0 C:\Users\Bhagawat\AppData\Local\Temp\ccYfwIAY.o
                0x0000000040001b74                main
 .text          0x0000000040001c14      0xa94 C:\Users\Bhagawat\AppData\Local\Temp\ccobH3aQ.o
                0x0000000040001c34                Init_Memory
                0x0000000040001c68                checksum_u32
                0x0000000040001cd4                chksum8
                0x0000000040001d0c                rOutput_Latch_Update
                0x0000000040001ee8                ST_output_update
                0x0000000040002100                NMI_interrupt_test
                0x00000000400021bc                MUX_Output
                0x00000000400024fc                EEPROM_RST
                0x0000000040002530                EEPROM_RES
                0x0000000040002560                s_ram_scrub
                0x00000000400025dc                prom_chksum
 .text          0x00000000400026a8     0xd77c C:\Users\Bhagawat\AppData\Local\Temp\ccHzD1TV.o
                0x0000000040002894                rHAL_TM_Write
                0x0000000040002af4                rHAL_TM_HW_Status_Update
                0x0000000040002c18                rTM_Address_Table_Init
                0x000000004000c804                rTM_Copy_Subframe
                0x000000004000c874                Sampling_Rate_Select
                0x000000004000c8d0                Frame_Address_Select
                0x000000004000ca3c                rTCH_full_dump_cpy_buf
                0x000000004000cbb0                rTCH_dump_cpy_buf
                0x000000004000cf54                TC_Hist_dumping
                0x000000004000cfa0                copy_frame
                0x000000004000d058                ST_Copy_Subframe
                0x000000004000d51c                StorageTelemetry
                0x000000004000d5b4                Storage_Telemetry_Write
                0x000000004000d5dc                Norm_ST_1_Table_Init
                0x000000004000eea0                Spec_ST_Table_Init
                0x000000004000fb3c                ST_DUMPING
                0x000000004000fca0                rTM_Real_st_write
                0x000000004000fde0                ST_full_dump
 .text          0x000000004000fe24     0x809c C:\Users\Bhagawat\AppData\Local\Temp\cc3KmY7C.o
                0x000000004001001c                TC_IMU1_On
                0x000000004001005c                TC_IMU2_On
                0x000000004001009c                TC_IMU1_Off
                0x00000000400100dc                TC_IMU2_Off
                0x000000004001011c                TC_Drift_Uplink_Compenstation_Update_IMU1
                0x00000000400101bc                TC_Drift_Uplink_Compenstation_Update_IMU2
                0x000000004001025c                TC_Gyro_Misalignment_Update_IMU1
                0x00000000400104c0                TC_Gyro_Misalignment_Update_IMU2
                0x0000000040010724                TC_Gyro_Scale_Factor_Update_IMU1
                0x00000000400108cc                TC_Gyro_Scale_Factor_Update_IMU2
                0x0000000040010a74                TC_MagBias_Uplink_Compenstation_Update_IMU1
                0x0000000040010b14                TC_MagBias_Uplink_Compenstation_Update_IMU2
                0x0000000040010bb4                rSSmain_ImaxF_update
                0x0000000040010e50                rSSredt_ImaxF_update
                0x00000000400110cc                TC_NMI_count_reset
                0x00000000400110e0                TC_GPS1_ON
                0x0000000040011110                TC_GPS1_OFF
                0x0000000040011144                TC_GPS2_on
                0x0000000040011178                TC_GPS2_off
                0x00000000400111b0                TC_W1_ON
                0x00000000400111e0                TC_W2_ON
                0x0000000040011214                TC_W3_ON
                0x0000000040011244                TC_W4_ON
                0x0000000040011274                TC_W1_OFF
                0x00000000400112a4                TC_W2_OFF
                0x00000000400112d4                TC_W3_OFF
                0x0000000040011304                TC_W4_OFF
                0x0000000040011334                rTC_Detumbling_ModePreprocessing_BDOT
                0x0000000040011344                rTC_Detumbling_ModePreprocessing_GYRO
                0x0000000040011354                rTC_SunAcquisition_ModePreprocessing
                0x0000000040011364                rTC_ThreeAxis_ModePreprocessing
                0x0000000040011374                rTC_Suspended_ModePreprocessing
                0x0000000040011380                PL_K_CMD_HLT
                0x00000000400113b0                rTC_HILS_MODE_IDLE
                0x00000000400113c0                rTC_HILS_MODE_START
                0x00000000400113d0                rTC_HILS_MODE_STOP
                0x00000000400113e0                Antenna_mechanism_ON
                0x0000000040011410                Antenna_mechanism_OFF
                0x0000000040011440                S_band_tx_on
                0x0000000040011470                S_band_tx_off
                0x00000000400114a0                SA_DEPLOYMENT_MECHANISM_MAIN_OFF
                0x00000000400114d4                SA_DEPLOYMENT_MECHANISM_RED_OFF
                0x0000000040011508                sunlit
                0x0000000040011518                eclipse
                0x0000000040011524                Sunlit_eclipse_both
                0x0000000040011534                rSafe_mode_PreProcessing
                0x0000000040011544                eeprom_en
                0x0000000040011554                eeprom_dis
                0x0000000040011560                TC_ATTC_CMD_clear
                0x0000000040011620                rElapsedTimerAssign
                0x0000000040011670                TC_ACC_Ang_RESET
                0x000000004001167c                rMag_Refeci_update
                0x0000000040011710                rSun_Ephemeris_update
                0x000000004001177c                TC_GPS1_NMEA_VTG_enable
                0x00000000400117a8                TC_GPS1_NMEA_VTG_disable
                0x00000000400117d4                TC_GPS1_NMEA_GGA_enable
                0x0000000040011800                TC_GPS1_NMEA_GGA_disable
                0x000000004001182c                TC_GPS1_NMEA_GSA_enable
                0x0000000040011858                TC_GPS1_NMEA_GSA_disable
                0x0000000040011884                TC_GPS1_cold_start
                0x00000000400118b0                TC_GPS1_factory_reset
                0x00000000400118dc                TC_GPS2_NMEA_VTG_enable
                0x0000000040011908                TC_GPS2_NMEA_VTG_disable
                0x0000000040011934                TC_GPS2_NMEA_GGA_enable
                0x0000000040011960                TC_GPS2_NMEA_GGA_disable
                0x000000004001198c                TC_GPS2_NMEA_GSA_enable
                0x00000000400119b8                TC_GPS2_NMEA_GSA_disable
                0x00000000400119e4                TC_GPS2_cold_start
                0x0000000040011a10                TC_GPS2_factory_reset
                0x0000000040011a3c                TC_GPS1_NMEA_NMEA_GSV_Enable
                0x0000000040011a68                TC_GPS1_NMEA_NMEA_GSV_disable
                0x0000000040011a94                TC_GPS2_NMEA_NMEA_GSV_Enable
                0x0000000040011ac0                TC_GPS2_NMEA_NMEA_GSV_disable
                0x0000000040011aec                TC_MTR_ON
                0x0000000040011af8                TC_MTR_OFF
                0x0000000040011b04                payload_1_on
                0x0000000040011b2c                payload_1_off
                0x0000000040011b38                PL_K_CMD_STS
                0x0000000040011b44                PL_K_CMD_ACQ
                0x0000000040011b50                PL_K_DIAG
                0x0000000040011b5c                PL_K_CMD_OFF
                0x0000000040011b68                PL_K_CMD_ON
                0x0000000040011b74                rTLE_Update
                0x0000000040011e98                TC_init_RW1
                0x0000000040011ecc                TC_init_RW2
                0x0000000040011f00                TC_init_RW3
                0x0000000040011f34                TC_init_RW4
                0x0000000040011f68                TC_MTR_Yaw_Positive
                0x0000000040011f7c                TC_MTR_Yaw_Negative
                0x0000000040011f90                TC_MTR_Pitch_Positive
                0x0000000040011fa4                TC_MTR_Pitch_Negative
                0x0000000040011fb8                TC_MTR_Roll_Positive
                0x0000000040011fcc                TC_MTR_Roll_Negative
                0x0000000040011fe0                TC_MTR_Roll_No_cuurent
                0x0000000040011ff4                TC_MTR_Pitch_No_cuurent
                0x0000000040012008                TC_MTR_Yaw_No_cuurent
                0x000000004001201c                payload_2_on
                0x0000000040012044                payload_2_off
                0x0000000040012050                X_band_tx_on
                0x0000000040012078                X_band_tx_off
                0x0000000040012084                SA_DEPLOYMENT_MECHANISM_MAIN_ON
                0x0000000040012090                SA_DEPLOYMENT_MECHANISM_RED_ON
                0x000000004001209c                Antenna_mechanism_arm
                0x00000000400120a8                Antenna_deploy
                0x00000000400120b4                Antenna_mechanism_disarm
                0x00000000400120c0                TC_pl_debug
                0x00000000400120cc                TC_TM_DS_EN
                0x00000000400120d8                Antenna_RESET_command
                0x00000000400120e4                Antenna_deploy_with_override
                0x00000000400120f0                Antenna_system_temp
                0x00000000400120fc                Antenna_deploy_status_report
                0x0000000040012108                Antenna_deploy_activation_count
                0x0000000040012114                Antenna_deploy_activation_time
                0x0000000040012120                rTC_ref_snv_bias_q_update
                0x00000000400121f0                rTC_ref_stn_bias_q_update
                0x000000004001231c                rTC_ref_q_gnd_update
                0x0000000040012448                TC_q_body_init
                0x0000000040012574                rTC_HILS_ENABLE
                0x0000000040012580                rTC_HILS_DISABLE
                0x0000000040012690                TC_pl_tm
                0x0000000040012698                imu_test_sys_sel
                0x00000000400126a0                TC_Nominal_wheel_speed_execute
                0x00000000400126a8                Pitch_Torquer_ON
                0x00000000400126b0                Yaw_Torquer_ON
                0x00000000400126b8                rHeater1_on
                0x00000000400126c0                rHeater1_off
                0x00000000400126c8                rHeater2_on
                0x00000000400126d0                rHeater2_off
                0x00000000400126d8                rHeater3_on
                0x00000000400126e0                rHeater3_off
                0x00000000400126e8                rHeater4_on
                0x00000000400126f0                rHeater4_off
                0x00000000400126f8                rHeater5_on
                0x0000000040012700                rHeater5_off
                0x0000000040012708                rHeater6_on
                0x0000000040012710                rHeater6_off
                0x0000000040012718                RX_TX_deployed
                0x0000000040012720                OBC_ON
                0x0000000040012728                OBC_OFF
                0x0000000040012730                SA1_DEPLOYMENT_AND_SA2_DEPLOYMENT_REDUNDANT_SPARE_BUS_ON
                0x0000000040012738                SA1_DEPLOYMENT_AND_SA2_DEPLOYMENT_REDUNDANT_SPARE_BUS_OFF
                0x0000000040012740                Test_ON
                0x0000000040012748                Test_OFF
                0x0000000040012750                rTC_write_tC_history
                0x0000000040012778                TC_status_reset
                0x000000004001278c                rContingency_TC
                0x0000000040012794                rData_TC
                0x0000000040012cf8                rADCS_Data_TC
                0x0000000040013e38                rRemote_base_addr_TC
                0x0000000040013ee8                rRemote_data_view
                0x0000000040013f64                rBoolean_TC
                0x0000000040013fb4                rFuncExecute_TC
                0x0000000040014018                rRemoteProgram_Addr_TC
                0x000000004001406c                rRemoteProgram_Data_TC
                0x0000000040014098                rDifferential_TimeTag_TC
                0x00000000400140f4                initNodetable
                0x0000000040014130                getNode
                0x000000004001416c                freeNode
                0x00000000400141a4                rAbsoluteTTC_Update
                0x000000004001435c                rAbsolute_TimeTag_TC
                0x0000000040014368                rDifferential_TimeTag_Update
                0x00000000400143c4                rDifferential_TimeTag_Execute
                0x000000004001451c                rDifferentialTTC_Execute
                0x0000000040014528                rAbsoluteTTC_Delete
                0x0000000040014730                rAbsoluteTTC_Clear
                0x00000000400147f0                rInit_Block
                0x0000000040014838                Block_update
                0x0000000040014ab4                rBlock_TC
                0x0000000040014ac0                TMTC_Assignment
                0x0000000040015284                invertReverse
                0x00000000400152ac                BCHEncoder
                0x000000004001544c                rHAL_TC_Read
                0x0000000040015718                imu1_db_execute
                0x0000000040015720                imu2_db_execute
                0x0000000040015728                imu1_db_checksum
                0x0000000040015730                imu2_db_checksum
                0x0000000040015738                TC_Mag_Misalignment_Update_IMU1
                0x0000000040015740                TC_Mag_Misalignment_Update_IMU2
                0x0000000040015748                TC_Mag_Scale_Factor_Update_IMU1
                0x0000000040015750                TC_Mag_Scale_Factor_Update_IMU2
                0x0000000040015758                TC_Gyro_LPF_Gain_Update_IMU1
                0x0000000040015760                TC_Gyro_LPF_Gain_Update_IMU2
                0x0000000040015768                Pitch_Torquer_OFF
                0x0000000040015770                Yaw_Torquer_OFF
                0x0000000040015778                TC_detumbling_rate_gain_1
                0x0000000040015bbc                TC_detumbling_bdot_gain_1
                0x0000000040016000                TC_BDOT_Det_Thresh_1
                0x0000000040016194                TC_GYRO_Det_Min_Thres_1
                0x0000000040016328                rTc_nominal_speed_RW1
                0x0000000040016404                rTc_nominal_speed_RW2
                0x00000000400164e0                rTc_nominal_speed_RW3
                0x00000000400165bc                rTc_nominal_speed_RW4
                0x0000000040016698                TC_AngMomDump_Thrsld_1
                0x000000004001682c                TC_SpeedDump_Thrsld_1
                0x00000000400169c0                TC_SpeedDump_TimeSelect_1
                0x0000000040016b54                TC_comd_pitch_rate_1
                0x0000000040016ce8                TC_Gyro_LPF_Gain_IMU1_1
                0x0000000040016f20                TC_Gyro_LPF_Gain_IMU2_1
                0x0000000040017158                TC_Mag_LPF_Gain_IMU1_1
                0x0000000040017390                TC_Mag_LPF_Gain_IMU2_1
                0x00000000400175c8                TC_Wheel_Cutoff_Threshold_1
                0x000000004001775c                adcsgains
                0x0000000040017870                rGainSelect_TC
                0x00000000400178c4                rReal_Time_TC
                0x0000000040017b48                rTelecommand
                0x0000000040017cc0                rAbsoluteTTC_Execute
                0x0000000040017de0                rBlockTC_Execute
 .text          0x0000000040017ec0       0x38 C:\Users\Bhagawat\AppData\Local\Temp\ccfTqrds.o
                0x0000000040017ec0                fdi_nmi_int_handler
 .text          0x0000000040017ef8     0x1840 C:\Users\Bhagawat\AppData\Local\Temp\cc8ORm7m.o
                0x0000000040017ef8                rPOR_Init
 .text          0x0000000040019738      0xde4 C:\Users\Bhagawat\AppData\Local\Temp\cckCvXKt.o
                0x0000000040019760                rHILS_payload
                0x00000000400197dc                HILS_mode_enable
                0x0000000040019810                HILS_mode_disable
                0x0000000040019844                rHAL_pl1_ON
                0x00000000400198c4                rHAL_pl1_OFF
                0x0000000040019914                rHAL_pl2_ON
                0x0000000040019994                rHAL_pl2_OFF
                0x00000000400199e4                rHAL_tm_ds_en
                0x0000000040019a20                rHAL_X_Tx_ON
                0x0000000040019a54                rHAL_X_Tx_OFF
                0x0000000040019a88                rHAL_pl_sts_check
                0x0000000040019ab8                rHAL_pl_cmd_hlt
                0x0000000040019b30                rHAL_pl_debug
                0x0000000040019bf0                rHAL_pl_x_tx_data_on
                0x0000000040019ce0                rHAL_pl_cmd_acq
                0x0000000040019dc0                rHAL_pl_x_tx_data_off
                0x0000000040019e00                rHAL_pl_diag
                0x0000000040019e78                pl_tx_tm
                0x0000000040019fa0                pl_tx_tm_2
                0x000000004001a070                rpl_read
                0x000000004001a15c                rpl_tm_write
 .text          0x000000004001a51c      0x4a8 C:\Users\Bhagawat\AppData\Local\Temp\ccOYElXN.o
                0x000000004001a51c                rHAL_EPS_Hardware_Status
                0x000000004001a584                rHAL_Battery_load_shedding
                0x000000004001a5e0                rHAL_EPS_shunt_switch
 .text          0x000000004001a9c4      0x1b4 C:\Users\Bhagawat\AppData\Local\Temp\cc2SVUQd.o
                0x000000004001a9c4                rIMU_Init
                0x000000004001aa30                HAL_IMU_Read
 .text          0x000000004001ab78      0x3b4 C:\Users\Bhagawat\AppData\Local\Temp\ccWMV4wQ.o
                0x000000004001ab78                rHAL_ADC_Read
                0x000000004001abd4                rHAL_ADC_TM_Copy
                0x000000004001ae00                sun_Sensor_data
                0x000000004001af14                rHAL_ADC_StatusREG_Enable
 .text          0x000000004001af2c      0xf94 C:\Users\Bhagawat\AppData\Local\Temp\ccAwmJTO.o
                0x000000004001af2c                rGPS_Buffer_Init
                0x000000004001b194                rHAL_GPS_Read
                0x000000004001b3b4                GPS_1_DATA
                0x000000004001b418                rGPS_OBT_timer
                0x000000004001b48c                rHAL_GPS_Config
                0x000000004001bb58                rGPS_TM_Extract
                0x000000004001be5c                ST_TM_gps_data
 .text          0x000000004001bec0     0x1114 C:\Users\Bhagawat\AppData\Local\Temp\ccXeZ7H2.o
                0x000000004001bec0                Thermister_select
                0x000000004001bf04                UTP_selection
                0x000000004001bf58                LTP_selection
                0x000000004001bfb8                Heater_1_auto_control
                0x000000004001c028                Heater_2_auto_control
                0x000000004001c098                Heater_3_auto_control
                0x000000004001c108                Heater_4_auto_control
                0x000000004001c178                Heater_5_auto_control
                0x000000004001c1e8                Heater_6_auto_control
                0x000000004001c258                Heater_7_auto_control
                0x000000004001c2ac                Heater_8_auto_control
                0x000000004001c300                Heater_9_auto_control
                0x000000004001c354                Heater_10_auto_control
                0x000000004001c3a8                Heater_11_auto_control
                0x000000004001c3fc                Heater_12_auto_control
                0x000000004001c450                Heater_13_auto_control
                0x000000004001c4ac                Heater_14_auto_control
                0x000000004001c508                Heater_1_manual_control
                0x000000004001c574                Heater_2_manual_control
                0x000000004001c5e0                Heater_3_manual_control
                0x000000004001c64c                Heater_4_manual_control
                0x000000004001c6b8                Heater_5_manual_control
                0x000000004001c724                Heater_6_manual_control
                0x000000004001c790                Heater_control_auto_manual
                0x000000004001ce34                Heater_7_manual_control
                0x000000004001ce64                Heater_8_manual_control
                0x000000004001ce94                Heater_9_manual_control
                0x000000004001cec4                Heater_10_manual_control
                0x000000004001cef4                Heater_11_manual_control
                0x000000004001cf24                Heater_12_manual_control
                0x000000004001cf54                Heater_13_manual_control
                0x000000004001cf94                Heater_14_manual_control
 .text          0x000000004001cfd4      0x8dc C:\Users\Bhagawat\AppData\Local\Temp\cc2jSEyt.o
                0x000000004001cfd4                rHAL_MTR_ON
                0x000000004001d008                rHAL_MTR_OFF
                0x000000004001d03c                rHAL_MTR
                0x000000004001d674                MTR_Monitoring
                0x000000004001d6a0                rHAL_MTR_TC
 .text          0x000000004001d8b0     0x16e0 C:\Users\Bhagawat\AppData\Local\Temp\ccvxXGJm.o
                0x000000004001d8b0                RW_Init
                0x000000004001da2c                HAL_RW_CRC_Check
                0x000000004001da98                rHAL_RW_TM_Read
                0x000000004001de68                rRW_SlipFrame_Check
                0x000000004001e0ac                rHAL_RW_TC_Write
                0x000000004001e284                rHAL_RW_TM_Write
                0x000000004001e3e4                rHAL_RW_ConfigBuffer_Write
                0x000000004001e488                rRW_Data_Write
                0x000000004001e938                rRW_Data_Request
                0x000000004001ea74                rRW_Data_Read
                0x000000004001ee20                rRW_init_cmd
 .text          0x000000004001ef90      0x70c C:\Users\Bhagawat\AppData\Local\Temp\cc8Fj6Gr.o
                0x000000004001ef90                antennaCommand1
                0x000000004001efdc                antennaCommand2
                0x000000004001f028                antennaCommand3
                0x000000004001f074                antennaCommand4
                0x000000004001f0c0                antennaCommand5
                0x000000004001f10c                antennaCommand6
                0x000000004001f158                antennaCommand7
                0x000000004001f1a0                antennaCommand8
                0x000000004001f1ec                antennaCommand9
                0x000000004001f238                rHAL_Antenna_Read
                0x000000004001f280                rHAL_SA_MAIN_Deploy_on
                0x000000004001f2f8                rHAL_SA_RED_Deploy_on
                0x000000004001f360                rHAL_SA1_Deploy_status_check
                0x000000004001f448                rHAL_SA2_Deploy_status_check
                0x000000004001f530                rHAL_SA_Deploy_Status_new
 .text          0x000000004001f69c     0x653c C:\Users\Bhagawat\AppData\Local\Temp\ccxwKixX.o
                0x000000004001f7cc                rQ_Propagation
                0x000000004001f7fc                rQuestDataProcessing
                0x000000004001fb50                rDAD_quest
                0x0000000040020f0c                rErrorComputation
                0x00000000400215b0                rExtendedKalmanFilter1_p1
                0x00000000400222ec                rExtendedKalmanFilter1_p2
                0x0000000040022c88                rExtendedKalmanFilter2_p1
                0x000000004002464c                rExtendedKalmanFilter2_p2
                0x0000000040024f50                rEKF_dy_int
                0x0000000040025298                rEKFDynamics
                0x0000000040025a04                rExtendedKalmanFilter2_Prop
 .text          0x0000000040025bd8     0x2a58 C:\Users\Bhagawat\AppData\Local\Temp\ccNBNVxX.o
                0x0000000040025bd8                rGH_generation
                0x0000000040025d80                rMagFieldComp
                0x0000000040026898                rSun_Ephemeris
                0x0000000040026ae8                rReferenceQuatComputation
                0x00000000400278c8                rRefVectorGeneration
                0x00000000400280ec                rRefRate_Computation
                0x000000004002829c                rSl_Ecl_OnBrd_detection
 .text          0x0000000040028630        0x0 C:\Users\Bhagawat\AppData\Local\Temp\cchK8AE8.o
 .text          0x0000000040028630     0x2420 C:\Users\Bhagawat\AppData\Local\Temp\ccvSHdpO.o
                0x00000000400290ec                rDutyCycleGeneration
                0x000000004002922c                rTorquer_Polarity_Check
                0x00000000400293ac                rAngularMomentumDumping
                0x0000000040029ff0                rLinearController
                0x000000004002a9b8                rSpeedBasedMomentumDumping
                0x000000004002a9f0                rWheel_Spin_updown
                0x000000004002aa18                rWheel_Auto_Reconfiguration
 .text          0x000000004002aa50     0x1110 C:\Users\Bhagawat\AppData\Local\Temp\ccb9JWYO.o
                0x000000004002aa68                rSuspended_ModePreprocessing
                0x000000004002aafc                rDetumbling_ModePreprocessing_BDOT_Logic
                0x000000004002af14                rDetumbling_ModePreprocessing_GYRO_Logic
                0x000000004002b32c                rSunAcquisition_ModePreprocessing
                0x000000004002b6ac                rThreeAxis_ModePreprocessing
                0x000000004002b900                rRateReductionCheck
                0x000000004002b9fc                rSafeMode_Preprocessing
                0x000000004002baf0                rScModeSelection
 .text          0x000000004002bb60     0x4d44 C:\Users\Bhagawat\AppData\Local\Temp\ccXcL6OH.o
                0x000000004002bb60                rADCS_Pon_vars
 .text          0x00000000400308a4     0x5f98 C:\Users\Bhagawat\AppData\Local\Temp\cc4U7lQF.o
                0x00000000400308a4                rIMUDataCorrection
                0x0000000040031c40                rIMU_Angle_Reset
                0x0000000040031c88                rIMUDataProcessing
                0x00000000400330e0                rTheta_Limit
                0x0000000040033140                rBDOT_Computation
                0x0000000040033344                rSunSensorVectorComp
                0x0000000040036378                rSunSensorDataProcessing
                0x00000000400367dc                rSS_Read_Data
 .text          0x000000004003683c        0x0 C:\Users\Bhagawat\AppData\Local\Temp\ccdcwtbM.o
 .text          0x000000004003683c     0x4ac8 C:\Users\Bhagawat\AppData\Local\Temp\ccjxJ7AC.o
                0x00000000400384ac                rOrbit_Initialization
                0x000000004003966c                rOrbit_Propagation
                0x000000004003a9f0                rOrbitalElements_computation
                0x000000004003aa18                rTLEDataProcessing
                0x000000004003aa50                rJulian_Day
                0x000000004003aa8c                rNEDtoECEF
                0x000000004003ab80                rECEFtoECItoECEF
                0x000000004003aba8                rGPSDataProcessing
                0x000000004003b294                rGPSTLEProcessing
 .text          0x000000004003b304      0xd4c C:\Users\Bhagawat\AppData\Local\Temp\ccQDEZAH.o
                0x000000004003b304                rxRot
                0x000000004003b394                ryRot
                0x000000004003b424                rzRot
                0x000000004003b4ac                rMatInv
                0x000000004003b664                rCross_Product
                0x000000004003b6cc                rMatMul3x1
                0x000000004003b744                rMatMul3x3
                0x000000004003b7fc                rRM_to_Quat
                0x000000004003bb30                rQs_Normalization
                0x000000004003bc38                rQs_Multiplication
                0x000000004003bd14                rVectorNorm
                0x000000004003bde4                rMat_adjoint3
                0x000000004003bee0                rMatMul34x1
                0x000000004003bf5c                rMatMul43x1
                0x000000004003bfd8                rMatMul44x1
 .text          0x000000004003c050     0x3330 C:\Users\Bhagawat\AppData\Local\Temp\ccfMOFx1.o
                0x000000004003c050                rSus_mode_remote_entry_hook
                0x000000004003c05c                rSus_mode_remote_exit_hook
                0x000000004003c068                rDBDOT_mode_remote_entry_hook
                0x000000004003c074                rDBDOT_mode_remote_exit_hook
                0x000000004003c080                rDGYRO_mode_remote_entry_hook
                0x000000004003c08c                rDGYRO_mode_remote_exit_hook
                0x000000004003c098                rSACQ_mode_remote_entry_hook
                0x000000004003c0a4                rSACQ_mode_remote_exit_hook
                0x000000004003c0b0                r3AXIS_mode_remote_entry_hook
                0x000000004003c0bc                r3AXIS_mode_remote_exit_hook
                0x000000004003c0c8                rSAFE_mode_remote_entry_hook
                0x000000004003c0d4                rSAFE_mode_remote_exit_hook
                0x000000004003c0e0                rRemote_patch_area_S1
                0x000000004003c414                rRemote_patch_area_S2
                0x000000004003c748                rRemote_patch_area_S3
                0x000000004003ca7c                rRemote_patch_area_S4
                0x000000004003cdb0                rRemote_patch_area_S5
                0x000000004003d0e4                rRemote_patch_area_S6
                0x000000004003d418                rRemote_patch_area_L1
                0x000000004003e3cc                rRemote_patch_area_L2
 .text          0x000000004003f380      0x2d0 c:/opt/bcc-2.0.2-gcc/bin/../lib/gcc/sparc-gaisler-elf/7.2.0/../../../../sparc-gaisler-elf/lib/leon/mfix-at697f\libm.a(lib_a-s_atan.o)
                0x000000004003f380                atan
 .text          0x000000004003f650       0xe4 c:/opt/bcc-2.0.2-gcc/bin/../lib/gcc/sparc-gaisler-elf/7.2.0/../../../../sparc-gaisler-elf/lib/leon/mfix-at697f\libm.a(lib_a-s_cos.o)
                0x000000004003f650                cos
 .text          0x000000004003f734       0x28 c:/opt/bcc-2.0.2-gcc/bin/../lib/gcc/sparc-gaisler-elf/7.2.0/../../../../sparc-gaisler-elf/lib/leon/mfix-at697f\libm.a(lib_a-s_fabs.o)
                0x000000004003f734                fabs
 .text          0x000000004003f75c      0x1f0 c:/opt/bcc-2.0.2-gcc/bin/../lib/gcc/sparc-gaisler-elf/7.2.0/../../../../sparc-gaisler-elf/lib/leon/mfix-at697f\libm.a(lib_a-s_floor.o)
                0x000000004003f75c                floor
 .text          0x000000004003f94c       0xf4 c:/opt/bcc-2.0.2-gcc/bin/../lib/gcc/sparc-gaisler-elf/7.2.0/../../../../sparc-gaisler-elf/lib/leon/mfix-at697f\libm.a(lib_a-s_round.o)
                0x000000004003f94c                round
 .text          0x000000004003fa40       0xe8 c:/opt/bcc-2.0.2-gcc/bin/../lib/gcc/sparc-gaisler-elf/7.2.0/../../../../sparc-gaisler-elf/lib/leon/mfix-at697f\libm.a(lib_a-s_sin.o)
                0x000000004003fa40                sin
 .text          0x000000004003fb28       0x9c c:/opt/bcc-2.0.2-gcc/bin/../lib/gcc/sparc-gaisler-elf/7.2.0/../../../../sparc-gaisler-elf/lib/leon/mfix-at697f\libm.a(lib_a-s_tan.o)
                0x000000004003fb28                tan
 .text          0x000000004003fbc4      0x128 c:/opt/bcc-2.0.2-gcc/bin/../lib/gcc/sparc-gaisler-elf/7.2.0/../../../../sparc-gaisler-elf/lib/leon/mfix-at697f\libm.a(lib_a-w_acos.o)
                0x000000004003fbc4                acos
 .text          0x000000004003fcec      0x128 c:/opt/bcc-2.0.2-gcc/bin/../lib/gcc/sparc-gaisler-elf/7.2.0/../../../../sparc-gaisler-elf/lib/leon/mfix-at697f\libm.a(lib_a-w_asin.o)
                0x000000004003fcec                asin
 .text          0x000000004003fe14        0xc c:/opt/bcc-2.0.2-gcc/bin/../lib/gcc/sparc-gaisler-elf/7.2.0/../../../../sparc-gaisler-elf/lib/leon/mfix-at697f\libm.a(lib_a-w_atan2.o)
                0x000000004003fe14                atan2
 .text          0x000000004003fe20      0x148 c:/opt/bcc-2.0.2-gcc/bin/../lib/gcc/sparc-gaisler-elf/7.2.0/../../../../sparc-gaisler-elf/lib/leon/mfix-at697f\libm.a(lib_a-w_fmod.o)
                0x000000004003fe20                fmod
 .text          0x000000004003ff68      0x4a8 c:/opt/bcc-2.0.2-gcc/bin/../lib/gcc/sparc-gaisler-elf/7.2.0/../../../../sparc-gaisler-elf/lib/leon/mfix-at697f\libm.a(lib_a-w_pow.o)
                0x000000004003ff68                pow
 .text          0x0000000040040410       0xfc c:/opt/bcc-2.0.2-gcc/bin/../lib/gcc/sparc-gaisler-elf/7.2.0/../../../../sparc-gaisler-elf/lib/leon/mfix-at697f\libm.a(lib_a-w_sqrt.o)
                0x0000000040040410                sqrt
 .text          0x000000004004050c      0x37c c:/opt/bcc-2.0.2-gcc/bin/../lib/gcc/sparc-gaisler-elf/7.2.0/../../../../sparc-gaisler-elf/lib/leon/mfix-at697f\libm.a(lib_a-e_acos.o)
                0x000000004004050c                __ieee754_acos
 .text          0x0000000040040888      0x310 c:/opt/bcc-2.0.2-gcc/bin/../lib/gcc/sparc-gaisler-elf/7.2.0/../../../../sparc-gaisler-elf/lib/leon/mfix-at697f\libm.a(lib_a-e_asin.o)
                0x0000000040040888                __ieee754_asin
 .text          0x0000000040040b98      0x2b4 c:/opt/bcc-2.0.2-gcc/bin/../lib/gcc/sparc-gaisler-elf/7.2.0/../../../../sparc-gaisler-elf/lib/leon/mfix-at697f\libm.a(lib_a-e_atan2.o)
                0x0000000040040b98                __ieee754_atan2
 .text          0x0000000040040e4c      0x3ac c:/opt/bcc-2.0.2-gcc/bin/../lib/gcc/sparc-gaisler-elf/7.2.0/../../../../sparc-gaisler-elf/lib/leon/mfix-at697f\libm.a(lib_a-e_fmod.o)
                0x0000000040040e4c                __ieee754_fmod
 .text          0x00000000400411f8      0x8dc c:/opt/bcc-2.0.2-gcc/bin/../lib/gcc/sparc-gaisler-elf/7.2.0/../../../../sparc-gaisler-elf/lib/leon/mfix-at697f\libm.a(lib_a-e_pow.o)
                0x00000000400411f8                __ieee754_pow
 .text          0x0000000040041ad4      0x39c c:/opt/bcc-2.0.2-gcc/bin/../lib/gcc/sparc-gaisler-elf/7.2.0/../../../../sparc-gaisler-elf/lib/leon/mfix-at697f\libm.a(lib_a-e_rem_pio2.o)
                0x0000000040041ad4                __ieee754_rem_pio2
 .text          0x0000000040041e70      0x270 c:/opt/bcc-2.0.2-gcc/bin/../lib/gcc/sparc-gaisler-elf/7.2.0/../../../../sparc-gaisler-elf/lib/leon/mfix-at697f\libm.a(lib_a-e_sqrt.o)
                0x0000000040041e70                __ieee754_sqrt
 .text          0x00000000400420e0      0x1bc c:/opt/bcc-2.0.2-gcc/bin/../lib/gcc/sparc-gaisler-elf/7.2.0/../../../../sparc-gaisler-elf/lib/leon/mfix-at697f\libm.a(lib_a-k_cos.o)
                0x00000000400420e0                __kernel_cos
 .text          0x000000004004229c      0xbdc c:/opt/bcc-2.0.2-gcc/bin/../lib/gcc/sparc-gaisler-elf/7.2.0/../../../../sparc-gaisler-elf/lib/leon/mfix-at697f\libm.a(lib_a-k_rem_pio2.o)
                0x000000004004229c                __kernel_rem_pio2
 .text          0x0000000040042e78      0x100 c:/opt/bcc-2.0.2-gcc/bin/../lib/gcc/sparc-gaisler-elf/7.2.0/../../../../sparc-gaisler-elf/lib/leon/mfix-at697f\libm.a(lib_a-k_sin.o)
                0x0000000040042e78                __kernel_sin
 .text          0x0000000040042f78      0x290 c:/opt/bcc-2.0.2-gcc/bin/../lib/gcc/sparc-gaisler-elf/7.2.0/../../../../sparc-gaisler-elf/lib/leon/mfix-at697f\libm.a(lib_a-k_tan.o)
                0x0000000040042f78                __kernel_tan
 .text          0x0000000040043208       0x18 c:/opt/bcc-2.0.2-gcc/bin/../lib/gcc/sparc-gaisler-elf/7.2.0/../../../../sparc-gaisler-elf/lib/leon/mfix-at697f\libm.a(lib_a-s_finite.o)
                0x0000000040043208                finite
 .text          0x0000000040043220        0x0 c:/opt/bcc-2.0.2-gcc/bin/../lib/gcc/sparc-gaisler-elf/7.2.0/../../../../sparc-gaisler-elf/lib/leon/mfix-at697f\libm.a(lib_a-s_lib_ver.o)
 .text          0x0000000040043220        0x8 c:/opt/bcc-2.0.2-gcc/bin/../lib/gcc/sparc-gaisler-elf/7.2.0/../../../../sparc-gaisler-elf/lib/leon/mfix-at697f\libm.a(lib_a-s_matherr.o)
                0x0000000040043220                matherr
 .text          0x0000000040043228        0xc c:/opt/bcc-2.0.2-gcc/bin/../lib/gcc/sparc-gaisler-elf/7.2.0/../../../../sparc-gaisler-elf/lib/leon/mfix-at697f\libm.a(lib_a-s_nan.o)
                0x0000000040043228                nan
 .text          0x0000000040043234      0x1ac c:/opt/bcc-2.0.2-gcc/bin/../lib/gcc/sparc-gaisler-elf/7.2.0/../../../../sparc-gaisler-elf/lib/leon/mfix-at697f\libm.a(lib_a-s_rint.o)
                0x0000000040043234                rint
 .text          0x00000000400433e0      0x14c c:/opt/bcc-2.0.2-gcc/bin/../lib/gcc/sparc-gaisler-elf/7.2.0/../../../../sparc-gaisler-elf/lib/leon/mfix-at697f\libm.a(lib_a-s_scalbn.o)
                0x00000000400433e0                scalbn
 .text          0x000000004004352c       0x30 c:/opt/bcc-2.0.2-gcc/bin/../lib/gcc/sparc-gaisler-elf/7.2.0/../../../../sparc-gaisler-elf/lib/leon/mfix-at697f\libm.a(lib_a-s_copysign.o)
                0x000000004004352c                copysign
 .text          0x000000004004355c       0x7c c:/opt/bcc-2.0.2-gcc/bin/../sparc-gaisler-elf/bsp/leon2/leon/mfix-at697f\libbcc.a(reset_trap_mvt.S.o)
                0x000000004004355c                __bcc_trap_reset_mvt
 .text          0x00000000400435d8       0xb0 c:/opt/bcc-2.0.2-gcc/bin/../sparc-gaisler-elf/bsp/leon2/leon/mfix-at697f\libbcc.a(window_trap.S.o)
                0x00000000400435d8                __bcc_trap_window_overflow
                0x0000000040043628                __bcc_trap_window_underflow
 .text          0x0000000040043688      0x1b4 c:/opt/bcc-2.0.2-gcc/bin/../sparc-gaisler-elf/bsp/leon2/leon/mfix-at697f\libbcc.a(interrupt_trap.S.o)
                0x0000000040043688                __bcc_trap_interrupt_svt
                0x000000004004368c                __bcc_trap_interrupt
 .text          0x000000004004383c       0x88 c:/opt/bcc-2.0.2-gcc/bin/../sparc-gaisler-elf/bsp/leon2/leon/mfix-at697f\libbcc.a(flush_windows_trap.S.o)
                0x000000004004383c                __bcc_trap_flush_windows
 .text          0x00000000400438c4       0x2c c:/opt/bcc-2.0.2-gcc/bin/../sparc-gaisler-elf/bsp/leon2/leon/mfix-at697f\libbcc.a(sw_trap_set_pil.S.o)
                0x00000000400438c4                __bcc_trap_sw_set_pil
 .text          0x00000000400438f0       0xb0 c:/opt/bcc-2.0.2-gcc/bin/../sparc-gaisler-elf/bsp/leon2/leon/mfix-at697f\libbcc.a(trap.c.o)
                0x00000000400438f0                bcc_set_trap
 .text          0x00000000400439a0        0x0 c:/opt/bcc-2.0.2-gcc/bin/../sparc-gaisler-elf/bsp/leon2/leon/mfix-at697f\libbcc.a(isr.c.o)
 .text          0x00000000400439a0        0x0 c:/opt/bcc-2.0.2-gcc/bin/../sparc-gaisler-elf/bsp/leon2/leon/mfix-at697f\libbcc.a(int_nest.c.o)
 .text          0x00000000400439a0        0x8 c:/opt/bcc-2.0.2-gcc/bin/../sparc-gaisler-elf/bsp/leon2/leon/mfix-at697f\libbcc.a(init.S.o)
                0x00000000400439a0                __bcc_init40
                0x00000000400439a0                __bcc_init70
                0x00000000400439a0                __bcc_init60
                0x00000000400439a0                __bcc_init50
 .text          0x00000000400439a8       0x84 c:/opt/bcc-2.0.2-gcc/bin/../sparc-gaisler-elf/bsp/leon2/leon/mfix-at697f\libbcc.a(leon_info.S.o)
                0x00000000400439a8                __bcc_get_leon_info
                0x0000000040043a1c                bcc_get_cpuid
 .text          0x0000000040043a2c       0x2c c:/opt/bcc-2.0.2-gcc/bin/../sparc-gaisler-elf/bsp/leon2/leon/mfix-at697f\libbcc.a(dwzero.S.o)
                0x0000000040043a2c                bcc_dwzero
 .text          0x0000000040043a58       0x5c c:/opt/bcc-2.0.2-gcc/bin/../sparc-gaisler-elf/bsp/leon2/leon/mfix-at697f\libbcc.a(copy_data.c.o)
                0x0000000040043a58                __bcc_copy_data
 *fill*         0x0000000040043ab4        0xc 
 .text          0x0000000040043ac0       0x90 c:/opt/bcc-2.0.2-gcc/bin/../sparc-gaisler-elf/bsp/leon2/leon/mfix-at697f\libbcc.a(lowlevel.S.o)
                0x0000000040043ac0                bcc_loadnocache
                0x0000000040043acc                bcc_loadnocache16
                0x0000000040043ad8                bcc_loadnocache8
                0x0000000040043af0                bcc_ldstub
                0x0000000040043afc                bcc_set_psr
                0x0000000040043b14                bcc_get_psr
                0x0000000040043b1c                bcc_get_pil
                0x0000000040043b2c                bcc_set_tbr
                0x0000000040043b44                bcc_get_tbr
 .text          0x0000000040043b50       0x50 c:/opt/bcc-2.0.2-gcc/bin/../sparc-gaisler-elf/bsp/leon2/leon/mfix-at697f\libbcc.a(lowlevel_leon2.S.o)
                0x0000000040043b50                bcc_set_ccr
                0x0000000040043b60                bcc_get_ccr
                0x0000000040043b70                bcc_flush_cache
                0x0000000040043b7c                bcc_flush_icache
                0x0000000040043b84                bcc_flush_dcache
                0x0000000040043b8c                bcc_power_down
 .text          0x0000000040043ba0      0x160 c:/opt/bcc-2.0.2-gcc/bin/../sparc-gaisler-elf/bsp/leon2/leon/mfix-at697f\libbcc.a(int_leon2.c.o)
                0x0000000040043ba0                bcc_int_mask
                0x0000000040043bf0                bcc_int_unmask
                0x0000000040043c40                bcc_int_clear
                0x0000000040043c78                bcc_int_force
                0x0000000040043cbc                bcc_int_pend
 .text          0x0000000040043d00        0x8 c:/opt/bcc-2.0.2-gcc/bin/../sparc-gaisler-elf/bsp/leon2/leon/mfix-at697f\libbcc.a(int_leon2_get_source.c.o)
                0x0000000040043d00                __bcc_int_get_source
 .text          0x0000000040043d08        0x8 c:/opt/bcc-2.0.2-gcc/bin/../sparc-gaisler-elf/bsp/leon2/leon/mfix-at697f\libbcc.a(int_leon2_init.c.o)
                0x0000000040043d08                __bcc_int_init
 .text          0x0000000040043d10       0x70 c:/opt/bcc-2.0.2-gcc/bin/../sparc-gaisler-elf/bsp/leon2/leon/mfix-at697f\libbcc.a(con_leon2.c.o)
                0x0000000040043d10                __bcc_con_init
                0x0000000040043d18                __bcc_con_outbyte
                0x0000000040043d4c                __bcc_con_inbyte
 .text          0x0000000040043d80       0x30 c:/opt/bcc-2.0.2-gcc/bin/../sparc-gaisler-elf/bsp/leon2/leon/mfix-at697f\libbcc.a(timer_leon2.c.o)
                0x0000000040043d80                __bcc_timer_init
                0x0000000040043d88                bcc_timer_get_us
 .text          0x0000000040043db0        0xc c:/opt/bcc-2.0.2-gcc/bin/../sparc-gaisler-elf/bsp/leon2/leon/mfix-at697f\libbcc.a(set_pil.S.o)
                0x0000000040043db0                bcc_set_pil
 .text          0x0000000040043dbc        0x0 c:/opt/bcc-2.0.2-gcc/bin/../sparc-gaisler-elf/bsp/leon2/leon/mfix-at697f\libbcc.a(int_leon2_handle.c.o)
 .text          0x0000000040043dbc        0x0 c:/opt/bcc-2.0.2-gcc/bin/../sparc-gaisler-elf/bsp/leon2/leon/mfix-at697f\libbcc.a(con_handle.c.o)
 .text          0x0000000040043dbc        0x0 c:/opt/bcc-2.0.2-gcc/bin/../sparc-gaisler-elf/bsp/leon2/leon/mfix-at697f\libbcc.a(timer_handle.c.o)
 .text          0x0000000040043dbc       0x1c c:/opt/bcc-2.0.2-gcc/bin/../lib/gcc/sparc-gaisler-elf/7.2.0/../../../../sparc-gaisler-elf/lib/leon/mfix-at697f\libc.a(lib_a-atexit.o)
                0x0000000040043dbc                atexit
 .text          0x0000000040043dd8        0xc c:/opt/bcc-2.0.2-gcc/bin/../lib/gcc/sparc-gaisler-elf/7.2.0/../../../../sparc-gaisler-elf/lib/leon/mfix-at697f\libc.a(lib_a-errno.o)
                0x0000000040043dd8                __errno
 .text          0x0000000040043de4       0x3c c:/opt/bcc-2.0.2-gcc/bin/../lib/gcc/sparc-gaisler-elf/7.2.0/../../../../sparc-gaisler-elf/lib/leon/mfix-at697f\libc.a(lib_a-exit.o)
                0x0000000040043de4                exit
 .text          0x0000000040043e20        0x0 c:/opt/bcc-2.0.2-gcc/bin/../lib/gcc/sparc-gaisler-elf/7.2.0/../../../../sparc-gaisler-elf/lib/leon/mfix-at697f\libc.a(lib_a-impure.o)
 .text          0x0000000040043e20      0x19c c:/opt/bcc-2.0.2-gcc/bin/../lib/gcc/sparc-gaisler-elf/7.2.0/../../../../sparc-gaisler-elf/lib/leon/mfix-at697f\libc.a(lib_a-memcpy.o)
                0x0000000040043e20                memcpy
 .text          0x0000000040043fbc      0x158 c:/opt/bcc-2.0.2-gcc/bin/../lib/gcc/sparc-gaisler-elf/7.2.0/../../../../sparc-gaisler-elf/lib/leon/mfix-at697f\libc.a(lib_a-__atexit.o)
                0x0000000040043fbc                __register_exitproc
 .text          0x0000000040044114      0x2b4 c:/opt/bcc-2.0.2-gcc/bin/../lib/gcc/sparc-gaisler-elf/7.2.0/../../../../sparc-gaisler-elf/lib/leon/mfix-at697f\libc.a(lib_a-__call_atexit.o)
                0x0000000040044114                __call_exitprocs
 .text          0x00000000400443c8       0x18 c:/opt/bcc-2.0.2-gcc/bin/../sparc-gaisler-elf/bsp/leon2/leon/mfix-at697f\libbcc.a(_exit.S.o)
                0x00000000400443c8                _exit
 .text          0x00000000400443e0       0x48 c:/opt/bcc-2.0.2-gcc/bin/../lib/gcc/sparc-gaisler-elf/7.2.0/leon/mfix-at697f/crtend.o
 .text          0x0000000040044428        0x0 c:/opt/bcc-2.0.2-gcc/bin/../lib/gcc/sparc-gaisler-elf/7.2.0/leon/mfix-at697f/crtn.o
                0x0000000040044430                . = ALIGN (0x10)
 *fill*         0x0000000040044428        0x8 
 *(.eh_frame)
 .eh_frame      0x0000000040044430        0x0 c:/opt/bcc-2.0.2-gcc/bin/../lib/gcc/sparc-gaisler-elf/7.2.0/leon/mfix-at697f/crtbegin.o
 .eh_frame      0x0000000040044430        0x4 c:/opt/bcc-2.0.2-gcc/bin/../lib/gcc/sparc-gaisler-elf/7.2.0/leon/mfix-at697f/crtend.o
                0x0000000040044440                . = ALIGN (0x10)
 *fill*         0x0000000040044434        0xc 
 *(.gnu.linkonce.t*)
                0x0000000040044440                ___CTOR_LIST__ = .
                0x0000000040044440        0x4 LONG 0x2 (((___CTOR_END__ - ___CTOR_LIST__) / 0x4) - 0x2)
 *(SORT(.ctors.*))
 *(.ctors)
 .ctors         0x0000000040044444        0x4 c:/opt/bcc-2.0.2-gcc/bin/../lib/gcc/sparc-gaisler-elf/7.2.0/leon/mfix-at697f/crtbegin.o
 .ctors         0x0000000040044448        0x4 c:/opt/bcc-2.0.2-gcc/bin/../lib/gcc/sparc-gaisler-elf/7.2.0/leon/mfix-at697f/crtend.o
                0x000000004004444c        0x4 LONG 0x0
                0x0000000040044450                ___CTOR_END__ = .
                0x0000000040044450                ___DTOR_LIST__ = .
                0x0000000040044450        0x4 LONG 0x2 (((___DTOR_END__ - ___DTOR_LIST__) / 0x4) - 0x2)
 *(SORT(.dtors.*))
 *(.dtors)
 .dtors         0x0000000040044454        0x4 c:/opt/bcc-2.0.2-gcc/bin/../lib/gcc/sparc-gaisler-elf/7.2.0/leon/mfix-at697f/crtbegin.o
 .dtors         0x0000000040044458        0x4 c:/opt/bcc-2.0.2-gcc/bin/../lib/gcc/sparc-gaisler-elf/7.2.0/leon/mfix-at697f/crtend.o
                0x0000000040044458                __DTOR_END__
                0x000000004004445c        0x4 LONG 0x0
                0x0000000040044460                ___DTOR_END__ = .
 *(.gnu.linkonce*)
 *(.init)
 .init          0x0000000040044460        0x4 c:/opt/bcc-2.0.2-gcc/bin/../lib/gcc/sparc-gaisler-elf/7.2.0/leon/mfix-at697f/crti.o
                0x0000000040044460                _init
 .init          0x0000000040044464        0x8 c:/opt/bcc-2.0.2-gcc/bin/../lib/gcc/sparc-gaisler-elf/7.2.0/leon/mfix-at697f/crtbegin.o
 .init          0x000000004004446c        0x8 c:/opt/bcc-2.0.2-gcc/bin/../lib/gcc/sparc-gaisler-elf/7.2.0/leon/mfix-at697f/crtend.o
 .init          0x0000000040044474        0xc c:/opt/bcc-2.0.2-gcc/bin/../lib/gcc/sparc-gaisler-elf/7.2.0/leon/mfix-at697f/crtn.o
 *(.fini)
 .fini          0x0000000040044480        0x4 c:/opt/bcc-2.0.2-gcc/bin/../lib/gcc/sparc-gaisler-elf/7.2.0/leon/mfix-at697f/crti.o
                0x0000000040044480                _fini
 .fini          0x0000000040044484        0x8 c:/opt/bcc-2.0.2-gcc/bin/../lib/gcc/sparc-gaisler-elf/7.2.0/leon/mfix-at697f/crtbegin.o
 .fini          0x000000004004448c        0xc c:/opt/bcc-2.0.2-gcc/bin/../lib/gcc/sparc-gaisler-elf/7.2.0/leon/mfix-at697f/crtn.o
 *(.lit)
 *(.shdata)
                0x00000000400444a0                . = ALIGN (0x10)
 *fill*         0x0000000040044498        0x8 
                0x00000000400444a0                __text_end = .

.gcc_except_table
 *(.gcc_except_table)

.rodata         0x00000000400444a0     0x2ac0
                0x00000000400444a0                __rodata_start = .
 *(.rodata*)
 .rodata.cst8   0x00000000400444a0       0x38 C:\Users\Bhagawat\AppData\Local\Temp\ccYfwIAY.o
 .rodata        0x00000000400444d8        0x0 C:\Users\Bhagawat\AppData\Local\Temp\ccobH3aQ.o
 .rodata        0x00000000400444d8       0x10 C:\Users\Bhagawat\AppData\Local\Temp\ccHzD1TV.o
 .rodata.cst8   0x00000000400444e8       0x18 C:\Users\Bhagawat\AppData\Local\Temp\cc3KmY7C.o
 .rodata.cst4   0x0000000040044500        0x4 C:\Users\Bhagawat\AppData\Local\Temp\cc3KmY7C.o
 .rodata        0x0000000040044504        0x0 C:\Users\Bhagawat\AppData\Local\Temp\cc3KmY7C.o
 .rodata        0x0000000040044504        0x0 C:\Users\Bhagawat\AppData\Local\Temp\cckCvXKt.o
 *fill*         0x0000000040044504        0x4 
 .rodata.cst8   0x0000000040044508       0x10 C:\Users\Bhagawat\AppData\Local\Temp\ccvxXGJm.o
 .rodata.cst8   0x0000000040044518       0x60 C:\Users\Bhagawat\AppData\Local\Temp\ccxwKixX.o
                                        0x140 (size before relaxing)
 .rodata.cst8   0x0000000040044578       0x20 C:\Users\Bhagawat\AppData\Local\Temp\ccNBNVxX.o
                                         0x68 (size before relaxing)
 .rodata        0x0000000040044598     0x2054 C:\Users\Bhagawat\AppData\Local\Temp\cchK8AE8.o
                0x0000000040044598                c_I_nine_cross_nine
                0x0000000040044820                c_I_three_cross_three
                0x0000000040044868                c_DPM_Pol_LookUpTable
                0x00000000400449b0                c_B2wh_mat_0234
                0x0000000040044a10                c_B2wh_mat_1034
                0x0000000040044a70                c_B2wh_mat_1204
                0x0000000040044ad0                c_B2wh_mat_1230
                0x0000000040044b30                c_B2wh_mat_4RW
                0x0000000040044b90                c_wh2B_mat_0234
                0x0000000040044bf0                c_wh2B_mat_1034
                0x0000000040044c50                c_wh2B_mat_1204
                0x0000000040044cb0                c_wh2B_mat_1230
                0x0000000040044d10                c_wh2B_mat_4RW
                0x0000000040044d70                c_MOI_wh
                0x0000000040044d78                c_MOI_wh4
                0x0000000040044d80                c_MOI_wh3
                0x0000000040044d88                c_MOI_wh2
                0x0000000040044d90                c_MOI_wh1
                0x0000000040044d98                TC_T_RW_MAX
                0x0000000040044da0                c_RADps2RPM
                0x0000000040044da8                c_RPM2RADpS
                0x0000000040044db0                c_DPMMAX
                0x0000000040044db8                c_wkm_sunmag
                0x0000000040044dc0                c_wks_sunmag
                0x0000000040044dc8                c_wkm_mag
                0x0000000040044dd0                c_wks_mag
                0x0000000040044dd8                c_ss2b4156
                0x0000000040044e20                c_ss2b3456
                0x0000000040044e68                c_ss2b2356
                0x0000000040044eb0                c_ss2b1256
                0x0000000040044ef8                c_misaln_cor146
                0x0000000040044f40                c_misaln_cor145
                0x0000000040044f88                c_misaln_cor346
                0x0000000040044fd0                c_misaln_cor345
                0x0000000040045018                c_misaln_cor326
                0x0000000040045060                c_misaln_cor325
                0x00000000400450a8                c_misaln_cor126
                0x00000000400450f0                c_misaln_cor125
                0x0000000040045138                c_AngDev_SAMtransit_thrsld
                0x0000000040045140                c_AngDev_SMtransit_thrsld
                0x0000000040045148                c_Sunlit_Thrsld
                0x0000000040045150                c_SSThrsld
                0x0000000040045158                c_Imax_YN_Main
                0x0000000040045160                c_Imax_YP_Main
                0x0000000040045168                c_Imax_PN_Main
                0x0000000040045170                c_Imax_PP_Main
                0x0000000040045178                c_Imax_RNND_Main
                0x0000000040045180                c_Imax_RPND_Main
                0x0000000040045188                c_Imax_RND_Main
                0x0000000040045190                c_Imax_RPD_Main
                0x0000000040045198                c_Imax_YN_Red
                0x00000000400451a0                c_Imax_YP_Red
                0x00000000400451a8                c_Imax_PN_Red
                0x00000000400451b0                c_Imax_PP_Red
                0x00000000400451b8                c_Imax_RNND_Red
                0x00000000400451c0                c_Imax_RPND_Red
                0x00000000400451c8                c_Imax_RND_Red
                0x00000000400451d0                c_Imax_RPD_Red
                0x00000000400451d8                c_KDset3
                0x00000000400451e0                c_KDset2
                0x00000000400451e8                c_KDset1
                0x00000000400451f0                c_Epsilon2
                0x00000000400451f8                c_Epsilon1
                0x0000000040045200                c_Sun_Dis3
                0x0000000040045208                c_Sun_Dis2
                0x0000000040045210                c_Sun_Dis1
                0x0000000040045218                c_L_Ecliptic2
                0x0000000040045220                c_L_Ecliptic1
                0x0000000040045228                c_Msun2
                0x0000000040045230                c_Msun1
                0x0000000040045238                c_L_Msun2
                0x0000000040045240                c_L_Msun1
                0x0000000040045248                c_hsval
                0x0000000040045588                c_hval
                0x00000000400458c8                c_gsval
                0x0000000040045c08                c_gval
                0x0000000040045f48                c_sdmax
                0x0000000040045f50                c_a
                0x0000000040045f58                c_Pibytwo
                0x0000000040045f60                c_Kmax
                0x0000000040045f64                c_Nmax
                0x0000000040045f68                c_rk_T
                0x00000000400461f0                c_rk
                0x0000000040046478                c_I_four_cross_four
                0x00000000400464b8                c_onesecond
                0x00000000400464c0                c_oneminute
                0x00000000400464c8                c_halfhour
                0x00000000400464d0                c_Mmax
                0x00000000400464d8                c_AS2R
                0x00000000400464e0                c_R2D
                0x00000000400464e8                c_D2R
                0x00000000400464f0                c_min_per_day
                0x00000000400464f8                c_temp4
                0x0000000040046500                c_j4
                0x0000000040046508                c_j3oj2
                0x0000000040046510                c_qzms2t
                0x0000000040046518                c_ss
                0x0000000040046520                c_xpdotp
                0x0000000040046528                c_Pi
                0x0000000040046530                c_Day_To_Seconds
                0x0000000040046538                c_invmu
                0x0000000040046540                c_mu
                0x0000000040046548                c_dividebyzerovalue
                0x0000000040046550                c_xke
                0x0000000040046558                c_x2o3
                0x0000000040046560                c_Twopi
                0x0000000040046568                c_j2
                0x0000000040046570                c_au
                0x0000000040046578                c_auer
                0x0000000040046580                c_radiusearthkm
                0x0000000040046588                c_vkmpersec
                0x0000000040046590                c_OMEGAE
                0x0000000040046598                c_tsince_min
                0x00000000400465a0                c_twomu
                0x00000000400465a8                c_MiC
                0x00000000400465b0                c_MaC
                0x00000000400465b8                c_TM_RW_Resol
                0x00000000400465c0                c_TM_Resol_B
                0x00000000400465c8                c_TM_Resol_w
                0x00000000400465d0                c_TM_Resol_DelThta
                0x00000000400465d8                c_Resol_DelThta
                0x00000000400465e0                c_Resol_B
                0x00000000400465e8                c_FFFF
 *fill*         0x00000000400465ec        0x4 
 .rodata.cst8   0x00000000400465f0       0x58 C:\Users\Bhagawat\AppData\Local\Temp\ccvSHdpO.o
                                         0xa8 (size before relaxing)
 .rodata.cst8   0x0000000040046648       0x28 C:\Users\Bhagawat\AppData\Local\Temp\ccb9JWYO.o
                                         0x78 (size before relaxing)
 .rodata.cst4   0x0000000040046670        0x4 C:\Users\Bhagawat\AppData\Local\Temp\ccb9JWYO.o
                                          0xc (size before relaxing)
 .rodata        0x0000000040046674        0x0 C:\Users\Bhagawat\AppData\Local\Temp\ccb9JWYO.o
 *fill*         0x0000000040046674        0x4 
 .rodata.cst8   0x0000000040046678       0x50 C:\Users\Bhagawat\AppData\Local\Temp\ccXcL6OH.o
                                         0x78 (size before relaxing)
 .rodata.cst4   0x00000000400466c8        0x4 C:\Users\Bhagawat\AppData\Local\Temp\ccXcL6OH.o
                                          0x8 (size before relaxing)
 *fill*         0x00000000400466cc        0x4 
 .rodata.cst8   0x00000000400466d0       0x30 C:\Users\Bhagawat\AppData\Local\Temp\cc4U7lQF.o
                                         0xa8 (size before relaxing)
 .rodata.cst8   0x0000000040046700      0x2e0 C:\Users\Bhagawat\AppData\Local\Temp\ccjxJ7AC.o
                                        0x408 (size before relaxing)
 .rodata.cst8   0x00000000400469e0       0x88 C:\Users\Bhagawat\AppData\Local\Temp\ccQDEZAH.o
 .rodata.cst8   0x00000000400469e0       0xa8 c:/opt/bcc-2.0.2-gcc/bin/../lib/gcc/sparc-gaisler-elf/7.2.0/../../../../sparc-gaisler-elf/lib/leon/mfix-at697f\libm.a(lib_a-s_atan.o)
                                         0xd0 (size before relaxing)
 .rodata.cst8   0x0000000040046a88       0x10 c:/opt/bcc-2.0.2-gcc/bin/../lib/gcc/sparc-gaisler-elf/7.2.0/../../../../sparc-gaisler-elf/lib/leon/mfix-at697f\libm.a(lib_a-s_floor.o)
 .rodata.str1.8
                0x0000000040046a88        0x9 c:/opt/bcc-2.0.2-gcc/bin/../lib/gcc/sparc-gaisler-elf/7.2.0/../../../../sparc-gaisler-elf/lib/leon/mfix-at697f\libm.a(lib_a-w_acos.o)
 .rodata.cst8   0x0000000040046a91        0x8 c:/opt/bcc-2.0.2-gcc/bin/../lib/gcc/sparc-gaisler-elf/7.2.0/../../../../sparc-gaisler-elf/lib/leon/mfix-at697f\libm.a(lib_a-w_acos.o)
 *fill*         0x0000000040046a91        0x7 
 .rodata.str1.8
                0x0000000040046a98        0x5 c:/opt/bcc-2.0.2-gcc/bin/../lib/gcc/sparc-gaisler-elf/7.2.0/../../../../sparc-gaisler-elf/lib/leon/mfix-at697f\libm.a(lib_a-w_asin.o)
                                          0x9 (size before relaxing)
 .rodata.cst8   0x0000000040046a9d        0x8 c:/opt/bcc-2.0.2-gcc/bin/../lib/gcc/sparc-gaisler-elf/7.2.0/../../../../sparc-gaisler-elf/lib/leon/mfix-at697f\libm.a(lib_a-w_asin.o)
 *fill*         0x0000000040046a9d        0x3 
 .rodata.str1.8
                0x0000000040046aa0        0x5 c:/opt/bcc-2.0.2-gcc/bin/../lib/gcc/sparc-gaisler-elf/7.2.0/../../../../sparc-gaisler-elf/lib/leon/mfix-at697f\libm.a(lib_a-w_fmod.o)
 .rodata.cst8   0x0000000040046aa5        0x8 c:/opt/bcc-2.0.2-gcc/bin/../lib/gcc/sparc-gaisler-elf/7.2.0/../../../../sparc-gaisler-elf/lib/leon/mfix-at697f\libm.a(lib_a-w_fmod.o)
 *fill*         0x0000000040046aa5        0x3 
 .rodata.str1.8
                0x0000000040046aa8        0x4 c:/opt/bcc-2.0.2-gcc/bin/../lib/gcc/sparc-gaisler-elf/7.2.0/../../../../sparc-gaisler-elf/lib/leon/mfix-at697f\libm.a(lib_a-w_pow.o)
 *fill*         0x0000000040046aac        0x4 
 .rodata.cst8   0x0000000040046ab0       0x20 c:/opt/bcc-2.0.2-gcc/bin/../lib/gcc/sparc-gaisler-elf/7.2.0/../../../../sparc-gaisler-elf/lib/leon/mfix-at697f\libm.a(lib_a-w_pow.o)
                                         0x38 (size before relaxing)
 .rodata.str1.8
                0x0000000040046ad0        0x8 c:/opt/bcc-2.0.2-gcc/bin/../lib/gcc/sparc-gaisler-elf/7.2.0/../../../../sparc-gaisler-elf/lib/leon/mfix-at697f\libm.a(lib_a-w_sqrt.o)
                                          0x5 (size before relaxing)
 .rodata.cst8   0x0000000040046ad8        0x8 c:/opt/bcc-2.0.2-gcc/bin/../lib/gcc/sparc-gaisler-elf/7.2.0/../../../../sparc-gaisler-elf/lib/leon/mfix-at697f\libm.a(lib_a-w_sqrt.o)
 .rodata.cst8   0x0000000040046ad8       0x50 c:/opt/bcc-2.0.2-gcc/bin/../lib/gcc/sparc-gaisler-elf/7.2.0/../../../../sparc-gaisler-elf/lib/leon/mfix-at697f\libm.a(lib_a-e_acos.o)
                                         0x80 (size before relaxing)
 .rodata.cst8   0x0000000040046b28       0x80 c:/opt/bcc-2.0.2-gcc/bin/../lib/gcc/sparc-gaisler-elf/7.2.0/../../../../sparc-gaisler-elf/lib/leon/mfix-at697f\libm.a(lib_a-e_asin.o)
 .rodata.cst8   0x0000000040046b28       0x28 c:/opt/bcc-2.0.2-gcc/bin/../lib/gcc/sparc-gaisler-elf/7.2.0/../../../../sparc-gaisler-elf/lib/leon/mfix-at697f\libm.a(lib_a-e_atan2.o)
                                         0x58 (size before relaxing)
 .rodata        0x0000000040046b50       0x10 c:/opt/bcc-2.0.2-gcc/bin/../lib/gcc/sparc-gaisler-elf/7.2.0/../../../../sparc-gaisler-elf/lib/leon/mfix-at697f\libm.a(lib_a-e_fmod.o)
 .rodata.str1.8
                0x0000000040046b60        0x1 c:/opt/bcc-2.0.2-gcc/bin/../lib/gcc/sparc-gaisler-elf/7.2.0/../../../../sparc-gaisler-elf/lib/leon/mfix-at697f\libm.a(lib_a-e_pow.o)
 .rodata.cst8   0x0000000040046b60       0xc8 c:/opt/bcc-2.0.2-gcc/bin/../lib/gcc/sparc-gaisler-elf/7.2.0/../../../../sparc-gaisler-elf/lib/leon/mfix-at697f\libm.a(lib_a-e_pow.o)
                                        0x120 (size before relaxing)
 .rodata.cst8   0x0000000040046c28       0x40 c:/opt/bcc-2.0.2-gcc/bin/../lib/gcc/sparc-gaisler-elf/7.2.0/../../../../sparc-gaisler-elf/lib/leon/mfix-at697f\libm.a(lib_a-e_rem_pio2.o)
                                         0x50 (size before relaxing)
 .rodata        0x0000000040046c68      0x188 c:/opt/bcc-2.0.2-gcc/bin/../lib/gcc/sparc-gaisler-elf/7.2.0/../../../../sparc-gaisler-elf/lib/leon/mfix-at697f\libm.a(lib_a-e_rem_pio2.o)
 .rodata.cst8   0x0000000040046df0       0x40 c:/opt/bcc-2.0.2-gcc/bin/../lib/gcc/sparc-gaisler-elf/7.2.0/../../../../sparc-gaisler-elf/lib/leon/mfix-at697f\libm.a(lib_a-k_cos.o)
                                         0x50 (size before relaxing)
 .rodata.cst8   0x0000000040046e30       0x50 c:/opt/bcc-2.0.2-gcc/bin/../lib/gcc/sparc-gaisler-elf/7.2.0/../../../../sparc-gaisler-elf/lib/leon/mfix-at697f\libm.a(lib_a-k_rem_pio2.o)
                                         0x78 (size before relaxing)
 .rodata        0x0000000040046e80       0x10 c:/opt/bcc-2.0.2-gcc/bin/../lib/gcc/sparc-gaisler-elf/7.2.0/../../../../sparc-gaisler-elf/lib/leon/mfix-at697f\libm.a(lib_a-k_rem_pio2.o)
 .rodata.cst8   0x0000000040046e90       0x30 c:/opt/bcc-2.0.2-gcc/bin/../lib/gcc/sparc-gaisler-elf/7.2.0/../../../../sparc-gaisler-elf/lib/leon/mfix-at697f\libm.a(lib_a-k_sin.o)
                                         0x38 (size before relaxing)
 .rodata.cst8   0x0000000040046ec0       0x68 c:/opt/bcc-2.0.2-gcc/bin/../lib/gcc/sparc-gaisler-elf/7.2.0/../../../../sparc-gaisler-elf/lib/leon/mfix-at697f\libm.a(lib_a-k_tan.o)
                                         0x90 (size before relaxing)
 .rodata.cst8   0x0000000040046f28        0x8 c:/opt/bcc-2.0.2-gcc/bin/../lib/gcc/sparc-gaisler-elf/7.2.0/../../../../sparc-gaisler-elf/lib/leon/mfix-at697f\libm.a(lib_a-s_nan.o)
 .rodata        0x0000000040046f30       0x10 c:/opt/bcc-2.0.2-gcc/bin/../lib/gcc/sparc-gaisler-elf/7.2.0/../../../../sparc-gaisler-elf/lib/leon/mfix-at697f\libm.a(lib_a-s_rint.o)
 .rodata.cst8   0x0000000040046f40       0x18 c:/opt/bcc-2.0.2-gcc/bin/../lib/gcc/sparc-gaisler-elf/7.2.0/../../../../sparc-gaisler-elf/lib/leon/mfix-at697f\libm.a(lib_a-s_scalbn.o)
                                         0x20 (size before relaxing)
 .rodata        0x0000000040046f58        0x4 c:/opt/bcc-2.0.2-gcc/bin/../lib/gcc/sparc-gaisler-elf/7.2.0/../../../../sparc-gaisler-elf/lib/leon/mfix-at697f\libc.a(lib_a-impure.o)
                0x0000000040046f58                _global_impure_ptr
 *(.gnu.linkonce.r*)
                0x0000000040046f60                . = ALIGN (0x10)
 *fill*         0x0000000040046f5c        0x4 
                0x0000000040046f60                __rodata_end = .

.rela.dyn       0x0000000040046f60        0x0
 .rela.iplt     0x0000000040046f60        0x0 c:/opt/bcc-2.0.2-gcc/bin/../sparc-gaisler-elf/bsp/leon2/leon/mfix-at697f/trap_table_mvt.S.o
 .rela.text.traptable
                0x0000000040046f60        0x0 c:/opt/bcc-2.0.2-gcc/bin/../sparc-gaisler-elf/bsp/leon2/leon/mfix-at697f/trap_table_mvt.S.o
 .rela.text     0x0000000040046f60        0x0 c:/opt/bcc-2.0.2-gcc/bin/../sparc-gaisler-elf/bsp/leon2/leon/mfix-at697f/trap_table_mvt.S.o
 .rela.text.startup
                0x0000000040046f60        0x0 c:/opt/bcc-2.0.2-gcc/bin/../sparc-gaisler-elf/bsp/leon2/leon/mfix-at697f/trap_table_mvt.S.o
 .rela.data     0x0000000040046f60        0x0 c:/opt/bcc-2.0.2-gcc/bin/../sparc-gaisler-elf/bsp/leon2/leon/mfix-at697f/trap_table_mvt.S.o

.ext.data       0x0000000040046f60        0x0
                0x0000000040046f60                . = ALIGN (0x8)
                0x0000000040046f60                __extdata_start = .
 *(.data.ext)
                0x0000000040046f60                . = ALIGN (0x8)
                0x0000000040046f60                __extdata_end = .
                0x0000000040046f60                __extdata_start_lma = LOADADDR (.ext.data)
                0x0000000000000000                __extdata_size = SIZEOF (.ext.data)

.data           0x0000000040046f60      0x580
                0x0000000040046f60                . = ALIGN (0x8)
                0x0000000040046f60                __data_start = .
 *(.data .data.*)
 .data          0x0000000040046f60        0x0 c:/opt/bcc-2.0.2-gcc/bin/../sparc-gaisler-elf/bsp/leon2/leon/mfix-at697f/trap_table_mvt.S.o
 .data          0x0000000040046f60        0x0 c:/opt/bcc-2.0.2-gcc/bin/../sparc-gaisler-elf/bsp/leon2/leon/mfix-at697f/crt0.S.o
 .data          0x0000000040046f60        0x0 c:/opt/bcc-2.0.2-gcc/bin/../lib/gcc/sparc-gaisler-elf/7.2.0/leon/mfix-at697f/crti.o
 .data          0x0000000040046f60        0x4 c:/opt/bcc-2.0.2-gcc/bin/../lib/gcc/sparc-gaisler-elf/7.2.0/leon/mfix-at697f/crtbegin.o
                0x0000000040046f60                __dso_handle
 .data          0x0000000040046f64        0x0 C:\Users\Bhagawat\AppData\Local\Temp\ccYfwIAY.o
 .data          0x0000000040046f64        0x0 C:\Users\Bhagawat\AppData\Local\Temp\ccobH3aQ.o
 .data          0x0000000040046f64       0x18 C:\Users\Bhagawat\AppData\Local\Temp\ccHzD1TV.o
                0x0000000040046f78                real_tm_wait
 .data          0x0000000040046f7c      0x3e0 C:\Users\Bhagawat\AppData\Local\Temp\cc3KmY7C.o
                0x0000000040046f7c                Resol_Table_Adcs
                0x000000004004707c                BlkExe_Status
                0x0000000040047080                FuncExecute_Table
                0x00000000400472f0                Resol_Table
 .data          0x000000004004735c        0x0 C:\Users\Bhagawat\AppData\Local\Temp\ccfTqrds.o
 .data          0x000000004004735c        0x0 C:\Users\Bhagawat\AppData\Local\Temp\cc8ORm7m.o
 .data          0x000000004004735c        0x8 C:\Users\Bhagawat\AppData\Local\Temp\cckCvXKt.o
                0x000000004004735c                PL_Debug_Data
 .data          0x0000000040047364       0x20 C:\Users\Bhagawat\AppData\Local\Temp\ccOYElXN.o
                0x0000000040047364                inter_HAL_EPS_Hardware_Status_SEL
 .data          0x0000000040047384        0x0 C:\Users\Bhagawat\AppData\Local\Temp\cc2SVUQd.o
 .data          0x0000000040047384        0x0 C:\Users\Bhagawat\AppData\Local\Temp\ccWMV4wQ.o
 .data          0x0000000040047384        0x0 C:\Users\Bhagawat\AppData\Local\Temp\ccAwmJTO.o
 .data          0x0000000040047384       0xbc C:\Users\Bhagawat\AppData\Local\Temp\ccXeZ7H2.o
                0x0000000040047384                Auto_manual
                0x0000000040047388                UTP
                0x00000000400473c8                LTP
                0x0000000040047408                Thermister_index_select
 .data          0x0000000040047440        0x0 C:\Users\Bhagawat\AppData\Local\Temp\cc2jSEyt.o
 .data          0x0000000040047440        0x4 C:\Users\Bhagawat\AppData\Local\Temp\ccvxXGJm.o
                0x0000000040047440                NSP_addr_table
 .data          0x0000000040047444        0x0 C:\Users\Bhagawat\AppData\Local\Temp\cc8Fj6Gr.o
 .data          0x0000000040047444        0x0 C:\Users\Bhagawat\AppData\Local\Temp\ccxwKixX.o
 .data          0x0000000040047444        0x0 C:\Users\Bhagawat\AppData\Local\Temp\ccNBNVxX.o
 .data          0x0000000040047444        0x0 C:\Users\Bhagawat\AppData\Local\Temp\cchK8AE8.o
 .data          0x0000000040047444        0x0 C:\Users\Bhagawat\AppData\Local\Temp\ccvSHdpO.o
 .data          0x0000000040047444        0x0 C:\Users\Bhagawat\AppData\Local\Temp\ccb9JWYO.o
 .data          0x0000000040047444        0x0 C:\Users\Bhagawat\AppData\Local\Temp\ccXcL6OH.o
 .data          0x0000000040047444        0x0 C:\Users\Bhagawat\AppData\Local\Temp\cc4U7lQF.o
 .data          0x0000000040047444        0x0 C:\Users\Bhagawat\AppData\Local\Temp\ccdcwtbM.o
 .data          0x0000000040047444        0x0 C:\Users\Bhagawat\AppData\Local\Temp\ccjxJ7AC.o
 .data          0x0000000040047444        0x0 C:\Users\Bhagawat\AppData\Local\Temp\ccQDEZAH.o
 .data          0x0000000040047444        0x0 C:\Users\Bhagawat\AppData\Local\Temp\ccfMOFx1.o
 .data          0x0000000040047444        0x0 c:/opt/bcc-2.0.2-gcc/bin/../lib/gcc/sparc-gaisler-elf/7.2.0/../../../../sparc-gaisler-elf/lib/leon/mfix-at697f\libm.a(lib_a-s_atan.o)
 .data          0x0000000040047444        0x0 c:/opt/bcc-2.0.2-gcc/bin/../lib/gcc/sparc-gaisler-elf/7.2.0/../../../../sparc-gaisler-elf/lib/leon/mfix-at697f\libm.a(lib_a-s_cos.o)
 .data          0x0000000040047444        0x0 c:/opt/bcc-2.0.2-gcc/bin/../lib/gcc/sparc-gaisler-elf/7.2.0/../../../../sparc-gaisler-elf/lib/leon/mfix-at697f\libm.a(lib_a-s_fabs.o)
 .data          0x0000000040047444        0x0 c:/opt/bcc-2.0.2-gcc/bin/../lib/gcc/sparc-gaisler-elf/7.2.0/../../../../sparc-gaisler-elf/lib/leon/mfix-at697f\libm.a(lib_a-s_floor.o)
 .data          0x0000000040047444        0x0 c:/opt/bcc-2.0.2-gcc/bin/../lib/gcc/sparc-gaisler-elf/7.2.0/../../../../sparc-gaisler-elf/lib/leon/mfix-at697f\libm.a(lib_a-s_round.o)
 .data          0x0000000040047444        0x0 c:/opt/bcc-2.0.2-gcc/bin/../lib/gcc/sparc-gaisler-elf/7.2.0/../../../../sparc-gaisler-elf/lib/leon/mfix-at697f\libm.a(lib_a-s_sin.o)
 .data          0x0000000040047444        0x0 c:/opt/bcc-2.0.2-gcc/bin/../lib/gcc/sparc-gaisler-elf/7.2.0/../../../../sparc-gaisler-elf/lib/leon/mfix-at697f\libm.a(lib_a-s_tan.o)
 .data          0x0000000040047444        0x0 c:/opt/bcc-2.0.2-gcc/bin/../lib/gcc/sparc-gaisler-elf/7.2.0/../../../../sparc-gaisler-elf/lib/leon/mfix-at697f\libm.a(lib_a-w_acos.o)
 .data          0x0000000040047444        0x0 c:/opt/bcc-2.0.2-gcc/bin/../lib/gcc/sparc-gaisler-elf/7.2.0/../../../../sparc-gaisler-elf/lib/leon/mfix-at697f\libm.a(lib_a-w_asin.o)
 .data          0x0000000040047444        0x0 c:/opt/bcc-2.0.2-gcc/bin/../lib/gcc/sparc-gaisler-elf/7.2.0/../../../../sparc-gaisler-elf/lib/leon/mfix-at697f\libm.a(lib_a-w_atan2.o)
 .data          0x0000000040047444        0x0 c:/opt/bcc-2.0.2-gcc/bin/../lib/gcc/sparc-gaisler-elf/7.2.0/../../../../sparc-gaisler-elf/lib/leon/mfix-at697f\libm.a(lib_a-w_fmod.o)
 .data          0x0000000040047444        0x0 c:/opt/bcc-2.0.2-gcc/bin/../lib/gcc/sparc-gaisler-elf/7.2.0/../../../../sparc-gaisler-elf/lib/leon/mfix-at697f\libm.a(lib_a-w_pow.o)
 .data          0x0000000040047444        0x0 c:/opt/bcc-2.0.2-gcc/bin/../lib/gcc/sparc-gaisler-elf/7.2.0/../../../../sparc-gaisler-elf/lib/leon/mfix-at697f\libm.a(lib_a-w_sqrt.o)
 .data          0x0000000040047444        0x0 c:/opt/bcc-2.0.2-gcc/bin/../lib/gcc/sparc-gaisler-elf/7.2.0/../../../../sparc-gaisler-elf/lib/leon/mfix-at697f\libm.a(lib_a-e_acos.o)
 .data          0x0000000040047444        0x0 c:/opt/bcc-2.0.2-gcc/bin/../lib/gcc/sparc-gaisler-elf/7.2.0/../../../../sparc-gaisler-elf/lib/leon/mfix-at697f\libm.a(lib_a-e_asin.o)
 .data          0x0000000040047444        0x0 c:/opt/bcc-2.0.2-gcc/bin/../lib/gcc/sparc-gaisler-elf/7.2.0/../../../../sparc-gaisler-elf/lib/leon/mfix-at697f\libm.a(lib_a-e_atan2.o)
 .data          0x0000000040047444        0x0 c:/opt/bcc-2.0.2-gcc/bin/../lib/gcc/sparc-gaisler-elf/7.2.0/../../../../sparc-gaisler-elf/lib/leon/mfix-at697f\libm.a(lib_a-e_fmod.o)
 .data          0x0000000040047444        0x0 c:/opt/bcc-2.0.2-gcc/bin/../lib/gcc/sparc-gaisler-elf/7.2.0/../../../../sparc-gaisler-elf/lib/leon/mfix-at697f\libm.a(lib_a-e_pow.o)
 .data          0x0000000040047444        0x0 c:/opt/bcc-2.0.2-gcc/bin/../lib/gcc/sparc-gaisler-elf/7.2.0/../../../../sparc-gaisler-elf/lib/leon/mfix-at697f\libm.a(lib_a-e_rem_pio2.o)
 .data          0x0000000040047444        0x0 c:/opt/bcc-2.0.2-gcc/bin/../lib/gcc/sparc-gaisler-elf/7.2.0/../../../../sparc-gaisler-elf/lib/leon/mfix-at697f\libm.a(lib_a-e_sqrt.o)
 .data          0x0000000040047444        0x0 c:/opt/bcc-2.0.2-gcc/bin/../lib/gcc/sparc-gaisler-elf/7.2.0/../../../../sparc-gaisler-elf/lib/leon/mfix-at697f\libm.a(lib_a-k_cos.o)
 .data          0x0000000040047444        0x0 c:/opt/bcc-2.0.2-gcc/bin/../lib/gcc/sparc-gaisler-elf/7.2.0/../../../../sparc-gaisler-elf/lib/leon/mfix-at697f\libm.a(lib_a-k_rem_pio2.o)
 .data          0x0000000040047444        0x0 c:/opt/bcc-2.0.2-gcc/bin/../lib/gcc/sparc-gaisler-elf/7.2.0/../../../../sparc-gaisler-elf/lib/leon/mfix-at697f\libm.a(lib_a-k_sin.o)
 .data          0x0000000040047444        0x0 c:/opt/bcc-2.0.2-gcc/bin/../lib/gcc/sparc-gaisler-elf/7.2.0/../../../../sparc-gaisler-elf/lib/leon/mfix-at697f\libm.a(lib_a-k_tan.o)
 .data          0x0000000040047444        0x0 c:/opt/bcc-2.0.2-gcc/bin/../lib/gcc/sparc-gaisler-elf/7.2.0/../../../../sparc-gaisler-elf/lib/leon/mfix-at697f\libm.a(lib_a-s_finite.o)
 .data          0x0000000040047444        0x4 c:/opt/bcc-2.0.2-gcc/bin/../lib/gcc/sparc-gaisler-elf/7.2.0/../../../../sparc-gaisler-elf/lib/leon/mfix-at697f\libm.a(lib_a-s_lib_ver.o)
                0x0000000040047444                __fdlib_version
 .data          0x0000000040047448        0x0 c:/opt/bcc-2.0.2-gcc/bin/../lib/gcc/sparc-gaisler-elf/7.2.0/../../../../sparc-gaisler-elf/lib/leon/mfix-at697f\libm.a(lib_a-s_matherr.o)
 .data          0x0000000040047448        0x0 c:/opt/bcc-2.0.2-gcc/bin/../lib/gcc/sparc-gaisler-elf/7.2.0/../../../../sparc-gaisler-elf/lib/leon/mfix-at697f\libm.a(lib_a-s_nan.o)
 .data          0x0000000040047448        0x0 c:/opt/bcc-2.0.2-gcc/bin/../lib/gcc/sparc-gaisler-elf/7.2.0/../../../../sparc-gaisler-elf/lib/leon/mfix-at697f\libm.a(lib_a-s_rint.o)
 .data          0x0000000040047448        0x0 c:/opt/bcc-2.0.2-gcc/bin/../lib/gcc/sparc-gaisler-elf/7.2.0/../../../../sparc-gaisler-elf/lib/leon/mfix-at697f\libm.a(lib_a-s_scalbn.o)
 .data          0x0000000040047448        0x0 c:/opt/bcc-2.0.2-gcc/bin/../lib/gcc/sparc-gaisler-elf/7.2.0/../../../../sparc-gaisler-elf/lib/leon/mfix-at697f\libm.a(lib_a-s_copysign.o)
 .data          0x0000000040047448        0x0 c:/opt/bcc-2.0.2-gcc/bin/../sparc-gaisler-elf/bsp/leon2/leon/mfix-at697f\libbcc.a(reset_trap_mvt.S.o)
 .data          0x0000000040047448        0x0 c:/opt/bcc-2.0.2-gcc/bin/../sparc-gaisler-elf/bsp/leon2/leon/mfix-at697f\libbcc.a(window_trap.S.o)
 .data          0x0000000040047448        0x0 c:/opt/bcc-2.0.2-gcc/bin/../sparc-gaisler-elf/bsp/leon2/leon/mfix-at697f\libbcc.a(interrupt_trap.S.o)
 .data          0x0000000040047448        0x0 c:/opt/bcc-2.0.2-gcc/bin/../sparc-gaisler-elf/bsp/leon2/leon/mfix-at697f\libbcc.a(flush_windows_trap.S.o)
 .data          0x0000000040047448        0x0 c:/opt/bcc-2.0.2-gcc/bin/../sparc-gaisler-elf/bsp/leon2/leon/mfix-at697f\libbcc.a(sw_trap_set_pil.S.o)
 .data          0x0000000040047448        0x0 c:/opt/bcc-2.0.2-gcc/bin/../sparc-gaisler-elf/bsp/leon2/leon/mfix-at697f\libbcc.a(trap.c.o)
 .data          0x0000000040047448        0x0 c:/opt/bcc-2.0.2-gcc/bin/../sparc-gaisler-elf/bsp/leon2/leon/mfix-at697f\libbcc.a(isr.c.o)
 .data          0x0000000040047448       0x10 c:/opt/bcc-2.0.2-gcc/bin/../sparc-gaisler-elf/bsp/leon2/leon/mfix-at697f\libbcc.a(int_nest.c.o)
                0x0000000040047448                __bcc_int_nest
 .data          0x0000000040047458        0x0 c:/opt/bcc-2.0.2-gcc/bin/../sparc-gaisler-elf/bsp/leon2/leon/mfix-at697f\libbcc.a(init.S.o)
 .data          0x0000000040047458       0x10 c:/opt/bcc-2.0.2-gcc/bin/../sparc-gaisler-elf/bsp/leon2/leon/mfix-at697f\libbcc.a(leon_info.S.o)
                0x0000000040047458                __bcc_leon_version
                0x000000004004745c                __bcc_nwindows_min1
                0x0000000040047460                __bcc_nwindows
                0x0000000040047464                __bcc_cpuid
 .data          0x0000000040047468        0x0 c:/opt/bcc-2.0.2-gcc/bin/../sparc-gaisler-elf/bsp/leon2/leon/mfix-at697f\libbcc.a(dwzero.S.o)
 .data          0x0000000040047468        0x0 c:/opt/bcc-2.0.2-gcc/bin/../sparc-gaisler-elf/bsp/leon2/leon/mfix-at697f\libbcc.a(copy_data.c.o)
 .data          0x0000000040047468        0x0 c:/opt/bcc-2.0.2-gcc/bin/../sparc-gaisler-elf/bsp/leon2/leon/mfix-at697f\libbcc.a(lowlevel.S.o)
 .data          0x0000000040047468        0x0 c:/opt/bcc-2.0.2-gcc/bin/../sparc-gaisler-elf/bsp/leon2/leon/mfix-at697f\libbcc.a(lowlevel_leon2.S.o)
 .data          0x0000000040047468        0x0 c:/opt/bcc-2.0.2-gcc/bin/../sparc-gaisler-elf/bsp/leon2/leon/mfix-at697f\libbcc.a(int_leon2.c.o)
 .data          0x0000000040047468        0x0 c:/opt/bcc-2.0.2-gcc/bin/../sparc-gaisler-elf/bsp/leon2/leon/mfix-at697f\libbcc.a(int_leon2_get_source.c.o)
 .data          0x0000000040047468        0x0 c:/opt/bcc-2.0.2-gcc/bin/../sparc-gaisler-elf/bsp/leon2/leon/mfix-at697f\libbcc.a(int_leon2_init.c.o)
 .data          0x0000000040047468        0x0 c:/opt/bcc-2.0.2-gcc/bin/../sparc-gaisler-elf/bsp/leon2/leon/mfix-at697f\libbcc.a(con_leon2.c.o)
 .data          0x0000000040047468        0x0 c:/opt/bcc-2.0.2-gcc/bin/../sparc-gaisler-elf/bsp/leon2/leon/mfix-at697f\libbcc.a(timer_leon2.c.o)
 .data          0x0000000040047468        0x0 c:/opt/bcc-2.0.2-gcc/bin/../sparc-gaisler-elf/bsp/leon2/leon/mfix-at697f\libbcc.a(set_pil.S.o)
 .data          0x0000000040047468        0x4 c:/opt/bcc-2.0.2-gcc/bin/../sparc-gaisler-elf/bsp/leon2/leon/mfix-at697f\libbcc.a(int_leon2_handle.c.o)
                0x0000000040047468                __bcc_int_handle
 .data          0x000000004004746c        0x4 c:/opt/bcc-2.0.2-gcc/bin/../sparc-gaisler-elf/bsp/leon2/leon/mfix-at697f\libbcc.a(con_handle.c.o)
                0x000000004004746c                __bcc_con_handle
 .data          0x0000000040047470        0x8 c:/opt/bcc-2.0.2-gcc/bin/../sparc-gaisler-elf/bsp/leon2/leon/mfix-at697f\libbcc.a(timer_handle.c.o)
                0x0000000040047470                __bcc_timer_interrupt
                0x0000000040047474                __bcc_timer_handle
 .data          0x0000000040047478        0x0 c:/opt/bcc-2.0.2-gcc/bin/../lib/gcc/sparc-gaisler-elf/7.2.0/../../../../sparc-gaisler-elf/lib/leon/mfix-at697f\libc.a(lib_a-atexit.o)
 .data          0x0000000040047478        0x0 c:/opt/bcc-2.0.2-gcc/bin/../lib/gcc/sparc-gaisler-elf/7.2.0/../../../../sparc-gaisler-elf/lib/leon/mfix-at697f\libc.a(lib_a-errno.o)
 .data          0x0000000040047478        0x0 c:/opt/bcc-2.0.2-gcc/bin/../lib/gcc/sparc-gaisler-elf/7.2.0/../../../../sparc-gaisler-elf/lib/leon/mfix-at697f\libc.a(lib_a-exit.o)
 .data          0x0000000040047478       0x64 c:/opt/bcc-2.0.2-gcc/bin/../lib/gcc/sparc-gaisler-elf/7.2.0/../../../../sparc-gaisler-elf/lib/leon/mfix-at697f\libc.a(lib_a-impure.o)
                0x0000000040047478                _impure_ptr
 .data          0x00000000400474dc        0x0 c:/opt/bcc-2.0.2-gcc/bin/../lib/gcc/sparc-gaisler-elf/7.2.0/../../../../sparc-gaisler-elf/lib/leon/mfix-at697f\libc.a(lib_a-memcpy.o)
 .data          0x00000000400474dc        0x0 c:/opt/bcc-2.0.2-gcc/bin/../lib/gcc/sparc-gaisler-elf/7.2.0/../../../../sparc-gaisler-elf/lib/leon/mfix-at697f\libc.a(lib_a-__atexit.o)
 .data          0x00000000400474dc        0x0 c:/opt/bcc-2.0.2-gcc/bin/../lib/gcc/sparc-gaisler-elf/7.2.0/../../../../sparc-gaisler-elf/lib/leon/mfix-at697f\libc.a(lib_a-__call_atexit.o)
 .data          0x00000000400474dc        0x0 c:/opt/bcc-2.0.2-gcc/bin/../sparc-gaisler-elf/bsp/leon2/leon/mfix-at697f\libbcc.a(_exit.S.o)
 .data          0x00000000400474dc        0x0 c:/opt/bcc-2.0.2-gcc/bin/../lib/gcc/sparc-gaisler-elf/7.2.0/leon/mfix-at697f/crtend.o
 .data          0x00000000400474dc        0x0 c:/opt/bcc-2.0.2-gcc/bin/../lib/gcc/sparc-gaisler-elf/7.2.0/leon/mfix-at697f/crtn.o
                0x00000000400474e0                . = ALIGN (0x8)
 *fill*         0x00000000400474dc        0x4 
                0x00000000400474e0                __data_end = .
                0x0000000040046f60                __data_start_lma = LOADADDR (.data)
                0x0000000000000580                __data_size = SIZEOF (.data)

.iplt           0x00000000400474e0        0x0
 .iplt          0x00000000400474e0        0x0 c:/opt/bcc-2.0.2-gcc/bin/../sparc-gaisler-elf/bsp/leon2/leon/mfix-at697f/trap_table_mvt.S.o

.tm_clone_table
                0x00000000400474e0        0x0
 .tm_clone_table
                0x00000000400474e0        0x0 c:/opt/bcc-2.0.2-gcc/bin/../lib/gcc/sparc-gaisler-elf/7.2.0/leon/mfix-at697f/crtbegin.o
 .tm_clone_table
                0x00000000400474e0        0x0 c:/opt/bcc-2.0.2-gcc/bin/../lib/gcc/sparc-gaisler-elf/7.2.0/leon/mfix-at697f/crtend.o

.bss            0x00000000400474e0    0x91d10
                0x00000000400474e0                . = ALIGN (0x8)
                0x00000000400474e0                __bss_start = .
 *(.bss .bss.*)
 .bss           0x00000000400474e0        0x0 c:/opt/bcc-2.0.2-gcc/bin/../sparc-gaisler-elf/bsp/leon2/leon/mfix-at697f/trap_table_mvt.S.o
 .bss           0x00000000400474e0        0x4 c:/opt/bcc-2.0.2-gcc/bin/../sparc-gaisler-elf/bsp/leon2/leon/mfix-at697f/crt0.S.o
                0x00000000400474e0                __bcc_sp_at_entry
 .bss           0x00000000400474e4        0x0 c:/opt/bcc-2.0.2-gcc/bin/../lib/gcc/sparc-gaisler-elf/7.2.0/leon/mfix-at697f/crti.o
 .bss           0x00000000400474e4       0x20 c:/opt/bcc-2.0.2-gcc/bin/../lib/gcc/sparc-gaisler-elf/7.2.0/leon/mfix-at697f/crtbegin.o
 .bss           0x0000000040047504        0x0 C:\Users\Bhagawat\AppData\Local\Temp\ccYfwIAY.o
 .bss           0x0000000040047504        0x0 C:\Users\Bhagawat\AppData\Local\Temp\ccobH3aQ.o
 .bss           0x0000000040047504        0x8 C:\Users\Bhagawat\AppData\Local\Temp\ccHzD1TV.o
                0x0000000040047504                test_st_sp
                0x0000000040047505                filler_byte
                0x0000000040047508                repeat_count
 .bss           0x000000004004750c       0x22 C:\Users\Bhagawat\AppData\Local\Temp\cc3KmY7C.o
                0x000000004004750c                Diff_stop_srl_num
                0x0000000040047510                Diff_start_srl_num
                0x0000000040047514                DTTC_count
                0x0000000040047518                head
                0x000000004004751c                ATTC_count
                0x0000000040047520                ATTC_exe_en
                0x0000000040047524                ATTC_Master_en
                0x0000000040047528                Nodeptrempty_flag
                0x000000004004752c                ComputedParity
                0x000000004004752d                RcvdParity
 .bss           0x000000004004752e        0x0 C:\Users\Bhagawat\AppData\Local\Temp\ccfTqrds.o
 .bss           0x000000004004752e        0x0 C:\Users\Bhagawat\AppData\Local\Temp\cc8ORm7m.o
 .bss           0x000000004004752e        0x0 C:\Users\Bhagawat\AppData\Local\Temp\cckCvXKt.o
 *fill*         0x000000004004752e        0x2 
 .bss           0x0000000040047530        0x8 C:\Users\Bhagawat\AppData\Local\Temp\ccOYElXN.o
                0x0000000040047530                load_shedding_flag
                0x0000000040047531                low_battery_voltage
                0x0000000040047534                inter_HAL_EPS_Hardware_Status_count
 .bss           0x0000000040047538        0x4 C:\Users\Bhagawat\AppData\Local\Temp\cc2SVUQd.o
                0x0000000040047538                imu_count
 .bss           0x000000004004753c        0x0 C:\Users\Bhagawat\AppData\Local\Temp\ccWMV4wQ.o
 .bss           0x000000004004753c        0x8 C:\Users\Bhagawat\AppData\Local\Temp\ccAwmJTO.o
                0x000000004004753c                gps_ready_bit
                0x0000000040047540                gps_count
 .bss           0x0000000040047544        0x0 C:\Users\Bhagawat\AppData\Local\Temp\ccXeZ7H2.o
 .bss           0x0000000040047544        0x4 C:\Users\Bhagawat\AppData\Local\Temp\cc2jSEyt.o
                0x0000000040047544                MTR_Reset_Flag
 .bss           0x0000000040047548        0xe C:\Users\Bhagawat\AppData\Local\Temp\ccvxXGJm.o
                0x0000000040047554                crc_test
 *fill*         0x0000000040047556        0x2 
 .bss           0x0000000040047558       0x18 C:\Users\Bhagawat\AppData\Local\Temp\cc8Fj6Gr.o
                0x0000000040047558                SA2_status
                0x000000004004755c                SA1_status
                0x0000000040047560                TC_HAL_SA_Deploy
                0x0000000040047564                SA_Command_Type
                0x0000000040047568                SA2_Deploy_cmd_rcvd_time
                0x000000004004756c                SA1_Deploy_cmd_rcvd_time
 .bss           0x0000000040047570        0x0 C:\Users\Bhagawat\AppData\Local\Temp\ccxwKixX.o
 .bss           0x0000000040047570        0x0 C:\Users\Bhagawat\AppData\Local\Temp\ccNBNVxX.o
 .bss           0x0000000040047570        0x0 C:\Users\Bhagawat\AppData\Local\Temp\cchK8AE8.o
 .bss           0x0000000040047570        0x0 C:\Users\Bhagawat\AppData\Local\Temp\ccvSHdpO.o
 .bss           0x0000000040047570        0x0 C:\Users\Bhagawat\AppData\Local\Temp\ccb9JWYO.o
 .bss           0x0000000040047570        0x0 C:\Users\Bhagawat\AppData\Local\Temp\ccXcL6OH.o
 .bss           0x0000000040047570        0x0 C:\Users\Bhagawat\AppData\Local\Temp\cc4U7lQF.o
 .bss           0x0000000040047570       0x30 C:\Users\Bhagawat\AppData\Local\Temp\ccdcwtbM.o
                0x0000000040047570                tmin
                0x0000000040047578                distsqrd
                0x0000000040047580                adotb
                0x0000000040047588                asqrd
                0x0000000040047590                bsqrd
                0x0000000040047598                tempse
 .bss           0x00000000400475a0        0x0 C:\Users\Bhagawat\AppData\Local\Temp\ccjxJ7AC.o
 .bss           0x00000000400475a0        0x0 C:\Users\Bhagawat\AppData\Local\Temp\ccQDEZAH.o
 .bss           0x00000000400475a0        0x0 C:\Users\Bhagawat\AppData\Local\Temp\ccfMOFx1.o
 .bss           0x00000000400475a0        0x0 c:/opt/bcc-2.0.2-gcc/bin/../lib/gcc/sparc-gaisler-elf/7.2.0/../../../../sparc-gaisler-elf/lib/leon/mfix-at697f\libm.a(lib_a-s_atan.o)
 .bss           0x00000000400475a0        0x0 c:/opt/bcc-2.0.2-gcc/bin/../lib/gcc/sparc-gaisler-elf/7.2.0/../../../../sparc-gaisler-elf/lib/leon/mfix-at697f\libm.a(lib_a-s_cos.o)