Archive member included to satisfy reference by file (symbol)

c:/opt/bcc-2.0.2-gcc/bin/../lib/gcc/sparc-gaisler-elf/7.2.0/../../../../sparc-gaisler-elf/lib/leon/mfix-at697f\libm.a(lib_a-s_atan.o)
                              C:\Users\Bhagawat\AppData\Local\Temp\ccU2vOQr.o (atan)
c:/opt/bcc-2.0.2-gcc/bin/../lib/gcc/sparc-gaisler-elf/7.2.0/../../../../sparc-gaisler-elf/lib/leon/mfix-at697f\libm.a(lib_a-s_cos.o)
                              C:\Users\Bhagawat\AppData\Local\Temp\ccCOOj9N.o (cos)
c:/opt/bcc-2.0.2-gcc/bin/../lib/gcc/sparc-gaisler-elf/7.2.0/../../../../sparc-gaisler-elf/lib/leon/mfix-at697f\libm.a(lib_a-s_fabs.o)
                              c:/opt/bcc-2.0.2-gcc/bin/../lib/gcc/sparc-gaisler-elf/7.2.0/../../../../sparc-gaisler-elf/lib/leon/mfix-at697f\libm.a(lib_a-s_atan.o) (fabs)
c:/opt/bcc-2.0.2-gcc/bin/../lib/gcc/sparc-gaisler-elf/7.2.0/../../../../sparc-gaisler-elf/lib/leon/mfix-at697f\libm.a(lib_a-s_floor.o)
                              C:\Users\Bhagawat\AppData\Local\Temp\cc89zITN.o (floor)
c:/opt/bcc-2.0.2-gcc/bin/../lib/gcc/sparc-gaisler-elf/7.2.0/../../../../sparc-gaisler-elf/lib/leon/mfix-at697f\libm.a(lib_a-s_round.o)
                              C:\Users\Bhagawat\AppData\Local\Temp\ccIYmLVA.o (round)
c:/opt/bcc-2.0.2-gcc/bin/../lib/gcc/sparc-gaisler-elf/7.2.0/../../../../sparc-gaisler-elf/lib/leon/mfix-at697f\libm.a(lib_a-s_sin.o)
                              C:\Users\Bhagawat\AppData\Local\Temp\ccCOOj9N.o (sin)
c:/opt/bcc-2.0.2-gcc/bin/../lib/gcc/sparc-gaisler-elf/7.2.0/../../../../sparc-gaisler-elf/lib/leon/mfix-at697f\libm.a(lib_a-s_tan.o)
                              C:\Users\Bhagawat\AppData\Local\Temp\ccU2vOQr.o (tan)
c:/opt/bcc-2.0.2-gcc/bin/../lib/gcc/sparc-gaisler-elf/7.2.0/../../../../sparc-gaisler-elf/lib/leon/mfix-at697f\libm.a(lib_a-w_acos.o)
                              C:\Users\Bhagawat\AppData\Local\Temp\ccg8BVdy.o (acos)
c:/opt/bcc-2.0.2-gcc/bin/../lib/gcc/sparc-gaisler-elf/7.2.0/../../../../sparc-gaisler-elf/lib/leon/mfix-at697f\libm.a(lib_a-w_asin.o)
                              C:\Users\Bhagawat\AppData\Local\Temp\cc89zITN.o (asin)
c:/opt/bcc-2.0.2-gcc/bin/../lib/gcc/sparc-gaisler-elf/7.2.0/../../../../sparc-gaisler-elf/lib/leon/mfix-at697f\libm.a(lib_a-w_atan2.o)
                              C:\Users\Bhagawat\AppData\Local\Temp\ccU2vOQr.o (atan2)
c:/opt/bcc-2.0.2-gcc/bin/../lib/gcc/sparc-gaisler-elf/7.2.0/../../../../sparc-gaisler-elf/lib/leon/mfix-at697f\libm.a(lib_a-w_fmod.o)
                              C:\Users\Bhagawat\AppData\Local\Temp\cc89zITN.o (fmod)
c:/opt/bcc-2.0.2-gcc/bin/../lib/gcc/sparc-gaisler-elf/7.2.0/../../../../sparc-gaisler-elf/lib/leon/mfix-at697f\libm.a(lib_a-w_pow.o)
                              C:\Users\Bhagawat\AppData\Local\Temp\ccg8BVdy.o (pow)
c:/opt/bcc-2.0.2-gcc/bin/../lib/gcc/sparc-gaisler-elf/7.2.0/../../../../sparc-gaisler-elf/lib/leon/mfix-at697f\libm.a(lib_a-w_sqrt.o)
                              C:\Users\Bhagawat\AppData\Local\Temp\cck5YaFv.o (sqrt)
c:/opt/bcc-2.0.2-gcc/bin/../lib/gcc/sparc-gaisler-elf/7.2.0/../../../../sparc-gaisler-elf/lib/leon/mfix-at697f\libm.a(lib_a-e_acos.o)
                              c:/opt/bcc-2.0.2-gcc/bin/../lib/gcc/sparc-gaisler-elf/7.2.0/../../../../sparc-gaisler-elf/lib/leon/mfix-at697f\libm.a(lib_a-w_acos.o) (__ieee754_acos)
c:/opt/bcc-2.0.2-gcc/bin/../lib/gcc/sparc-gaisler-elf/7.2.0/../../../../sparc-gaisler-elf/lib/leon/mfix-at697f\libm.a(lib_a-e_asin.o)
                              c:/opt/bcc-2.0.2-gcc/bin/../lib/gcc/sparc-gaisler-elf/7.2.0/../../../../sparc-gaisler-elf/lib/leon/mfix-at697f\libm.a(lib_a-w_asin.o) (__ieee754_asin)
c:/opt/bcc-2.0.2-gcc/bin/../lib/gcc/sparc-gaisler-elf/7.2.0/../../../../sparc-gaisler-elf/lib/leon/mfix-at697f\libm.a(lib_a-e_atan2.o)
                              c:/opt/bcc-2.0.2-gcc/bin/../lib/gcc/sparc-gaisler-elf/7.2.0/../../../../sparc-gaisler-elf/lib/leon/mfix-at697f\libm.a(lib_a-w_atan2.o) (__ieee754_atan2)
c:/opt/bcc-2.0.2-gcc/bin/../lib/gcc/sparc-gaisler-elf/7.2.0/../../../../sparc-gaisler-elf/lib/leon/mfix-at697f\libm.a(lib_a-e_fmod.o)
                              c:/opt/bcc-2.0.2-gcc/bin/../lib/gcc/sparc-gaisler-elf/7.2.0/../../../../sparc-gaisler-elf/lib/leon/mfix-at697f\libm.a(lib_a-w_fmod.o) (__ieee754_fmod)
c:/opt/bcc-2.0.2-gcc/bin/../lib/gcc/sparc-gaisler-elf/7.2.0/../../../../sparc-gaisler-elf/lib/leon/mfix-at697f\libm.a(lib_a-e_pow.o)
                              c:/opt/bcc-2.0.2-gcc/bin/../lib/gcc/sparc-gaisler-elf/7.2.0/../../../../sparc-gaisler-elf/lib/leon/mfix-at697f\libm.a(lib_a-w_pow.o) (__ieee754_pow)
c:/opt/bcc-2.0.2-gcc/bin/../lib/gcc/sparc-gaisler-elf/7.2.0/../../../../sparc-gaisler-elf/lib/leon/mfix-at697f\libm.a(lib_a-e_rem_pio2.o)
                              c:/opt/bcc-2.0.2-gcc/bin/../lib/gcc/sparc-gaisler-elf/7.2.0/../../../../sparc-gaisler-elf/lib/leon/mfix-at697f\libm.a(lib_a-s_cos.o) (__ieee754_rem_pio2)
[...]
Memory Configuration

Name             Origin             Length             Attributes
rom              0x0000000000000000 0x0000000020000000
ram              0x0000000040000000 0x0000000040000000
*default*        0x0000000000000000 0xffffffffffffffff

Linker script and memory map

LOAD c:/opt/bcc-2.0.2-gcc/bin/../sparc-gaisler-elf/bsp/leon2/leon/mfix-at697f/trap_table_mvt.S.o
LOAD c:/opt/bcc-2.0.2-gcc/bin/../sparc-gaisler-elf/bsp/leon2/leon/mfix-at697f/crt0.S.o
LOAD c:/opt/bcc-2.0.2-gcc/bin/../lib/gcc/sparc-gaisler-elf/7.2.0/leon/mfix-at697f/crti.o
LOAD c:/opt/bcc-2.0.2-gcc/bin/../lib/gcc/sparc-gaisler-elf/7.2.0/leon/mfix-at697f/crtbegin.o
LOAD C:\Users\Bhagawat\AppData\Local\Temp\cccQ04od.o
LOAD C:\Users\Bhagawat\AppData\Local\Temp\ccHOxwGa.o
LOAD C:\Users\Bhagawat\AppData\Local\Temp\ccGuWeFc.o
LOAD C:\Users\Bhagawat\AppData\Local\Temp\ccCOOj9N.o
LOAD C:\Users\Bhagawat\AppData\Local\Temp\ccGGWeMs.o
LOAD C:\Users\Bhagawat\AppData\Local\Temp\ccHgyvEi.o
LOAD C:\Users\Bhagawat\AppData\Local\Temp\cclWyaZk.o
LOAD C:\Users\Bhagawat\AppData\Local\Temp\ccz278nA.o
LOAD C:\Users\Bhagawat\AppData\Local\Temp\ccJCNetW.o
LOAD C:\Users\Bhagawat\AppData\Local\Temp\cczyHT6u.o
LOAD C:\Users\Bhagawat\AppData\Local\Temp\cc99k7Gn.o
LOAD C:\Users\Bhagawat\AppData\Local\Temp\ccAiSlsy.o
LOAD C:\Users\Bhagawat\AppData\Local\Temp\ccZV3aUW.o
LOAD C:\Users\Bhagawat\AppData\Local\Temp\ccs9u16Q.o
LOAD C:\Users\Bhagawat\AppData\Local\Temp\ccDdMS2W.o
LOAD C:\Users\Bhagawat\AppData\Local\Temp\cck5YaFv.o
LOAD C:\Users\Bhagawat\AppData\Local\Temp\ccg8BVdy.o
LOAD C:\Users\Bhagawat\AppData\Local\Temp\ccuGkrAL.o
LOAD C:\Users\Bhagawat\AppData\Local\Temp\ccIYmLVA.o
LOAD C:\Users\Bhagawat\AppData\Local\Temp\ccaCYZGK.o
LOAD C:\Users\Bhagawat\AppData\Local\Temp\ccWhBIkp.o
LOAD C:\Users\Bhagawat\AppData\Local\Temp\ccU2vOQr.o
LOAD C:\Users\Bhagawat\AppData\Local\Temp\ccoUHH6D.o
LOAD C:\Users\Bhagawat\AppData\Local\Temp\cc89zITN.o
LOAD C:\Users\Bhagawat\AppData\Local\Temp\ccR0XPY6.o
LOAD C:\Users\Bhagawat\AppData\Local\Temp\cc06KZeE.o
LOAD c:/opt/bcc-2.0.2-gcc/bin/../lib/gcc/sparc-gaisler-elf/7.2.0/../../../../sparc-gaisler-elf/lib/leon/mfix-at697f\libm.a
                0x0000000000000000                PROVIDE (__bcc_cfg_skip_clear_bss, 0x0)

.text           0x0000000040000000    0x46210
 CREATE_OBJECT_SYMBOLS
                0x0000000040000000                __text_start = .
                0x0000000040000000                . = ALIGN (0x1000)
 *(.text.traptable)
 .text.traptable
                0x0000000040000000     0x1000 c:/opt/bcc-2.0.2-gcc/bin/../sparc-gaisler-elf/bsp/leon2/leon/mfix-at697f/trap_table_mvt.S.o
                0x0000000040000000                __bcc_entry_point
                0x0000000040000000                __bcc_trap_table
 *(.text .text.*)
 .text          0x0000000040001000        0x0 c:/opt/bcc-2.0.2-gcc/bin/../sparc-gaisler-elf/bsp/leon2/leon/mfix-at697f/trap_table_mvt.S.o
 .text          0x0000000040001000       0xb8 c:/opt/bcc-2.0.2-gcc/bin/../sparc-gaisler-elf/bsp/leon2/leon/mfix-at697f/crt0.S.o
                0x0000000040001000                __bcc_crt0
 .text          0x00000000400010b8        0x0 c:/opt/bcc-2.0.2-gcc/bin/../lib/gcc/sparc-gaisler-elf/7.2.0/leon/mfix-at697f/crti.o
 .text          0x00000000400010b8      0x180 c:/opt/bcc-2.0.2-gcc/bin/../lib/gcc/sparc-gaisler-elf/7.2.0/leon/mfix-at697f/crtbegin.o
 .text          0x0000000040001238      0x93c C:\Users\Bhagawat\AppData\Local\Temp\cccQ04od.o
                0x0000000040001238                rMinCycle_Wait
                0x00000000400012d4                OBC_Process
                0x0000000040001b24                rMinCycle_Flag_Reset
 .text.startup  0x0000000040001b74       0xa0 C:\Users\Bhagawat\AppData\Local\Temp\cccQ04od.o
                0x0000000040001b74                main
 .text          0x0000000040001c14      0xadc C:\Users\Bhagawat\AppData\Local\Temp\ccHOxwGa.o
                0x0000000040001c34                Init_Memory
                0x0000000040001c68                checksum_u32
                0x0000000040001cd4                checksum_u8
                0x0000000040001d1c                chksum8
                0x0000000040001d54                rOutput_Latch_Update
                0x0000000040001f30                ST_output_update
                0x0000000040002148                NMI_interrupt_test
                0x0000000040002204                MUX_Output
                0x0000000040002544                EEPROM_RST
                0x0000000040002578                EEPROM_RES
                0x00000000400025a8                s_ram_scrub
                0x0000000040002624                prom_chksum
 .text          0x00000000400026f0     0xd77c C:\Users\Bhagawat\AppData\Local\Temp\ccGuWeFc.o
                0x00000000400028dc                rHAL_TM_Write
                0x0000000040002b3c                rHAL_TM_HW_Status_Update
                0x0000000040002c60                rTM_Address_Table_Init
                0x000000004000c84c                rTM_Copy_Subframe
                0x000000004000c8bc                Sampling_Rate_Select
                0x000000004000c918                Frame_Address_Select
                0x000000004000ca84                rTCH_full_dump_cpy_buf
                0x000000004000cbf8                rTCH_dump_cpy_buf
                0x000000004000cf9c                TC_Hist_dumping
                0x000000004000cfe8                copy_frame
                0x000000004000d0a0                ST_Copy_Subframe
                0x000000004000d564                StorageTelemetry
                0x000000004000d5fc                Storage_Telemetry_Write
                0x000000004000d624                Norm_ST_1_Table_Init
                0x000000004000eee8                Spec_ST_Table_Init
                0x000000004000fb84                ST_DUMPING
                0x000000004000fce8                rTM_Real_st_write
                0x000000004000fe28                ST_full_dump
 .text          0x000000004000fe6c     0x753c C:\Users\Bhagawat\AppData\Local\Temp\ccCOOj9N.o
                0x0000000040010064                TC_IMU1_On
                0x00000000400100a4                TC_IMU2_On
                0x00000000400100e4                TC_IMU1_Off
                0x0000000040010124                TC_IMU2_Off
                0x0000000040010164                TC_NMI_count_reset
                0x0000000040010178                TC_GPS1_ON
                0x00000000400101a8                TC_GPS1_OFF
                0x00000000400101dc                TC_GPS2_on
                0x0000000040010210                TC_GPS2_off
                0x0000000040010248                TC_W1_ON
                0x0000000040010278                TC_W2_ON
                0x00000000400102ac                TC_W3_ON
                0x00000000400102dc                TC_W4_ON
                0x000000004001030c                TC_W1_OFF
                0x000000004001033c                TC_W2_OFF
                0x000000004001036c                TC_W3_OFF
                0x000000004001039c                TC_W4_OFF
                0x00000000400103cc                rTC_Detumbling_ModePreprocessing_BDOT
                0x00000000400103dc                rTC_Detumbling_ModePreprocessing_GYRO
                0x00000000400103ec                rTC_SunAcquisition_ModePreprocessing
                0x00000000400103fc                rTC_ThreeAxis_ModePreprocessing
                0x000000004001040c                rTC_Suspended_ModePreprocessing
                0x0000000040010418                PL_K_CMD_HLT
                0x0000000040010448                rTC_HILS_MODE_IDLE
                0x0000000040010458                rTC_HILS_MODE_START
                0x0000000040010468                rTC_HILS_MODE_STOP
                0x0000000040010478                Antenna_mechanism_ON
                0x00000000400104a8                Antenna_mechanism_OFF
                0x00000000400104d8                S_band_tx_on
                0x0000000040010508                S_band_tx_off
                0x0000000040010538                SA_DEPLOYMENT_MECHANISM_MAIN_OFF
                0x000000004001056c                SA_DEPLOYMENT_MECHANISM_RED_OFF
                0x00000000400105a0                sunlit
                0x00000000400105b0                eclipse
                0x00000000400105bc                Sunlit_eclipse_both
                0x00000000400105cc                rSafe_mode_PreProcessing
                0x00000000400105dc                eeprom_en
                0x00000000400105ec                eeprom_dis
                0x00000000400105f8                TC_ATTC_CMD_clear
                0x00000000400106b8                rElapsedTimerAssign
                0x0000000040010708                imu1_db_execute
                0x0000000040010714                imu2_db_execute
                0x0000000040010720                TC_ACC_Ang_RESET
                0x000000004001072c                rMag_Refeci_update
                0x00000000400107c0                rSun_Ephemeris_update
                0x000000004001082c                TC_GPS1_NMEA_VTG_enable
                0x0000000040010858                TC_GPS1_NMEA_VTG_disable
                0x0000000040010884                TC_GPS1_NMEA_GGA_enable
                0x00000000400108b0                TC_GPS1_NMEA_GGA_disable
                0x00000000400108dc                TC_GPS1_NMEA_GSA_enable
                0x0000000040010908                TC_GPS1_NMEA_GSA_disable
                0x0000000040010934                TC_GPS1_cold_start
                0x0000000040010960                TC_GPS1_factory_reset
                0x000000004001098c                TC_GPS2_NMEA_VTG_enable
                0x00000000400109b8                TC_GPS2_NMEA_VTG_disable
                0x00000000400109e4                TC_GPS2_NMEA_GGA_enable
                0x0000000040010a10                TC_GPS2_NMEA_GGA_disable
                0x0000000040010a3c                TC_GPS2_NMEA_GSA_enable
                0x0000000040010a68                TC_GPS2_NMEA_GSA_disable
                0x0000000040010a94                TC_GPS2_cold_start
                0x0000000040010ac0                TC_GPS2_factory_reset
                0x0000000040010aec                TC_GPS1_NMEA_NMEA_GSV_Enable
                0x0000000040010b18                TC_GPS1_NMEA_NMEA_GSV_disable
                0x0000000040010b44                TC_GPS2_NMEA_NMEA_GSV_Enable
                0x0000000040010b70                TC_GPS2_NMEA_NMEA_GSV_disable
                0x0000000040010b9c                TC_MTR_ON
                0x0000000040010ba8                TC_MTR_OFF
                0x0000000040010bb4                payload_1_on
                0x0000000040010bdc                payload_1_off
                0x0000000040010be8                PL_K_CMD_STS
                0x0000000040010bf4                PL_K_CMD_ACQ
                0x0000000040010c00                PL_K_DIAG
                0x0000000040010c0c                PL_K_CMD_OFF
                0x0000000040010c18                PL_K_CMD_ON
                0x0000000040010c24                rTLE_Update
                0x0000000040010f5c                TC_init_RW1
                0x0000000040010f90                TC_init_RW2
                0x0000000040010fc4                TC_init_RW3
                0x0000000040010ff8                TC_init_RW4
                0x000000004001102c                TC_MTR_Yaw_Positive
                0x0000000040011040                TC_MTR_Yaw_Negative
                0x0000000040011054                TC_MTR_Pitch_Positive
                0x0000000040011068                TC_MTR_Pitch_Negative
                0x000000004001107c                TC_MTR_Roll_Positive
                0x0000000040011090                TC_MTR_Roll_Negative
                0x00000000400110a4                TC_MTR_Roll_No_cuurent
                0x00000000400110b8                TC_MTR_Pitch_No_cuurent
                0x00000000400110cc                TC_MTR_Yaw_No_cuurent
                0x00000000400110e0                payload_2_on
                0x0000000040011108                payload_2_off
                0x0000000040011114                X_band_tx_on
                0x000000004001113c                X_band_tx_off
                0x0000000040011148                SA_DEPLOYMENT_MECHANISM_MAIN_ON
                0x0000000040011154                SA_DEPLOYMENT_MECHANISM_RED_ON
                0x0000000040011160                Antenna_mechanism_arm
                0x000000004001116c                Antenna_deploy
                0x0000000040011178                Antenna_mechanism_disarm
                0x0000000040011184                TC_pl_debug
                0x0000000040011190                TC_TM_DS_EN
                0x000000004001119c                Antenna_RESET_command
                0x00000000400111a8                Antenna_deploy_with_override
                0x00000000400111b4                Antenna_system_temp
                0x00000000400111c0                Antenna_deploy_status_report
                0x00000000400111cc                Antenna_deploy_activation_count
                0x00000000400111d8                Antenna_deploy_activation_time
                0x00000000400111e4                rTC_ref_snv_bias_q_update
                0x00000000400112b4                rTC_ref_stn_bias_q_update
                0x00000000400113e0                rTC_ref_q_gnd_update
                0x000000004001150c                TC_q_body_init
                0x0000000040011638                rTC_HILS_ENABLE
                0x0000000040011644                rTC_HILS_DISABLE
                0x0000000040011754                TC_pl_tm
                0x000000004001175c                imu1_db_checksum
                0x0000000040011764                imu2_db_checksum
                0x000000004001176c                imu_test_sys_sel
                0x0000000040011774                TC_Drift_Uplink_Compenstation_Update_IMU1
                0x000000004001177c                TC_Drift_Uplink_Compenstation_Update_IMU2
                0x0000000040011784                TC_Gyro_Misalignment_Update_IMU1
                0x000000004001178c                TC_Gyro_Misalignment_Update_IMU2
                0x0000000040011794                TC_Gyro_Scale_Factor_Update_IMU1
                0x000000004001179c                TC_Gyro_Scale_Factor_Update_IMU2
                0x00000000400117a4                TC_MagBias_Uplink_Compenstation_Update_IMU1
                0x00000000400117ac                TC_MagBias_Uplink_Compenstation_Update_IMU2
                0x00000000400117b4                TC_Mag_Misalignment_Update_IMU1
                0x00000000400117bc                TC_Mag_Misalignment_Update_IMU2
                0x00000000400117c4                TC_Mag_Scale_Factor_Update_IMU1
                0x00000000400117cc                TC_Mag_Scale_Factor_Update_IMU2
                0x00000000400117d4                TC_Mag_LPF_Gain_Update_IMU1
                0x00000000400117dc                TC_Mag_LPF_Gain_Update_IMU2
                0x00000000400117e4                TC_Gyro_LPF_Gain_Update_IMU1
                0x00000000400117ec                TC_Gyro_LPF_Gain_Update_IMU2
                0x00000000400117f4                TC_Nominal_wheel_speed_execute
                0x00000000400117fc                Pitch_Torquer_ON
                0x0000000040011804                Yaw_Torquer_ON
                0x000000004001180c                rHeater1_on
                0x0000000040011814                rHeater1_off
                0x000000004001181c                rHeater2_on
                0x0000000040011824                rHeater2_off
                0x000000004001182c                rHeater3_on
                0x0000000040011834                rHeater3_off
                0x000000004001183c                rHeater4_on
                0x0000000040011844                rHeater4_off
                0x000000004001184c                rHeater5_on
                0x0000000040011854                rHeater5_off
                0x000000004001185c                rHeater6_on
                0x0000000040011864                rHeater6_off
                0x000000004001186c                RX_TX_deployed
                0x0000000040011874                OBC_ON
                0x000000004001187c                OBC_OFF
                0x0000000040011884                SA1_DEPLOYMENT_AND_SA2_DEPLOYMENT_REDUNDANT_SPARE_BUS_ON
                0x000000004001188c                SA1_DEPLOYMENT_AND_SA2_DEPLOYMENT_REDUNDANT_SPARE_BUS_OFF
                0x0000000040011894                Test_ON
                0x000000004001189c                Test_OFF
                0x00000000400118a4                rTC_write_tC_history
                0x00000000400118cc                TC_status_reset
                0x00000000400118e0                rContingency_TC
                0x00000000400118e8                rData_TC
                0x0000000040011e4c                rADCS_Data_TC
                0x00000000400132c8                rRemote_base_addr_TC
                0x0000000040013378                rRemote_data_view
                0x00000000400133f4                rBoolean_TC
                0x0000000040013444                rFuncExecute_TC
                0x00000000400134a8                rRemoteProgram_Addr_TC
                0x00000000400134fc                rRemoteProgram_Data_TC
                0x0000000040013528                rDifferential_TimeTag_TC
                0x0000000040013584                initNodetable
                0x00000000400135c0                getNode
                0x00000000400135fc                freeNode
                0x0000000040013634                rAbsoluteTTC_Update
                0x00000000400137ec                rAbsolute_TimeTag_TC
                0x00000000400137f8                rDifferential_TimeTag_Update
                0x0000000040013854                rDifferential_TimeTag_Execute
                0x00000000400139ac                rDifferentialTTC_Execute
                0x00000000400139b8                rAbsoluteTTC_Delete
                0x0000000040013bc0                rAbsoluteTTC_Clear
                0x0000000040013c80                rInit_Block
                0x0000000040013cc8                Block_update
                0x0000000040013f44                rBlock_TC
                0x0000000040013f50                TMTC_Assignment
                0x0000000040014824                invertReverse
                0x000000004001484c                BCHEncoder
                0x00000000400149ec                rHAL_TC_Read
                0x0000000040014cb8                Pitch_Torquer_OFF
                0x0000000040014cc0                Yaw_Torquer_OFF
                0x0000000040014cc8                TC_detumbling_rate_gain_1
                0x000000004001510c                TC_detumbling_bdot_gain_1
                0x0000000040015550                TC_BDOT_Det_Thresh_1
                0x00000000400156e4                TC_GYRO_Det_Min_Thres_1
                0x0000000040015878                rTc_nominal_speed_RW1
                0x0000000040015954                rTc_nominal_speed_RW2
                0x0000000040015a30                rTc_nominal_speed_RW3
                0x0000000040015b0c                rTc_nominal_speed_RW4
                0x0000000040015be8                TC_AngMomDump_Thrsld_1
                0x0000000040015d7c                TC_SpeedDump_Thrsld_1
                0x0000000040015ea8                TC_SpeedDump_TimeSelect_1
                0x000000004001603c                TC_comd_pitch_rate_1
                0x00000000400161d0                TC_Gyro_LPF_Gain_IMU1_1
                0x0000000040016408                TC_Gyro_LPF_Gain_IMU2_1
                0x0000000040016640                TC_Mag_LPF_Gain_IMU1_1
                0x0000000040016878                TC_Mag_LPF_Gain_IMU2_1
                0x0000000040016ab0                TC_Wheel_Cutoff_Threshold_1
                0x0000000040016c44                adcsgains
                0x0000000040016d58                rGainSelect_TC
                0x0000000040016dac                rReal_Time_TC
                0x0000000040017030                rTelecommand
                0x00000000400171a8                rAbsoluteTTC_Execute
                0x00000000400172c8                rBlockTC_Execute
 .text          0x00000000400173a8       0x38 C:\Users\Bhagawat\AppData\Local\Temp\ccGGWeMs.o
                0x00000000400173a8                fdi_nmi_int_handler
 .text          0x00000000400173e0     0x1850 C:\Users\Bhagawat\AppData\Local\Temp\ccHgyvEi.o
                0x00000000400173e0                rPOR_Init
 .text          0x0000000040018c30      0xde4 C:\Users\Bhagawat\AppData\Local\Temp\cclWyaZk.o
                0x0000000040018c58                rHILS_payload
                0x0000000040018cd4                HILS_mode_enable
                0x0000000040018d08                HILS_mode_disable
                0x0000000040018d3c                rHAL_pl1_ON
                0x0000000040018dbc                rHAL_pl1_OFF
                0x0000000040018e0c                rHAL_pl2_ON
                0x0000000040018e8c                rHAL_pl2_OFF
                0x0000000040018edc                rHAL_tm_ds_en
                0x0000000040018f18                rHAL_X_Tx_ON
                0x0000000040018f4c                rHAL_X_Tx_OFF
                0x0000000040018f80                rHAL_pl_sts_check
                0x0000000040018fb0                rHAL_pl_cmd_hlt
                0x0000000040019028                rHAL_pl_debug
                0x00000000400190e8                rHAL_pl_x_tx_data_on
                0x00000000400191d8                rHAL_pl_cmd_acq
                0x00000000400192b8                rHAL_pl_x_tx_data_off
                0x00000000400192f8                rHAL_pl_diag
                0x0000000040019370                pl_tx_tm
                0x0000000040019498                pl_tx_tm_2
                0x0000000040019568                rpl_read
                0x0000000040019654                rpl_tm_write
 .text          0x0000000040019a14      0x4a8 C:\Users\Bhagawat\AppData\Local\Temp\ccz278nA.o
                0x0000000040019a14                rHAL_EPS_Hardware_Status
                0x0000000040019a7c                rHAL_Battery_load_shedding
                0x0000000040019ad8                rHAL_EPS_shunt_switch
 .text          0x0000000040019ebc      0x1b4 C:\Users\Bhagawat\AppData\Local\Temp\ccJCNetW.o
                0x0000000040019ebc                rIMU_Init
                0x0000000040019f28                HAL_IMU_Read
 .text          0x000000004001a070      0x3b4 C:\Users\Bhagawat\AppData\Local\Temp\cczyHT6u.o
                0x000000004001a070                rHAL_ADC_Read
                0x000000004001a0cc                rHAL_ADC_TM_Copy
                0x000000004001a2f8                sun_Sensor_data
                0x000000004001a40c                rHAL_ADC_StatusREG_Enable
 .text          0x000000004001a424      0xfd0 C:\Users\Bhagawat\AppData\Local\Temp\cc99k7Gn.o
                0x000000004001a424                rGPS_Buffer_Init
                0x000000004001a68c                rHAL_GPS_Read
                0x000000004001a8ac                GPS_1_DATA
                0x000000004001a910                rGPS_OBT_timer
                0x000000004001a984                rHAL_GPS_Config
                0x000000004001b084                rGPS_TM_Extract
                0x000000004001b390                ST_TM_gps_data
 .text          0x000000004001b3f4     0x1114 C:\Users\Bhagawat\AppData\Local\Temp\ccAiSlsy.o
                0x000000004001b3f4                Thermister_select
                0x000000004001b438                UTP_selection
                0x000000004001b48c                LTP_selection
                0x000000004001b4ec                Heater_1_auto_control
                0x000000004001b55c                Heater_2_auto_control
                0x000000004001b5cc                Heater_3_auto_control
                0x000000004001b63c                Heater_4_auto_control
                0x000000004001b6ac                Heater_5_auto_control
                0x000000004001b71c                Heater_6_auto_control
                0x000000004001b78c                Heater_7_auto_control
                0x000000004001b7e0                Heater_8_auto_control
                0x000000004001b834                Heater_9_auto_control
                0x000000004001b888                Heater_10_auto_control
                0x000000004001b8dc                Heater_11_auto_control
                0x000000004001b930                Heater_12_auto_control
                0x000000004001b984                Heater_13_auto_control
                0x000000004001b9e0                Heater_14_auto_control
                0x000000004001ba3c                Heater_1_manual_control
                0x000000004001baa8                Heater_2_manual_control
                0x000000004001bb14                Heater_3_manual_control
                0x000000004001bb80                Heater_4_manual_control
                0x000000004001bbec                Heater_5_manual_control
                0x000000004001bc58                Heater_6_manual_control
                0x000000004001bcc4                Heater_control_auto_manual
                0x000000004001c368                Heater_7_manual_control
                0x000000004001c398                Heater_8_manual_control
                0x000000004001c3c8                Heater_9_manual_control
                0x000000004001c3f8                Heater_10_manual_control
                0x000000004001c428                Heater_11_manual_control
                0x000000004001c458                Heater_12_manual_control
                0x000000004001c488                Heater_13_manual_control
                0x000000004001c4c8                Heater_14_manual_control
 .text          0x000000004001c508      0x8dc C:\Users\Bhagawat\AppData\Local\Temp\ccZV3aUW.o
                0x000000004001c508                rHAL_MTR_ON
                0x000000004001c53c                rHAL_MTR_OFF
                0x000000004001c570                rHAL_MTR
                0x000000004001cba8                MTR_Monitoring
                0x000000004001cbd4                rHAL_MTR_TC
 .text          0x000000004001cde4     0x16e0 C:\Users\Bhagawat\AppData\Local\Temp\ccs9u16Q.o
                0x000000004001cde4                RW_Init
                0x000000004001cf60                HAL_RW_CRC_Check
                0x000000004001cfcc                rHAL_RW_TM_Read
                0x000000004001d39c                rRW_SlipFrame_Check
                0x000000004001d5e0                rHAL_RW_TC_Write
                0x000000004001d7b8                rHAL_RW_TM_Write
                0x000000004001d918                rHAL_RW_ConfigBuffer_Write
                0x000000004001d9bc                rRW_Data_Write
                0x000000004001de6c                rRW_Data_Request
                0x000000004001dfa8                rRW_Data_Read
                0x000000004001e354                rRW_init_cmd
 .text          0x000000004001e4c4      0x6f8 C:\Users\Bhagawat\AppData\Local\Temp\ccDdMS2W.o
                0x000000004001e4c4                antennaCommand1
                0x000000004001e510                antennaCommand2
                0x000000004001e55c                antennaCommand3
                0x000000004001e5a8                antennaCommand4
                0x000000004001e5f4                antennaCommand5
                0x000000004001e640                antennaCommand6
                0x000000004001e68c                antennaCommand7
                0x000000004001e6d4                antennaCommand8
                0x000000004001e720                antennaCommand9
                0x000000004001e76c                rHAL_Antenna_Read
                0x000000004001e7b4                rHAL_SA_MAIN_Deploy_on
                0x000000004001e82c                rHAL_SA_RED_Deploy_on
                0x000000004001e894                rHAL_SA1_Deploy_status_check
                0x000000004001e97c                rHAL_SA2_Deploy_status_check
                0x000000004001ea64                rHAL_SA_Deploy_Status_new
 .text          0x000000004001ebbc     0x64a4 C:\Users\Bhagawat\AppData\Local\Temp\cck5YaFv.o
                0x000000004001ecec                rQ_Propagation
                0x000000004001ed1c                rQuestDataProcessing
                0x000000004001f084                rDAD_quest
                0x00000000400203bc                rErrorComputation
                0x0000000040020a60                rExtendedKalmanFilter1_p1
                0x000000004002179c                rExtendedKalmanFilter1_p2
                0x0000000040022138                rExtendedKalmanFilter2_p1
                0x0000000040023afc                rExtendedKalmanFilter2_p2
                0x0000000040024400                rEKF_dy_int
                0x0000000040024720                rEKFDynamics
                0x0000000040024e8c                rExtendedKalmanFilter2_Prop
 .text          0x0000000040025060     0x2ad4 C:\Users\Bhagawat\AppData\Local\Temp\ccg8BVdy.o
                0x0000000040025060                rGH_generation
                0x0000000040025208                rMagFieldComp
                0x0000000040025d20                rSun_Ephemeris
                0x0000000040025f70                rReferenceQuatComputation
                0x0000000040026dcc                rRefVectorGeneration
                0x00000000400275f0                rRefRate_Computation
                0x00000000400277a0                rSl_Ecl_OnBrd_detection
 .text          0x0000000040027b34        0x0 C:\Users\Bhagawat\AppData\Local\Temp\ccuGkrAL.o
 .text          0x0000000040027b34     0x29dc C:\Users\Bhagawat\AppData\Local\Temp\ccIYmLVA.o
                0x0000000040028bc8                rDutyCycleGeneration
                0x0000000040028d08                rTorquer_Polarity_Check
                0x0000000040028e88                rAngularMomentumDumping
                0x0000000040029ab0                rLinearController
                0x000000004002a478                rSpeedBasedMomentumDumping
                0x000000004002a4b0                rWheel_Spin_updown
                0x000000004002a4d8                rWheel_Auto_Reconfiguration
 .text          0x000000004002a510     0x115c C:\Users\Bhagawat\AppData\Local\Temp\ccaCYZGK.o
                0x000000004002a528                rSuspended_ModePreprocessing
                0x000000004002a5bc                rDetumbling_ModePreprocessing_BDOT_Logic
                0x000000004002a9d4                rDetumbling_ModePreprocessing_GYRO_Logic
                0x000000004002ae38                rSunAcquisition_ModePreprocessing
                0x000000004002b1b8                rThreeAxis_ModePreprocessing
                0x000000004002b40c                rRateReductionCheck
                0x000000004002b508                rSafeMode_Preprocessing
                0x000000004002b5fc                rScModeSelection
 .text          0x000000004002b66c     0x4b2c C:\Users\Bhagawat\AppData\Local\Temp\ccWhBIkp.o
                0x000000004002b66c                rADCS_Pon_vars
 .text          0x0000000040030198     0x8490 C:\Users\Bhagawat\AppData\Local\Temp\ccU2vOQr.o
                0x0000000040030198                rIMUDataCorrection
                0x0000000040031534                rIMU_1_DB_Copy
                0x0000000040031dd4                rIMU_2_DB_Copy
                0x0000000040032674                rIMU_1_DB_Init
                0x0000000040032f14                rIMU_2_DB_Init
                0x00000000400337b4                rIMU_Angle_Reset
                0x00000000400337fc                rIMUDataProcessing
                0x0000000040034e5c                rTheta_Limit
                0x0000000040034ebc                rIMU1_DB_Execute
                0x0000000040034ee0                rIMU2_DB_Execute
                0x0000000040034f04                rBDOT_Computation
                0x0000000040035130                rSunSensorVectorComp
                0x0000000040038164                rSunSensorDataProcessing
                0x00000000400385c8                rSS_Read_Data
 .text          0x0000000040038628        0x0 C:\Users\Bhagawat\AppData\Local\Temp\ccoUHH6D.o
 .text          0x0000000040038628     0x4a4c C:\Users\Bhagawat\AppData\Local\Temp\cc89zITN.o
                0x000000004003a258                rOrbit_Initialization
                0x000000004003b3bc                rOrbit_Propagation
                0x000000004003c740                rOrbitalElements_computation
                0x000000004003c768                rTLEDataProcessing
                0x000000004003c7a0                rJulian_Day
                0x000000004003c7dc                rNEDtoECEF
                0x000000004003c8d0                rECEFtoECItoECEF
                0x000000004003c8f8                rGPSDataProcessing
                0x000000004003d004                rGPSTLEProcessing
 .text          0x000000004003d074      0xd4c C:\Users\Bhagawat\AppData\Local\Temp\ccR0XPY6.o
                0x000000004003d074                rxRot
                0x000000004003d104                ryRot
                0x000000004003d194                rzRot
                0x000000004003d21c                rMatInv
                0x000000004003d3d4                rCross_Product
                0x000000004003d43c                rMatMul3x1
                0x000000004003d4b4                rMatMul3x3
                0x000000004003d56c                rRM_to_Quat
                0x000000004003d8a0                rQs_Normalization
                0x000000004003d9a8                rQs_Multiplication
                0x000000004003da84                rVectorNorm
                0x000000004003db54                rMat_adjoint3
                0x000000004003dc50                rMatMul34x1
                0x000000004003dccc                rMatMul43x1
                0x000000004003dd48                rMatMul44x1
 .text          0x000000004003ddc0     0x3330 C:\Users\Bhagawat\AppData\Local\Temp\cc06KZeE.o
                0x000000004003ddc0                rSus_mode_remote_entry_hook
                0x000000004003ddcc                rSus_mode_remote_exit_hook
                0x000000004003ddd8                rDBDOT_mode_remote_entry_hook
                0x000000004003dde4                rDBDOT_mode_remote_exit_hook
                0x000000004003ddf0                rDGYRO_mode_remote_entry_hook
                0x000000004003ddfc                rDGYRO_mode_remote_exit_hook
                0x000000004003de08                rSACQ_mode_remote_entry_hook
                0x000000004003de14                rSACQ_mode_remote_exit_hook
                0x000000004003de20                r3AXIS_mode_remote_entry_hook
                0x000000004003de2c                r3AXIS_mode_remote_exit_hook
                0x000000004003de38                rSAFE_mode_remote_entry_hook
                0x000000004003de44                rSAFE_mode_remote_exit_hook
                0x000000004003de50                rRemote_patch_area_S1
                0x000000004003e184                rRemote_patch_area_S2
                0x000000004003e4b8                rRemote_patch_area_S3
                0x000000004003e7ec                rRemote_patch_area_S4
                0x000000004003eb20                rRemote_patch_area_S5
                0x000000004003ee54                rRemote_patch_area_S6
                0x000000004003f188                rRemote_patch_area_L1
                0x000000004004013c                rRemote_patch_area_L2
 .text          0x00000000400410f0      0x2d0 c:/opt/bcc-2.0.2-gcc/bin/../lib/gcc/sparc-gaisler-elf/7.2.0/../../../../sparc-gaisler-elf/lib/leon/mfix-at697f\libm.a(lib_a-s_atan.o)
                0x00000000400410f0                atan
 .text          0x00000000400413c0       0xe4 c:/opt/bcc-2.0.2-gcc/bin/../lib/gcc/sparc-gaisler-elf/7.2.0/../../../../sparc-gaisler-elf/lib/leon/mfix-at697f\libm.a(lib_a-s_cos.o)
                0x00000000400413c0                cos
 .text          0x00000000400414a4       0x28 c:/opt/bcc-2.0.2-gcc/bin/../lib/gcc/sparc-gaisler-elf/7.2.0/../../../../sparc-gaisler-elf/lib/leon/mfix-at697f\libm.a(lib_a-s_fabs.o)
                0x00000000400414a4                fabs
 .text          0x00000000400414cc      0x1f0 c:/opt/bcc-2.0.2-gcc/bin/../lib/gcc/sparc-gaisler-elf/7.2.0/../../../../sparc-gaisler-elf/lib/leon/mfix-at697f\libm.a(lib_a-s_floor.o)
                0x00000000400414cc                floor
 .text          0x00000000400416bc       0xf4 c:/opt/bcc-2.0.2-gcc/bin/../lib/gcc/sparc-gaisler-elf/7.2.0/../../../../sparc-gaisler-elf/lib/leon/mfix-at697f\libm.a(lib_a-s_round.o)
                0x00000000400416bc                round
 .text          0x00000000400417b0       0xe8 c:/opt/bcc-2.0.2-gcc/bin/../lib/gcc/sparc-gaisler-elf/7.2.0/../../../../sparc-gaisler-elf/lib/leon/mfix-at697f\libm.a(lib_a-s_sin.o)
                0x00000000400417b0                sin
 .text          0x0000000040041898       0x9c c:/opt/bcc-2.0.2-gcc/bin/../lib/gcc/sparc-gaisler-elf/7.2.0/../../../../sparc-gaisler-elf/lib/leon/mfix-at697f\libm.a(lib_a-s_tan.o)
                0x0000000040041898                tan
 .text          0x0000000040041934      0x128 c:/opt/bcc-2.0.2-gcc/bin/../lib/gcc/sparc-gaisler-elf/7.2.0/../../../../sparc-gaisler-elf/lib/leon/mfix-at697f\libm.a(lib_a-w_acos.o)
                0x0000000040041934                acos
 .text          0x0000000040041a5c      0x128 c:/opt/bcc-2.0.2-gcc/bin/../lib/gcc/sparc-gaisler-elf/7.2.0/../../../../sparc-gaisler-elf/lib/leon/mfix-at697f\libm.a(lib_a-w_asin.o)
                0x0000000040041a5c                asin
 .text          0x0000000040041b84        0xc c:/opt/bcc-2.0.2-gcc/bin/../lib/gcc/sparc-gaisler-elf/7.2.0/../../../../sparc-gaisler-elf/lib/leon/mfix-at697f\libm.a(lib_a-w_atan2.o)
                0x0000000040041b84                atan2
 .text          0x0000000040041b90      0x148 c:/opt/bcc-2.0.2-gcc/bin/../lib/gcc/sparc-gaisler-elf/7.2.0/../../../../sparc-gaisler-elf/lib/leon/mfix-at697f\libm.a(lib_a-w_fmod.o)
                0x0000000040041b90                fmod
 .text          0x0000000040041cd8      0x4a8 c:/opt/bcc-2.0.2-gcc/bin/../lib/gcc/sparc-gaisler-elf/7.2.0/../../../../sparc-gaisler-elf/lib/leon/mfix-at697f\libm.a(lib_a-w_pow.o)
                0x0000000040041cd8                pow
 .text          0x0000000040042180       0xfc c:/opt/bcc-2.0.2-gcc/bin/../lib/gcc/sparc-gaisler-elf/7.2.0/../../../../sparc-gaisler-elf/lib/leon/mfix-at697f\libm.a(lib_a-w_sqrt.o)
                0x0000000040042180                sqrt
 .text          0x000000004004227c      0x37c c:/opt/bcc-2.0.2-gcc/bin/../lib/gcc/sparc-gaisler-elf/7.2.0/../../../../sparc-gaisler-elf/lib/leon/mfix-at697f\libm.a(lib_a-e_acos.o)
                0x000000004004227c                __ieee754_acos
 .text          0x00000000400425f8      0x310 c:/opt/bcc-2.0.2-gcc/bin/../lib/gcc/sparc-gaisler-elf/7.2.0/../../../../sparc-gaisler-elf/lib/leon/mfix-at697f\libm.a(lib_a-e_asin.o)
                0x00000000400425f8                __ieee754_asin
 .text          0x0000000040042908      0x2b4 c:/opt/bcc-2.0.2-gcc/bin/../lib/gcc/sparc-gaisler-elf/7.2.0/../../../../sparc-gaisler-elf/lib/leon/mfix-at697f\libm.a(lib_a-e_atan2.o)
                0x0000000040042908                __ieee754_atan2
 .text          0x0000000040042bbc      0x3ac c:/opt/bcc-2.0.2-gcc/bin/../lib/gcc/sparc-gaisler-elf/7.2.0/../../../../sparc-gaisler-elf/lib/leon/mfix-at697f\libm.a(lib_a-e_fmod.o)
                0x0000000040042bbc                __ieee754_fmod
 .text          0x0000000040042f68      0x8dc c:/opt/bcc-2.0.2-gcc/bin/../lib/gcc/sparc-gaisler-elf/7.2.0/../../../../sparc-gaisler-elf/lib/leon/mfix-at697f\libm.a(lib_a-e_pow.o)
                0x0000000040042f68                __ieee754_pow
 .text          0x0000000040043844      0x39c c:/opt/bcc-2.0.2-gcc/bin/../lib/gcc/sparc-gaisler-elf/7.2.0/../../../../sparc-gaisler-elf/lib/leon/mfix-at697f\libm.a(lib_a-e_rem_pio2.o)
                0x0000000040043844                __ieee754_rem_pio2
 .text          0x0000000040043be0      0x270 c:/opt/bcc-2.0.2-gcc/bin/../lib/gcc/sparc-gaisler-elf/7.2.0/../../../../sparc-gaisler-elf/lib/leon/mfix-at697f\libm.a(lib_a-e_sqrt.o)
                0x0000000040043be0                __ieee754_sqrt
 .text          0x0000000040043e50      0x1bc c:/opt/bcc-2.0.2-gcc/bin/../lib/gcc/sparc-gaisler-elf/7.2.0/../../../../sparc-gaisler-elf/lib/leon/mfix-at697f\libm.a(lib_a-k_cos.o)
                0x0000000040043e50                __kernel_cos
 .text          0x000000004004400c      0xbdc c:/opt/bcc-2.0.2-gcc/bin/../lib/gcc/sparc-gaisler-elf/7.2.0/../../../../sparc-gaisler-elf/lib/leon/mfix-at697f\libm.a(lib_a-k_rem_pio2.o)
                0x000000004004400c                __kernel_rem_pio2
 .text          0x0000000040044be8      0x100 c:/opt/bcc-2.0.2-gcc/bin/../lib/gcc/sparc-gaisler-elf/7.2.0/../../../../sparc-gaisler-elf/lib/leon/mfix-at697f\libm.a(lib_a-k_sin.o)
                0x0000000040044be8                __kernel_sin
 .text          0x0000000040044ce8      0x290 c:/opt/bcc-2.0.2-gcc/bin/../lib/gcc/sparc-gaisler-elf/7.2.0/../../../../sparc-gaisler-elf/lib/leon/mfix-at697f\libm.a(lib_a-k_tan.o)
                0x0000000040044ce8                __kernel_tan
 .text          0x0000000040044f78       0x18 c:/opt/bcc-2.0.2-gcc/bin/../lib/gcc/sparc-gaisler-elf/7.2.0/../../../../sparc-gaisler-elf/lib/leon/mfix-at697f\libm.a(lib_a-s_finite.o)
                0x0000000040044f78                finite
 .text          0x0000000040044f90        0x0 c:/opt/bcc-2.0.2-gcc/bin/../lib/gcc/sparc-gaisler-elf/7.2.0/../../../../sparc-gaisler-elf/lib/leon/mfix-at697f\libm.a(lib_a-s_lib_ver.o)
 .text          0x0000000040044f90        0x8 c:/opt/bcc-2.0.2-gcc/bin/../lib/gcc/sparc-gaisler-elf/7.2.0/../../../../sparc-gaisler-elf/lib/leon/mfix-at697f\libm.a(lib_a-s_matherr.o)
                0x0000000040044f90                matherr
 .text          0x0000000040044f98        0xc c:/opt/bcc-2.0.2-gcc/bin/../lib/gcc/sparc-gaisler-elf/7.2.0/../../../../sparc-gaisler-elf/lib/leon/mfix-at697f\libm.a(lib_a-s_nan.o)
                0x0000000040044f98                nan
 .text          0x0000000040044fa4      0x1ac c:/opt/bcc-2.0.2-gcc/bin/../lib/gcc/sparc-gaisler-elf/7.2.0/../../../../sparc-gaisler-elf/lib/leon/mfix-at697f\libm.a(lib_a-s_rint.o)
                0x0000000040044fa4                rint
 .text          0x0000000040045150      0x14c c:/opt/bcc-2.0.2-gcc/bin/../lib/gcc/sparc-gaisler-elf/7.2.0/../../../../sparc-gaisler-elf/lib/leon/mfix-at697f\libm.a(lib_a-s_scalbn.o)
                0x0000000040045150                scalbn
 .text          0x000000004004529c       0x30 c:/opt/bcc-2.0.2-gcc/bin/../lib/gcc/sparc-gaisler-elf/7.2.0/../../../../sparc-gaisler-elf/lib/leon/mfix-at697f\libm.a(lib_a-s_copysign.o)
                0x000000004004529c                copysign
 .text          0x00000000400452cc       0x7c c:/opt/bcc-2.0.2-gcc/bin/../sparc-gaisler-elf/bsp/leon2/leon/mfix-at697f\libbcc.a(reset_trap_mvt.S.o)
                0x00000000400452cc                __bcc_trap_reset_mvt
 .text          0x0000000040045348       0xb0 c:/opt/bcc-2.0.2-gcc/bin/../sparc-gaisler-elf/bsp/leon2/leon/mfix-at697f\libbcc.a(window_trap.S.o)
                0x0000000040045348                __bcc_trap_window_overflow
                0x0000000040045398                __bcc_trap_window_underflow
 .text          0x00000000400453f8      0x1b4 c:/opt/bcc-2.0.2-gcc/bin/../sparc-gaisler-elf/bsp/leon2/leon/mfix-at697f\libbcc.a(interrupt_trap.S.o)
                0x00000000400453f8                __bcc_trap_interrupt_svt
                0x00000000400453fc                __bcc_trap_interrupt
 .text          0x00000000400455ac       0x88 c:/opt/bcc-2.0.2-gcc/bin/../sparc-gaisler-elf/bsp/leon2/leon/mfix-at697f\libbcc.a(flush_windows_trap.S.o)
                0x00000000400455ac                __bcc_trap_flush_windows
 .text          0x0000000040045634       0x2c c:/opt/bcc-2.0.2-gcc/bin/../sparc-gaisler-elf/bsp/leon2/leon/mfix-at697f\libbcc.a(sw_trap_set_pil.S.o)
                0x0000000040045634                __bcc_trap_sw_set_pil
 .text          0x0000000040045660       0xb0 c:/opt/bcc-2.0.2-gcc/bin/../sparc-gaisler-elf/bsp/leon2/leon/mfix-at697f\libbcc.a(trap.c.o)
                0x0000000040045660                bcc_set_trap
 .text          0x0000000040045710        0x0 c:/opt/bcc-2.0.2-gcc/bin/../sparc-gaisler-elf/bsp/leon2/leon/mfix-at697f\libbcc.a(isr.c.o)
 .text          0x0000000040045710        0x0 c:/opt/bcc-2.0.2-gcc/bin/../sparc-gaisler-elf/bsp/leon2/leon/mfix-at697f\libbcc.a(int_nest.c.o)
 .text          0x0000000040045710        0x8 c:/opt/bcc-2.0.2-gcc/bin/../sparc-gaisler-elf/bsp/leon2/leon/mfix-at697f\libbcc.a(init.S.o)
                0x0000000040045710                __bcc_init40
                0x0000000040045710                __bcc_init70
                0x0000000040045710                __bcc_init60
                0x0000000040045710                __bcc_init50
 .text          0x0000000040045718       0x84 c:/opt/bcc-2.0.2-gcc/bin/../sparc-gaisler-elf/bsp/leon2/leon/mfix-at697f\libbcc.a(leon_info.S.o)
                0x0000000040045718                __bcc_get_leon_info
                0x000000004004578c                bcc_get_cpuid
 .text          0x000000004004579c       0x2c c:/opt/bcc-2.0.2-gcc/bin/../sparc-gaisler-elf/bsp/leon2/leon/mfix-at697f\libbcc.a(dwzero.S.o)
                0x000000004004579c                bcc_dwzero
 .text          0x00000000400457c8       0x5c c:/opt/bcc-2.0.2-gcc/bin/../sparc-gaisler-elf/bsp/leon2/leon/mfix-at697f\libbcc.a(copy_data.c.o)
                0x00000000400457c8                __bcc_copy_data
 *fill*         0x0000000040045824        0xc 
 .text          0x0000000040045830       0x90 c:/opt/bcc-2.0.2-gcc/bin/../sparc-gaisler-elf/bsp/leon2/leon/mfix-at697f\libbcc.a(lowlevel.S.o)
                0x0000000040045830                bcc_loadnocache
                0x000000004004583c                bcc_loadnocache16
                0x0000000040045848                bcc_loadnocache8
                0x0000000040045860                bcc_ldstub
                0x000000004004586c                bcc_set_psr
                0x0000000040045884                bcc_get_psr
                0x000000004004588c                bcc_get_pil
                0x000000004004589c                bcc_set_tbr
                0x00000000400458b4                bcc_get_tbr
 .text          0x00000000400458c0       0x50 c:/opt/bcc-2.0.2-gcc/bin/../sparc-gaisler-elf/bsp/leon2/leon/mfix-at697f\libbcc.a(lowlevel_leon2.S.o)
                0x00000000400458c0                bcc_set_ccr
                0x00000000400458d0                bcc_get_ccr
                0x00000000400458e0                bcc_flush_cache
                0x00000000400458ec                bcc_flush_icache
                0x00000000400458f4                bcc_flush_dcache
                0x00000000400458fc                bcc_power_down
 .text          0x0000000040045910      0x160 c:/opt/bcc-2.0.2-gcc/bin/../sparc-gaisler-elf/bsp/leon2/leon/mfix-at697f\libbcc.a(int_leon2.c.o)
                0x0000000040045910                bcc_int_mask
                0x0000000040045960                bcc_int_unmask
                0x00000000400459b0                bcc_int_clear
                0x00000000400459e8                bcc_int_force
                0x0000000040045a2c                bcc_int_pend
 .text          0x0000000040045a70        0x8 c:/opt/bcc-2.0.2-gcc/bin/../sparc-gaisler-elf/bsp/leon2/leon/mfix-at697f\libbcc.a(int_leon2_get_source.c.o)
                0x0000000040045a70                __bcc_int_get_source
 .text          0x0000000040045a78        0x8 c:/opt/bcc-2.0.2-gcc/bin/../sparc-gaisler-elf/bsp/leon2/leon/mfix-at697f\libbcc.a(int_leon2_init.c.o)
                0x0000000040045a78                __bcc_int_init
 .text          0x0000000040045a80       0x70 c:/opt/bcc-2.0.2-gcc/bin/../sparc-gaisler-elf/bsp/leon2/leon/mfix-at697f\libbcc.a(con_leon2.c.o)
                0x0000000040045a80                __bcc_con_init
                0x0000000040045a88                __bcc_con_outbyte
                0x0000000040045abc                __bcc_con_inbyte
 .text          0x0000000040045af0       0x30 c:/opt/bcc-2.0.2-gcc/bin/../sparc-gaisler-elf/bsp/leon2/leon/mfix-at697f\libbcc.a(timer_leon2.c.o)
                0x0000000040045af0                __bcc_timer_init
                0x0000000040045af8                bcc_timer_get_us
 .text          0x0000000040045b20        0xc c:/opt/bcc-2.0.2-gcc/bin/../sparc-gaisler-elf/bsp/leon2/leon/mfix-at697f\libbcc.a(set_pil.S.o)
                0x0000000040045b20                bcc_set_pil
 .text          0x0000000040045b2c        0x0 c:/opt/bcc-2.0.2-gcc/bin/../sparc-gaisler-elf/bsp/leon2/leon/mfix-at697f\libbcc.a(int_leon2_handle.c.o)
 .text          0x0000000040045b2c        0x0 c:/opt/bcc-2.0.2-gcc/bin/../sparc-gaisler-elf/bsp/leon2/leon/mfix-at697f\libbcc.a(con_handle.c.o)
 .text          0x0000000040045b2c        0x0 c:/opt/bcc-2.0.2-gcc/bin/../sparc-gaisler-elf/bsp/leon2/leon/mfix-at697f\libbcc.a(timer_handle.c.o)
 .text          0x0000000040045b2c       0x1c c:/opt/bcc-2.0.2-gcc/bin/../lib/gcc/sparc-gaisler-elf/7.2.0/../../../../sparc-gaisler-elf/lib/leon/mfix-at697f\libc.a(lib_a-atexit.o)
                0x0000000040045b2c                atexit
 .text          0x0000000040045b48        0xc c:/opt/bcc-2.0.2-gcc/bin/../lib/gcc/sparc-gaisler-elf/7.2.0/../../../../sparc-gaisler-elf/lib/leon/mfix-at697f\libc.a(lib_a-errno.o)
                0x0000000040045b48                __errno
 .text          0x0000000040045b54       0x3c c:/opt/bcc-2.0.2-gcc/bin/../lib/gcc/sparc-gaisler-elf/7.2.0/../../../../sparc-gaisler-elf/lib/leon/mfix-at697f\libc.a(lib_a-exit.o)
                0x0000000040045b54                exit
 .text          0x0000000040045b90        0x0 c:/opt/bcc-2.0.2-gcc/bin/../lib/gcc/sparc-gaisler-elf/7.2.0/../../../../sparc-gaisler-elf/lib/leon/mfix-at697f\libc.a(lib_a-impure.o)
 .text          0x0000000040045b90      0x19c c:/opt/bcc-2.0.2-gcc/bin/../lib/gcc/sparc-gaisler-elf/7.2.0/../../../../sparc-gaisler-elf/lib/leon/mfix-at697f\libc.a(lib_a-memcpy.o)
                0x0000000040045b90                memcpy
 .text          0x0000000040045d2c      0x158 c:/opt/bcc-2.0.2-gcc/bin/../lib/gcc/sparc-gaisler-elf/7.2.0/../../../../sparc-gaisler-elf/lib/leon/mfix-at697f\libc.a(lib_a-__atexit.o)
                0x0000000040045d2c                __register_exitproc
 .text          0x0000000040045e84      0x2b4 c:/opt/bcc-2.0.2-gcc/bin/../lib/gcc/sparc-gaisler-elf/7.2.0/../../../../sparc-gaisler-elf/lib/leon/mfix-at697f\libc.a(lib_a-__call_atexit.o)
                0x0000000040045e84                __call_exitprocs
 .text          0x0000000040046138       0x18 c:/opt/bcc-2.0.2-gcc/bin/../sparc-gaisler-elf/bsp/leon2/leon/mfix-at697f\libbcc.a(_exit.S.o)
                0x0000000040046138                _exit
 .text          0x0000000040046150       0x48 c:/opt/bcc-2.0.2-gcc/bin/../lib/gcc/sparc-gaisler-elf/7.2.0/leon/mfix-at697f/crtend.o
 .text          0x0000000040046198        0x0 c:/opt/bcc-2.0.2-gcc/bin/../lib/gcc/sparc-gaisler-elf/7.2.0/leon/mfix-at697f/crtn.o
                0x00000000400461a0                . = ALIGN (0x10)
 *fill*         0x0000000040046198        0x8 
 *(.eh_frame)
 .eh_frame      0x00000000400461a0        0x0 c:/opt/bcc-2.0.2-gcc/bin/../lib/gcc/sparc-gaisler-elf/7.2.0/leon/mfix-at697f/crtbegin.o
 .eh_frame      0x00000000400461a0        0x4 c:/opt/bcc-2.0.2-gcc/bin/../lib/gcc/sparc-gaisler-elf/7.2.0/leon/mfix-at697f/crtend.o
                0x00000000400461b0                . = ALIGN (0x10)
 *fill*         0x00000000400461a4        0xc 
 *(.gnu.linkonce.t*)
                0x00000000400461b0                ___CTOR_LIST__ = .
                0x00000000400461b0        0x4 LONG 0x2 (((___CTOR_END__ - ___CTOR_LIST__) / 0x4) - 0x2)
 *(SORT(.ctors.*))
 *(.ctors)
 .ctors         0x00000000400461b4        0x4 c:/opt/bcc-2.0.2-gcc/bin/../lib/gcc/sparc-gaisler-elf/7.2.0/leon/mfix-at697f/crtbegin.o
 .ctors         0x00000000400461b8        0x4 c:/opt/bcc-2.0.2-gcc/bin/../lib/gcc/sparc-gaisler-elf/7.2.0/leon/mfix-at697f/crtend.o
                0x00000000400461bc        0x4 LONG 0x0
                0x00000000400461c0                ___CTOR_END__ = .
                0x00000000400461c0                ___DTOR_LIST__ = .
                0x00000000400461c0        0x4 LONG 0x2 (((___DTOR_END__ - ___DTOR_LIST__) / 0x4) - 0x2)
 *(SORT(.dtors.*))
 *(.dtors)
 .dtors         0x00000000400461c4        0x4 c:/opt/bcc-2.0.2-gcc/bin/../lib/gcc/sparc-gaisler-elf/7.2.0/leon/mfix-at697f/crtbegin.o
 .dtors         0x00000000400461c8        0x4 c:/opt/bcc-2.0.2-gcc/bin/../lib/gcc/sparc-gaisler-elf/7.2.0/leon/mfix-at697f/crtend.o
                0x00000000400461c8                __DTOR_END__
                0x00000000400461cc        0x4 LONG 0x0
                0x00000000400461d0                ___DTOR_END__ = .
 *(.gnu.linkonce*)
 *(.init)
 .init          0x00000000400461d0        0x4 c:/opt/bcc-2.0.2-gcc/bin/../lib/gcc/sparc-gaisler-elf/7.2.0/leon/mfix-at697f/crti.o
                0x00000000400461d0                _init
 .init          0x00000000400461d4        0x8 c:/opt/bcc-2.0.2-gcc/bin/../lib/gcc/sparc-gaisler-elf/7.2.0/leon/mfix-at697f/crtbegin.o
 .init          0x00000000400461dc        0x8 c:/opt/bcc-2.0.2-gcc/bin/../lib/gcc/sparc-gaisler-elf/7.2.0/leon/mfix-at697f/crtend.o
 .init          0x00000000400461e4        0xc c:/opt/bcc-2.0.2-gcc/bin/../lib/gcc/sparc-gaisler-elf/7.2.0/leon/mfix-at697f/crtn.o
 *(.fini)
 .fini          0x00000000400461f0        0x4 c:/opt/bcc-2.0.2-gcc/bin/../lib/gcc/sparc-gaisler-elf/7.2.0/leon/mfix-at697f/crti.o
                0x00000000400461f0                _fini
 .fini          0x00000000400461f4        0x8 c:/opt/bcc-2.0.2-gcc/bin/../lib/gcc/sparc-gaisler-elf/7.2.0/leon/mfix-at697f/crtbegin.o
 .fini          0x00000000400461fc        0xc c:/opt/bcc-2.0.2-gcc/bin/../lib/gcc/sparc-gaisler-elf/7.2.0/leon/mfix-at697f/crtn.o
 *(.lit)
 *(.shdata)
                0x0000000040046210                . = ALIGN (0x10)
 *fill*         0x0000000040046208        0x8 
                0x0000000040046210                __text_end = .

.gcc_except_table
 *(.gcc_except_table)

.rodata         0x0000000040046210     0x30f0
                0x0000000040046210                __rodata_start = .
 *(.rodata*)
 .rodata.cst8   0x0000000040046210       0x38 C:\Users\Bhagawat\AppData\Local\Temp\cccQ04od.o
 .rodata        0x0000000040046248        0x0 C:\Users\Bhagawat\AppData\Local\Temp\ccHOxwGa.o
 .rodata        0x0000000040046248       0x10 C:\Users\Bhagawat\AppData\Local\Temp\ccGuWeFc.o
 .rodata.cst8   0x0000000040046258       0x18 C:\Users\Bhagawat\AppData\Local\Temp\ccCOOj9N.o
 .rodata.cst4   0x0000000040046270        0x4 C:\Users\Bhagawat\AppData\Local\Temp\ccCOOj9N.o
 .rodata        0x0000000040046274        0x0 C:\Users\Bhagawat\AppData\Local\Temp\ccCOOj9N.o
 .rodata        0x0000000040046274        0x0 C:\Users\Bhagawat\AppData\Local\Temp\cclWyaZk.o
 *fill*         0x0000000040046274        0x4 
 .rodata.cst8   0x0000000040046278       0x10 C:\Users\Bhagawat\AppData\Local\Temp\ccs9u16Q.o
 .rodata.cst8   0x0000000040046288       0x60 C:\Users\Bhagawat\AppData\Local\Temp\cck5YaFv.o
                                        0x140 (size before relaxing)
 .rodata.cst4   0x00000000400462e8        0x4 C:\Users\Bhagawat\AppData\Local\Temp\cck5YaFv.o
 *fill*         0x00000000400462ec        0x4 
 .rodata.cst8   0x00000000400462f0       0x20 C:\Users\Bhagawat\AppData\Local\Temp\ccg8BVdy.o
                                         0x80 (size before relaxing)
 .rodata        0x0000000040046310     0x2684 C:\Users\Bhagawat\AppData\Local\Temp\ccuGkrAL.o
                0x0000000040046310                c_I_nine_cross_nine
                0x0000000040046598                c_I_three_cross_three
                0x00000000400465e0                c_DPM_Pol_LookUpTable
                0x0000000040046728                c_Tv_wof_0034
                0x0000000040046770                c_Tv_wof_0204
                0x00000000400467b8                c_Tv_wof_0230
                0x0000000040046800                c_Tv_wof_1004
                0x0000000040046848                c_Tv_wof_1030
                0x0000000040046890                c_Tv_wof_1200
                0x00000000400468d8                c_B2wh_mat_0034
                0x0000000040046938                c_B2wh_mat_0204
                0x0000000040046998                c_B2wh_mat_0230
                0x00000000400469f8                c_B2wh_mat_1004
                0x0000000040046a58                c_B2wh_mat_1030
                0x0000000040046ab8                c_B2wh_mat_1200
                0x0000000040046b18                c_B2wh_mat_0234
                0x0000000040046b78                c_B2wh_mat_1034
                0x0000000040046bd8                c_B2wh_mat_1204
                0x0000000040046c38                c_B2wh_mat_1230
                0x0000000040046c98                c_B2wh_mat_4RW
                0x0000000040046cf8                c_wh2B_mat_0034
                0x0000000040046d58                c_wh2B_mat_0204
                0x0000000040046db8                c_wh2B_mat_0230
                0x0000000040046e18                c_wh2B_mat_1004
                0x0000000040046e78                c_wh2B_mat_1030
                0x0000000040046ed8                c_wh2B_mat_1200
                0x0000000040046f38                c_wh2B_mat_0234
                0x0000000040046f98                c_wh2B_mat_1034
                0x0000000040046ff8                c_wh2B_mat_1204
                0x0000000040047058                c_wh2B_mat_1230
                0x00000000400470b8                c_wh2B_mat_4RW
                0x0000000040047118                c_MOI_wh
                0x0000000040047120                c_MOI_wh4
                0x0000000040047128                c_MOI_wh3
                0x0000000040047130                c_MOI_wh2
                0x0000000040047138                c_MOI_wh1
                0x0000000040047140                TC_T_RW_MAX
                0x0000000040047148                c_RADps2RPM
                0x0000000040047150                c_RPM2RADpS
                0x0000000040047158                c_DPMMAX
                0x0000000040047160                c_wkm_sunmag
                0x0000000040047168                c_wks_sunmag
                0x0000000040047170                c_wkm_mag
                0x0000000040047178                c_wks_mag
                0x0000000040047180                c_ss2b4156
                0x00000000400471c8                c_ss2b3456
                0x0000000040047210                c_ss2b2356
                0x0000000040047258                c_ss2b1256
                0x00000000400472a0                c_misaln_cor146
                0x00000000400472e8                c_misaln_cor145
                0x0000000040047330                c_misaln_cor346
                0x0000000040047378                c_misaln_cor345
                0x00000000400473c0                c_misaln_cor326
                0x0000000040047408                c_misaln_cor325
                0x0000000040047450                c_misaln_cor126
                0x0000000040047498                c_misaln_cor125
                0x00000000400474e0                c_AngDev_SAMtransit_thrsld
                0x00000000400474e8                c_AngDev_SMtransit_thrsld
                0x00000000400474f0                c_Sunlit_Thrsld
                0x00000000400474f8                c_SSThrsld
                0x0000000040047500                c_Imax_YN_Main
                0x0000000040047508                c_Imax_YP_Main
                0x0000000040047510                c_Imax_PN_Main
                0x0000000040047518                c_Imax_PP_Main
                0x0000000040047520                c_Imax_RNND_Main
                0x0000000040047528                c_Imax_RPND_Main
                0x0000000040047530                c_Imax_RND_Main
                0x0000000040047538                c_Imax_RPD_Main
                0x0000000040047540                c_Imax_YN_Red
                0x0000000040047548                c_Imax_YP_Red
                0x0000000040047550                c_Imax_PN_Red
                0x0000000040047558                c_Imax_PP_Red
                0x0000000040047560                c_Imax_RNND_Red
                0x0000000040047568                c_Imax_RPND_Red
                0x0000000040047570                c_Imax_RND_Red
                0x0000000040047578                c_Imax_RPD_Red
                0x0000000040047580                c_KDset3
                0x0000000040047588                c_KDset2
                0x0000000040047590                c_KDset1
                0x0000000040047598                c_Epsilon2
                0x00000000400475a0                c_Epsilon1
                0x00000000400475a8                c_Sun_Dis3
                0x00000000400475b0                c_Sun_Dis2
                0x00000000400475b8                c_Sun_Dis1
                0x00000000400475c0                c_L_Ecliptic2
                0x00000000400475c8                c_L_Ecliptic1
                0x00000000400475d0                c_Msun2
                0x00000000400475d8                c_Msun1
                0x00000000400475e0                c_L_Msun2
                0x00000000400475e8                c_L_Msun1
                0x00000000400475f0                c_hsval
                0x0000000040047930                c_hval
                0x0000000040047c70                c_gsval
                0x0000000040047fb0                c_gval
                0x00000000400482f0                c_sdmax
                0x00000000400482f8                c_a
                0x0000000040048300                c_Pibytwo
                0x0000000040048308                c_Kmax
                0x000000004004830c                c_Nmax
                0x0000000040048310                c_rk_T
                0x0000000040048598                c_rk
                0x0000000040048820                c_I_four_cross_four
                0x0000000040048860                c_onesecond
                0x0000000040048868                c_oneminute
                0x0000000040048870                c_halfhour
                0x0000000040048878                c_Mmax
                0x0000000040048880                c_AS2R
                0x0000000040048888                c_R2D
                0x0000000040048890                c_D2R
                0x0000000040048898                c_min_per_day
                0x00000000400488a0                c_temp4
                0x00000000400488a8                c_j4
                0x00000000400488b0                c_j3oj2
                0x00000000400488b8                c_qzms2t
                0x00000000400488c0                c_ss
                0x00000000400488c8                c_xpdotp
                0x00000000400488d0                c_Pi
                0x00000000400488d8                c_Day_To_Seconds
                0x00000000400488e0                c_invmu
                0x00000000400488e8                c_mu
                0x00000000400488f0                c_dividebyzerovalue
                0x00000000400488f8                c_xke
                0x0000000040048900                c_x2o3
                0x0000000040048908                c_Twopi
                0x0000000040048910                c_j2
                0x0000000040048918                c_au
                0x0000000040048920                c_auer
                0x0000000040048928                c_radiusearthkm
                0x0000000040048930                c_vkmpersec
                0x0000000040048938                c_OMEGAE
                0x0000000040048940                c_tsince_min
                0x0000000040048948                c_twomu
                0x0000000040048950                c_MiC
                0x0000000040048958                c_MaC
                0x0000000040048960                c_TM_RW_Resol
                0x0000000040048968                c_TM_Resol_B
                0x0000000040048970                c_TM_Resol_w
                0x0000000040048978                c_TM_Resol_DelThta
                0x0000000040048980                c_Resol_DelThta
                0x0000000040048988                c_Resol_B
                0x0000000040048990                c_FFFF
 *fill*         0x0000000040048994        0x4 
 .rodata.cst8   0x0000000040048998       0x50 C:\Users\Bhagawat\AppData\Local\Temp\ccIYmLVA.o
                                         0xa0 (size before relaxing)
 .rodata.cst8   0x00000000400489e8       0x28 C:\Users\Bhagawat\AppData\Local\Temp\ccaCYZGK.o
                                         0x78 (size before relaxing)
 .rodata.cst4   0x0000000040048a10        0x4 C:\Users\Bhagawat\AppData\Local\Temp\ccaCYZGK.o
                                          0xc (size before relaxing)
 .rodata        0x0000000040048a14        0x0 C:\Users\Bhagawat\AppData\Local\Temp\ccaCYZGK.o
 *fill*         0x0000000040048a14        0x4 
 .rodata.cst8   0x0000000040048a18       0x48 C:\Users\Bhagawat\AppData\Local\Temp\ccWhBIkp.o
                                         0x68 (size before relaxing)
 .rodata.cst4   0x0000000040048a60        0x4 C:\Users\Bhagawat\AppData\Local\Temp\ccWhBIkp.o
                                          0x8 (size before relaxing)
 *fill*         0x0000000040048a64        0x4 
 .rodata.cst8   0x0000000040048a68       0x30 C:\Users\Bhagawat\AppData\Local\Temp\ccU2vOQr.o
                                         0xa8 (size before relaxing)
 .rodata.cst8   0x0000000040048a98      0x2e0 C:\Users\Bhagawat\AppData\Local\Temp\cc89zITN.o
                                        0x408 (size before relaxing)
 .rodata.cst8   0x0000000040048d78       0x88 C:\Users\Bhagawat\AppData\Local\Temp\ccR0XPY6.o
 .rodata.cst8   0x0000000040048d78       0xa8 c:/opt/bcc-2.0.2-gcc/bin/../lib/gcc/sparc-gaisler-elf/7.2.0/../../../../sparc-gaisler-elf/lib/leon/mfix-at697f\libm.a(lib_a-s_atan.o)
                                         0xd0 (size before relaxing)
 .rodata.cst8   0x0000000040048e20       0x10 c:/opt/bcc-2.0.2-gcc/bin/../lib/gcc/sparc-gaisler-elf/7.2.0/../../../../sparc-gaisler-elf/lib/leon/mfix-at697f\libm.a(lib_a-s_floor.o)
 .rodata.str1.8
                0x0000000040048e20        0x9 c:/opt/bcc-2.0.2-gcc/bin/../lib/gcc/sparc-gaisler-elf/7.2.0/../../../../sparc-gaisler-elf/lib/leon/mfix-at697f\libm.a(lib_a-w_acos.o)
 .rodata.cst8   0x0000000040048e29        0x8 c:/opt/bcc-2.0.2-gcc/bin/../lib/gcc/sparc-gaisler-elf/7.2.0/../../../../sparc-gaisler-elf/lib/leon/mfix-at697f\libm.a(lib_a-w_acos.o)
 *fill*         0x0000000040048e29        0x7 
 .rodata.str1.8
                0x0000000040048e30        0x5 c:/opt/bcc-2.0.2-gcc/bin/../lib/gcc/sparc-gaisler-elf/7.2.0/../../../../sparc-gaisler-elf/lib/leon/mfix-at697f\libm.a(lib_a-w_asin.o)
                                          0x9 (size before relaxing)
 .rodata.cst8   0x0000000040048e35        0x8 c:/opt/bcc-2.0.2-gcc/bin/../lib/gcc/sparc-gaisler-elf/7.2.0/../../../../sparc-gaisler-elf/lib/leon/mfix-at697f\libm.a(lib_a-w_asin.o)
 *fill*         0x0000000040048e35        0x3 
 .rodata.str1.8
                0x0000000040048e38        0x5 c:/opt/bcc-2.0.2-gcc/bin/../lib/gcc/sparc-gaisler-elf/7.2.0/../../../../sparc-gaisler-elf/lib/leon/mfix-at697f\libm.a(lib_a-w_fmod.o)
 .rodata.cst8   0x0000000040048e3d        0x8 c:/opt/bcc-2.0.2-gcc/bin/../lib/gcc/sparc-gaisler-elf/7.2.0/../../../../sparc-gaisler-elf/lib/leon/mfix-at697f\libm.a(lib_a-w_fmod.o)
 *fill*         0x0000000040048e3d        0x3 
 .rodata.str1.8
                0x0000000040048e40        0x4 c:/opt/bcc-2.0.2-gcc/bin/../lib/gcc/sparc-gaisler-elf/7.2.0/../../../../sparc-gaisler-elf/lib/leon/mfix-at697f\libm.a(lib_a-w_pow.o)
 *fill*         0x0000000040048e44        0x4 
 .rodata.cst8   0x0000000040048e48       0x20 c:/opt/bcc-2.0.2-gcc/bin/../lib/gcc/sparc-gaisler-elf/7.2.0/../../../../sparc-gaisler-elf/lib/leon/mfix-at697f\libm.a(lib_a-w_pow.o)
                                         0x38 (size before relaxing)
 .rodata.str1.8
                0x0000000040048e68        0x8 c:/opt/bcc-2.0.2-gcc/bin/../lib/gcc/sparc-gaisler-elf/7.2.0/../../../../sparc-gaisler-elf/lib/leon/mfix-at697f\libm.a(lib_a-w_sqrt.o)
                                          0x5 (size before relaxing)
 .rodata.cst8   0x0000000040048e70        0x8 c:/opt/bcc-2.0.2-gcc/bin/../lib/gcc/sparc-gaisler-elf/7.2.0/../../../../sparc-gaisler-elf/lib/leon/mfix-at697f\libm.a(lib_a-w_sqrt.o)
 .rodata.cst8   0x0000000040048e70       0x50 c:/opt/bcc-2.0.2-gcc/bin/../lib/gcc/sparc-gaisler-elf/7.2.0/../../../../sparc-gaisler-elf/lib/leon/mfix-at697f\libm.a(lib_a-e_acos.o)
                                         0x80 (size before relaxing)
 .rodata.cst8   0x0000000040048ec0       0x80 c:/opt/bcc-2.0.2-gcc/bin/../lib/gcc/sparc-gaisler-elf/7.2.0/../../../../sparc-gaisler-elf/lib/leon/mfix-at697f\libm.a(lib_a-e_asin.o)
 .rodata.cst8   0x0000000040048ec0       0x28 c:/opt/bcc-2.0.2-gcc/bin/../lib/gcc/sparc-gaisler-elf/7.2.0/../../../../sparc-gaisler-elf/lib/leon/mfix-at697f\libm.a(lib_a-e_atan2.o)
                                         0x58 (size before relaxing)
 .rodata        0x0000000040048ee8       0x10 c:/opt/bcc-2.0.2-gcc/bin/../lib/gcc/sparc-gaisler-elf/7.2.0/../../../../sparc-gaisler-elf/lib/leon/mfix-at697f\libm.a(lib_a-e_fmod.o)
 .rodata.str1.8
                0x0000000040048ef8        0x1 c:/opt/bcc-2.0.2-gcc/bin/../lib/gcc/sparc-gaisler-elf/7.2.0/../../../../sparc-gaisler-elf/lib/leon/mfix-at697f\libm.a(lib_a-e_pow.o)
 .rodata.cst8   0x0000000040048ef8       0xc8 c:/opt/bcc-2.0.2-gcc/bin/../lib/gcc/sparc-gaisler-elf/7.2.0/../../../../sparc-gaisler-elf/lib/leon/mfix-at697f\libm.a(lib_a-e_pow.o)
                                        0x120 (size before relaxing)
 .rodata.cst8   0x0000000040048fc0       0x40 c:/opt/bcc-2.0.2-gcc/bin/../lib/gcc/sparc-gaisler-elf/7.2.0/../../../../sparc-gaisler-elf/lib/leon/mfix-at697f\libm.a(lib_a-e_rem_pio2.o)
                                         0x50 (size before relaxing)
 .rodata        0x0000000040049000      0x188 c:/opt/bcc-2.0.2-gcc/bin/../lib/gcc/sparc-gaisler-elf/7.2.0/../../../../sparc-gaisler-elf/lib/leon/mfix-at697f\libm.a(lib_a-e_rem_pio2.o)
 .rodata.cst8   0x0000000040049188       0x40 c:/opt/bcc-2.0.2-gcc/bin/../lib/gcc/sparc-gaisler-elf/7.2.0/../../../../sparc-gaisler-elf/lib/leon/mfix-at697f\libm.a(lib_a-k_cos.o)
                                         0x50 (size before relaxing)
 .rodata.cst8   0x00000000400491c8       0x50 c:/opt/bcc-2.0.2-gcc/bin/../lib/gcc/sparc-gaisler-elf/7.2.0/../../../../sparc-gaisler-elf/lib/leon/mfix-at697f\libm.a(lib_a-k_rem_pio2.o)
                                         0x78 (size before relaxing)
 .rodata        0x0000000040049218       0x10 c:/opt/bcc-2.0.2-gcc/bin/../lib/gcc/sparc-gaisler-elf/7.2.0/../../../../sparc-gaisler-elf/lib/leon/mfix-at697f\libm.a(lib_a-k_rem_pio2.o)
 .rodata.cst8   0x0000000040049228       0x30 c:/opt/bcc-2.0.2-gcc/bin/../lib/gcc/sparc-gaisler-elf/7.2.0/../../../../sparc-gaisler-elf/lib/leon/mfix-at697f\libm.a(lib_a-k_sin.o)
                                         0x38 (size before relaxing)
 .rodata.cst8   0x0000000040049258       0x68 c:/opt/bcc-2.0.2-gcc/bin/../lib/gcc/sparc-gaisler-elf/7.2.0/../../../../sparc-gaisler-elf/lib/leon/mfix-at697f\libm.a(lib_a-k_tan.o)
                                         0x90 (size before relaxing)
 .rodata.cst8   0x00000000400492c0        0x8 c:/opt/bcc-2.0.2-gcc/bin/../lib/gcc/sparc-gaisler-elf/7.2.0/../../../../sparc-gaisler-elf/lib/leon/mfix-at697f\libm.a(lib_a-s_nan.o)
 .rodata        0x00000000400492c8       0x10 c:/opt/bcc-2.0.2-gcc/bin/../lib/gcc/sparc-gaisler-elf/7.2.0/../../../../sparc-gaisler-elf/lib/leon/mfix-at697f\libm.a(lib_a-s_rint.o)
 .rodata.cst8   0x00000000400492d8       0x18 c:/opt/bcc-2.0.2-gcc/bin/../lib/gcc/sparc-gaisler-elf/7.2.0/../../../../sparc-gaisler-elf/lib/leon/mfix-at697f\libm.a(lib_a-s_scalbn.o)
                                         0x20 (size before relaxing)
 .rodata        0x00000000400492f0        0x4 c:/opt/bcc-2.0.2-gcc/bin/../lib/gcc/sparc-gaisler-elf/7.2.0/../../../../sparc-gaisler-elf/lib/leon/mfix-at697f\libc.a(lib_a-impure.o)
                0x00000000400492f0                _global_impure_ptr
 *(.gnu.linkonce.r*)
                0x0000000040049300                . = ALIGN (0x10)
 *fill*         0x00000000400492f4        0xc 
                0x0000000040049300                __rodata_end = .

.rela.dyn       0x0000000040049300        0x0
 .rela.iplt     0x0000000040049300        0x0 c:/opt/bcc-2.0.2-gcc/bin/../sparc-gaisler-elf/bsp/leon2/leon/mfix-at697f/trap_table_mvt.S.o
 .rela.text.traptable
                0x0000000040049300        0x0 c:/opt/bcc-2.0.2-gcc/bin/../sparc-gaisler-elf/bsp/leon2/leon/mfix-at697f/trap_table_mvt.S.o
 .rela.text     0x0000000040049300        0x0 c:/opt/bcc-2.0.2-gcc/bin/../sparc-gaisler-elf/bsp/leon2/leon/mfix-at697f/trap_table_mvt.S.o
 .rela.text.startup
                0x0000000040049300        0x0 c:/opt/bcc-2.0.2-gcc/bin/../sparc-gaisler-elf/bsp/leon2/leon/mfix-at697f/trap_table_mvt.S.o
 .rela.data     0x0000000040049300        0x0 c:/opt/bcc-2.0.2-gcc/bin/../sparc-gaisler-elf/bsp/leon2/leon/mfix-at697f/trap_table_mvt.S.o

.ext.data       0x0000000040049300        0x0
                0x0000000040049300                . = ALIGN (0x8)
                0x0000000040049300                __extdata_start = .
 *(.data.ext)
                0x0000000040049300                . = ALIGN (0x8)
                0x0000000040049300                __extdata_end = .
                0x0000000040049300                __extdata_start_lma = LOADADDR (.ext.data)
                0x0000000000000000                __extdata_size = SIZEOF (.ext.data)

.data           0x0000000040049300      0x568
                0x0000000040049300                . = ALIGN (0x8)
                0x0000000040049300                __data_start = .
 *(.data .data.*)
 .data          0x0000000040049300        0x0 c:/opt/bcc-2.0.2-gcc/bin/../sparc-gaisler-elf/bsp/leon2/leon/mfix-at697f/trap_table_mvt.S.o
 .data          0x0000000040049300        0x0 c:/opt/bcc-2.0.2-gcc/bin/../sparc-gaisler-elf/bsp/leon2/leon/mfix-at697f/crt0.S.o
 .data          0x0000000040049300        0x0 c:/opt/bcc-2.0.2-gcc/bin/../lib/gcc/sparc-gaisler-elf/7.2.0/leon/mfix-at697f/crti.o
 .data          0x0000000040049300        0x4 c:/opt/bcc-2.0.2-gcc/bin/../lib/gcc/sparc-gaisler-elf/7.2.0/leon/mfix-at697f/crtbegin.o
                0x0000000040049300                __dso_handle
 .data          0x0000000040049304        0x0 C:\Users\Bhagawat\AppData\Local\Temp\cccQ04od.o
 .data          0x0000000040049304        0x0 C:\Users\Bhagawat\AppData\Local\Temp\ccHOxwGa.o
 .data          0x0000000040049304       0x18 C:\Users\Bhagawat\AppData\Local\Temp\ccGuWeFc.o
                0x0000000040049318                real_tm_wait
 .data          0x000000004004931c      0x3c4 C:\Users\Bhagawat\AppData\Local\Temp\ccCOOj9N.o
                0x000000004004931c                Resol_Table_Adcs
                0x0000000040049400                BlkExe_Status
                0x0000000040049404                FuncExecute_Table
                0x0000000040049674                Resol_Table
 .data          0x00000000400496e0        0x0 C:\Users\Bhagawat\AppData\Local\Temp\ccGGWeMs.o
 .data          0x00000000400496e0        0x0 C:\Users\Bhagawat\AppData\Local\Temp\ccHgyvEi.o
 .data          0x00000000400496e0        0x8 C:\Users\Bhagawat\AppData\Local\Temp\cclWyaZk.o
                0x00000000400496e0                PL_Debug_Data
 .data          0x00000000400496e8       0x20 C:\Users\Bhagawat\AppData\Local\Temp\ccz278nA.o
                0x00000000400496e8                inter_HAL_EPS_Hardware_Status_SEL
 .data          0x0000000040049708        0x0 C:\Users\Bhagawat\AppData\Local\Temp\ccJCNetW.o
 .data          0x0000000040049708        0x0 C:\Users\Bhagawat\AppData\Local\Temp\cczyHT6u.o
 .data          0x0000000040049708        0x0 C:\Users\Bhagawat\AppData\Local\Temp\cc99k7Gn.o
 .data          0x0000000040049708       0xbc C:\Users\Bhagawat\AppData\Local\Temp\ccAiSlsy.o
                0x0000000040049708                Auto_manual
                0x000000004004970c                UTP
                0x000000004004974c                LTP
                0x000000004004978c                Thermister_index_select
 .data          0x00000000400497c4        0x0 C:\Users\Bhagawat\AppData\Local\Temp\ccZV3aUW.o
 *fill*         0x00000000400497c4        0x4 
 .data          0x00000000400497c8        0x4 C:\Users\Bhagawat\AppData\Local\Temp\ccs9u16Q.o
                0x00000000400497c8                NSP_addr_table
 .data          0x00000000400497cc        0x0 C:\Users\Bhagawat\AppData\Local\Temp\ccDdMS2W.o
 .data          0x00000000400497cc        0x0 C:\Users\Bhagawat\AppData\Local\Temp\cck5YaFv.o
 .data          0x00000000400497cc        0x0 C:\Users\Bhagawat\AppData\Local\Temp\ccg8BVdy.o
 .data          0x00000000400497cc        0x0 C:\Users\Bhagawat\AppData\Local\Temp\ccuGkrAL.o
 .data          0x00000000400497cc        0x0 C:\Users\Bhagawat\AppData\Local\Temp\ccIYmLVA.o
 .data          0x00000000400497cc        0x0 C:\Users\Bhagawat\AppData\Local\Temp\ccaCYZGK.o
 .data          0x00000000400497cc        0x0 C:\Users\Bhagawat\AppData\Local\Temp\ccWhBIkp.o
 .data          0x00000000400497cc        0x0 C:\Users\Bhagawat\AppData\Local\Temp\ccU2vOQr.o
 .data          0x00000000400497cc        0x0 C:\Users\Bhagawat\AppData\Local\Temp\ccoUHH6D.o
 .data          0x00000000400497cc        0x0 C:\Users\Bhagawat\AppData\Local\Temp\cc89zITN.o
 .data          0x00000000400497cc        0x0 C:\Users\Bhagawat\AppData\Local\Temp\ccR0XPY6.o
 .data          0x00000000400497cc        0x0 C:\Users\Bhagawat\AppData\Local\Temp\cc06KZeE.o
 .data          0x00000000400497cc        0x0 c:/opt/bcc-2.0.2-gcc/bin/../lib/gcc/sparc-gaisler-elf/7.2.0/../../../../sparc-gaisler-elf/lib/leon/mfix-at697f\libm.a(lib_a-s_atan.o)
 .data          0x00000000400497cc        0x0 c:/opt/bcc-2.0.2-gcc/bin/../lib/gcc/sparc-gaisler-elf/7.2.0/../../../../sparc-gaisler-elf/lib/leon/mfix-at697f\libm.a(lib_a-s_cos.o)
 .data          0x00000000400497cc        0x0 c:/opt/bcc-2.0.2-gcc/bin/../lib/gcc/sparc-gaisler-elf/7.2.0/../../../../sparc-gaisler-elf/lib/leon/mfix-at697f\libm.a(lib_a-s_fabs.o)
 .data          0x00000000400497cc        0x0 c:/opt/bcc-2.0.2-gcc/bin/../lib/gcc/sparc-gaisler-elf/7.2.0/../../../../sparc-gaisler-elf/lib/leon/mfix-at697f\libm.a(lib_a-s_floor.o)
 .data          0x00000000400497cc        0x0 c:/opt/bcc-2.0.2-gcc/bin/../lib/gcc/sparc-gaisler-elf/7.2.0/../../../../sparc-gaisler-elf/lib/leon/mfix-at697f\libm.a(lib_a-s_round.o)
 .data          0x00000000400497cc        0x0 c:/opt/bcc-2.0.2-gcc/bin/../lib/gcc/sparc-gaisler-elf/7.2.0/../../../../sparc-gaisler-elf/lib/leon/mfix-at697f\libm.a(lib_a-s_sin.o)
 .data          0x00000000400497cc        0x0 c:/opt/bcc-2.0.2-gcc/bin/../lib/gcc/sparc-gaisler-elf/7.2.0/../../../../sparc-gaisler-elf/lib/leon/mfix-at697f\libm.a(lib_a-s_tan.o)
 .data          0x00000000400497cc        0x0 c:/opt/bcc-2.0.2-gcc/bin/../lib/gcc/sparc-gaisler-elf/7.2.0/../../../../sparc-gaisler-elf/lib/leon/mfix-at697f\libm.a(lib_a-w_acos.o)
 .data          0x00000000400497cc        0x0 c:/opt/bcc-2.0.2-gcc/bin/../lib/gcc/sparc-gaisler-elf/7.2.0/../../../../sparc-gaisler-elf/lib/leon/mfix-at697f\libm.a(lib_a-w_asin.o)
 .data          0x00000000400497cc        0x0 c:/opt/bcc-2.0.2-gcc/bin/../lib/gcc/sparc-gaisler-elf/7.2.0/../../../../sparc-gaisler-elf/lib/leon/mfix-at697f\libm.a(lib_a-w_atan2.o)
 .data          0x00000000400497cc        0x0 c:/opt/bcc-2.0.2-gcc/bin/../lib/gcc/sparc-gaisler-elf/7.2.0/../../../../sparc-gaisler-elf/lib/leon/mfix-at697f\libm.a(lib_a-w_fmod.o)
 .data          0x00000000400497cc        0x0 c:/opt/bcc-2.0.2-gcc/bin/../lib/gcc/sparc-gaisler-elf/7.2.0/../../../../sparc-gaisler-elf/lib/leon/mfix-at697f\libm.a(lib_a-w_pow.o)
 .data          0x00000000400497cc        0x0 c:/opt/bcc-2.0.2-gcc/bin/../lib/gcc/sparc-gaisler-elf/7.2.0/../../../../sparc-gaisler-elf/lib/leon/mfix-at697f\libm.a(lib_a-w_sqrt.o)
 .data          0x00000000400497cc        0x0 c:/opt/bcc-2.0.2-gcc/bin/../lib/gcc/sparc-gaisler-elf/7.2.0/../../../../sparc-gaisler-elf/lib/leon/mfix-at697f\libm.a(lib_a-e_acos.o)
 .data          0x00000000400497cc        0x0 c:/opt/bcc-2.0.2-gcc/bin/../lib/gcc/sparc-gaisler-elf/7.2.0/../../../../sparc-gaisler-elf/lib/leon/mfix-at697f\libm.a(lib_a-e_asin.o)
 .data          0x00000000400497cc        0x0 c:/opt/bcc-2.0.2-gcc/bin/../lib/gcc/sparc-gaisler-elf/7.2.0/../../../../sparc-gaisler-elf/lib/leon/mfix-at697f\libm.a(lib_a-e_atan2.o)
 .data          0x00000000400497cc        0x0 c:/opt/bcc-2.0.2-gcc/bin/../lib/gcc/sparc-gaisler-elf/7.2.0/../../../../sparc-gaisler-elf/lib/leon/mfix-at697f\libm.a(lib_a-e_fmod.o)
 .data          0x00000000400497cc        0x0 c:/opt/bcc-2.0.2-gcc/bin/../lib/gcc/sparc-gaisler-elf/7.2.0/../../../../sparc-gaisler-elf/lib/leon/mfix-at697f\libm.a(lib_a-e_pow.o)
 .data          0x00000000400497cc        0x0 c:/opt/bcc-2.0.2-gcc/bin/../lib/gcc/sparc-gaisler-elf/7.2.0/../../../../sparc-gaisler-elf/lib/leon/mfix-at697f\libm.a(lib_a-e_rem_pio2.o)
 .data          0x00000000400497cc        0x0 c:/opt/bcc-2.0.2-gcc/bin/../lib/gcc/sparc-gaisler-elf/7.2.0/../../../../sparc-gaisler-elf/lib/leon/mfix-at697f\libm.a(lib_a-e_sqrt.o)
 .data          0x00000000400497cc        0x0 c:/opt/bcc-2.0.2-gcc/bin/../lib/gcc/sparc-gaisler-elf/7.2.0/../../../../sparc-gaisler-elf/lib/leon/mfix-at697f\libm.a(lib_a-k_cos.o)
 .data          0x00000000400497cc        0x0 c:/opt/bcc-2.0.2-gcc/bin/../lib/gcc/sparc-gaisler-elf/7.2.0/../../../../sparc-gaisler-elf/lib/leon/mfix-at697f\libm.a(lib_a-k_rem_pio2.o)
 .data          0x00000000400497cc        0x0 c:/opt/bcc-2.0.2-gcc/bin/../lib/gcc/sparc-gaisler-elf/7.2.0/../../../../sparc-gaisler-elf/lib/leon/mfix-at697f\libm.a(lib_a-k_sin.o)
 .data          0x00000000400497cc        0x0 c:/opt/bcc-2.0.2-gcc/bin/../lib/gcc/sparc-gaisler-elf/7.2.0/../../../../sparc-gaisler-elf/lib/leon/mfix-at697f\libm.a(lib_a-k_tan.o)
 .data          0x00000000400497cc        0x0 c:/opt/bcc-2.0.2-gcc/bin/../lib/gcc/sparc-gaisler-elf/7.2.0/../../../../sparc-gaisler-elf/lib/leon/mfix-at697f\libm.a(lib_a-s_finite.o)
 .data          0x00000000400497cc        0x4 c:/opt/bcc-2.0.2-gcc/bin/../lib/gcc/sparc-gaisler-elf/7.2.0/../../../../sparc-gaisler-elf/lib/leon/mfix-at697f\libm.a(lib_a-s_lib_ver.o)
                0x00000000400497cc                __fdlib_version
 .data          0x00000000400497d0        0x0 c:/opt/bcc-2.0.2-gcc/bin/../lib/gcc/sparc-gaisler-elf/7.2.0/../../../../sparc-gaisler-elf/lib/leon/mfix-at697f\libm.a(lib_a-s_matherr.o)
 .data          0x00000000400497d0        0x0 c:/opt/bcc-2.0.2-gcc/bin/../lib/gcc/sparc-gaisler-elf/7.2.0/../../../../sparc-gaisler-elf/lib/leon/mfix-at697f\libm.a(lib_a-s_nan.o)
 .data          0x00000000400497d0        0x0 c:/opt/bcc-2.0.2-gcc/bin/../lib/gcc/sparc-gaisler-elf/7.2.0/../../../../sparc-gaisler-elf/lib/leon/mfix-at697f\libm.a(lib_a-s_rint.o)
 .data          0x00000000400497d0        0x0 c:/opt/bcc-2.0.2-gcc/bin/../lib/gcc/sparc-gaisler-elf/7.2.0/../../../../sparc-gaisler-elf/lib/leon/mfix-at697f\libm.a(lib_a-s_scalbn.o)
 .data          0x00000000400497d0        0x0 c:/opt/bcc-2.0.2-gcc/bin/../lib/gcc/sparc-gaisler-elf/7.2.0/../../../../sparc-gaisler-elf/lib/leon/mfix-at697f\libm.a(lib_a-s_copysign.o)
 .data          0x00000000400497d0        0x0 c:/opt/bcc-2.0.2-gcc/bin/../sparc-gaisler-elf/bsp/leon2/leon/mfix-at697f\libbcc.a(reset_trap_mvt.S.o)
 .data          0x00000000400497d0        0x0 c:/opt/bcc-2.0.2-gcc/bin/../sparc-gaisler-elf/bsp/leon2/leon/mfix-at697f\libbcc.a(window_trap.S.o)
 .data          0x00000000400497d0        0x0 c:/opt/bcc-2.0.2-gcc/bin/../sparc-gaisler-elf/bsp/leon2/leon/mfix-at697f\libbcc.a(interrupt_trap.S.o)
 .data          0x00000000400497d0        0x0 c:/opt/bcc-2.0.2-gcc/bin/../sparc-gaisler-elf/bsp/leon2/leon/mfix-at697f\libbcc.a(flush_windows_trap.S.o)
 .data          0x00000000400497d0        0x0 c:/opt/bcc-2.0.2-gcc/bin/../sparc-gaisler-elf/bsp/leon2/leon/mfix-at697f\libbcc.a(sw_trap_set_pil.S.o)
 .data          0x00000000400497d0        0x0 c:/opt/bcc-2.0.2-gcc/bin/../sparc-gaisler-elf/bsp/leon2/leon/mfix-at697f\libbcc.a(trap.c.o)
 .data          0x00000000400497d0        0x0 c:/opt/bcc-2.0.2-gcc/bin/../sparc-gaisler-elf/bsp/leon2/leon/mfix-at697f\libbcc.a(isr.c.o)
 .data          0x00000000400497d0       0x10 c:/opt/bcc-2.0.2-gcc/bin/../sparc-gaisler-elf/bsp/leon2/leon/mfix-at697f\libbcc.a(int_nest.c.o)
                0x00000000400497d0                __bcc_int_nest
 .data          0x00000000400497e0        0x0 c:/opt/bcc-2.0.2-gcc/bin/../sparc-gaisler-elf/bsp/leon2/leon/mfix-at697f\libbcc.a(init.S.o)
 .data          0x00000000400497e0       0x10 c:/opt/bcc-2.0.2-gcc/bin/../sparc-gaisler-elf/bsp/leon2/leon/mfix-at697f\libbcc.a(leon_info.S.o)
                0x00000000400497e0                __bcc_leon_version
                0x00000000400497e4                __bcc_nwindows_min1
                0x00000000400497e8                __bcc_nwindows
                0x00000000400497ec                __bcc_cpuid
 .data          0x00000000400497f0        0x0 c:/opt/bcc-2.0.2-gcc/bin/../sparc-gaisler-elf/bsp/leon2/leon/mfix-at697f\libbcc.a(dwzero.S.o)
 .data          0x00000000400497f0        0x0 c:/opt/bcc-2.0.2-gcc/bin/../sparc-gaisler-elf/bsp/leon2/leon/mfix-at697f\libbcc.a(copy_data.c.o)
 .data          0x00000000400497f0        0x0 c:/opt/bcc-2.0.2-gcc/bin/../sparc-gaisler-elf/bsp/leon2/leon/mfix-at697f\libbcc.a(lowlevel.S.o)
 .data          0x00000000400497f0        0x0 c:/opt/bcc-2.0.2-gcc/bin/../sparc-gaisler-elf/bsp/leon2/leon/mfix-at697f\libbcc.a(lowlevel_leon2.S.o)
 .data          0x00000000400497f0        0x0 c:/opt/bcc-2.0.2-gcc/bin/../sparc-gaisler-elf/bsp/leon2/leon/mfix-at697f\libbcc.a(int_leon2.c.o)
 .data          0x00000000400497f0        0x0 c:/opt/bcc-2.0.2-gcc/bin/../sparc-gaisler-elf/bsp/leon2/leon/mfix-at697f\libbcc.a(int_leon2_get_source.c.o)
 .data          0x00000000400497f0        0x0 c:/opt/bcc-2.0.2-gcc/bin/../sparc-gaisler-elf/bsp/leon2/leon/mfix-at697f\libbcc.a(int_leon2_init.c.o)
 .data          0x00000000400497f0        0x0 c:/opt/bcc-2.0.2-gcc/bin/../sparc-gaisler-elf/bsp/leon2/leon/mfix-at697f\libbcc.a(con_leon2.c.o)
 .data          0x00000000400497f0        0x0 c:/opt/bcc-2.0.2-gcc/bin/../sparc-gaisler-elf/bsp/leon2/leon/mfix-at697f\libbcc.a(timer_leon2.c.o)
 .data          0x00000000400497f0        0x0 c:/opt/bcc-2.0.2-gcc/bin/../sparc-gaisler-elf/bsp/leon2/leon/mfix-at697f\libbcc.a(set_pil.S.o)
 .data          0x00000000400497f0        0x4 c:/opt/bcc-2.0.2-gcc/bin/../sparc-gaisler-elf/bsp/leon2/leon/mfix-at697f\libbcc.a(int_leon2_handle.c.o)
                0x00000000400497f0                __bcc_int_handle
 .data          0x00000000400497f4        0x4 c:/opt/bcc-2.0.2-gcc/bin/../sparc-gaisler-elf/bsp/leon2/leon/mfix-at697f\libbcc.a(con_handle.c.o)
                0x00000000400497f4                __bcc_con_handle
 .data          0x00000000400497f8        0x8 c:/opt/bcc-2.0.2-gcc/bin/../sparc-gaisler-elf/bsp/leon2/leon/mfix-at697f\libbcc.a(timer_handle.c.o)
                0x00000000400497f8                __bcc_timer_interrupt
                0x00000000400497fc                __bcc_timer_handle
 .data          0x0000000040049800        0x0 c:/opt/bcc-2.0.2-gcc/bin/../lib/gcc/sparc-gaisler-elf/7.2.0/../../../../sparc-gaisler-elf/lib/leon/mfix-at697f\libc.a(lib_a-atexit.o)
 .data          0x0000000040049800        0x0 c:/opt/bcc-2.0.2-gcc/bin/../lib/gcc/sparc-gaisler-elf/7.2.0/../../../../sparc-gaisler-elf/lib/leon/mfix-at697f\libc.a(lib_a-errno.o)
 .data          0x0000000040049800        0x0 c:/opt/bcc-2.0.2-gcc/bin/../lib/gcc/sparc-gaisler-elf/7.2.0/../../../../sparc-gaisler-elf/lib/leon/mfix-at697f\libc.a(lib_a-exit.o)
 .data          0x0000000040049800       0x64 c:/opt/bcc-2.0.2-gcc/bin/../lib/gcc/sparc-gaisler-elf/7.2.0/../../../../sparc-gaisler-elf/lib/leon/mfix-at697f\libc.a(lib_a-impure.o)
                0x0000000040049800                _impure_ptr
 .data          0x0000000040049864        0x0 c:/opt/bcc-2.0.2-gcc/bin/../lib/gcc/sparc-gaisler-elf/7.2.0/../../../../sparc-gaisler-elf/lib/leon/mfix-at697f\libc.a(lib_a-memcpy.o)
 .data          0x0000000040049864        0x0 c:/opt/bcc-2.0.2-gcc/bin/../lib/gcc/sparc-gaisler-elf/7.2.0/../../../../sparc-gaisler-elf/lib/leon/mfix-at697f\libc.a(lib_a-__atexit.o)
 .data          0x0000000040049864        0x0 c:/opt/bcc-2.0.2-gcc/bin/../lib/gcc/sparc-gaisler-elf/7.2.0/../../../../sparc-gaisler-elf/lib/leon/mfix-at697f\libc.a(lib_a-__call_atexit.o)
 .data          0x0000000040049864        0x0 c:/opt/bcc-2.0.2-gcc/bin/../sparc-gaisler-elf/bsp/leon2/leon/mfix-at697f\libbcc.a(_exit.S.o)
 .data          0x0000000040049864        0x0 c:/opt/bcc-2.0.2-gcc/bin/../lib/gcc/sparc-gaisler-elf/7.2.0/leon/mfix-at697f/crtend.o
 .data          0x0000000040049864        0x0 c:/opt/bcc-2.0.2-gcc/bin/../lib/gcc/sparc-gaisler-elf/7.2.0/leon/mfix-at697f/crtn.o
                0x0000000040049868                . = ALIGN (0x8)
 *fill*         0x0000000040049864        0x4 
                0x0000000040049868                __data_end = .
                0x0000000040049300                __data_start_lma = LOADADDR (.data)
                0x0000000000000568                __data_size = SIZEOF (.data)

.iplt           0x0000000040049868        0x0
 .iplt          0x0000000040049868        0x0 c:/opt/bcc-2.0.2-gcc/bin/../sparc-gaisler-elf/bsp/leon2/leon/mfix-at697f/trap_table_mvt.S.o

.tm_clone_table
                0x0000000040049868        0x0
 .tm_clone_table
                0x0000000040049868        0x0 c:/opt/bcc-2.0.2-gcc/bin/../lib/gcc/sparc-gaisler-elf/7.2.0/leon/mfix-at697f/crtbegin.o
 .tm_clone_table
                0x0000000040049868        0x0 c:/opt/bcc-2.0.2-gcc/bin/../lib/gcc/sparc-gaisler-elf/7.2.0/leon/mfix-at697f/crtend.o

.bss            0x0000000040049868    0x91f10
                0x0000000040049868                . = ALIGN (0x8)
                0x0000000040049868                __bss_start = .
 *(.bss .bss.*)
 .bss           0x0000000040049868        0x0 c:/opt/bcc-2.0.2-gcc/bin/../sparc-gaisler-elf/bsp/leon2/leon/mfix-at697f/trap_table_mvt.S.o
 .bss           0x0000000040049868        0x4 c:/opt/bcc-2.0.2-gcc/bin/../sparc-gaisler-elf/bsp/leon2/leon/mfix-at697f/crt0.S.o
                0x0000000040049868                __bcc_sp_at_entry
 .bss           0x000000004004986c        0x0 c:/opt/bcc-2.0.2-gcc/bin/../lib/gcc/sparc-gaisler-elf/7.2.0/leon/mfix-at697f/crti.o
 .bss           0x000000004004986c       0x20 c:/opt/bcc-2.0.2-gcc/bin/../lib/gcc/sparc-gaisler-elf/7.2.0/leon/mfix-at697f/crtbegin.o
 .bss           0x000000004004988c        0x0 C:\Users\Bhagawat\AppData\Local\Temp\cccQ04od.o
 .bss           0x000000004004988c        0x0 C:\Users\Bhagawat\AppData\Local\Temp\ccHOxwGa.o
 .bss           0x000000004004988c        0x8 C:\Users\Bhagawat\AppData\Local\Temp\ccGuWeFc.o
                0x000000004004988c                test_st_sp
                0x000000004004988d                filler_byte
                0x0000000040049890                repeat_count
 .bss           0x0000000040049894       0x22 C:\Users\Bhagawat\AppData\Local\Temp\ccCOOj9N.o
                0x0000000040049894                Diff_stop_srl_num
                0x0000000040049898                Diff_start_srl_num
                0x000000004004989c                DTTC_count
                0x00000000400498a0                head
                0x00000000400498a4                ATTC_count
                0x00000000400498a8                ATTC_exe_en
                0x00000000400498ac                ATTC_Master_en
                0x00000000400498b0                Nodeptrempty_flag
                0x00000000400498b4                ComputedParity
                0x00000000400498b5                RcvdParity
 .bss           0x00000000400498b6        0x0 C:\Users\Bhagawat\AppData\Local\Temp\ccGGWeMs.o
 .bss           0x00000000400498b6        0x0 C:\Users\Bhagawat\AppData\Local\Temp\ccHgyvEi.o
 .bss           0x00000000400498b6        0x0 C:\Users\Bhagawat\AppData\Local\Temp\cclWyaZk.o
 *fill*         0x00000000400498b6        0x2 
 .bss           0x00000000400498b8        0x8 C:\Users\Bhagawat\AppData\Local\Temp\ccz278nA.o
                0x00000000400498b8                load_shedding_flag
                0x00000000400498b9                low_battery_voltage
                0x00000000400498bc                inter_HAL_EPS_Hardware_Status_count
 .bss           0x00000000400498c0        0x4 C:\Users\Bhagawat\AppData\Local\Temp\ccJCNetW.o
                0x00000000400498c0                imu_count
 .bss           0x00000000400498c4        0x0 C:\Users\Bhagawat\AppData\Local\Temp\cczyHT6u.o
 .bss           0x00000000400498c4        0xc C:\Users\Bhagawat\AppData\Local\Temp\cc99k7Gn.o
                0x00000000400498c4                gpstest
                0x00000000400498c8                gps_ready_bit
                0x00000000400498cc                gps_count
 .bss           0x00000000400498d0        0x0 C:\Users\Bhagawat\AppData\Local\Temp\ccAiSlsy.o
 .bss           0x00000000400498d0        0x4 C:\Users\Bhagawat\AppData\Local\Temp\ccZV3aUW.o
                0x00000000400498d0                MTR_Reset_Flag
 .bss           0x00000000400498d4        0xe C:\Users\Bhagawat\AppData\Local\Temp\ccs9u16Q.o
                0x00000000400498e0                crc_test
 *fill*         0x00000000400498e2        0x2 
 .bss           0x00000000400498e4       0x18 C:\Users\Bhagawat\AppData\Local\Temp\ccDdMS2W.o
                0x00000000400498e4                SA2_status
                0x00000000400498e8                SA1_status
                0x00000000400498ec                TC_HAL_SA_Deploy
                0x00000000400498f0                SA_Command_Type
                0x00000000400498f4                SA2_Deploy_cmd_rcvd_time