Archive member included to satisfy reference by file (symbol)

c:/opt/bcc-2.0.2-gcc/bin/../lib/gcc/sparc-gaisler-elf/7.2.0/../../../../sparc-gaisler-elf/lib/leon/mfix-at697f\libm.a(lib_a-s_atan.o)
                              C:\Users\Bhagawat\AppData\Local\Temp\ccTkfQo1.o (atan)
c:/opt/bcc-2.0.2-gcc/bin/../lib/gcc/sparc-gaisler-elf/7.2.0/../../../../sparc-gaisler-elf/lib/leon/mfix-at697f\libm.a(lib_a-s_cos.o)
                              C:\Users\Bhagawat\AppData\Local\Temp\cc8YBv3l.o (cos)
c:/opt/bcc-2.0.2-gcc/bin/../lib/gcc/sparc-gaisler-elf/7.2.0/../../../../sparc-gaisler-elf/lib/leon/mfix-at697f\libm.a(lib_a-s_fabs.o)
                              c:/opt/bcc-2.0.2-gcc/bin/../lib/gcc/sparc-gaisler-elf/7.2.0/../../../../sparc-gaisler-elf/lib/leon/mfix-at697f\libm.a(lib_a-s_atan.o) (fabs)
c:/opt/bcc-2.0.2-gcc/bin/../lib/gcc/sparc-gaisler-elf/7.2.0/../../../../sparc-gaisler-elf/lib/leon/mfix-at697f\libm.a(lib_a-s_floor.o)
                              C:\Users\Bhagawat\AppData\Local\Temp\ccrGTKMf.o (floor)
c:/opt/bcc-2.0.2-gcc/bin/../lib/gcc/sparc-gaisler-elf/7.2.0/../../../../sparc-gaisler-elf/lib/leon/mfix-at697f\libm.a(lib_a-s_sin.o)
                              C:\Users\Bhagawat\AppData\Local\Temp\cc8YBv3l.o (sin)
c:/opt/bcc-2.0.2-gcc/bin/../lib/gcc/sparc-gaisler-elf/7.2.0/../../../../sparc-gaisler-elf/lib/leon/mfix-at697f\libm.a(lib_a-s_tan.o)
                              C:\Users\Bhagawat\AppData\Local\Temp\ccTkfQo1.o (tan)
c:/opt/bcc-2.0.2-gcc/bin/../lib/gcc/sparc-gaisler-elf/7.2.0/../../../../sparc-gaisler-elf/lib/leon/mfix-at697f\libm.a(lib_a-w_acos.o)
                              C:\Users\Bhagawat\AppData\Local\Temp\ccLJwl7b.o (acos)
c:/opt/bcc-2.0.2-gcc/bin/../lib/gcc/sparc-gaisler-elf/7.2.0/../../../../sparc-gaisler-elf/lib/leon/mfix-at697f\libm.a(lib_a-w_asin.o)
                              C:\Users\Bhagawat\AppData\Local\Temp\ccrGTKMf.o (asin)
c:/opt/bcc-2.0.2-gcc/bin/../lib/gcc/sparc-gaisler-elf/7.2.0/../../../../sparc-gaisler-elf/lib/leon/mfix-at697f\libm.a(lib_a-w_atan2.o)
                              C:\Users\Bhagawat\AppData\Local\Temp\ccTkfQo1.o (atan2)
c:/opt/bcc-2.0.2-gcc/bin/../lib/gcc/sparc-gaisler-elf/7.2.0/../../../../sparc-gaisler-elf/lib/leon/mfix-at697f\libm.a(lib_a-w_fmod.o)
                              C:\Users\Bhagawat\AppData\Local\Temp\ccrGTKMf.o (fmod)
c:/opt/bcc-2.0.2-gcc/bin/../lib/gcc/sparc-gaisler-elf/7.2.0/../../../../sparc-gaisler-elf/lib/leon/mfix-at697f\libm.a(lib_a-w_pow.o)
                              C:\Users\Bhagawat\AppData\Local\Temp\ccLJwl7b.o (pow)
c:/opt/bcc-2.0.2-gcc/bin/../lib/gcc/sparc-gaisler-elf/7.2.0/../../../../sparc-gaisler-elf/lib/leon/mfix-at697f\libm.a(lib_a-w_sqrt.o)
                              C:\Users\Bhagawat\AppData\Local\Temp\cccZNdHe.o (sqrt)
c:/opt/bcc-2.0.2-gcc/bin/../lib/gcc/sparc-gaisler-elf/7.2.0/../../../../sparc-gaisler-elf/lib/leon/mfix-at697f\libm.a(lib_a-e_acos.o)
                              c:/opt/bcc-2.0.2-gcc/bin/../lib/gcc/sparc-gaisler-elf/7.2.0/../../../../sparc-gaisler-elf/lib/leon/mfix-at697f\libm.a(lib_a-w_acos.o) (__ieee754_acos)
c:/opt/bcc-2.0.2-gcc/bin/../lib/gcc/sparc-gaisler-elf/7.2.0/../../../../sparc-gaisler-elf/lib/leon/mfix-at697f\libm.a(lib_a-e_asin.o)
                              c:/opt/bcc-2.0.2-gcc/bin/../lib/gcc/sparc-gaisler-elf/7.2.0/../../../../sparc-gaisler-elf/lib/leon/mfix-at697f\libm.a(lib_a-w_asin.o) (__ieee754_asin)
c:/opt/bcc-2.0.2-gcc/bin/../lib/gcc/sparc-gaisler-elf/7.2.0/../../../../sparc-gaisler-elf/lib/leon/mfix-at697f\libm.a(lib_a-e_atan2.o)
                              c:/opt/bcc-2.0.2-gcc/bin/../lib/gcc/sparc-gaisler-elf/7.2.0/../../../../sparc-gaisler-elf/lib/leon/mfix-at697f\libm.a(lib_a-w_atan2.o) (__ieee754_atan2)
c:/opt/bcc-2.0.2-gcc/bin/../lib/gcc/sparc-gaisler-elf/7.2.0/../../../../sparc-gaisler-elf/lib/leon/mfix-at697f\libm.a(lib_a-e_fmod.o)
                              c:/opt/bcc-2.0.2-gcc/bin/../lib/gcc/sparc-gaisler-elf/7.2.0/../../../../sparc-gaisler-elf/lib/leon/mfix-at697f\libm.a(lib_a-w_fmod.o) (__ieee754_fmod)
c:/opt/bcc-2.0.2-gcc/bin/../lib/gcc/sparc-gaisler-elf/7.2.0/../../../../sparc-gaisler-elf/lib/leon/mfix-at697f\libm.a(lib_a-e_pow.o)
                              c:/opt/bcc-2.0.2-gcc/bin/../lib/gcc/sparc-gaisler-elf/7.2.0/../../../../sparc-gaisler-elf/lib/leon/mfix-at697f\libm.a(lib_a-w_pow.o) (__ieee754_pow)
c:/opt/bcc-2.0.2-gcc/bin/../lib/gcc/sparc-gaisler-elf/7.2.0/../../../../sparc-gaisler-elf/lib/leon/mfix-at697f\libm.a(lib_a-e_rem_pio2.o)
                              c:/opt/bcc-2.0.2-gcc/bin/../lib/gcc/sparc-gaisler-elf/7.2.0/../../../../sparc-gaisler-elf/lib/leon/mfix-at697f\libm.a(lib_a-s_cos.o) (__ieee754_rem_pio2)
c:/opt/bcc-2.0.2-gcc/bin/../lib/gcc/sparc-gaisler-elf/7.2.0/../../../../sparc-gaisler-elf/lib/leon/mfix-at697f\libm.a(lib_a-e_sqrt.o)
                              c:/opt/bcc-2.0.2-gcc/bin/../lib/gcc/sparc-gaisler-elf/7.2.0/../../../../sparc-gaisler-elf/lib/leon/mfix-at697f\libm.a(lib_a-w_sqrt.o) (__ieee754_sqrt)
[...]
Memory Configuration

Name             Origin             Length             Attributes
rom              0x0000000000000000 0x0000000020000000
ram              0x0000000040000000 0x0000000040000000
*default*        0x0000000000000000 0xffffffffffffffff

Linker script and memory map

LOAD c:/opt/bcc-2.0.2-gcc/bin/../sparc-gaisler-elf/bsp/leon2/leon/mfix-at697f/trap_table_mvt.S.o
LOAD c:/opt/bcc-2.0.2-gcc/bin/../sparc-gaisler-elf/bsp/leon2/leon/mfix-at697f/crt0.S.o
LOAD c:/opt/bcc-2.0.2-gcc/bin/../lib/gcc/sparc-gaisler-elf/7.2.0/leon/mfix-at697f/crti.o
LOAD c:/opt/bcc-2.0.2-gcc/bin/../lib/gcc/sparc-gaisler-elf/7.2.0/leon/mfix-at697f/crtbegin.o
LOAD C:\Users\Bhagawat\AppData\Local\Temp\cc7cnmJb.o
LOAD C:\Users\Bhagawat\AppData\Local\Temp\cc9w0diA.o
LOAD C:\Users\Bhagawat\AppData\Local\Temp\cciHPwEB.o
LOAD C:\Users\Bhagawat\AppData\Local\Temp\cc8YBv3l.o
LOAD C:\Users\Bhagawat\AppData\Local\Temp\ccevJ77f.o
LOAD C:\Users\Bhagawat\AppData\Local\Temp\ccBT4kKc.o
LOAD C:\Users\Bhagawat\AppData\Local\Temp\ccJVWFYh.o
LOAD C:\Users\Bhagawat\AppData\Local\Temp\cc1ezbmw.o
LOAD C:\Users\Bhagawat\AppData\Local\Temp\ccjMkQDR.o
LOAD C:\Users\Bhagawat\AppData\Local\Temp\ccz4Eywm.o
LOAD C:\Users\Bhagawat\AppData\Local\Temp\ccVlVBAd.o
LOAD C:\Users\Bhagawat\AppData\Local\Temp\cckIP4Zd.o
LOAD C:\Users\Bhagawat\AppData\Local\Temp\ccDVgI5r.o
LOAD C:\Users\Bhagawat\AppData\Local\Temp\ccYNgxJ6.o
LOAD C:\Users\Bhagawat\AppData\Local\Temp\ccDY6QaX.o
LOAD C:\Users\Bhagawat\AppData\Local\Temp\cccZNdHe.o
LOAD C:\Users\Bhagawat\AppData\Local\Temp\ccLJwl7b.o
LOAD C:\Users\Bhagawat\AppData\Local\Temp\ccU8Q0Tf.o
LOAD C:\Users\Bhagawat\AppData\Local\Temp\ccwyqy2F.o
LOAD C:\Users\Bhagawat\AppData\Local\Temp\ccqfSTPu.o
LOAD C:\Users\Bhagawat\AppData\Local\Temp\ccbsrfIW.o
LOAD C:\Users\Bhagawat\AppData\Local\Temp\ccTkfQo1.o
LOAD C:\Users\Bhagawat\AppData\Local\Temp\cclratJd.o
LOAD C:\Users\Bhagawat\AppData\Local\Temp\ccrGTKMf.o
LOAD C:\Users\Bhagawat\AppData\Local\Temp\ccClrC4u.o
LOAD C:\Users\Bhagawat\AppData\Local\Temp\ccpAp31W.o
LOAD c:/opt/bcc-2.0.2-gcc/bin/../lib/gcc/sparc-gaisler-elf/7.2.0/../../../../sparc-gaisler-elf/lib/leon/mfix-at697f\libm.a
                0x0000000000000000                PROVIDE (__bcc_cfg_skip_clear_bss, 0x0)

.text           0x0000000040000000    0x407b0
 CREATE_OBJECT_SYMBOLS
                0x0000000040000000                __text_start = .
                0x0000000040000000                . = ALIGN (0x1000)
 *(.text.traptable)
 .text.traptable
                0x0000000040000000     0x1000 c:/opt/bcc-2.0.2-gcc/bin/../sparc-gaisler-elf/bsp/leon2/leon/mfix-at697f/trap_table_mvt.S.o
                0x0000000040000000                __bcc_entry_point
                0x0000000040000000                __bcc_trap_table
 *(.text .text.*)
 .text          0x0000000040001000        0x0 c:/opt/bcc-2.0.2-gcc/bin/../sparc-gaisler-elf/bsp/leon2/leon/mfix-at697f/trap_table_mvt.S.o
 .text          0x0000000040001000       0xb8 c:/opt/bcc-2.0.2-gcc/bin/../sparc-gaisler-elf/bsp/leon2/leon/mfix-at697f/crt0.S.o
                0x0000000040001000                __bcc_crt0
 .text          0x00000000400010b8        0x0 c:/opt/bcc-2.0.2-gcc/bin/../lib/gcc/sparc-gaisler-elf/7.2.0/leon/mfix-at697f/crti.o
 .text          0x00000000400010b8      0x180 c:/opt/bcc-2.0.2-gcc/bin/../lib/gcc/sparc-gaisler-elf/7.2.0/leon/mfix-at697f/crtbegin.o
 .text          0x0000000040001238      0x944 C:\Users\Bhagawat\AppData\Local\Temp\cc7cnmJb.o
                0x0000000040001238                rMinCycle_Wait
                0x00000000400012d4                OBC_Process
                0x0000000040001b2c                rMinCycle_Flag_Reset
 .text.startup  0x0000000040001b7c       0xa0 C:\Users\Bhagawat\AppData\Local\Temp\cc7cnmJb.o
                0x0000000040001b7c                main
 .text          0x0000000040001c1c      0xcec C:\Users\Bhagawat\AppData\Local\Temp\cc9w0diA.o
                0x0000000040001c3c                Init_Memory
                0x0000000040001c70                checksum_u32
                0x0000000040001cdc                chksum8
                0x0000000040001d14                rOutput_Latch_Update
                0x0000000040001ed0                ST_output_update
                0x00000000400020e8                NMI_interrupt_test
                0x00000000400021a4                MUX_Output
                0x000000004000275c                EEPROM_RST
                0x0000000040002790                EEPROM_RES
                0x00000000400027c0                s_ram_scrub
                0x000000004000283c                prom_chksum
 .text          0x0000000040002908     0xd6c8 C:\Users\Bhagawat\AppData\Local\Temp\cciHPwEB.o
                0x0000000040002af4                rHAL_TM_Write
                0x0000000040002d74                rHAL_TM_HW_Status_Update
                0x0000000040002e98                rTM_Address_Table_Init
                0x000000004000c9c8                rTM_Copy_Subframe
                0x000000004000ca38                Sampling_Rate_Select
                0x000000004000ca94                Frame_Address_Select
                0x000000004000cc00                rTCH_full_dump_cpy_buf
                0x000000004000cd70                rTCH_dump_cpy_buf
                0x000000004000d100                TC_Hist_dumping
                0x000000004000d14c                copy_frame
                0x000000004000d204                ST_Copy_Subframe
                0x000000004000d6c8                StorageTelemetry
                0x000000004000d760                Storage_Telemetry_Write
                0x000000004000d788                Norm_ST_1_Table_Init
                0x000000004000f04c                Spec_ST_Table_Init
                0x000000004000fce8                ST_DUMPING
                0x000000004000fe4c                rTM_Real_st_write
                0x000000004000ff8c                ST_full_dump
 .text          0x000000004000ffd0     0x8904 C:\Users\Bhagawat\AppData\Local\Temp\cc8YBv3l.o
                0x00000000400101c8                TC_IMU1_On
                0x0000000040010208                TC_IMU2_On
                0x0000000040010248                TC_IMU1_Off
                0x0000000040010288                TC_IMU2_Off
                0x00000000400102c8                TC_Drift_Uplink_Compenstation_Update_IMU1
                0x0000000040010368                TC_Drift_Uplink_Compenstation_Update_IMU2
                0x0000000040010408                TC_Gyro_Misalignment_Update_IMU1
                0x000000004001066c                TC_Gyro_Misalignment_Update_IMU2
                0x00000000400108d0                TC_Gyro_Scale_Factor_Update_IMU1
                0x0000000040010a78                TC_Gyro_Scale_Factor_Update_IMU2
                0x0000000040010c20                TC_MagBias_Uplink_Compenstation_Update_IMU1
                0x0000000040010cc0                TC_MagBias_Uplink_Compenstation_Update_IMU2
                0x0000000040010d60                rSSmain_ImaxF_update
                0x0000000040010ffc                rSSredt_ImaxF_update
                0x0000000040011278                TC_NMI_count_reset
                0x000000004001128c                TC_GPS1_ON
                0x00000000400112bc                TC_GPS1_OFF
                0x00000000400112f0                TC_GPS2_on
                0x0000000040011324                TC_GPS2_off
                0x000000004001135c                TC_W1_ON
                0x000000004001138c                TC_W2_ON
                0x00000000400113c0                TC_W3_ON
                0x00000000400113f0                TC_W4_ON
                0x0000000040011420                TC_W1_OFF
                0x0000000040011450                TC_W2_OFF
                0x0000000040011480                TC_W3_OFF
                0x00000000400114b0                TC_W4_OFF
                0x00000000400114e0                rTC_Detumbling_ModePreprocessing_BDOT
                0x00000000400114f0                rTC_Detumbling_ModePreprocessing_GYRO
                0x0000000040011500                rTC_SunAcquisition_ModePreprocessing
                0x0000000040011510                rTC_ThreeAxis_ModePreprocessing
                0x000000004001152c                rTC_Suspended_ModePreprocessing
                0x0000000040011538                PL_K_CMD_HLT
                0x0000000040011568                rTC_HILS_MODE_IDLE
                0x0000000040011578                rTC_HILS_MODE_START
                0x0000000040011588                rTC_HILS_MODE_STOP
                0x0000000040011598                Antenna_mechanism_ON
                0x00000000400115c8                Antenna_mechanism_OFF
                0x00000000400115f8                S_band_tx_on
                0x0000000040011628                S_band_tx_off
                0x0000000040011658                SA_DEPLOYMENT_MECHANISM_MAIN_OFF
                0x000000004001168c                SA_DEPLOYMENT_MECHANISM_RED_OFF
                0x00000000400116c0                sunlit
                0x00000000400116d0                eclipse
                0x00000000400116dc                Sunlit_eclipse_both
                0x00000000400116ec                rTC_Safe_mode_PreProcessing
                0x00000000400116fc                eeprom_en
                0x000000004001170c                eeprom_dis
                0x0000000040011718                TC_ATTC_CMD_clear
                0x00000000400117d8                rElapsedTimerAssign
                0x0000000040011814                TC_ACC_Ang_RESET
                0x0000000040011820                rMag_Refeci_update
                0x00000000400118b4                rSun_Ephemeris_update
                0x0000000040011920                TC_GPS1_NMEA_VTG_enable
                0x000000004001194c                TC_GPS1_NMEA_VTG_disable
                0x0000000040011978                TC_GPS1_NMEA_GGA_enable
                0x00000000400119a4                TC_GPS1_NMEA_GGA_disable
                0x00000000400119d0                TC_GPS1_NMEA_GSA_enable
                0x00000000400119fc                TC_GPS1_NMEA_GSA_disable
                0x0000000040011a28                TC_GPS1_cold_start
                0x0000000040011a54                TC_GPS1_factory_reset
                0x0000000040011a80                TC_GPS2_NMEA_VTG_enable
                0x0000000040011aac                TC_GPS2_NMEA_VTG_disable
                0x0000000040011ad8                TC_GPS2_NMEA_GGA_enable
                0x0000000040011b04                TC_GPS2_NMEA_GGA_disable
                0x0000000040011b30                TC_GPS2_NMEA_GSA_enable
                0x0000000040011b5c                TC_GPS2_NMEA_GSA_disable
                0x0000000040011b88                TC_GPS2_cold_start
                0x0000000040011bb4                TC_GPS2_factory_reset
                0x0000000040011be0                TC_GPS1_NMEA_NMEA_GSV_Enable
                0x0000000040011c0c                TC_GPS1_NMEA_NMEA_GSV_disable
                0x0000000040011c38                TC_GPS2_NMEA_NMEA_GSV_Enable
                0x0000000040011c64                TC_GPS2_NMEA_NMEA_GSV_disable
                0x0000000040011c90                TC_MTR_ON
                0x0000000040011c9c                TC_MTR_OFF
                0x0000000040011ca8                payload_1_on
                0x0000000040011cd0                payload_1_off
                0x0000000040011cdc                PL_K_CMD_STS
                0x0000000040011ce8                PL_K_CMD_ACQ
                0x0000000040011cf4                PL_K_DIAG
                0x0000000040011d00                PL_K_CMD_OFF
                0x0000000040011d0c                PL_K_CMD_ON
                0x0000000040011d18                rTLE_Update
                0x000000004001203c                TC_init_RW1
                0x0000000040012070                TC_init_RW2
                0x00000000400120a4                TC_init_RW3
                0x00000000400120d8                TC_init_RW4
                0x000000004001210c                TC_MTR_Yaw_Positive
                0x0000000040012120                TC_MTR_Yaw_Negative
                0x0000000040012134                TC_MTR_Pitch_Positive
                0x0000000040012148                TC_MTR_Pitch_Negative
                0x000000004001215c                TC_MTR_Roll_Positive
                0x0000000040012170                TC_MTR_Roll_Negative
                0x0000000040012184                TC_MTR_Roll_No_cuurent
                0x0000000040012198                TC_MTR_Pitch_No_cuurent
                0x00000000400121ac                TC_MTR_Yaw_No_cuurent
                0x00000000400121c0                payload_2_on
                0x00000000400121e8                payload_2_off
                0x00000000400121f4                X_band_tx_on
                0x000000004001221c                X_band_tx_off
                0x0000000040012228                SA_DEPLOYMENT_MECHANISM_MAIN_ON
                0x0000000040012234                SA_DEPLOYMENT_MECHANISM_RED_ON
                0x0000000040012240                Antenna_mechanism_arm
                0x000000004001224c                Antenna_deploy
                0x0000000040012258                Antenna_mechanism_disarm
                0x0000000040012264                TC_pl_debug
                0x0000000040012270                TC_TM_DS_EN
                0x000000004001227c                Antenna_RESET_command
                0x0000000040012288                Antenna_deploy_with_override
                0x0000000040012294                Antenna_system_temp
                0x00000000400122a0                Antenna_deploy_status_report
                0x00000000400122ac                Antenna_deploy_activation_count
                0x00000000400122b8                Antenna_deploy_activation_time
                0x00000000400122c4                rTC_ref_snv_bias_q_update
                0x0000000040012394                rTC_ref_stn_bias_q_update
                0x00000000400124c0                rTC_ref_q_gnd_update
                0x00000000400125ec                TC_q_body_init
                0x0000000040012718                rTC_HILS_ENABLE
                0x0000000040012724                rTC_HILS_DISABLE
                0x0000000040012834                TC_pl_tm
                0x000000004001283c                imu1_db_execute
                0x0000000040012844                imu2_db_execute
                0x000000004001284c                imu1_db_checksum
                0x0000000040012854                imu2_db_checksum
                0x000000004001285c                imu_test_sys_sel
                0x0000000040012864                TC_Mag_Misalignment_Update_IMU1
                0x000000004001286c                TC_Mag_Misalignment_Update_IMU2
                0x0000000040012874                TC_Mag_Scale_Factor_Update_IMU1
                0x000000004001287c                TC_Mag_Scale_Factor_Update_IMU2
                0x0000000040012884                TC_Gyro_LPF_Gain_Update_IMU1
                0x000000004001288c                TC_Gyro_LPF_Gain_Update_IMU2
                0x0000000040012894                TC_Nominal_wheel_speed_execute
                0x000000004001289c                Pitch_Torquer_ON
                0x00000000400128a4                Yaw_Torquer_ON
                0x00000000400128ac                rHeater1_on
                0x00000000400128b4                rHeater1_off
                0x00000000400128bc                rHeater2_on
                0x00000000400128c4                rHeater2_off
                0x00000000400128cc                rHeater3_on
                0x00000000400128d4                rHeater3_off
                0x00000000400128dc                rHeater4_on
                0x00000000400128e4                rHeater4_off
                0x00000000400128ec                rHeater5_on
                0x00000000400128f4                rHeater5_off
                0x00000000400128fc                rHeater6_on
                0x0000000040012904                rHeater6_off
                0x000000004001290c                RX_TX_deployed
                0x0000000040012914                OBC_ON
                0x000000004001291c                OBC_OFF
                0x0000000040012924                SA1_DEPLOYMENT_AND_SA2_DEPLOYMENT_REDUNDANT_SPARE_BUS_ON
                0x000000004001292c                SA1_DEPLOYMENT_AND_SA2_DEPLOYMENT_REDUNDANT_SPARE_BUS_OFF
                0x0000000040012934                Test_ON
                0x000000004001293c                Test_OFF
                0x0000000040012944                rTC_write_tC_history
                0x000000004001296c                TC_status_reset
                0x0000000040012980                rContingency_TC
                0x0000000040012988                rData_TC
                0x0000000040012eec                rADCS_Data_TC
                0x0000000040014614                rRemote_base_addr_TC
                0x00000000400146c4                rRemote_data_view
                0x0000000040014740                rBoolean_TC
                0x0000000040014790                rFuncExecute_TC
                0x00000000400147f4                rRemoteProgram_Addr_TC
                0x0000000040014848                rRemoteProgram_Data_TC
                0x0000000040014874                rDifferential_TimeTag_TC
                0x00000000400148d0                initNodetable
                0x000000004001490c                getNode
                0x0000000040014948                freeNode
                0x0000000040014980                rAbsoluteTTC_Update
                0x0000000040014b38                rAbsolute_TimeTag_TC
                0x0000000040014b44                rDifferential_TimeTag_Update
                0x0000000040014ba0                rDifferential_TimeTag_Execute
                0x0000000040014cf8                rDifferentialTTC_Execute
                0x0000000040014d04                rAbsoluteTTC_Delete
                0x0000000040014f0c                rAbsoluteTTC_Clear
                0x0000000040014fcc                rInit_Block
                0x0000000040015014                Block_update
                0x0000000040015290                rBlock_TC
                0x000000004001529c                TMTC_Assignment
                0x0000000040015bd0                invertReverse
                0x0000000040015bf8                BCHEncoder
                0x0000000040015d98                rHAL_TC_Read
                0x0000000040016080                Pitch_Torquer_OFF
                0x0000000040016088                Yaw_Torquer_OFF
                0x0000000040016090                TC_detumbling_rate_gain_1
                0x00000000400164d4                TC_detumbling_bdot_gain_1
                0x0000000040016918                TC_BDOT_Det_Thresh_1
                0x0000000040016aac                TC_GYRO_Det_Min_Thres_1
                0x0000000040016c40                rTc_nominal_speed_RW1
                0x0000000040016d1c                rTc_nominal_speed_RW2
                0x0000000040016df8                rTc_nominal_speed_RW3
                0x0000000040016ed4                rTc_nominal_speed_RW4
                0x0000000040016fb0                TC_AngMomDump_Thrsld_1
                0x0000000040017144                TC_SpeedDump_Thrsld_1
                0x00000000400172d8                TC_SpeedDump_TimeSelect_1
                0x000000004001746c                TC_comd_pitch_rate_1
                0x0000000040017600                TC_Gyro_LPF_Gain_IMU1_1
                0x0000000040017838                TC_Gyro_LPF_Gain_IMU2_1
                0x0000000040017a70                TC_Mag_LPF_Gain_IMU1_1
                0x0000000040017ca8                TC_Mag_LPF_Gain_IMU2_1
                0x0000000040017ee0                TC_Wheel_Cutoff_Threshold_1
                0x0000000040018074                adcsgains
                0x0000000040018188                rGainSelect_TC
                0x00000000400181dc                rReal_Time_TC
                0x0000000040018460                rTelecommand
                0x00000000400186d4                rAbsoluteTTC_Execute
                0x00000000400187f4                rBlockTC_Execute
 .text          0x00000000400188d4       0x38 C:\Users\Bhagawat\AppData\Local\Temp\ccevJ77f.o
                0x00000000400188d4                fdi_nmi_int_handler
 .text          0x000000004001890c     0x17e0 C:\Users\Bhagawat\AppData\Local\Temp\ccBT4kKc.o
                0x000000004001890c                rPOR_Init
 .text          0x000000004001a0ec      0xe00 C:\Users\Bhagawat\AppData\Local\Temp\ccJVWFYh.o
                0x000000004001a114                rHILS_payload
                0x000000004001a190                HILS_mode_enable
                0x000000004001a1c4                HILS_mode_disable
                0x000000004001a1f8                rHAL_pl1_ON
                0x000000004001a278                rHAL_pl1_OFF
                0x000000004001a2c8                rHAL_pl2_ON
                0x000000004001a348                rHAL_pl2_OFF
                0x000000004001a398                rHAL_tm_ds_en
                0x000000004001a3d4                rHAL_X_Tx_ON
                0x000000004001a408                rHAL_X_Tx_OFF
                0x000000004001a43c                rHAL_pl_sts_check
                0x000000004001a46c                rHAL_pl_cmd_hlt
                0x000000004001a4e4                rHAL_pl_debug
                0x000000004001a5a4                rHAL_pl_x_tx_data_on
                0x000000004001a694                rHAL_pl_cmd_acq
                0x000000004001a774                rHAL_pl_x_tx_data_off
                0x000000004001a7b4                rHAL_pl_diag
                0x000000004001a82c                pl_tx_tm
                0x000000004001a954                pl_tx_tm_2
                0x000000004001aa24                rpl_read
                0x000000004001ab2c                rpl_tm_write
 .text          0x000000004001aeec      0x4a8 C:\Users\Bhagawat\AppData\Local\Temp\cc1ezbmw.o
                0x000000004001aeec                rHAL_EPS_Hardware_Status
                0x000000004001af54                rHAL_Battery_load_shedding
                0x000000004001afb0                rHAL_EPS_shunt_switch
 .text          0x000000004001b394      0x188 C:\Users\Bhagawat\AppData\Local\Temp\ccjMkQDR.o
                0x000000004001b394                rIMU_Init
                0x000000004001b400                HAL_IMU_Read
 .text          0x000000004001b51c      0x44c C:\Users\Bhagawat\AppData\Local\Temp\ccz4Eywm.o
                0x000000004001b51c                rHAL_ADC_Read
                0x000000004001b578                rHAL_ADC_TM_Copy
                0x000000004001b820                sun_Sensor_data
                0x000000004001b934                rHAL_ADC_StatusREG_Enable
 .text          0x000000004001b968      0xf30 C:\Users\Bhagawat\AppData\Local\Temp\ccVlVBAd.o
                0x000000004001b968                rGPS_Buffer_Init
                0x000000004001bbd0                rHAL_GPS_Read
                0x000000004001bd54                GPS_1_DATA
                0x000000004001bda8                rGPS_OBT_timer
                0x000000004001be1c                rHAL_GPS_Config
                0x000000004001c4e8                rGPS_TM_Extract
                0x000000004001c834                ST_TM_gps_data
 .text          0x000000004001c898     0x1114 C:\Users\Bhagawat\AppData\Local\Temp\cckIP4Zd.o
                0x000000004001c898                Thermister_select
                0x000000004001c8dc                UTP_selection
                0x000000004001c930                LTP_selection
                0x000000004001c990                Heater_1_auto_control
                0x000000004001ca00                Heater_2_auto_control
                0x000000004001ca70                Heater_3_auto_control
                0x000000004001cae0                Heater_4_auto_control
                0x000000004001cb50                Heater_5_auto_control
                0x000000004001cbc0                Heater_6_auto_control
                0x000000004001cc30                Heater_7_auto_control
                0x000000004001cc84                Heater_8_auto_control
                0x000000004001ccd8                Heater_9_auto_control
                0x000000004001cd2c                Heater_10_auto_control
                0x000000004001cd80                Heater_11_auto_control
                0x000000004001cdd4                Heater_12_auto_control
                0x000000004001ce28                Heater_13_auto_control
                0x000000004001ce84                Heater_14_auto_control
                0x000000004001cee0                Heater_1_manual_control
                0x000000004001cf4c                Heater_2_manual_control
                0x000000004001cfb8                Heater_3_manual_control
                0x000000004001d024                Heater_4_manual_control
                0x000000004001d090                Heater_5_manual_control
                0x000000004001d0fc                Heater_6_manual_control
                0x000000004001d168                Heater_control_auto_manual
                0x000000004001d80c                Heater_7_manual_control
                0x000000004001d83c                Heater_8_manual_control
                0x000000004001d86c                Heater_9_manual_control
                0x000000004001d89c                Heater_10_manual_control
                0x000000004001d8cc                Heater_11_manual_control
                0x000000004001d8fc                Heater_12_manual_control
                0x000000004001d92c                Heater_13_manual_control
                0x000000004001d96c                Heater_14_manual_control
 .text          0x000000004001d9ac      0x8dc C:\Users\Bhagawat\AppData\Local\Temp\ccDVgI5r.o
                0x000000004001d9ac                rHAL_MTR_ON
                0x000000004001d9e0                rHAL_MTR_OFF
                0x000000004001da14                rHAL_MTR
                0x000000004001e04c                MTR_Monitoring
                0x000000004001e078                rHAL_MTR_TC
 .text          0x000000004001e288     0x192c C:\Users\Bhagawat\AppData\Local\Temp\ccYNgxJ6.o
                0x000000004001e288                RW_Init
                0x000000004001e404                HAL_RW_CRC_Check
                0x000000004001e470                rHAL_RW_TM_Read
                0x000000004001e864                rRW_SlipFrame_Check
                0x000000004001ec24                rHAL_RW_TC_Write
                0x000000004001ed7c                rHAL_RW_TM_Write
                0x000000004001edc8                rHAL_RW_ConfigBuffer_Write
                0x000000004001ee6c                rRW_Data_Write
                0x000000004001f5e8                rRW_Data_Request
                0x000000004001f770                rRW_Data_Read
                0x000000004001fa3c                rRW_init_cmd
 .text          0x000000004001fbb4      0x804 C:\Users\Bhagawat\AppData\Local\Temp\ccDY6QaX.o
                0x000000004001fbb4                antennaCommand1
                0x000000004001fc00                antennaCommand2
                0x000000004001fc4c                antennaCommand3
                0x000000004001fc98                antennaCommand4
                0x000000004001fce4                antennaCommand5
                0x000000004001fd30                antennaCommand6
                0x000000004001fd88                antennaCommand7
                0x000000004001fddc                antennaCommand8
                0x000000004001fe34                antennaCommand9
                0x000000004001fe8c                rHAL_Antenna_Read
                0x000000004001ff9c                rHAL_SA_MAIN_Deploy_on
                0x0000000040020014                rHAL_SA_RED_Deploy_on
                0x000000004002007c                rHAL_SA1_Deploy_status_check
                0x0000000040020164                rHAL_SA2_Deploy_status_check
                0x000000004002024c                rHAL_SA_Deploy_Status_new
 .text          0x00000000400203b8     0x6430 C:\Users\Bhagawat\AppData\Local\Temp\cccZNdHe.o
                0x0000000040020838                rQuestDataProcessing
                0x0000000040020b8c                rDAD_quest
                0x0000000040021e98                rErrorComputation
                0x000000004002252c                rExtendedKalmanFilter1_p1
                0x0000000040023264                rExtendedKalmanFilter1_p2
                0x0000000040023c00                rExtendedKalmanFilter2_p1
                0x00000000400255d0                rExtendedKalmanFilter2_Prop
                0x0000000040025ed4                rExtendedKalmanFilter2_p2
 .text          0x00000000400267e8     0x2a6c C:\Users\Bhagawat\AppData\Local\Temp\ccLJwl7b.o
                0x00000000400267e8                rGH_generation
                0x0000000040026990                rMagFieldComp
                0x0000000040027468                rSun_Ephemeris
                0x00000000400276b8                rReferenceQuatComputation
                0x000000004002849c                rRefVectorGeneration
                0x0000000040028cfc                rRefRate_Computation
                0x0000000040028eac                rSl_Ecl_OnBrd_detection
 .text          0x0000000040029254        0x0 C:\Users\Bhagawat\AppData\Local\Temp\ccU8Q0Tf.o
 .text          0x0000000040029254     0x1fbc C:\Users\Bhagawat\AppData\Local\Temp\ccwyqy2F.o
                0x0000000040029254                rDutyCycleGeneration
                0x00000000400293bc                rTorquer_Polarity_Check
                0x000000004002953c                rLinearController
                0x000000004002ae38                rAngularMomentumDumping
 .text          0x000000004002b210      0xeac C:\Users\Bhagawat\AppData\Local\Temp\ccqfSTPu.o
                0x000000004002b2ac                rScModeSelection
 .text          0x000000004002c0bc     0x3aa0 C:\Users\Bhagawat\AppData\Local\Temp\ccbsrfIW.o
                0x000000004002c0bc                rADCS_Pon_vars
 .text          0x000000004002fb5c     0x3670 C:\Users\Bhagawat\AppData\Local\Temp\ccTkfQo1.o
                0x00000000400316c8                rIMU_Angle_Reset
                0x0000000040031710                rIMUDataProcessing
                0x0000000040032b40                rBDOT_Computation
                0x0000000040032d44                rSunSensorDataProcessing
 .text          0x00000000400331cc        0x0 C:\Users\Bhagawat\AppData\Local\Temp\cclratJd.o
 .text          0x00000000400331cc     0x4544 C:\Users\Bhagawat\AppData\Local\Temp\ccrGTKMf.o
                0x0000000040034924                rGPSTLEProcessing
                0x00000000400353b8                rOrbit_Initialization
                0x000000004003633c                rOrbit_Propagation
                0x0000000040037590                rOrbitalElements_computation
                0x00000000400375b8                rJulian_Day
                0x00000000400375f4                rNEDtoECEF
                0x00000000400376e8                rECEFtoECItoECEF
 .text          0x0000000040037710      0xd4c C:\Users\Bhagawat\AppData\Local\Temp\ccClrC4u.o
                0x0000000040037710                rsign_f
                0x0000000040037750                rxRot
                0x00000000400377e0                ryRot
                0x0000000040037870                rzRot
                0x00000000400378f8                rMatInv
                0x0000000040037ab0                rCross_Product
                0x0000000040037b18                rMatMul3x1
                0x0000000040037b90                rMatMul3x3
                0x0000000040037c48                rRM_to_Quat
                0x0000000040037f68                rQs_Normalization
                0x000000004003805c                rQs_Multiplication
                0x0000000040038138                rVectorNorm
                0x00000000400381f0                rMat_adjoint3
                0x00000000400382ec                rMatMul34x1
                0x0000000040038368                rMatMul43x1
                0x00000000400383e4                rMatMul44x1
 .text          0x000000004003845c     0x3330 C:\Users\Bhagawat\AppData\Local\Temp\ccpAp31W.o
                0x000000004003845c                rSus_mode_remote_entry_hook
                0x0000000040038468                rSus_mode_remote_exit_hook
                0x0000000040038474                rDBDOT_mode_remote_entry_hook
                0x0000000040038480                rDBDOT_mode_remote_exit_hook
                0x000000004003848c                rDGYRO_mode_remote_entry_hook
                0x0000000040038498                rDGYRO_mode_remote_exit_hook
                0x00000000400384a4                rSACQ_mode_remote_entry_hook
                0x00000000400384b0                rSACQ_mode_remote_exit_hook
                0x00000000400384bc                r3AXIS_mode_remote_entry_hook
                0x00000000400384c8                r3AXIS_mode_remote_exit_hook
                0x00000000400384d4                rSAFE_mode_remote_entry_hook
                0x00000000400384e0                rSAFE_mode_remote_exit_hook
                0x00000000400384ec                rRemote_patch_area_S1
                0x0000000040038820                rRemote_patch_area_S2
                0x0000000040038b54                rRemote_patch_area_S3
                0x0000000040038e88                rRemote_patch_area_S4
                0x00000000400391bc                rRemote_patch_area_S5
                0x00000000400394f0                rRemote_patch_area_S6
                0x0000000040039824                rRemote_patch_area_L1
                0x000000004003a7d8                rRemote_patch_area_L2
 .text          0x000000004003b78c      0x2d0 c:/opt/bcc-2.0.2-gcc/bin/../lib/gcc/sparc-gaisler-elf/7.2.0/../../../../sparc-gaisler-elf/lib/leon/mfix-at697f\libm.a(lib_a-s_atan.o)
                0x000000004003b78c                atan
 .text          0x000000004003ba5c       0xe4 c:/opt/bcc-2.0.2-gcc/bin/../lib/gcc/sparc-gaisler-elf/7.2.0/../../../../sparc-gaisler-elf/lib/leon/mfix-at697f\libm.a(lib_a-s_cos.o)
                0x000000004003ba5c                cos
 .text          0x000000004003bb40       0x28 c:/opt/bcc-2.0.2-gcc/bin/../lib/gcc/sparc-gaisler-elf/7.2.0/../../../../sparc-gaisler-elf/lib/leon/mfix-at697f\libm.a(lib_a-s_fabs.o)
                0x000000004003bb40                fabs
 .text          0x000000004003bb68      0x1f0 c:/opt/bcc-2.0.2-gcc/bin/../lib/gcc/sparc-gaisler-elf/7.2.0/../../../../sparc-gaisler-elf/lib/leon/mfix-at697f\libm.a(lib_a-s_floor.o)
                0x000000004003bb68                floor
 .text          0x000000004003bd58       0xe8 c:/opt/bcc-2.0.2-gcc/bin/../lib/gcc/sparc-gaisler-elf/7.2.0/../../../../sparc-gaisler-elf/lib/leon/mfix-at697f\libm.a(lib_a-s_sin.o)
                0x000000004003bd58                sin
 .text          0x000000004003be40       0x9c c:/opt/bcc-2.0.2-gcc/bin/../lib/gcc/sparc-gaisler-elf/7.2.0/../../../../sparc-gaisler-elf/lib/leon/mfix-at697f\libm.a(lib_a-s_tan.o)
                0x000000004003be40                tan
 .text          0x000000004003bedc      0x128 c:/opt/bcc-2.0.2-gcc/bin/../lib/gcc/sparc-gaisler-elf/7.2.0/../../../../sparc-gaisler-elf/lib/leon/mfix-at697f\libm.a(lib_a-w_acos.o)
                0x000000004003bedc                acos
 .text          0x000000004003c004      0x128 c:/opt/bcc-2.0.2-gcc/bin/../lib/gcc/sparc-gaisler-elf/7.2.0/../../../../sparc-gaisler-elf/lib/leon/mfix-at697f\libm.a(lib_a-w_asin.o)
                0x000000004003c004                asin
 .text          0x000000004003c12c        0xc c:/opt/bcc-2.0.2-gcc/bin/../lib/gcc/sparc-gaisler-elf/7.2.0/../../../../sparc-gaisler-elf/lib/leon/mfix-at697f\libm.a(lib_a-w_atan2.o)
                0x000000004003c12c                atan2
 .text          0x000000004003c138      0x148 c:/opt/bcc-2.0.2-gcc/bin/../lib/gcc/sparc-gaisler-elf/7.2.0/../../../../sparc-gaisler-elf/lib/leon/mfix-at697f\libm.a(lib_a-w_fmod.o)
                0x000000004003c138                fmod
 .text          0x000000004003c280      0x4a8 c:/opt/bcc-2.0.2-gcc/bin/../lib/gcc/sparc-gaisler-elf/7.2.0/../../../../sparc-gaisler-elf/lib/leon/mfix-at697f\libm.a(lib_a-w_pow.o)
                0x000000004003c280                pow
 .text          0x000000004003c728       0xfc c:/opt/bcc-2.0.2-gcc/bin/../lib/gcc/sparc-gaisler-elf/7.2.0/../../../../sparc-gaisler-elf/lib/leon/mfix-at697f\libm.a(lib_a-w_sqrt.o)
                0x000000004003c728                sqrt
 .text          0x000000004003c824      0x37c c:/opt/bcc-2.0.2-gcc/bin/../lib/gcc/sparc-gaisler-elf/7.2.0/../../../../sparc-gaisler-elf/lib/leon/mfix-at697f\libm.a(lib_a-e_acos.o)
                0x000000004003c824                __ieee754_acos
 .text          0x000000004003cba0      0x310 c:/opt/bcc-2.0.2-gcc/bin/../lib/gcc/sparc-gaisler-elf/7.2.0/../../../../sparc-gaisler-elf/lib/leon/mfix-at697f\libm.a(lib_a-e_asin.o)
                0x000000004003cba0                __ieee754_asin
 .text          0x000000004003ceb0      0x2b4 c:/opt/bcc-2.0.2-gcc/bin/../lib/gcc/sparc-gaisler-elf/7.2.0/../../../../sparc-gaisler-elf/lib/leon/mfix-at697f\libm.a(lib_a-e_atan2.o)
                0x000000004003ceb0                __ieee754_atan2
 .text          0x000000004003d164      0x3ac c:/opt/bcc-2.0.2-gcc/bin/../lib/gcc/sparc-gaisler-elf/7.2.0/../../../../sparc-gaisler-elf/lib/leon/mfix-at697f\libm.a(lib_a-e_fmod.o)
                0x000000004003d164                __ieee754_fmod
 .text          0x000000004003d510      0x8dc c:/opt/bcc-2.0.2-gcc/bin/../lib/gcc/sparc-gaisler-elf/7.2.0/../../../../sparc-gaisler-elf/lib/leon/mfix-at697f\libm.a(lib_a-e_pow.o)
                0x000000004003d510                __ieee754_pow
 .text          0x000000004003ddec      0x39c c:/opt/bcc-2.0.2-gcc/bin/../lib/gcc/sparc-gaisler-elf/7.2.0/../../../../sparc-gaisler-elf/lib/leon/mfix-at697f\libm.a(lib_a-e_rem_pio2.o)
                0x000000004003ddec                __ieee754_rem_pio2
 .text          0x000000004003e188      0x270 c:/opt/bcc-2.0.2-gcc/bin/../lib/gcc/sparc-gaisler-elf/7.2.0/../../../../sparc-gaisler-elf/lib/leon/mfix-at697f\libm.a(lib_a-e_sqrt.o)
                0x000000004003e188                __ieee754_sqrt
 .text          0x000000004003e3f8      0x1bc c:/opt/bcc-2.0.2-gcc/bin/../lib/gcc/sparc-gaisler-elf/7.2.0/../../../../sparc-gaisler-elf/lib/leon/mfix-at697f\libm.a(lib_a-k_cos.o)
                0x000000004003e3f8                __kernel_cos
 .text          0x000000004003e5b4      0xbdc c:/opt/bcc-2.0.2-gcc/bin/../lib/gcc/sparc-gaisler-elf/7.2.0/../../../../sparc-gaisler-elf/lib/leon/mfix-at697f\libm.a(lib_a-k_rem_pio2.o)
                0x000000004003e5b4                __kernel_rem_pio2
 .text          0x000000004003f190      0x100 c:/opt/bcc-2.0.2-gcc/bin/../lib/gcc/sparc-gaisler-elf/7.2.0/../../../../sparc-gaisler-elf/lib/leon/mfix-at697f\libm.a(lib_a-k_sin.o)
                0x000000004003f190                __kernel_sin
 .text          0x000000004003f290      0x290 c:/opt/bcc-2.0.2-gcc/bin/../lib/gcc/sparc-gaisler-elf/7.2.0/../../../../sparc-gaisler-elf/lib/leon/mfix-at697f\libm.a(lib_a-k_tan.o)
                0x000000004003f290                __kernel_tan
 .text          0x000000004003f520       0x18 c:/opt/bcc-2.0.2-gcc/bin/../lib/gcc/sparc-gaisler-elf/7.2.0/../../../../sparc-gaisler-elf/lib/leon/mfix-at697f\libm.a(lib_a-s_finite.o)
                0x000000004003f520                finite
 .text          0x000000004003f538        0x0 c:/opt/bcc-2.0.2-gcc/bin/../lib/gcc/sparc-gaisler-elf/7.2.0/../../../../sparc-gaisler-elf/lib/leon/mfix-at697f\libm.a(lib_a-s_lib_ver.o)
 .text          0x000000004003f538        0x8 c:/opt/bcc-2.0.2-gcc/bin/../lib/gcc/sparc-gaisler-elf/7.2.0/../../../../sparc-gaisler-elf/lib/leon/mfix-at697f\libm.a(lib_a-s_matherr.o)
                0x000000004003f538                matherr
 .text          0x000000004003f540        0xc c:/opt/bcc-2.0.2-gcc/bin/../lib/gcc/sparc-gaisler-elf/7.2.0/../../../../sparc-gaisler-elf/lib/leon/mfix-at697f\libm.a(lib_a-s_nan.o)
                0x000000004003f540                nan
 .text          0x000000004003f54c      0x1ac c:/opt/bcc-2.0.2-gcc/bin/../lib/gcc/sparc-gaisler-elf/7.2.0/../../../../sparc-gaisler-elf/lib/leon/mfix-at697f\libm.a(lib_a-s_rint.o)
                0x000000004003f54c                rint
 .text          0x000000004003f6f8      0x14c c:/opt/bcc-2.0.2-gcc/bin/../lib/gcc/sparc-gaisler-elf/7.2.0/../../../../sparc-gaisler-elf/lib/leon/mfix-at697f\libm.a(lib_a-s_scalbn.o)
                0x000000004003f6f8                scalbn
 .text          0x000000004003f844       0x30 c:/opt/bcc-2.0.2-gcc/bin/../lib/gcc/sparc-gaisler-elf/7.2.0/../../../../sparc-gaisler-elf/lib/leon/mfix-at697f\libm.a(lib_a-s_copysign.o)
                0x000000004003f844                copysign
 .text          0x000000004003f874       0x7c c:/opt/bcc-2.0.2-gcc/bin/../sparc-gaisler-elf/bsp/leon2/leon/mfix-at697f\libbcc.a(reset_trap_mvt.S.o)
                0x000000004003f874                __bcc_trap_reset_mvt
 .text          0x000000004003f8f0       0xb0 c:/opt/bcc-2.0.2-gcc/bin/../sparc-gaisler-elf/bsp/leon2/leon/mfix-at697f\libbcc.a(window_trap.S.o)
                0x000000004003f8f0                __bcc_trap_window_overflow
                0x000000004003f940                __bcc_trap_window_underflow
 .text          0x000000004003f9a0      0x1b4 c:/opt/bcc-2.0.2-gcc/bin/../sparc-gaisler-elf/bsp/leon2/leon/mfix-at697f\libbcc.a(interrupt_trap.S.o)
                0x000000004003f9a0                __bcc_trap_interrupt_svt
                0x000000004003f9a4                __bcc_trap_interrupt
 .text          0x000000004003fb54       0x88 c:/opt/bcc-2.0.2-gcc/bin/../sparc-gaisler-elf/bsp/leon2/leon/mfix-at697f\libbcc.a(flush_windows_trap.S.o)
                0x000000004003fb54                __bcc_trap_flush_windows
 .text          0x000000004003fbdc       0x2c c:/opt/bcc-2.0.2-gcc/bin/../sparc-gaisler-elf/bsp/leon2/leon/mfix-at697f\libbcc.a(sw_trap_set_pil.S.o)
                0x000000004003fbdc                __bcc_trap_sw_set_pil
 .text          0x000000004003fc08       0xb0 c:/opt/bcc-2.0.2-gcc/bin/../sparc-gaisler-elf/bsp/leon2/leon/mfix-at697f\libbcc.a(trap.c.o)
                0x000000004003fc08                bcc_set_trap
 .text          0x000000004003fcb8        0x0 c:/opt/bcc-2.0.2-gcc/bin/../sparc-gaisler-elf/bsp/leon2/leon/mfix-at697f\libbcc.a(isr.c.o)
 .text          0x000000004003fcb8        0x0 c:/opt/bcc-2.0.2-gcc/bin/../sparc-gaisler-elf/bsp/leon2/leon/mfix-at697f\libbcc.a(int_nest.c.o)
 .text          0x000000004003fcb8        0x8 c:/opt/bcc-2.0.2-gcc/bin/../sparc-gaisler-elf/bsp/leon2/leon/mfix-at697f\libbcc.a(init.S.o)
                0x000000004003fcb8                __bcc_init40
                0x000000004003fcb8                __bcc_init70
                0x000000004003fcb8                __bcc_init60
                0x000000004003fcb8                __bcc_init50
 .text          0x000000004003fcc0       0x84 c:/opt/bcc-2.0.2-gcc/bin/../sparc-gaisler-elf/bsp/leon2/leon/mfix-at697f\libbcc.a(leon_info.S.o)
                0x000000004003fcc0                __bcc_get_leon_info
                0x000000004003fd34                bcc_get_cpuid
 .text          0x000000004003fd44       0x2c c:/opt/bcc-2.0.2-gcc/bin/../sparc-gaisler-elf/bsp/leon2/leon/mfix-at697f\libbcc.a(dwzero.S.o)
                0x000000004003fd44                bcc_dwzero
 .text          0x000000004003fd70       0x5c c:/opt/bcc-2.0.2-gcc/bin/../sparc-gaisler-elf/bsp/leon2/leon/mfix-at697f\libbcc.a(copy_data.c.o)
                0x000000004003fd70                __bcc_copy_data
 *fill*         0x000000004003fdcc        0x4 
 .text          0x000000004003fdd0       0x90 c:/opt/bcc-2.0.2-gcc/bin/../sparc-gaisler-elf/bsp/leon2/leon/mfix-at697f\libbcc.a(lowlevel.S.o)
                0x000000004003fdd0                bcc_loadnocache
                0x000000004003fddc                bcc_loadnocache16
                0x000000004003fde8                bcc_loadnocache8
                0x000000004003fe00                bcc_ldstub
                0x000000004003fe0c                bcc_set_psr
                0x000000004003fe24                bcc_get_psr
                0x000000004003fe2c                bcc_get_pil
                0x000000004003fe3c                bcc_set_tbr
                0x000000004003fe54                bcc_get_tbr
 .text          0x000000004003fe60       0x50 c:/opt/bcc-2.0.2-gcc/bin/../sparc-gaisler-elf/bsp/leon2/leon/mfix-at697f\libbcc.a(lowlevel_leon2.S.o)
                0x000000004003fe60                bcc_set_ccr
                0x000000004003fe70                bcc_get_ccr
                0x000000004003fe80                bcc_flush_cache
                0x000000004003fe8c                bcc_flush_icache
                0x000000004003fe94                bcc_flush_dcache
                0x000000004003fe9c                bcc_power_down
 .text          0x000000004003feb0      0x160 c:/opt/bcc-2.0.2-gcc/bin/../sparc-gaisler-elf/bsp/leon2/leon/mfix-at697f\libbcc.a(int_leon2.c.o)
                0x000000004003feb0                bcc_int_mask
                0x000000004003ff00                bcc_int_unmask
                0x000000004003ff50                bcc_int_clear
                0x000000004003ff88                bcc_int_force
                0x000000004003ffcc                bcc_int_pend
 .text          0x0000000040040010        0x8 c:/opt/bcc-2.0.2-gcc/bin/../sparc-gaisler-elf/bsp/leon2/leon/mfix-at697f\libbcc.a(int_leon2_get_source.c.o)
                0x0000000040040010                __bcc_int_get_source
 .text          0x0000000040040018        0x8 c:/opt/bcc-2.0.2-gcc/bin/../sparc-gaisler-elf/bsp/leon2/leon/mfix-at697f\libbcc.a(int_leon2_init.c.o)
                0x0000000040040018                __bcc_int_init
 .text          0x0000000040040020       0x70 c:/opt/bcc-2.0.2-gcc/bin/../sparc-gaisler-elf/bsp/leon2/leon/mfix-at697f\libbcc.a(con_leon2.c.o)
                0x0000000040040020                __bcc_con_init
                0x0000000040040028                __bcc_con_outbyte
                0x000000004004005c                __bcc_con_inbyte
 .text          0x0000000040040090       0x30 c:/opt/bcc-2.0.2-gcc/bin/../sparc-gaisler-elf/bsp/leon2/leon/mfix-at697f\libbcc.a(timer_leon2.c.o)
                0x0000000040040090                __bcc_timer_init
                0x0000000040040098                bcc_timer_get_us
 .text          0x00000000400400c0        0xc c:/opt/bcc-2.0.2-gcc/bin/../sparc-gaisler-elf/bsp/leon2/leon/mfix-at697f\libbcc.a(set_pil.S.o)
                0x00000000400400c0                bcc_set_pil
 .text          0x00000000400400cc        0x0 c:/opt/bcc-2.0.2-gcc/bin/../sparc-gaisler-elf/bsp/leon2/leon/mfix-at697f\libbcc.a(int_leon2_handle.c.o)
 .text          0x00000000400400cc        0x0 c:/opt/bcc-2.0.2-gcc/bin/../sparc-gaisler-elf/bsp/leon2/leon/mfix-at697f\libbcc.a(con_handle.c.o)
 .text          0x00000000400400cc        0x0 c:/opt/bcc-2.0.2-gcc/bin/../sparc-gaisler-elf/bsp/leon2/leon/mfix-at697f\libbcc.a(timer_handle.c.o)
 .text          0x00000000400400cc       0x1c c:/opt/bcc-2.0.2-gcc/bin/../lib/gcc/sparc-gaisler-elf/7.2.0/../../../../sparc-gaisler-elf/lib/leon/mfix-at697f\libc.a(lib_a-atexit.o)
                0x00000000400400cc                atexit
 .text          0x00000000400400e8        0xc c:/opt/bcc-2.0.2-gcc/bin/../lib/gcc/sparc-gaisler-elf/7.2.0/../../../../sparc-gaisler-elf/lib/leon/mfix-at697f\libc.a(lib_a-errno.o)
                0x00000000400400e8                __errno
 .text          0x00000000400400f4       0x3c c:/opt/bcc-2.0.2-gcc/bin/../lib/gcc/sparc-gaisler-elf/7.2.0/../../../../sparc-gaisler-elf/lib/leon/mfix-at697f\libc.a(lib_a-exit.o)
                0x00000000400400f4                exit
 .text          0x0000000040040130        0x0 c:/opt/bcc-2.0.2-gcc/bin/../lib/gcc/sparc-gaisler-elf/7.2.0/../../../../sparc-gaisler-elf/lib/leon/mfix-at697f\libc.a(lib_a-impure.o)
 .text          0x0000000040040130      0x19c c:/opt/bcc-2.0.2-gcc/bin/../lib/gcc/sparc-gaisler-elf/7.2.0/../../../../sparc-gaisler-elf/lib/leon/mfix-at697f\libc.a(lib_a-memcpy.o)
                0x0000000040040130                memcpy
 .text          0x00000000400402cc      0x158 c:/opt/bcc-2.0.2-gcc/bin/../lib/gcc/sparc-gaisler-elf/7.2.0/../../../../sparc-gaisler-elf/lib/leon/mfix-at697f\libc.a(lib_a-__atexit.o)
                0x00000000400402cc                __register_exitproc
 .text          0x0000000040040424      0x2b4 c:/opt/bcc-2.0.2-gcc/bin/../lib/gcc/sparc-gaisler-elf/7.2.0/../../../../sparc-gaisler-elf/lib/leon/mfix-at697f\libc.a(lib_a-__call_atexit.o)
                0x0000000040040424                __call_exitprocs
 .text          0x00000000400406d8       0x18 c:/opt/bcc-2.0.2-gcc/bin/../sparc-gaisler-elf/bsp/leon2/leon/mfix-at697f\libbcc.a(_exit.S.o)
                0x00000000400406d8                _exit
 .text          0x00000000400406f0       0x48 c:/opt/bcc-2.0.2-gcc/bin/../lib/gcc/sparc-gaisler-elf/7.2.0/leon/mfix-at697f/crtend.o
 .text          0x0000000040040738        0x0 c:/opt/bcc-2.0.2-gcc/bin/../lib/gcc/sparc-gaisler-elf/7.2.0/leon/mfix-at697f/crtn.o
                0x0000000040040740                . = ALIGN (0x10)
 *fill*         0x0000000040040738        0x8 
 *(.eh_frame)
 .eh_frame      0x0000000040040740        0x0 c:/opt/bcc-2.0.2-gcc/bin/../lib/gcc/sparc-gaisler-elf/7.2.0/leon/mfix-at697f/crtbegin.o
 .eh_frame      0x0000000040040740        0x4 c:/opt/bcc-2.0.2-gcc/bin/../lib/gcc/sparc-gaisler-elf/7.2.0/leon/mfix-at697f/crtend.o
                0x0000000040040750                . = ALIGN (0x10)
 *fill*         0x0000000040040744        0xc 
 *(.gnu.linkonce.t*)
                0x0000000040040750                ___CTOR_LIST__ = .
                0x0000000040040750        0x4 LONG 0x2 (((___CTOR_END__ - ___CTOR_LIST__) / 0x4) - 0x2)
 *(SORT(.ctors.*))
 *(.ctors)
 .ctors         0x0000000040040754        0x4 c:/opt/bcc-2.0.2-gcc/bin/../lib/gcc/sparc-gaisler-elf/7.2.0/leon/mfix-at697f/crtbegin.o
 .ctors         0x0000000040040758        0x4 c:/opt/bcc-2.0.2-gcc/bin/../lib/gcc/sparc-gaisler-elf/7.2.0/leon/mfix-at697f/crtend.o
                0x000000004004075c        0x4 LONG 0x0
                0x0000000040040760                ___CTOR_END__ = .
                0x0000000040040760                ___DTOR_LIST__ = .
                0x0000000040040760        0x4 LONG 0x2 (((___DTOR_END__ - ___DTOR_LIST__) / 0x4) - 0x2)
 *(SORT(.dtors.*))
 *(.dtors)
 .dtors         0x0000000040040764        0x4 c:/opt/bcc-2.0.2-gcc/bin/../lib/gcc/sparc-gaisler-elf/7.2.0/leon/mfix-at697f/crtbegin.o
 .dtors         0x0000000040040768        0x4 c:/opt/bcc-2.0.2-gcc/bin/../lib/gcc/sparc-gaisler-elf/7.2.0/leon/mfix-at697f/crtend.o
                0x0000000040040768                __DTOR_END__
                0x000000004004076c        0x4 LONG 0x0
                0x0000000040040770                ___DTOR_END__ = .
 *(.gnu.linkonce*)
 *(.init)
 .init          0x0000000040040770        0x4 c:/opt/bcc-2.0.2-gcc/bin/../lib/gcc/sparc-gaisler-elf/7.2.0/leon/mfix-at697f/crti.o
                0x0000000040040770                _init
 .init          0x0000000040040774        0x8 c:/opt/bcc-2.0.2-gcc/bin/../lib/gcc/sparc-gaisler-elf/7.2.0/leon/mfix-at697f/crtbegin.o
 .init          0x000000004004077c        0x8 c:/opt/bcc-2.0.2-gcc/bin/../lib/gcc/sparc-gaisler-elf/7.2.0/leon/mfix-at697f/crtend.o
 .init          0x0000000040040784        0xc c:/opt/bcc-2.0.2-gcc/bin/../lib/gcc/sparc-gaisler-elf/7.2.0/leon/mfix-at697f/crtn.o
 *(.fini)
 .fini          0x0000000040040790        0x4 c:/opt/bcc-2.0.2-gcc/bin/../lib/gcc/sparc-gaisler-elf/7.2.0/leon/mfix-at697f/crti.o
                0x0000000040040790                _fini
 .fini          0x0000000040040794        0x8 c:/opt/bcc-2.0.2-gcc/bin/../lib/gcc/sparc-gaisler-elf/7.2.0/leon/mfix-at697f/crtbegin.o
 .fini          0x000000004004079c        0xc c:/opt/bcc-2.0.2-gcc/bin/../lib/gcc/sparc-gaisler-elf/7.2.0/leon/mfix-at697f/crtn.o
 *(.lit)
 *(.shdata)
                0x00000000400407b0                . = ALIGN (0x10)
 *fill*         0x00000000400407a8        0x8 
                0x00000000400407b0                __text_end = .

.gcc_except_table
 *(.gcc_except_table)

.rodata         0x00000000400407b0     0x2da0
                0x00000000400407b0                __rodata_start = .
 *(.rodata*)
 .rodata.cst8   0x00000000400407b0       0x38 C:\Users\Bhagawat\AppData\Local\Temp\cc7cnmJb.o
 .rodata        0x00000000400407e8        0x0 C:\Users\Bhagawat\AppData\Local\Temp\cc9w0diA.o
 .rodata        0x00000000400407e8       0x10 C:\Users\Bhagawat\AppData\Local\Temp\cciHPwEB.o
 .rodata.cst8   0x00000000400407f8       0x18 C:\Users\Bhagawat\AppData\Local\Temp\cc8YBv3l.o
 .rodata.cst4   0x0000000040040810        0x4 C:\Users\Bhagawat\AppData\Local\Temp\cc8YBv3l.o
 .rodata        0x0000000040040814        0x0 C:\Users\Bhagawat\AppData\Local\Temp\cc8YBv3l.o
 .rodata        0x0000000040040814        0x0 C:\Users\Bhagawat\AppData\Local\Temp\ccJVWFYh.o
 *fill*         0x0000000040040814        0x4 
 .rodata.cst8   0x0000000040040818        0x8 C:\Users\Bhagawat\AppData\Local\Temp\ccYNgxJ6.o
 .rodata.cst8   0x0000000040040820       0x68 C:\Users\Bhagawat\AppData\Local\Temp\cccZNdHe.o
                                        0x138 (size before relaxing)
 .rodata.cst8   0x0000000040040888       0x20 C:\Users\Bhagawat\AppData\Local\Temp\ccLJwl7b.o
                                         0x68 (size before relaxing)
 .rodata        0x00000000400408a8     0x22bc C:\Users\Bhagawat\AppData\Local\Temp\ccU8Q0Tf.o
                0x00000000400408a8                c_I_nine_cross_nine
                0x0000000040040b30                c_I_three_cross_three
                0x0000000040040b78                c_MagBias_act_LUT
                0x0000000040040e00                c_DPM_Pol_LookUpTable
                0x0000000040040f48                c_B2wh_mat_0234
                0x0000000040040fa8                c_B2wh_mat_1034
                0x0000000040041008                c_B2wh_mat_1204
                0x0000000040041068                c_B2wh_mat_1230
                0x00000000400410c8                c_B2wh_mat_4RW
                0x0000000040041128                c_wh2B_mat_0234
                0x0000000040041188                c_wh2B_mat_1034
                0x00000000400411e8                c_wh2B_mat_1204
                0x0000000040041248                c_wh2B_mat_1230
                0x00000000400412a8                c_wh2B_mat_4RW
                0x0000000040041308                c_MOI_wh
                0x0000000040041310                TC_Hmin
                0x0000000040041318                TC_T_RW_MAX
                0x0000000040041320                c_RADps2RPM
                0x0000000040041328                c_RPM2RADpS
                0x0000000040041330                c_DPMMAX
                0x0000000040041338                c_wkm_sunmag
                0x0000000040041340                c_wks_sunmag
                0x0000000040041348                c_wkm_mag
                0x0000000040041350                c_wks_mag
                0x0000000040041358                c_ss2b4156
                0x00000000400413a0                c_ss2b3456
                0x00000000400413e8                c_ss2b2356
                0x0000000040041430                c_ss2b1256
                0x0000000040041478                c_misaln_cor146
                0x00000000400414c0                c_misaln_cor145
                0x0000000040041508                c_misaln_cor346
                0x0000000040041550                c_misaln_cor345
                0x0000000040041598                c_misaln_cor326
                0x00000000400415e0                c_misaln_cor325
                0x0000000040041628                c_misaln_cor126
                0x0000000040041670                c_misaln_cor125
                0x00000000400416b8                c_AngDev_SAMtransit_thrsld
                0x00000000400416c0                c_AngDev_SMtransit_thrsld
                0x00000000400416c8                c_Sunlit_Thrsld
                0x00000000400416d0                c_SSThrsld
                0x00000000400416d8                c_Imax_YN_Main
                0x00000000400416e0                c_Imax_YP_Main
                0x00000000400416e8                c_Imax_PN_Main
                0x00000000400416f0                c_Imax_PP_Main
                0x00000000400416f8                c_Imax_RNND_Main
                0x0000000040041700                c_Imax_RPND_Main
                0x0000000040041708                c_Imax_RND_Main
                0x0000000040041710                c_Imax_RPD_Main
                0x0000000040041718                c_Imax_YN_Red
                0x0000000040041720                c_Imax_YP_Red
                0x0000000040041728                c_Imax_PN_Red
                0x0000000040041730                c_Imax_PP_Red
                0x0000000040041738                c_Imax_RNND_Red
                0x0000000040041740                c_Imax_RPND_Red
                0x0000000040041748                c_Imax_RND_Red
                0x0000000040041750                c_Imax_RPD_Red
                0x0000000040041758                c_KDset3
                0x0000000040041760                c_KDset2
                0x0000000040041768                c_KDset1
                0x0000000040041770                c_Epsilon2
                0x0000000040041778                c_Epsilon1
                0x0000000040041780                c_Sun_Dis3
                0x0000000040041788                c_Sun_Dis2
                0x0000000040041790                c_Sun_Dis1
                0x0000000040041798                c_L_Ecliptic2
                0x00000000400417a0                c_L_Ecliptic1
                0x00000000400417a8                c_Msun2
                0x00000000400417b0                c_Msun1
                0x00000000400417b8                c_L_Msun2
                0x00000000400417c0                c_L_Msun1
                0x00000000400417c8                c_hsval
                0x0000000040041b08                c_hval
                0x0000000040041e48                c_gsval
                0x0000000040042188                c_gval
                0x00000000400424c8                c_sdmax
                0x00000000400424d0                c_a
                0x00000000400424d8                c_Pibytwo
                0x00000000400424e0                c_Kmax
                0x00000000400424e4                c_Nmax
                0x00000000400424e8                c_rk_T
                0x0000000040042770                c_rk
                0x00000000400429f8                c_I_four_cross_four
                0x0000000040042a38                c_onesecond
                0x0000000040042a3c                c_oneminute
                0x0000000040042a40                c_halfhour
                0x0000000040042a48                c_Mmax
                0x0000000040042a50                c_AS2R
                0x0000000040042a58                c_R2D
                0x0000000040042a60                c_D2R
                0x0000000040042a68                c_min_per_day
                0x0000000040042a70                c_temp4
                0x0000000040042a78                c_j4
                0x0000000040042a80                c_j3oj2
                0x0000000040042a88                c_qzms2t
                0x0000000040042a90                c_ss
                0x0000000040042a98                c_xpdotp
                0x0000000040042aa0                c_Pi
                0x0000000040042aa8                c_Day_To_Seconds
                0x0000000040042ab0                c_invmu
                0x0000000040042ab8                c_mu
                0x0000000040042ac0                c_dividebyzerovalue
                0x0000000040042ac8                c_xke
                0x0000000040042ad0                c_x2o3
                0x0000000040042ad8                c_Twopi
                0x0000000040042ae0                c_j2
                0x0000000040042ae8                c_au
                0x0000000040042af0                c_auer
                0x0000000040042af8                c_radiusearthkm
                0x0000000040042b00                c_vkmpersec
                0x0000000040042b08                c_OMEGAE
                0x0000000040042b10                c_tsince_min
                0x0000000040042b18                c_twomu
                0x0000000040042b20                c_MiC
                0x0000000040042b28                c_MaC
                0x0000000040042b30                c_TM_RW_Resol
                0x0000000040042b38                c_TM_Resol_B
                0x0000000040042b40                c_TM_Resol_w
                0x0000000040042b48                c_TM_Resol_DelThta
                0x0000000040042b50                c_Resol_DelThta
                0x0000000040042b58                c_Resol_B
                0x0000000040042b60                c_FFFF
 *fill*         0x0000000040042b64        0x4 
 .rodata.cst8   0x0000000040042b68       0x50 C:\Users\Bhagawat\AppData\Local\Temp\ccwyqy2F.o
                                         0x88 (size before relaxing)
 .rodata.cst8   0x0000000040042bb8       0x10 C:\Users\Bhagawat\AppData\Local\Temp\ccqfSTPu.o
                                         0x38 (size before relaxing)
 .rodata        0x0000000040042bc8        0x0 C:\Users\Bhagawat\AppData\Local\Temp\ccqfSTPu.o
 .rodata.cst8   0x0000000040042bc8      0x140 C:\Users\Bhagawat\AppData\Local\Temp\ccbsrfIW.o
                                        0x158 (size before relaxing)
 .rodata.cst8   0x0000000040042d08       0x30 C:\Users\Bhagawat\AppData\Local\Temp\ccTkfQo1.o
                                         0x80 (size before relaxing)
 .rodata.cst8   0x0000000040042d38      0x298 C:\Users\Bhagawat\AppData\Local\Temp\ccrGTKMf.o
                                        0x3b8 (size before relaxing)
 .rodata.cst8   0x0000000040042fd0       0xa0 C:\Users\Bhagawat\AppData\Local\Temp\ccClrC4u.o
 .rodata.cst8   0x0000000040042fd0       0xa8 c:/opt/bcc-2.0.2-gcc/bin/../lib/gcc/sparc-gaisler-elf/7.2.0/../../../../sparc-gaisler-elf/lib/leon/mfix-at697f\libm.a(lib_a-s_atan.o)
                                         0xd0 (size before relaxing)
 .rodata.cst8   0x0000000040043078       0x10 c:/opt/bcc-2.0.2-gcc/bin/../lib/gcc/sparc-gaisler-elf/7.2.0/../../../../sparc-gaisler-elf/lib/leon/mfix-at697f\libm.a(lib_a-s_floor.o)
 .rodata.str1.8
                0x0000000040043078        0x9 c:/opt/bcc-2.0.2-gcc/bin/../lib/gcc/sparc-gaisler-elf/7.2.0/../../../../sparc-gaisler-elf/lib/leon/mfix-at697f\libm.a(lib_a-w_acos.o)
 .rodata.cst8   0x0000000040043081        0x8 c:/opt/bcc-2.0.2-gcc/bin/../lib/gcc/sparc-gaisler-elf/7.2.0/../../../../sparc-gaisler-elf/lib/leon/mfix-at697f\libm.a(lib_a-w_acos.o)
 *fill*         0x0000000040043081        0x7 
 .rodata.str1.8
                0x0000000040043088        0x5 c:/opt/bcc-2.0.2-gcc/bin/../lib/gcc/sparc-gaisler-elf/7.2.0/../../../../sparc-gaisler-elf/lib/leon/mfix-at697f\libm.a(lib_a-w_asin.o)
                                          0x9 (size before relaxing)
 .rodata.cst8   0x000000004004308d        0x8 c:/opt/bcc-2.0.2-gcc/bin/../lib/gcc/sparc-gaisler-elf/7.2.0/../../../../sparc-gaisler-elf/lib/leon/mfix-at697f\libm.a(lib_a-w_asin.o)
 *fill*         0x000000004004308d        0x3 
 .rodata.str1.8
                0x0000000040043090        0x5 c:/opt/bcc-2.0.2-gcc/bin/../lib/gcc/sparc-gaisler-elf/7.2.0/../../../../sparc-gaisler-elf/lib/leon/mfix-at697f\libm.a(lib_a-w_fmod.o)
 .rodata.cst8   0x0000000040043095        0x8 c:/opt/bcc-2.0.2-gcc/bin/../lib/gcc/sparc-gaisler-elf/7.2.0/../../../../sparc-gaisler-elf/lib/leon/mfix-at697f\libm.a(lib_a-w_fmod.o)
 *fill*         0x0000000040043095        0x3 
 .rodata.str1.8
                0x0000000040043098        0x4 c:/opt/bcc-2.0.2-gcc/bin/../lib/gcc/sparc-gaisler-elf/7.2.0/../../../../sparc-gaisler-elf/lib/leon/mfix-at697f\libm.a(lib_a-w_pow.o)
 *fill*         0x000000004004309c        0x4 
 .rodata.cst8   0x00000000400430a0       0x20 c:/opt/bcc-2.0.2-gcc/bin/../lib/gcc/sparc-gaisler-elf/7.2.0/../../../../sparc-gaisler-elf/lib/leon/mfix-at697f\libm.a(lib_a-w_pow.o)
                                         0x38 (size before relaxing)
 .rodata.str1.8
                0x00000000400430c0        0x8 c:/opt/bcc-2.0.2-gcc/bin/../lib/gcc/sparc-gaisler-elf/7.2.0/../../../../sparc-gaisler-elf/lib/leon/mfix-at697f\libm.a(lib_a-w_sqrt.o)
                                          0x5 (size before relaxing)
 .rodata.cst8   0x00000000400430c8        0x8 c:/opt/bcc-2.0.2-gcc/bin/../lib/gcc/sparc-gaisler-elf/7.2.0/../../../../sparc-gaisler-elf/lib/leon/mfix-at697f\libm.a(lib_a-w_sqrt.o)
 .rodata.cst8   0x00000000400430c8       0x50 c:/opt/bcc-2.0.2-gcc/bin/../lib/gcc/sparc-gaisler-elf/7.2.0/../../../../sparc-gaisler-elf/lib/leon/mfix-at697f\libm.a(lib_a-e_acos.o)
                                         0x80 (size before relaxing)
 .rodata.cst8   0x0000000040043118       0x80 c:/opt/bcc-2.0.2-gcc/bin/../lib/gcc/sparc-gaisler-elf/7.2.0/../../../../sparc-gaisler-elf/lib/leon/mfix-at697f\libm.a(lib_a-e_asin.o)
 .rodata.cst8   0x0000000040043118       0x28 c:/opt/bcc-2.0.2-gcc/bin/../lib/gcc/sparc-gaisler-elf/7.2.0/../../../../sparc-gaisler-elf/lib/leon/mfix-at697f\libm.a(lib_a-e_atan2.o)
                                         0x58 (size before relaxing)
 .rodata        0x0000000040043140       0x10 c:/opt/bcc-2.0.2-gcc/bin/../lib/gcc/sparc-gaisler-elf/7.2.0/../../../../sparc-gaisler-elf/lib/leon/mfix-at697f\libm.a(lib_a-e_fmod.o)
 .rodata.str1.8
                0x0000000040043150        0x1 c:/opt/bcc-2.0.2-gcc/bin/../lib/gcc/sparc-gaisler-elf/7.2.0/../../../../sparc-gaisler-elf/lib/leon/mfix-at697f\libm.a(lib_a-e_pow.o)
 .rodata.cst8   0x0000000040043150       0xc8 c:/opt/bcc-2.0.2-gcc/bin/../lib/gcc/sparc-gaisler-elf/7.2.0/../../../../sparc-gaisler-elf/lib/leon/mfix-at697f\libm.a(lib_a-e_pow.o)
                                        0x120 (size before relaxing)
 .rodata.cst8   0x0000000040043218       0x40 c:/opt/bcc-2.0.2-gcc/bin/../lib/gcc/sparc-gaisler-elf/7.2.0/../../../../sparc-gaisler-elf/lib/leon/mfix-at697f\libm.a(lib_a-e_rem_pio2.o)
                                         0x50 (size before relaxing)
 .rodata        0x0000000040043258      0x188 c:/opt/bcc-2.0.2-gcc/bin/../lib/gcc/sparc-gaisler-elf/7.2.0/../../../../sparc-gaisler-elf/lib/leon/mfix-at697f\libm.a(lib_a-e_rem_pio2.o)
 .rodata.cst8   0x00000000400433e0       0x40 c:/opt/bcc-2.0.2-gcc/bin/../lib/gcc/sparc-gaisler-elf/7.2.0/../../../../sparc-gaisler-elf/lib/leon/mfix-at697f\libm.a(lib_a-k_cos.o)
                                         0x50 (size before relaxing)
 .rodata.cst8   0x0000000040043420       0x50 c:/opt/bcc-2.0.2-gcc/bin/../lib/gcc/sparc-gaisler-elf/7.2.0/../../../../sparc-gaisler-elf/lib/leon/mfix-at697f\libm.a(lib_a-k_rem_pio2.o)
                                         0x78 (size before relaxing)
 .rodata        0x0000000040043470       0x10 c:/opt/bcc-2.0.2-gcc/bin/../lib/gcc/sparc-gaisler-elf/7.2.0/../../../../sparc-gaisler-elf/lib/leon/mfix-at697f\libm.a(lib_a-k_rem_pio2.o)
 .rodata.cst8   0x0000000040043480       0x30 c:/opt/bcc-2.0.2-gcc/bin/../lib/gcc/sparc-gaisler-elf/7.2.0/../../../../sparc-gaisler-elf/lib/leon/mfix-at697f\libm.a(lib_a-k_sin.o)
                                         0x38 (size before relaxing)
 .rodata.cst8   0x00000000400434b0       0x68 c:/opt/bcc-2.0.2-gcc/bin/../lib/gcc/sparc-gaisler-elf/7.2.0/../../../../sparc-gaisler-elf/lib/leon/mfix-at697f\libm.a(lib_a-k_tan.o)
                                         0x90 (size before relaxing)
 .rodata.cst8   0x0000000040043518        0x8 c:/opt/bcc-2.0.2-gcc/bin/../lib/gcc/sparc-gaisler-elf/7.2.0/../../../../sparc-gaisler-elf/lib/leon/mfix-at697f\libm.a(lib_a-s_nan.o)
 .rodata        0x0000000040043520       0x10 c:/opt/bcc-2.0.2-gcc/bin/../lib/gcc/sparc-gaisler-elf/7.2.0/../../../../sparc-gaisler-elf/lib/leon/mfix-at697f\libm.a(lib_a-s_rint.o)
 .rodata.cst8   0x0000000040043530       0x18 c:/opt/bcc-2.0.2-gcc/bin/../lib/gcc/sparc-gaisler-elf/7.2.0/../../../../sparc-gaisler-elf/lib/leon/mfix-at697f\libm.a(lib_a-s_scalbn.o)
                                         0x20 (size before relaxing)
 .rodata        0x0000000040043548        0x4 c:/opt/bcc-2.0.2-gcc/bin/../lib/gcc/sparc-gaisler-elf/7.2.0/../../../../sparc-gaisler-elf/lib/leon/mfix-at697f\libc.a(lib_a-impure.o)
                0x0000000040043548                _global_impure_ptr
 *(.gnu.linkonce.r*)
                0x0000000040043550                . = ALIGN (0x10)
 *fill*         0x000000004004354c        0x4 
                0x0000000040043550                __rodata_end = .

.rela.dyn       0x0000000040043550        0x0
 .rela.iplt     0x0000000040043550        0x0 c:/opt/bcc-2.0.2-gcc/bin/../sparc-gaisler-elf/bsp/leon2/leon/mfix-at697f/trap_table_mvt.S.o
 .rela.text.traptable
                0x0000000040043550        0x0 c:/opt/bcc-2.0.2-gcc/bin/../sparc-gaisler-elf/bsp/leon2/leon/mfix-at697f/trap_table_mvt.S.o
 .rela.text     0x0000000040043550        0x0 c:/opt/bcc-2.0.2-gcc/bin/../sparc-gaisler-elf/bsp/leon2/leon/mfix-at697f/trap_table_mvt.S.o
 .rela.text.startup
                0x0000000040043550        0x0 c:/opt/bcc-2.0.2-gcc/bin/../sparc-gaisler-elf/bsp/leon2/leon/mfix-at697f/trap_table_mvt.S.o
 .rela.data     0x0000000040043550        0x0 c:/opt/bcc-2.0.2-gcc/bin/../sparc-gaisler-elf/bsp/leon2/leon/mfix-at697f/trap_table_mvt.S.o

.ext.data       0x0000000040043550        0x0
                0x0000000040043550                . = ALIGN (0x8)
                0x0000000040043550                __extdata_start = .
 *(.data.ext)
                0x0000000040043550                . = ALIGN (0x8)
                0x0000000040043550                __extdata_end = .
                0x0000000040043550                __extdata_start_lma = LOADADDR (.ext.data)
                0x0000000000000000                __extdata_size = SIZEOF (.ext.data)

.data           0x0000000040043550      0x580
                0x0000000040043550                . = ALIGN (0x8)
                0x0000000040043550                __data_start = .
 *(.data .data.*)
 .data          0x0000000040043550        0x0 c:/opt/bcc-2.0.2-gcc/bin/../sparc-gaisler-elf/bsp/leon2/leon/mfix-at697f/trap_table_mvt.S.o
 .data          0x0000000040043550        0x0 c:/opt/bcc-2.0.2-gcc/bin/../sparc-gaisler-elf/bsp/leon2/leon/mfix-at697f/crt0.S.o
 .data          0x0000000040043550        0x0 c:/opt/bcc-2.0.2-gcc/bin/../lib/gcc/sparc-gaisler-elf/7.2.0/leon/mfix-at697f/crti.o
 .data          0x0000000040043550        0x4 c:/opt/bcc-2.0.2-gcc/bin/../lib/gcc/sparc-gaisler-elf/7.2.0/leon/mfix-at697f/crtbegin.o
                0x0000000040043550                __dso_handle
 .data          0x0000000040043554        0x0 C:\Users\Bhagawat\AppData\Local\Temp\cc7cnmJb.o
 .data          0x0000000040043554        0x0 C:\Users\Bhagawat\AppData\Local\Temp\cc9w0diA.o
 .data          0x0000000040043554       0x18 C:\Users\Bhagawat\AppData\Local\Temp\cciHPwEB.o
                0x0000000040043568                real_tm_wait
 .data          0x000000004004356c      0x3e0 C:\Users\Bhagawat\AppData\Local\Temp\cc8YBv3l.o
                0x000000004004356c                Resol_Table_Adcs
                0x000000004004366c                BlkExe_Status
                0x0000000040043670                FuncExecute_Table
                0x00000000400438e0                Resol_Table
 .data          0x000000004004394c        0x0 C:\Users\Bhagawat\AppData\Local\Temp\ccevJ77f.o
 .data          0x000000004004394c        0x0 C:\Users\Bhagawat\AppData\Local\Temp\ccBT4kKc.o
 .data          0x000000004004394c        0x8 C:\Users\Bhagawat\AppData\Local\Temp\ccJVWFYh.o
                0x000000004004394c                PL_Debug_Data
 .data          0x0000000040043954       0x20 C:\Users\Bhagawat\AppData\Local\Temp\cc1ezbmw.o
                0x0000000040043954                inter_HAL_EPS_Hardware_Status_SEL
 .data          0x0000000040043974        0x0 C:\Users\Bhagawat\AppData\Local\Temp\ccjMkQDR.o
 .data          0x0000000040043974        0x0 C:\Users\Bhagawat\AppData\Local\Temp\ccz4Eywm.o
 .data          0x0000000040043974        0x0 C:\Users\Bhagawat\AppData\Local\Temp\ccVlVBAd.o
 .data          0x0000000040043974       0xbc C:\Users\Bhagawat\AppData\Local\Temp\cckIP4Zd.o
                0x0000000040043974                Auto_manual
                0x0000000040043978                UTP
                0x00000000400439b8                LTP
                0x00000000400439f8                Thermister_index_select
 .data          0x0000000040043a30        0x0 C:\Users\Bhagawat\AppData\Local\Temp\ccDVgI5r.o
 .data          0x0000000040043a30        0x4 C:\Users\Bhagawat\AppData\Local\Temp\ccYNgxJ6.o
                0x0000000040043a30                NSP_addr_table
 .data          0x0000000040043a34        0x0 C:\Users\Bhagawat\AppData\Local\Temp\ccDY6QaX.o
 .data          0x0000000040043a34        0x0 C:\Users\Bhagawat\AppData\Local\Temp\cccZNdHe.o
 .data          0x0000000040043a34        0x0 C:\Users\Bhagawat\AppData\Local\Temp\ccLJwl7b.o
 .data          0x0000000040043a34        0x0 C:\Users\Bhagawat\AppData\Local\Temp\ccU8Q0Tf.o
 .data          0x0000000040043a34        0x0 C:\Users\Bhagawat\AppData\Local\Temp\ccwyqy2F.o
 .data          0x0000000040043a34        0x0 C:\Users\Bhagawat\AppData\Local\Temp\ccqfSTPu.o
 .data          0x0000000040043a34        0x0 C:\Users\Bhagawat\AppData\Local\Temp\ccbsrfIW.o
 .data          0x0000000040043a34        0x0 C:\Users\Bhagawat\AppData\Local\Temp\ccTkfQo1.o
 .data          0x0000000040043a34        0x0 C:\Users\Bhagawat\AppData\Local\Temp\cclratJd.o
 .data          0x0000000040043a34        0x0 C:\Users\Bhagawat\AppData\Local\Temp\ccrGTKMf.o
 .data          0x0000000040043a34        0x0 C:\Users\Bhagawat\AppData\Local\Temp\ccClrC4u.o
 .data          0x0000000040043a34        0x0 C:\Users\Bhagawat\AppData\Local\Temp\ccpAp31W.o
 .data          0x0000000040043a34        0x0 c:/opt/bcc-2.0.2-gcc/bin/../lib/gcc/sparc-gaisler-elf/7.2.0/../../../../sparc-gaisler-elf/lib/leon/mfix-at697f\libm.a(lib_a-s_atan.o)
 .data          0x0000000040043a34        0x0 c:/opt/bcc-2.0.2-gcc/bin/../lib/gcc/sparc-gaisler-elf/7.2.0/../../../../sparc-gaisler-elf/lib/leon/mfix-at697f\libm.a(lib_a-s_cos.o)
 .data          0x0000000040043a34        0x0 c:/opt/bcc-2.0.2-gcc/bin/../lib/gcc/sparc-gaisler-elf/7.2.0/../../../../sparc-gaisler-elf/lib/leon/mfix-at697f\libm.a(lib_a-s_fabs.o)
 .data          0x0000000040043a34        0x0 c:/opt/bcc-2.0.2-gcc/bin/../lib/gcc/sparc-gaisler-elf/7.2.0/../../../../sparc-gaisler-elf/lib/leon/mfix-at697f\libm.a(lib_a-s_floor.o)
 .data          0x0000000040043a34        0x0 c:/opt/bcc-2.0.2-gcc/bin/../lib/gcc/sparc-gaisler-elf/7.2.0/../../../../sparc-gaisler-elf/lib/leon/mfix-at697f\libm.a(lib_a-s_sin.o)
 .data          0x0000000040043a34        0x0 c:/opt/bcc-2.0.2-gcc/bin/../lib/gcc/sparc-gaisler-elf/7.2.0/../../../../sparc-gaisler-elf/lib/leon/mfix-at697f\libm.a(lib_a-s_tan.o)
 .data          0x0000000040043a34        0x0 c:/opt/bcc-2.0.2-gcc/bin/../lib/gcc/sparc-gaisler-elf/7.2.0/../../../../sparc-gaisler-elf/lib/leon/mfix-at697f\libm.a(lib_a-w_acos.o)
 .data          0x0000000040043a34        0x0 c:/opt/bcc-2.0.2-gcc/bin/../lib/gcc/sparc-gaisler-elf/7.2.0/../../../../sparc-gaisler-elf/lib/leon/mfix-at697f\libm.a(lib_a-w_asin.o)
 .data          0x0000000040043a34        0x0 c:/opt/bcc-2.0.2-gcc/bin/../lib/gcc/sparc-gaisler-elf/7.2.0/../../../../sparc-gaisler-elf/lib/leon/mfix-at697f\libm.a(lib_a-w_atan2.o)
 .data          0x0000000040043a34        0x0 c:/opt/bcc-2.0.2-gcc/bin/../lib/gcc/sparc-gaisler-elf/7.2.0/../../../../sparc-gaisler-elf/lib/leon/mfix-at697f\libm.a(lib_a-w_fmod.o)
 .data          0x0000000040043a34        0x0 c:/opt/bcc-2.0.2-gcc/bin/../lib/gcc/sparc-gaisler-elf/7.2.0/../../../../sparc-gaisler-elf/lib/leon/mfix-at697f\libm.a(lib_a-w_pow.o)
 .data          0x0000000040043a34        0x0 c:/opt/bcc-2.0.2-gcc/bin/../lib/gcc/sparc-gaisler-elf/7.2.0/../../../../sparc-gaisler-elf/lib/leon/mfix-at697f\libm.a(lib_a-w_sqrt.o)
 .data          0x0000000040043a34        0x0 c:/opt/bcc-2.0.2-gcc/bin/../lib/gcc/sparc-gaisler-elf/7.2.0/../../../../sparc-gaisler-elf/lib/leon/mfix-at697f\libm.a(lib_a-e_acos.o)
 .data          0x0000000040043a34        0x0 c:/opt/bcc-2.0.2-gcc/bin/../lib/gcc/sparc-gaisler-elf/7.2.0/../../../../sparc-gaisler-elf/lib/leon/mfix-at697f\libm.a(lib_a-e_asin.o)
 .data          0x0000000040043a34        0x0 c:/opt/bcc-2.0.2-gcc/bin/../lib/gcc/sparc-gaisler-elf/7.2.0/../../../../sparc-gaisler-elf/lib/leon/mfix-at697f\libm.a(lib_a-e_atan2.o)
 .data          0x0000000040043a34        0x0 c:/opt/bcc-2.0.2-gcc/bin/../lib/gcc/sparc-gaisler-elf/7.2.0/../../../../sparc-gaisler-elf/lib/leon/mfix-at697f\libm.a(lib_a-e_fmod.o)
 .data          0x0000000040043a34        0x0 c:/opt/bcc-2.0.2-gcc/bin/../lib/gcc/sparc-gaisler-elf/7.2.0/../../../../sparc-gaisler-elf/lib/leon/mfix-at697f\libm.a(lib_a-e_pow.o)
 .data          0x0000000040043a34        0x0 c:/opt/bcc-2.0.2-gcc/bin/../lib/gcc/sparc-gaisler-elf/7.2.0/../../../../sparc-gaisler-elf/lib/leon/mfix-at697f\libm.a(lib_a-e_rem_pio2.o)
 .data          0x0000000040043a34        0x0 c:/opt/bcc-2.0.2-gcc/bin/../lib/gcc/sparc-gaisler-elf/7.2.0/../../../../sparc-gaisler-elf/lib/leon/mfix-at697f\libm.a(lib_a-e_sqrt.o)
 .data          0x0000000040043a34        0x0 c:/opt/bcc-2.0.2-gcc/bin/../lib/gcc/sparc-gaisler-elf/7.2.0/../../../../sparc-gaisler-elf/lib/leon/mfix-at697f\libm.a(lib_a-k_cos.o)
 .data          0x0000000040043a34        0x0 c:/opt/bcc-2.0.2-gcc/bin/../lib/gcc/sparc-gaisler-elf/7.2.0/../../../../sparc-gaisler-elf/lib/leon/mfix-at697f\libm.a(lib_a-k_rem_pio2.o)
 .data          0x0000000040043a34        0x0 c:/opt/bcc-2.0.2-gcc/bin/../lib/gcc/sparc-gaisler-elf/7.2.0/../../../../sparc-gaisler-elf/lib/leon/mfix-at697f\libm.a(lib_a-k_sin.o)
 .data          0x0000000040043a34        0x0 c:/opt/bcc-2.0.2-gcc/bin/../lib/gcc/sparc-gaisler-elf/7.2.0/../../../../sparc-gaisler-elf/lib/leon/mfix-at697f\libm.a(lib_a-k_tan.o)
 .data          0x0000000040043a34        0x0 c:/opt/bcc-2.0.2-gcc/bin/../lib/gcc/sparc-gaisler-elf/7.2.0/../../../../sparc-gaisler-elf/lib/leon/mfix-at697f\libm.a(lib_a-s_finite.o)
 .data          0x0000000040043a34        0x4 c:/opt/bcc-2.0.2-gcc/bin/../lib/gcc/sparc-gaisler-elf/7.2.0/../../../../sparc-gaisler-elf/lib/leon/mfix-at697f\libm.a(lib_a-s_lib_ver.o)
                0x0000000040043a34                __fdlib_version
 .data          0x0000000040043a38        0x0 c:/opt/bcc-2.0.2-gcc/bin/../lib/gcc/sparc-gaisler-elf/7.2.0/../../../../sparc-gaisler-elf/lib/leon/mfix-at697f\libm.a(lib_a-s_matherr.o)
 .data          0x0000000040043a38        0x0 c:/opt/bcc-2.0.2-gcc/bin/../lib/gcc/sparc-gaisler-elf/7.2.0/../../../../sparc-gaisler-elf/lib/leon/mfix-at697f\libm.a(lib_a-s_nan.o)
 .data          0x0000000040043a38        0x0 c:/opt/bcc-2.0.2-gcc/bin/../lib/gcc/sparc-gaisler-elf/7.2.0/../../../../sparc-gaisler-elf/lib/leon/mfix-at697f\libm.a(lib_a-s_rint.o)
 .data          0x0000000040043a38        0x0 c:/opt/bcc-2.0.2-gcc/bin/../lib/gcc/sparc-gaisler-elf/7.2.0/../../../../sparc-gaisler-elf/lib/leon/mfix-at697f\libm.a(lib_a-s_scalbn.o)
 .data          0x0000000040043a38        0x0 c:/opt/bcc-2.0.2-gcc/bin/../lib/gcc/sparc-gaisler-elf/7.2.0/../../../../sparc-gaisler-elf/lib/leon/mfix-at697f\libm.a(lib_a-s_copysign.o)
 .data          0x0000000040043a38        0x0 c:/opt/bcc-2.0.2-gcc/bin/../sparc-gaisler-elf/bsp/leon2/leon/mfix-at697f\libbcc.a(reset_trap_mvt.S.o)
 .data          0x0000000040043a38        0x0 c:/opt/bcc-2.0.2-gcc/bin/../sparc-gaisler-elf/bsp/leon2/leon/mfix-at697f\libbcc.a(window_trap.S.o)
 .data          0x0000000040043a38        0x0 c:/opt/bcc-2.0.2-gcc/bin/../sparc-gaisler-elf/bsp/leon2/leon/mfix-at697f\libbcc.a(interrupt_trap.S.o)
 .data          0x0000000040043a38        0x0 c:/opt/bcc-2.0.2-gcc/bin/../sparc-gaisler-elf/bsp/leon2/leon/mfix-at697f\libbcc.a(flush_windows_trap.S.o)
 .data          0x0000000040043a38        0x0 c:/opt/bcc-2.0.2-gcc/bin/../sparc-gaisler-elf/bsp/leon2/leon/mfix-at697f\libbcc.a(sw_trap_set_pil.S.o)
 .data          0x0000000040043a38        0x0 c:/opt/bcc-2.0.2-gcc/bin/../sparc-gaisler-elf/bsp/leon2/leon/mfix-at697f\libbcc.a(trap.c.o)
 .data          0x0000000040043a38        0x0 c:/opt/bcc-2.0.2-gcc/bin/../sparc-gaisler-elf/bsp/leon2/leon/mfix-at697f\libbcc.a(isr.c.o)
 .data          0x0000000040043a38       0x10 c:/opt/bcc-2.0.2-gcc/bin/../sparc-gaisler-elf/bsp/leon2/leon/mfix-at697f\libbcc.a(int_nest.c.o)
                0x0000000040043a38                __bcc_int_nest
 .data          0x0000000040043a48        0x0 c:/opt/bcc-2.0.2-gcc/bin/../sparc-gaisler-elf/bsp/leon2/leon/mfix-at697f\libbcc.a(init.S.o)
 .data          0x0000000040043a48       0x10 c:/opt/bcc-2.0.2-gcc/bin/../sparc-gaisler-elf/bsp/leon2/leon/mfix-at697f\libbcc.a(leon_info.S.o)
                0x0000000040043a48                __bcc_leon_version
                0x0000000040043a4c                __bcc_nwindows_min1
                0x0000000040043a50                __bcc_nwindows
                0x0000000040043a54                __bcc_cpuid
 .data          0x0000000040043a58        0x0 c:/opt/bcc-2.0.2-gcc/bin/../sparc-gaisler-elf/bsp/leon2/leon/mfix-at697f\libbcc.a(dwzero.S.o)
 .data          0x0000000040043a58        0x0 c:/opt/bcc-2.0.2-gcc/bin/../sparc-gaisler-elf/bsp/leon2/leon/mfix-at697f\libbcc.a(copy_data.c.o)
 .data          0x0000000040043a58        0x0 c:/opt/bcc-2.0.2-gcc/bin/../sparc-gaisler-elf/bsp/leon2/leon/mfix-at697f\libbcc.a(lowlevel.S.o)
 .data          0x0000000040043a58        0x0 c:/opt/bcc-2.0.2-gcc/bin/../sparc-gaisler-elf/bsp/leon2/leon/mfix-at697f\libbcc.a(lowlevel_leon2.S.o)
 .data          0x0000000040043a58        0x0 c:/opt/bcc-2.0.2-gcc/bin/../sparc-gaisler-elf/bsp/leon2/leon/mfix-at697f\libbcc.a(int_leon2.c.o)
 .data          0x0000000040043a58        0x0 c:/opt/bcc-2.0.2-gcc/bin/../sparc-gaisler-elf/bsp/leon2/leon/mfix-at697f\libbcc.a(int_leon2_get_source.c.o)
 .data          0x0000000040043a58        0x0 c:/opt/bcc-2.0.2-gcc/bin/../sparc-gaisler-elf/bsp/leon2/leon/mfix-at697f\libbcc.a(int_leon2_init.c.o)
 .data          0x0000000040043a58        0x0 c:/opt/bcc-2.0.2-gcc/bin/../sparc-gaisler-elf/bsp/leon2/leon/mfix-at697f\libbcc.a(con_leon2.c.o)
 .data          0x0000000040043a58        0x0 c:/opt/bcc-2.0.2-gcc/bin/../sparc-gaisler-elf/bsp/leon2/leon/mfix-at697f\libbcc.a(timer_leon2.c.o)
 .data          0x0000000040043a58        0x0 c:/opt/bcc-2.0.2-gcc/bin/../sparc-gaisler-elf/bsp/leon2/leon/mfix-at697f\libbcc.a(set_pil.S.o)
 .data          0x0000000040043a58        0x4 c:/opt/bcc-2.0.2-gcc/bin/../sparc-gaisler-elf/bsp/leon2/leon/mfix-at697f\libbcc.a(int_leon2_handle.c.o)
                0x0000000040043a58                __bcc_int_handle
 .data          0x0000000040043a5c        0x4 c:/opt/bcc-2.0.2-gcc/bin/../sparc-gaisler-elf/bsp/leon2/leon/mfix-at697f\libbcc.a(con_handle.c.o)
                0x0000000040043a5c                __bcc_con_handle
 .data          0x0000000040043a60        0x8 c:/opt/bcc-2.0.2-gcc/bin/../sparc-gaisler-elf/bsp/leon2/leon/mfix-at697f\libbcc.a(timer_handle.c.o)
                0x0000000040043a60                __bcc_timer_interrupt
                0x0000000040043a64                __bcc_timer_handle
 .data          0x0000000040043a68        0x0 c:/opt/bcc-2.0.2-gcc/bin/../lib/gcc/sparc-gaisler-elf/7.2.0/../../../../sparc-gaisler-elf/lib/leon/mfix-at697f\libc.a(lib_a-atexit.o)
 .data          0x0000000040043a68        0x0 c:/opt/bcc-2.0.2-gcc/bin/../lib/gcc/sparc-gaisler-elf/7.2.0/../../../../sparc-gaisler-elf/lib/leon/mfix-at697f\libc.a(lib_a-errno.o)
 .data          0x0000000040043a68        0x0 c:/opt/bcc-2.0.2-gcc/bin/../lib/gcc/sparc-gaisler-elf/7.2.0/../../../../sparc-gaisler-elf/lib/leon/mfix-at697f\libc.a(lib_a-exit.o)
 .data          0x0000000040043a68       0x64 c:/opt/bcc-2.0.2-gcc/bin/../lib/gcc/sparc-gaisler-elf/7.2.0/../../../../sparc-gaisler-elf/lib/leon/mfix-at697f\libc.a(lib_a-impure.o)
                0x0000000040043a68                _impure_ptr
 .data          0x0000000040043acc        0x0 c:/opt/bcc-2.0.2-gcc/bin/../lib/gcc/sparc-gaisler-elf/7.2.0/../../../../sparc-gaisler-elf/lib/leon/mfix-at697f\libc.a(lib_a-memcpy.o)
 .data          0x0000000040043acc        0x0 c:/opt/bcc-2.0.2-gcc/bin/../lib/gcc/sparc-gaisler-elf/7.2.0/../../../../sparc-gaisler-elf/lib/leon/mfix-at697f\libc.a(lib_a-__atexit.o)
 .data          0x0000000040043acc        0x0 c:/opt/bcc-2.0.2-gcc/bin/../lib/gcc/sparc-gaisler-elf/7.2.0/../../../../sparc-gaisler-elf/lib/leon/mfix-at697f\libc.a(lib_a-__call_atexit.o)
 .data          0x0000000040043acc        0x0 c:/opt/bcc-2.0.2-gcc/bin/../sparc-gaisler-elf/bsp/leon2/leon/mfix-at697f\libbcc.a(_exit.S.o)
 .data          0x0000000040043acc        0x0 c:/opt/bcc-2.0.2-gcc/bin/../lib/gcc/sparc-gaisler-elf/7.2.0/leon/mfix-at697f/crtend.o
 .data          0x0000000040043acc        0x0 c:/opt/bcc-2.0.2-gcc/bin/../lib/gcc/sparc-gaisler-elf/7.2.0/leon/mfix-at697f/crtn.o
                0x0000000040043ad0                . = ALIGN (0x8)
 *fill*         0x0000000040043acc        0x4 
                0x0000000040043ad0                __data_end = .
                0x0000000040043550                __data_start_lma = LOADADDR (.data)
                0x0000000000000580                __data_size = SIZEOF (.data)

.iplt           0x0000000040043ad0        0x0
 .iplt          0x0000000040043ad0        0x0 c:/opt/bcc-2.0.2-gcc/bin/../sparc-gaisler-elf/bsp/leon2/leon/mfix-at697f/trap_table_mvt.S.o

.tm_clone_table
                0x0000000040043ad0        0x0
 .tm_clone_table
                0x0000000040043ad0        0x0 c:/opt/bcc-2.0.2-gcc/bin/../lib/gcc/sparc-gaisler-elf/7.2.0/leon/mfix-at697f/crtbegin.o
 .tm_clone_table
                0x0000000040043ad0        0x0 c:/opt/bcc-2.0.2-gcc/bin/../lib/gcc/sparc-gaisler-elf/7.2.0/leon/mfix-at697f/crtend.o

.bss            0x0000000040043ad0    0x8ff20
                0x0000000040043ad0                . = ALIGN (0x8)
                0x0000000040043ad0                __bss_start = .
 *(.bss .bss.*)
 .bss           0x0000000040043ad0        0x0 c:/opt/bcc-2.0.2-gcc/bin/../sparc-gaisler-elf/bsp/leon2/leon/mfix-at697f/trap_table_mvt.S.o
 .bss           0x0000000040043ad0        0x4 c:/opt/bcc-2.0.2-gcc/bin/../sparc-gaisler-elf/bsp/leon2/leon/mfix-at697f/crt0.S.o
                0x0000000040043ad0                __bcc_sp_at_entry
 .bss           0x0000000040043ad4        0x0 c:/opt/bcc-2.0.2-gcc/bin/../lib/gcc/sparc-gaisler-elf/7.2.0/leon/mfix-at697f/crti.o
 .bss           0x0000000040043ad4       0x20 c:/opt/bcc-2.0.2-gcc/bin/../lib/gcc/sparc-gaisler-elf/7.2.0/leon/mfix-at697f/crtbegin.o
 .bss           0x0000000040043af4        0x0 C:\Users\Bhagawat\AppData\Local\Temp\cc7cnmJb.o
 .bss           0x0000000040043af4        0x0 C:\Users\Bhagawat\AppData\Local\Temp\cc9w0diA.o
 .bss           0x0000000040043af4        0x8 C:\Users\Bhagawat\AppData\Local\Temp\cciHPwEB.o
                0x0000000040043af4                test_st_sp
                0x0000000040043af5                filler_byte
                0x0000000040043af8                repeat_count
 .bss           0x0000000040043afc       0x24 C:\Users\Bhagawat\AppData\Local\Temp\cc8YBv3l.o
                0x0000000040043afc                Diff_stop_srl_num
                0x0000000040043b00                Diff_start_srl_num
                0x0000000040043b04                DTTC_count
                0x0000000040043b08                ATTC_count
                0x0000000040043b0c                ATTC_exe_en
                0x0000000040043b10                ATTC_Master_en
                0x0000000040043b14                Nodeptrempty_flag
                0x0000000040043b18                ComputedParity
                0x0000000040043b19                RcvdParity
                0x0000000040043b1c                head
 .bss           0x0000000040043b20        0x0 C:\Users\Bhagawat\AppData\Local\Temp\ccevJ77f.o
 .bss           0x0000000040043b20        0x0 C:\Users\Bhagawat\AppData\Local\Temp\ccBT4kKc.o
 .bss           0x0000000040043b20        0x0 C:\Users\Bhagawat\AppData\Local\Temp\ccJVWFYh.o
 .bss           0x0000000040043b20        0x8 C:\Users\Bhagawat\AppData\Local\Temp\cc1ezbmw.o
                0x0000000040043b20                load_shedding_flag
                0x0000000040043b21                low_battery_voltage
                0x0000000040043b24                inter_HAL_EPS_Hardware_Status_count
 .bss           0x0000000040043b28        0x0 C:\Users\Bhagawat\AppData\Local\Temp\ccjMkQDR.o
 .bss           0x0000000040043b28        0x0 C:\Users\Bhagawat\AppData\Local\Temp\ccz4Eywm.o
 .bss           0x0000000040043b28        0x4 C:\Users\Bhagawat\AppData\Local\Temp\ccVlVBAd.o
                0x0000000040043b28                gps_ready_bit
 .bss           0x0000000040043b2c        0x0 C:\Users\Bhagawat\AppData\Local\Temp\cckIP4Zd.o
 .bss           0x0000000040043b2c        0x4 C:\Users\Bhagawat\AppData\Local\Temp\ccDVgI5r.o
                0x0000000040043b2c                MTR_Reset_Flag
 .bss           0x0000000040043b30        0xe C:\Users\Bhagawat\AppData\Local\Temp\ccYNgxJ6.o
                0x0000000040043b3c                crc_test
 *fill*         0x0000000040043b3e        0x2 
 .bss           0x0000000040043b40       0x18 C:\Users\Bhagawat\AppData\Local\Temp\ccDY6QaX.o
                0x0000000040043b40                SA2_status
                0x0000000040043b44                SA1_status
                0x0000000040043b48                TC_HAL_SA_Deploy
                0x0000000040043b4c                SA_Command_Type
                0x0000000040043b50                SA2_Deploy_cmd_rcvd_time
                0x0000000040043b54                SA1_Deploy_cmd_rcvd_time
 .bss           0x0000000040043b58        0x0 C:\Users\Bhagawat\AppData\Local\Temp\cccZNdHe.o
 .bss           0x0000000040043b58        0x0 C:\Users\Bhagawat\AppData\Local\Temp\ccLJwl7b.o
 .bss           0x0000000040043b58        0x0 C:\Users\Bhagawat\AppData\Local\Temp\ccU8Q0Tf.o
 .bss           0x0000000040043b58        0x0 C:\Users\Bhagawat\AppData\Local\Temp\ccwyqy2F.o
 .bss           0x0000000040043b58        0x0 C:\Users\Bhagawat\AppData\Local\Temp\ccqfSTPu.o
 .bss           0x0000000040043b58        0x0 C:\Users\Bhagawat\AppData\Local\Temp\ccbsrfIW.o
 .bss           0x0000000040043b58        0x0 C:\Users\Bhagawat\AppData\Local\Temp\ccTkfQo1.o
 .bss           0x0000000040043b58        0x0 C:\Users\Bhagawat\AppData\Local\Temp\cclratJd.o
 .bss           0x0000000040043b58        0x0 C:\Users\Bhagawat\AppData\Local\Temp\ccrGTKMf.o
 .bss           0x0000000040043b58        0x0 C:\Users\Bhagawat\AppData\Local\Temp\ccClrC4u.o
 .bss           0x0000000040043b58        0x0 C:\Users\Bhagawat\AppData\Local\Temp\ccpAp31W.o
 .bss           0x0000000040043b58        0x0 c:/opt/bcc-2.0.2-gcc/bin/../lib/gcc/sparc-gaisler-elf/7.2.0/../../../../sparc-gaisler-elf/lib/leon/mfix-at697f\libm.a(lib_a-s_atan.o)
 .bss           0x0000000040043b58        0x0 c:/opt/bcc-2.0.2-gcc/bin/../lib/gcc/sparc-gaisler-elf/7.2.0/../../../../sparc-gaisler-elf/lib/leon/mfix-at697f\libm.a(lib_a-s_cos.o)
 .bss           0x0000000040043b58        0x0 c:/opt/bcc-2.0.2-gcc/bin/../lib/gcc/sparc-gaisler-elf/7.2.0/../../../../sparc-gaisler-elf/lib/leon/mfix-at697f\libm.a(lib_a-s_fabs.o)
 .bss           0x0000000040043b58        0x0 c:/opt/bcc-2.0.2-gcc/bin/../lib/gcc/sparc-gaisler-elf/7.2.0/../../../../sparc-gaisler-elf/lib/leon/mfix-at697f\libm.a(lib_a-s_floor.o)
 .bss           0x0000000040043b58        0x0 c:/opt/bcc-2.0.2-gcc/bin/../lib/gcc/sparc-gaisler-elf/7.2.0/../../../../sparc-gaisler-elf/lib/leon/mfix-at697f\libm.a(lib_a-s_sin.o)
 .bss           0x0000000040043b58        0x0 c:/opt/bcc-2.0.2-gcc/bin/../lib/gcc/sparc-gaisler-elf/7.2.0/../../../../sparc-gaisler-elf/lib/leon/mfix-at697f\libm.a(lib_a-s_tan.o)
 .bss           0x0000000040043b58        0x0 c:/opt/bcc-2.0.2-gcc/bin/../lib/gcc/sparc-gaisler-elf/7.2.0/../../../../sparc-gaisler-elf/lib/leon/mfix-at697f\libm.a(lib_a-w_acos.o)
 .bss           0x0000000040043b58        0x0 c:/opt/bcc-2.0.2-gcc/bin/../lib/gcc/sparc-gaisler-elf/7.2.0/../../../../sparc-gaisler-elf/lib/leon/mfix-at697f\libm.a(lib_a-w_asin.o)
 .bss           0x0000000040043b58        0x0 c:/opt/bcc-2.0.2-gcc/bin/../lib/gcc/sparc-gaisler-elf/7.2.0/../../../../sparc-gaisler-elf/lib/leon/mfix-at697f\libm.a(lib_a-w_atan2.o)
 .bss           0x0000000040043b58        0x0 c:/opt/bcc-2.0.2-gcc/bin/../lib/gcc/sparc-gaisler-elf/7.2.0/../../../../sparc-gaisler-elf/lib/leon/mfix-at697f\libm.a(lib_a-w_fmod.o)
 .bss           0x0000000040043b58        0x0 c:/opt/bcc-2.0.2-gcc/bin/../lib/gcc/sparc-gaisler-elf/7.2.0/../../../../sparc-gaisler-elf/lib/leon/mfix-at697f\libm.a(lib_a-w_pow.o)
 .bss           0x0000000040043b58        0x0 c:/opt/bcc-2.0.2-gcc/bin/../lib/gcc/sparc-gaisler-elf/7.2.0/../../../../sparc-gaisler-elf/lib/leon/mfix-at697f\libm.a(lib_a-w_sqrt.o)
 .bss           0x0000000040043b58        0x0 c:/opt/bcc-2.0.2-gcc/bin/../lib/gcc/sparc-gaisler-elf/7.2.0/../../../../sparc-gaisler-elf/lib/leon/mfix-at697f\libm.a(lib_a-e_acos.o)
 .bss           0x0000000040043b58        0x0 c:/opt/bcc-2.0.2-gcc/bin/../lib/gcc/sparc-gaisler-elf/7.2.0/../../../../sparc-gaisler-elf/lib/leon/mfix-at697f\libm.a(lib_a-e_asin.o)
 .bss           0x0000000040043b58        0x0 c:/opt/bcc-2.0.2-gcc/bin/../lib/gcc/sparc-gaisler-elf/7.2.0/../../../../sparc-gaisler-elf/lib/leon/mfix-at697f\libm.a(lib_a-e_atan2.o)
 .bss           0x0000000040043b58        0x0 c:/opt/bcc-2.0.2-gcc/bin/../lib/gcc/sparc-gaisler-elf/7.2.0/../../../../sparc-gaisler-elf/lib/leon/mfix-at697f\libm.a(lib_a-e_fmod.o)
 .bss           0x0000000040043b58        0x0 c:/opt/bcc-2.0.2-gcc/bin/../lib/gcc/sparc-gaisler-elf/7.2.0/../../../../sparc-gaisler-elf/lib/leon/mfix-at697f\libm.a(lib_a-e_pow.o)
 .bss           0x0000000040043b58        0x0 c:/opt/bcc-2.0.2-gcc/bin/../lib/gcc/sparc-gaisler-elf/7.2.0/../../../../sparc-gaisler-elf/lib/leon/mfix-at697f\libm.a(lib_a-e_rem_pio2.o)