Archive member included to satisfy reference by file (symbol)

c:/opt/bcc-2.0.2-gcc/bin/../lib/gcc/sparc-gaisler-elf/7.2.0/../../../../sparc-gaisler-elf/lib/leon/mfix-at697f\libm.a(lib_a-s_atan.o)
                              C:\Users\ajarr\AppData\Local\Temp\cce8IkUa.o (atan)
c:/opt/bcc-2.0.2-gcc/bin/../lib/gcc/sparc-gaisler-elf/7.2.0/../../../../sparc-gaisler-elf/lib/leon/mfix-at697f\libm.a(lib_a-s_cos.o)
                              C:\Users\ajarr\AppData\Local\Temp\ccH43JHx.o (cos)
c:/opt/bcc-2.0.2-gcc/bin/../lib/gcc/sparc-gaisler-elf/7.2.0/../../../../sparc-gaisler-elf/lib/leon/mfix-at697f\libm.a(lib_a-s_fabs.o)
                              c:/opt/bcc-2.0.2-gcc/bin/../lib/gcc/sparc-gaisler-elf/7.2.0/../../../../sparc-gaisler-elf/lib/leon/mfix-at697f\libm.a(lib_a-s_atan.o) (fabs)
c:/opt/bcc-2.0.2-gcc/bin/../lib/gcc/sparc-gaisler-elf/7.2.0/../../../../sparc-gaisler-elf/lib/leon/mfix-at697f\libm.a(lib_a-s_floor.o)
                              C:\Users\ajarr\AppData\Local\Temp\ccwpWlcN.o (floor)
c:/opt/bcc-2.0.2-gcc/bin/../lib/gcc/sparc-gaisler-elf/7.2.0/../../../../sparc-gaisler-elf/lib/leon/mfix-at697f\libm.a(lib_a-s_round.o)
                              C:\Users\ajarr\AppData\Local\Temp\cchzLcEP.o (round)
c:/opt/bcc-2.0.2-gcc/bin/../lib/gcc/sparc-gaisler-elf/7.2.0/../../../../sparc-gaisler-elf/lib/leon/mfix-at697f\libm.a(lib_a-s_sin.o)
                              C:\Users\ajarr\AppData\Local\Temp\ccH43JHx.o (sin)
c:/opt/bcc-2.0.2-gcc/bin/../lib/gcc/sparc-gaisler-elf/7.2.0/../../../../sparc-gaisler-elf/lib/leon/mfix-at697f\libm.a(lib_a-s_tan.o)
                              C:\Users\ajarr\AppData\Local\Temp\cce8IkUa.o (tan)
c:/opt/bcc-2.0.2-gcc/bin/../lib/gcc/sparc-gaisler-elf/7.2.0/../../../../sparc-gaisler-elf/lib/leon/mfix-at697f\libm.a(lib_a-w_acos.o)
                              C:\Users\ajarr\AppData\Local\Temp\cco0QbZ8.o (acos)
c:/opt/bcc-2.0.2-gcc/bin/../lib/gcc/sparc-gaisler-elf/7.2.0/../../../../sparc-gaisler-elf/lib/leon/mfix-at697f\libm.a(lib_a-w_asin.o)
                              C:\Users\ajarr\AppData\Local\Temp\ccwpWlcN.o (asin)
c:/opt/bcc-2.0.2-gcc/bin/../lib/gcc/sparc-gaisler-elf/7.2.0/../../../../sparc-gaisler-elf/lib/leon/mfix-at697f\libm.a(lib_a-w_atan2.o)
                              C:\Users\ajarr\AppData\Local\Temp\cco0QbZ8.o (atan2)
c:/opt/bcc-2.0.2-gcc/bin/../lib/gcc/sparc-gaisler-elf/7.2.0/../../../../sparc-gaisler-elf/lib/leon/mfix-at697f\libm.a(lib_a-w_fmod.o)
                              C:\Users\ajarr\AppData\Local\Temp\ccwpWlcN.o (fmod)
c:/opt/bcc-2.0.2-gcc/bin/../lib/gcc/sparc-gaisler-elf/7.2.0/../../../../sparc-gaisler-elf/lib/leon/mfix-at697f\libm.a(lib_a-w_pow.o)
                              C:\Users\ajarr\AppData\Local\Temp\cco0QbZ8.o (pow)
c:/opt/bcc-2.0.2-gcc/bin/../lib/gcc/sparc-gaisler-elf/7.2.0/../../../../sparc-gaisler-elf/lib/leon/mfix-at697f\libm.a(lib_a-w_sqrt.o)
                              C:\Users\ajarr\AppData\Local\Temp\ccH43JHx.o (sqrt)
c:/opt/bcc-2.0.2-gcc/bin/../lib/gcc/sparc-gaisler-elf/7.2.0/../../../../sparc-gaisler-elf/lib/leon/mfix-at697f\libm.a(lib_a-e_acos.o)
                              c:/opt/bcc-2.0.2-gcc/bin/../lib/gcc/sparc-gaisler-elf/7.2.0/../../../../sparc-gaisler-elf/lib/leon/mfix-at697f\libm.a(lib_a-w_acos.o) (__ieee754_acos)
c:/opt/bcc-2.0.2-gcc/bin/../lib/gcc/sparc-gaisler-elf/7.2.0/../../../../sparc-gaisler-elf/lib/leon/mfix-at697f\libm.a(lib_a-e_asin.o)
                              c:/opt/bcc-2.0.2-gcc/bin/../lib/gcc/sparc-gaisler-elf/7.2.0/../../../../sparc-gaisler-elf/lib/leon/mfix-at697f\libm.a(lib_a-w_asin.o) (__ieee754_asin)
c:/opt/bcc-2.0.2-gcc/bin/../lib/gcc/sparc-gaisler-elf/7.2.0/../../../../sparc-gaisler-elf/lib/leon/mfix-at697f\libm.a(lib_a-e_atan2.o)
                              c:/opt/bcc-2.0.2-gcc/bin/../lib/gcc/sparc-gaisler-elf/7.2.0/../../../../sparc-gaisler-elf/lib/leon/mfix-at697f\libm.a(lib_a-w_atan2.o) (__ieee754_atan2)
c:/opt/bcc-2.0.2-gcc/bin/../lib/gcc/sparc-gaisler-elf/7.2.0/../../../../sparc-gaisler-elf/lib/leon/mfix-at697f\libm.a(lib_a-e_fmod.o)
                              c:/opt/bcc-2.0.2-gcc/bin/../lib/gcc/sparc-gaisler-elf/7.2.0/../../../../sparc-gaisler-elf/lib/leon/mfix-at697f\libm.a(lib_a-w_fmod.o) (__ieee754_fmod)
c:/opt/bcc-2.0.2-gcc/bin/../lib/gcc/sparc-gaisler-elf/7.2.0/../../../../sparc-gaisler-elf/lib/leon/mfix-at697f\libm.a(lib_a-e_pow.o)
                              c:/opt/bcc-2.0.2-gcc/bin/../lib/gcc/sparc-gaisler-elf/7.2.0/../../../../sparc-gaisler-elf/lib/leon/mfix-at697f\libm.a(lib_a-w_pow.o) (__ieee754_pow)
c:/opt/bcc-2.0.2-gcc/bin/../lib/gcc/sparc-gaisler-elf/7.2.0/../../../../sparc-gaisler-elf/lib/leon/mfix-at697f\libm.a(lib_a-e_rem_pio2.o)
                              c:/opt/bcc-2.0.2-gcc/bin/../lib/gcc/sparc-gaisler-elf/7.2.0/../../../../sparc-gaisler-elf/lib/leon/mfix-at697f\libm.a(lib_a-s_cos.o) (__ieee754_rem_pio2)
c:/opt/bcc-2.0.2-gcc/bin/../lib/gcc/sparc-gaisler-elf/7.2.0/../../../../sparc-gaisler-elf/lib/leon/mfix-at697f\libm.a(lib_a-e_sqrt.o)
[...]
Memory Configuration

Name             Origin             Length             Attributes
rom              0x0000000000000000 0x0000000020000000
ram              0x0000000040000000 0x0000000040000000
*default*        0x0000000000000000 0xffffffffffffffff

Linker script and memory map

LOAD c:/opt/bcc-2.0.2-gcc/bin/../sparc-gaisler-elf/bsp/leon2/leon/mfix-at697f/trap_table_mvt.S.o
LOAD c:/opt/bcc-2.0.2-gcc/bin/../sparc-gaisler-elf/bsp/leon2/leon/mfix-at697f/crt0.S.o
LOAD c:/opt/bcc-2.0.2-gcc/bin/../lib/gcc/sparc-gaisler-elf/7.2.0/leon/mfix-at697f/crti.o
LOAD c:/opt/bcc-2.0.2-gcc/bin/../lib/gcc/sparc-gaisler-elf/7.2.0/leon/mfix-at697f/crtbegin.o
LOAD C:\Users\ajarr\AppData\Local\Temp\cclcRNkm.o
LOAD C:\Users\ajarr\AppData\Local\Temp\ccXi6CuD.o
LOAD C:\Users\ajarr\AppData\Local\Temp\cck0ztpe.o
LOAD C:\Users\ajarr\AppData\Local\Temp\ccgZ79fC.o
LOAD C:\Users\ajarr\AppData\Local\Temp\cccsHxM4.o
LOAD C:\Users\ajarr\AppData\Local\Temp\cczKCchi.o
LOAD C:\Users\ajarr\AppData\Local\Temp\ccySgCMJ.o
LOAD C:\Users\ajarr\AppData\Local\Temp\ccJGVwWh.o
LOAD C:\Users\ajarr\AppData\Local\Temp\ccwUhEmU.o
LOAD C:\Users\ajarr\AppData\Local\Temp\ccTGUrKF.o
LOAD C:\Users\ajarr\AppData\Local\Temp\ccW8NopI.o
LOAD C:\Users\ajarr\AppData\Local\Temp\ccQfD6IQ.o
LOAD C:\Users\ajarr\AppData\Local\Temp\ccegzvw7.o
LOAD C:\Users\ajarr\AppData\Local\Temp\ccW8vVNE.o
LOAD C:\Users\ajarr\AppData\Local\Temp\ccmmE1Hm.o
LOAD C:\Users\ajarr\AppData\Local\Temp\ccH43JHx.o
LOAD C:\Users\ajarr\AppData\Local\Temp\cco0QbZ8.o
LOAD C:\Users\ajarr\AppData\Local\Temp\cc5Z9OQN.o
LOAD C:\Users\ajarr\AppData\Local\Temp\cchzLcEP.o
LOAD C:\Users\ajarr\AppData\Local\Temp\ccDrgrG5.o
LOAD C:\Users\ajarr\AppData\Local\Temp\ccpYH1o5.o
LOAD C:\Users\ajarr\AppData\Local\Temp\cce8IkUa.o
LOAD C:\Users\ajarr\AppData\Local\Temp\ccmHMWab.o
LOAD C:\Users\ajarr\AppData\Local\Temp\ccwpWlcN.o
LOAD C:\Users\ajarr\AppData\Local\Temp\ccIOj7WD.o
LOAD C:\Users\ajarr\AppData\Local\Temp\ccaOdSgz.o
LOAD c:/opt/bcc-2.0.2-gcc/bin/../lib/gcc/sparc-gaisler-elf/7.2.0/../../../../sparc-gaisler-elf/lib/leon/mfix-at697f\libm.a
                0x0000000000000000                PROVIDE (__bcc_cfg_skip_clear_bss, 0x0)

.text           0x0000000040000000    0x3f350
 CREATE_OBJECT_SYMBOLS
                0x0000000040000000                __text_start = .
                0x0000000040000000                . = ALIGN (0x1000)
 *(.text.traptable)
 .text.traptable
                0x0000000040000000     0x1000 c:/opt/bcc-2.0.2-gcc/bin/../sparc-gaisler-elf/bsp/leon2/leon/mfix-at697f/trap_table_mvt.S.o
                0x0000000040000000                __bcc_entry_point
                0x0000000040000000                __bcc_trap_table
 *(.text .text.*)
 .text          0x0000000040001000        0x0 c:/opt/bcc-2.0.2-gcc/bin/../sparc-gaisler-elf/bsp/leon2/leon/mfix-at697f/trap_table_mvt.S.o
 .text          0x0000000040001000       0xb8 c:/opt/bcc-2.0.2-gcc/bin/../sparc-gaisler-elf/bsp/leon2/leon/mfix-at697f/crt0.S.o
                0x0000000040001000                __bcc_crt0
 .text          0x00000000400010b8        0x0 c:/opt/bcc-2.0.2-gcc/bin/../lib/gcc/sparc-gaisler-elf/7.2.0/leon/mfix-at697f/crti.o
 .text          0x00000000400010b8      0x180 c:/opt/bcc-2.0.2-gcc/bin/../lib/gcc/sparc-gaisler-elf/7.2.0/leon/mfix-at697f/crtbegin.o
 .text          0x0000000040001238      0x974 C:\Users\ajarr\AppData\Local\Temp\cclcRNkm.o
                0x0000000040001238                rMinCycle_Wait
                0x00000000400012d4                OBC_Process
                0x0000000040001b5c                rMinCycle_Flag_Reset
 .text.startup  0x0000000040001bac       0xa0 C:\Users\ajarr\AppData\Local\Temp\cclcRNkm.o
                0x0000000040001bac                main
 .text          0x0000000040001c4c      0xa94 C:\Users\ajarr\AppData\Local\Temp\ccXi6CuD.o
                0x0000000040001c6c                Init_Memory
                0x0000000040001ca0                checksum_u32
                0x0000000040001d0c                checksum_u8
                0x0000000040001d5c                rOutput_Latch_Update
                0x0000000040001f38                ST_output_update
                0x0000000040002150                NMI_interrupt_test
                0x000000004000220c                MUX_Output
                0x0000000040002534                EEPROM_RST
                0x0000000040002568                EEPROM_RES
                0x0000000040002598                s_ram_scrub
                0x0000000040002614                prom_chksum
 .text          0x00000000400026e0     0xd88c C:\Users\ajarr\AppData\Local\Temp\cck0ztpe.o
                0x00000000400028cc                rHAL_TM_Write
                0x0000000040002b30                rHAL_TM_HW_Status_Update
                0x0000000040002c54                Update_TM_With_TMTC
                0x0000000040002c5c                rTM_Address_Table_Init
                0x000000004000c8dc                rTM_Copy_Subframe
                0x000000004000c94c                Sampling_Rate_Select
                0x000000004000c9a8                Frame_Address_Select
                0x000000004000cb14                rTCH_full_dump_cpy_buf
                0x000000004000cc90                rTCH_dump_cpy_buf
                0x000000004000d038                TC_Hist_dumping
                0x000000004000d084                copy_frame
                0x000000004000d13c                ST_Copy_Subframe
                0x000000004000d5d4                StorageTelemetry
                0x000000004000d66c                Storage_Telemetry_Write
                0x000000004000d694                Norm_ST_1_Table_Init
                0x000000004000efe0                TC_ST_Table_init
                0x000000004000efe8                Spec_ST_Table_Init
                0x000000004000fc84                ST_DUMPING
                0x000000004000fde8                rTM_Real_st_write
                0x000000004000ff28                ST_full_dump
 .text          0x000000004000ff6c     0x6224 C:\Users\ajarr\AppData\Local\Temp\ccgZ79fC.o
                0x0000000040010128                TC_IMU1_On
                0x0000000040010168                TC_IMU2_On
                0x00000000400101a8                TC_IMU1_Off
                0x00000000400101e8                TC_IMU2_Off
                0x0000000040010228                TC_NMI_count_reset
                0x000000004001023c                TC_GPS1_ON
                0x000000004001026c                TC_GPS1_OFF
                0x00000000400102a0                TC_GPS2_on
                0x00000000400102d4                TC_GPS2_off
                0x000000004001030c                TC_W1_ON
                0x000000004001033c                TC_W2_ON
                0x0000000040010370                TC_W3_ON
                0x00000000400103a0                TC_W4_ON
                0x00000000400103d0                TC_W1_OFF
                0x0000000040010400                TC_W2_OFF
                0x0000000040010430                TC_W3_OFF
                0x0000000040010460                TC_W4_OFF
                0x0000000040010490                rTC_Detumbling_ModePreprocessing_BDOT
                0x00000000400104a0                rTC_Detumbling_ModePreprocessing_GYRO
                0x00000000400104b0                rTC_SunAcquisition_ModePreprocessing
                0x00000000400104c0                rTC_ThreeAxis_ModePreprocessing
                0x00000000400104d0                rTC_Suspended_ModePreprocessing
                0x00000000400104dc                PL_K_CMD_HLT
                0x000000004001050c                Antenna_mechanism_ON
                0x000000004001053c                Antenna_mechanism_OFF
                0x000000004001056c                EEPROM_CHECK_COMMAND
                0x000000004001059c                S_band_tx_off
                0x00000000400105cc                SA_DEPLOYMENT_MECHANISM_MAIN_OFF
                0x0000000040010600                SA_DEPLOYMENT_MECHANISM_RED_OFF
                0x0000000040010634                sunlit
                0x0000000040010644                eclipse
                0x0000000040010650                Sunlit_eclipse_both
                0x0000000040010660                rSafe_mode_PreProcessing
                0x0000000040010670                eeprom_en
                0x0000000040010680                eeprom_dis
                0x000000004001068c                TC_ATTC_CMD_clear
                0x000000004001074c                imu1_db_execute
                0x0000000040010758                imu2_db_execute
                0x0000000040010764                TC_ACC_Ang_RESET
                0x0000000040010770                TC_GPS1_NMEA_ZDA_enable
                0x000000004001079c                TC_GPS1_NMEA_ZDA_disable
                0x00000000400107c8                TC_GPS1_NMEA_GGA_enable
                0x00000000400107f4                TC_GPS1_NMEA_GGA_disable
                0x0000000040010820                TC_GPS1_NMEA_RMC_enable
                0x000000004001084c                TC_GPS1_NMEA_RMC_disable
                0x0000000040010878                TC_GPS1_cold_start
                0x00000000400108a4                TC_GPS1_factory_reset
                0x00000000400108d0                TC_GPS2_NMEA_ZDA_enable
                0x00000000400108fc                TC_GPS2_NMEA_ZDA_disable
                0x0000000040010928                TC_GPS2_NMEA_GGA_enable
                0x0000000040010954                TC_GPS2_NMEA_GGA_disable
                0x0000000040010980                TC_GPS2_NMEA_RMC_enable
                0x00000000400109ac                TC_GPS2_NMEA_RMC_disable
                0x00000000400109d8                TC_GPS2_cold_start
                0x0000000040010a04                TC_GPS2_factory_reset
                0x0000000040010a30                TC_GPS1_NMEA_NMEA_GSV_Enable
                0x0000000040010a5c                TC_GPS1_NMEA_NMEA_GSV_disable
                0x0000000040010a88                TC_GPS2_NMEA_NMEA_GSV_Enable
                0x0000000040010ab4                TC_GPS2_NMEA_NMEA_GSV_disable
                0x0000000040010ae0                Roll_Torquer_ON
                0x0000000040010aec                Roll_Torquer_OFF
                0x0000000040010af8                payload_1_on
                0x0000000040010b20                payload_1_off
                0x0000000040010b2c                PL_K_CMD_STS
                0x0000000040010b38                PL_K_CMD_ACQ
                0x0000000040010b44                PL_K_DIAG
                0x0000000040010b50                PL_K_CMD_OFF
                0x0000000040010b5c                PL_K_CMD_ON
                0x0000000040010b68                ss_main_db_execute
                0x0000000040010b74                ss_redundant_db_execute
                0x0000000040010b80                TC_Ping_RW1
                0x0000000040010b94                TC_Ping_RW2
                0x0000000040010ba8                TC_Ping_RW3
                0x0000000040010bbc                TC_Ping_RW4
                0x0000000040010bd0                TC_MTR_Yaw_Positive
                0x0000000040010be4                TC_MTR_Yaw_Negative
                0x0000000040010bf8                TC_MTR_Pitch_Positive
                0x0000000040010c0c                TC_MTR_Pitch_Negative
                0x0000000040010c20                TC_MTR_Roll_Positive
                0x0000000040010c34                TC_MTR_Roll_Negative
                0x0000000040010c48                TC_MTR_Roll_No_cuurent
                0x0000000040010c5c                TC_MTR_Pitch_No_cuurent
                0x0000000040010c70                TC_MTR_Yaw_No_cuurent
                0x0000000040010c84                payload_2_on
                0x0000000040010cac                payload_2_off
                0x0000000040010cb8                X_band_tx_on
                0x0000000040010ce0                X_band_tx_off
                0x0000000040010cec                SA_DEPLOYMENT_MECHANISM_MAIN_ON
                0x0000000040010cf8                SA_DEPLOYMENT_MECHANISM_RED_ON
                0x0000000040010d04                Antenna_mechanism_arm
                0x0000000040010d10                Antenna_deploy
                0x0000000040010d1c                Antenna_mechanism_disarm
                0x0000000040010d28                TC_pl_debug
                0x0000000040010d34                TC_TM_DS_EN
                0x0000000040010d40                Antenna_RESET_command
                0x0000000040010d4c                Antenna_deploy_with_override
                0x0000000040010d58                Antenna_system_temp
                0x0000000040010d64                Antenna_deploy_status_report
                0x0000000040010d70                Antenna_deploy_activation_count
                0x0000000040010d7c                Antenna_deploy_activation_time
                0x0000000040010e8c                TC_pl_tm
                0x0000000040010e94                imu1_db_checksum
                0x0000000040010e9c                imu2_db_checksum
                0x0000000040010ea4                imu_test_sys_sel
                0x0000000040010eac                TC_Drift_Uplink_Compenstation_Update_IMU1
                0x0000000040010eb4                TC_Drift_Uplink_Compenstation_Update_IMU2
                0x0000000040010ebc                TC_Gyro_Misalignment_Update_IMU1
                0x0000000040010ec4                TC_Gyro_Misalignment_Update_IMU2
                0x0000000040010ecc                TC_Gyro_Scale_Factor_Update_IMU1
                0x0000000040010ed4                TC_Gyro_Scale_Factor_Update_IMU2
                0x0000000040010edc                TC_MagBias_Uplink_Compenstation_Update_IMU1
                0x0000000040010ee4                TC_MagBias_Uplink_Compenstation_Update_IMU2
                0x0000000040010eec                TC_Mag_Misalignment_Update_IMU1
                0x0000000040010ef4                TC_Mag_Misalignment_Update_IMU2
                0x0000000040010efc                TC_Mag_Scale_Factor_Update_IMU1
                0x0000000040010f04                TC_Mag_Scale_Factor_Update_IMU2
                0x0000000040010f0c                TC_Mag_LPF_Gain_Update_IMU1
                0x0000000040010f14                TC_Mag_LPF_Gain_Update_IMU2
                0x0000000040010f1c                TC_Gyro_LPF_Gain_Update_IMU1
                0x0000000040010f24                TC_Gyro_LPF_Gain_Update_IMU2
                0x0000000040010f2c                TC_Panel2_Deploy
                0x0000000040010f34                TC_Nominal_wheel_speed_execute
                0x0000000040010f3c                Pitch_Torquer_ON
                0x0000000040010f44                Yaw_Torquer_ON
                0x0000000040010f4c                Pitch_Torquer_OFF
                0x0000000040010f54                Yaw_Torquer_OFF
                0x0000000040010f5c                rHeater1_on
                0x0000000040010f64                rHeater1_off
                0x0000000040010f6c                rHeater2_on
                0x0000000040010f74                rHeater2_off
                0x0000000040010f7c                rHeater3_on
                0x0000000040010f84                rHeater3_off
                0x0000000040010f8c                rHeater4_on
                0x0000000040010f94                rHeater4_off
                0x0000000040010f9c                rHeater5_on
                0x0000000040010fa4                rHeater5_off
                0x0000000040010fac                rHeater6_on
                0x0000000040010fb4                rHeater6_off
                0x0000000040010fbc                RX_TX_deployed
                0x0000000040010fc4                ss_main_db_checksum
                0x0000000040010fcc                ss_redundant_db_checksum
                0x0000000040010fd4                TC_Qinit
                0x0000000040010fdc                OBC_ON
                0x0000000040010fe4                OBC_OFF
                0x0000000040010fec                SA1_DEPLOYMENT_AND_SA2_DEPLOYMENT_REDUNDANT_SPARE_BUS_ON
                0x0000000040010ff4                SA1_DEPLOYMENT_AND_SA2_DEPLOYMENT_REDUNDANT_SPARE_BUS_OFF
                0x0000000040010ffc                Test_ON
                0x0000000040011004                Test_OFF
                0x000000004001100c                rTC_write_tC_history
                0x0000000040011034                TC_status_reset
                0x0000000040011048                rContingency_TC
                0x0000000040011050                rData_TC
                0x000000004001165c                rADCS_Data_TC
                0x0000000040012780                rRemote_base_addr_TC
                0x0000000040012830                rRemote_data_view
                0x0000000040012838                rBoolean_TC
                0x0000000040012888                rFuncExecute_TC
                0x00000000400128ec                rRemoteProgram_Addr_TC
                0x0000000040012940                rRemoteProgram_Data_TC
                0x000000004001296c                rDifferential_TimeTag_TC
                0x00000000400129c8                initNodetable
                0x0000000040012a04                getNode
                0x0000000040012a40                freeNode
                0x0000000040012a78                rAbsoluteTTC_Update
                0x0000000040012c30                rAbsolute_TimeTag_TC
                0x0000000040012c3c                rDifferential_TimeTag_Update
                0x0000000040012c98                rDifferential_TimeTag_Execute
                0x0000000040012df0                rDifferentialTTC_Execute
                0x0000000040012dfc                rAbsoluteTTC_Delete
                0x0000000040012f80                rAbsoluteTTC_Clear
                0x0000000040013040                rInit_Block
                0x0000000040013088                Block_update
                0x0000000040013260                rBlock_TC
                0x000000004001326c                TMTC_Assignment
                0x00000000400139bc                invertReverse
                0x00000000400139e4                BCHEncoder
                0x0000000040013b84                rHAL_TC_Read
                0x0000000040013e50                TC_detumbling_rate_gain_1
                0x0000000040014294                TC_detumbling_bdot_gain_1
                0x00000000400146d8                TC_BDOT_Det_Thresh_1
                0x000000004001486c                TC_GYRO_Det_Min_Thres_1
                0x0000000040014a00                TC_AngMomDump_Thrsld_1
                0x0000000040014b94                TC_SpeedDump_Thrsld_1
                0x0000000040014cc0                TC_SpeedDump_TimeSelect_1
                0x0000000040014e54                TC_comd_pitch_rate_1
                0x0000000040014fe8                TC_Gyro_LPF_Gain_IMU1_1
                0x0000000040015220                TC_Gyro_LPF_Gain_IMU2_1
                0x0000000040015458                TC_Mag_LPF_Gain_IMU1_1
                0x0000000040015690                TC_Mag_LPF_Gain_IMU2_1
                0x00000000400158c8                TC_Wheel_Cutoff_Threshold_1
                0x0000000040015a5c                adcsgains
                0x0000000040015b40                rGainSelect_TC
                0x0000000040015b94                rReal_Time_TC
                0x0000000040015e18                rTelecommand
                0x0000000040015f90                rAbsoluteTTC_Execute
                0x00000000400160b0                rBlockTC_Execute
 .text          0x0000000040016190       0x38 C:\Users\ajarr\AppData\Local\Temp\cccsHxM4.o
                0x0000000040016190                fdi_nmi_int_handler
 .text          0x00000000400161c8     0x1660 C:\Users\ajarr\AppData\Local\Temp\cczKCchi.o
                0x00000000400161c8                rPOR_Init
 .text          0x0000000040017828      0xd78 C:\Users\ajarr\AppData\Local\Temp\ccySgCMJ.o
                0x0000000040017850                rHAL_pl1_ON
                0x00000000400178d0                rHAL_pl1_OFF
                0x0000000040017920                rHAL_pl2_ON
                0x00000000400179a0                rHAL_pl2_OFF
                0x00000000400179f0                rHAL_tm_ds_en
                0x0000000040017a2c                rHAL_X_Tx_ON
                0x0000000040017a60                rHAL_X_Tx_OFF
                0x0000000040017a94                rpl_init
                0x0000000040017b04                rHAL_pl_sts_check
                0x0000000040017b34                rHAL_pl_cmd_hlt
                0x0000000040017bb4                rHAL_pl_debug
                0x0000000040017c74                rHAL_pl_x_tx_data_on
                0x0000000040017d64                rHAL_pl_cmd_acq
                0x0000000040017e44                rHAL_pl_x_tx_data_off
                0x0000000040017e84                rHAL_pl_diag
                0x0000000040017efc                pl_tx_tm
                0x0000000040018024                pl_tx_tm_2
                0x00000000400180fc                rpl_read
                0x00000000400181e8                rpl_tm_write
 .text          0x00000000400185a0      0x4a8 C:\Users\ajarr\AppData\Local\Temp\ccJGVwWh.o
                0x00000000400185a0                rHAL_EPS_Hardware_Status
                0x0000000040018608                rHAL_Battery_load_shedding
                0x0000000040018664                rHAL_EPS_shunt_switch
 .text          0x0000000040018a48      0x1b4 C:\Users\ajarr\AppData\Local\Temp\ccwUhEmU.o
                0x0000000040018a48                rIMU_Init
                0x0000000040018ab4                HAL_IMU_Read
 .text          0x0000000040018bfc      0x3b4 C:\Users\ajarr\AppData\Local\Temp\ccTGUrKF.o
                0x0000000040018bfc                rHAL_ADC_Read
                0x0000000040018c58                rHAL_ADC_TM_Copy
                0x0000000040018e84                sun_Sensor_data
                0x0000000040018f98                rHAL_ADC_StatusREG_Enable
 .text          0x0000000040018fb0     0x1010 C:\Users\ajarr\AppData\Local\Temp\ccW8NopI.o
                0x0000000040018fb0                rGPS_Buffer_Init
                0x0000000040019218                rGPS_pulsecheck
                0x00000000400192b4                rHAL_GPS_Read
                0x0000000040019524                GPS_1_DATA
                0x0000000040019588                rHAL_GPS_Config
                0x0000000040019c88                rGPS_TM_Extract
                0x0000000040019f5c                ST_TM_gps_data
 .text          0x0000000040019fc0     0x1114 C:\Users\ajarr\AppData\Local\Temp\ccQfD6IQ.o
                0x0000000040019fc0                Thermister_select
                0x000000004001a004                UTP_selection
                0x000000004001a058                LTP_selection
                0x000000004001a0b8                Heater_1_auto_control
                0x000000004001a128                Heater_2_auto_control
                0x000000004001a198                Heater_3_auto_control
                0x000000004001a208                Heater_4_auto_control
                0x000000004001a278                Heater_5_auto_control
                0x000000004001a2e8                Heater_6_auto_control
                0x000000004001a358                Heater_7_auto_control
                0x000000004001a3ac                Heater_8_auto_control
                0x000000004001a400                Heater_9_auto_control
                0x000000004001a454                Heater_10_auto_control
                0x000000004001a4a8                Heater_11_auto_control
                0x000000004001a4fc                Heater_12_auto_control
                0x000000004001a550                Heater_13_auto_control
                0x000000004001a5ac                Heater_14_auto_control
                0x000000004001a608                Heater_1_manual_control
                0x000000004001a674                Heater_2_manual_control
                0x000000004001a6e0                Heater_3_manual_control
                0x000000004001a74c                Heater_4_manual_control
                0x000000004001a7b8                Heater_5_manual_control
                0x000000004001a824                Heater_6_manual_control
                0x000000004001a890                Heater_control_auto_manual
                0x000000004001af34                Heater_7_manual_control
                0x000000004001af64                Heater_8_manual_control
                0x000000004001af94                Heater_9_manual_control
                0x000000004001afc4                Heater_10_manual_control
                0x000000004001aff4                Heater_11_manual_control
                0x000000004001b024                Heater_12_manual_control
                0x000000004001b054                Heater_13_manual_control
                0x000000004001b094                Heater_14_manual_control
 .text          0x000000004001b0d4      0x8dc C:\Users\ajarr\AppData\Local\Temp\ccegzvw7.o
                0x000000004001b0d4                rHAL_MTR_ON
                0x000000004001b108                rHAL_MTR_OFF
                0x000000004001b13c                rHAL_MTR
                0x000000004001b774                MTR_Monitoring
                0x000000004001b7a0                rHAL_MTR_TC
 .text          0x000000004001b9b0     0x1398 C:\Users\ajarr\AppData\Local\Temp\ccW8vVNE.o
                0x000000004001b9b0                RW_Init
                0x000000004001ba74                HAL_RW_CRC_Check
                0x000000004001bae0                rHAL_RW_TM_Read
                0x000000004001be20                rRW_SlipFrame_Check
                0x000000004001c01c                rHAL_RW_TC_Write
                0x000000004001c1d0                rHAL_RW_TM_Write
                0x000000004001c30c                rHAL_RW_ConfigBuffer_Write
                0x000000004001c368                rRW_Data_Write
                0x000000004001c5c4                rRW_Data_Request
                0x000000004001c750                rRW_Data_Read
                0x000000004001cafc                rRW_init_cmd
                0x000000004001cc48                rRW_Ping_TC1
                0x000000004001cc88                rRW_Ping_TC2
                0x000000004001ccc8                rRW_Ping_TC3
                0x000000004001cd08                rRW_Ping_TC4
 .text          0x000000004001cd48      0x6dc C:\Users\ajarr\AppData\Local\Temp\ccmmE1Hm.o
                0x000000004001cd48                antennaCommand1
                0x000000004001cd94                antennaCommand2
                0x000000004001cde0                antennaCommand3
                0x000000004001ce2c                antennaCommand4
                0x000000004001ce78                antennaCommand5
                0x000000004001cec4                antennaCommand6
                0x000000004001cf10                antennaCommand7
                0x000000004001cf58                antennaCommand8
                0x000000004001cfa4                antennaCommand9
                0x000000004001cff0                rHAL_Antenna_Read
                0x000000004001d038                rHAL_SA_MAIN_Deploy_on
                0x000000004001d0b0                rHAL_SA_RED_Deploy_on
                0x000000004001d118                rHAL_SA1_Deploy_status_check
                0x000000004001d200                rHAL_SA2_Deploy_status_check
                0x000000004001d2e8                rHAL_SA_Deploy_Status_new
 .text          0x000000004001d424     0x32f0 C:\Users\ajarr\AppData\Local\Temp\ccH43JHx.o
                0x000000004001d554                rQ_Propagation
                0x000000004001d584                rQuestDataProcessing
                0x000000004001dad0                rDAD_quest
                0x000000004001ea60                rErrorComputation
                0x000000004001f03c                rExtendedKalmanFilter1_p1
                0x000000004001fd78                rExtendedKalmanFilter1_p2
 .text          0x0000000040020714     0x2bec C:\Users\ajarr\AppData\Local\Temp\cco0QbZ8.o
                0x0000000040020714                rGH_generation
                0x00000000400208d8                rMagFieldComp1
                0x0000000040021328                rMagFieldComp2
                0x0000000040021a40                rSun_Ephemeris
                0x0000000040021c80                rReferenceQuatComputation
                0x0000000040022754                rRefVectorGeneration
                0x0000000040022e50                rRefRate_Computation
                0x0000000040023134                rSl_Ecl_OnBrd_detection
 .text          0x0000000040023300        0x0 C:\Users\ajarr\AppData\Local\Temp\cc5Z9OQN.o
 .text          0x0000000040023300     0x2868 C:\Users\ajarr\AppData\Local\Temp\cchzLcEP.o
                0x000000004002343c                rLinearController
                0x0000000040023e28                rDutyCycleGeneration
                0x0000000040023fac                rAngularMomentumDumping
                0x0000000040024448                rTorquer_Polarity_Check
                0x000000004002447c                rSpeedBasedMomentumDumping
                0x0000000040024bd4                rWheel_Spin_updown
                0x0000000040024f64                rWheel_Auto_Reconfiguration
 .text          0x0000000040025b68     0x10f8 C:\Users\ajarr\AppData\Local\Temp\ccDrgrG5.o
                0x0000000040025b80                rSuspended_ModePreprocessing
                0x0000000040025bf4                rDetumbling_ModePreprocessing_BDOT_Logic
                0x0000000040026064                rDetumbling_ModePreprocessing_GYRO_Logic
                0x00000000400264ac                rSunAcquisition_ModePreprocessing
                0x0000000040026864                rThreeAxis_ModePreprocessing
                0x0000000040026ab0                rRateReductionCheck
                0x0000000040026bac                rSafeMode_Preprocessing
                0x0000000040026be8                rScModeSelection
 .text          0x0000000040026c60     0x4a04 C:\Users\ajarr\AppData\Local\Temp\ccpYH1o5.o
                0x0000000040026c60                rADCS_Pon_vars
 .text          0x000000004002b664     0x9494 C:\Users\ajarr\AppData\Local\Temp\cce8IkUa.o
                0x000000004002b664                rIMUDataCorrection
                0x000000004002ca00                rIMU_1_DB_Copy
                0x000000004002d2a0                rIMU_2_DB_Copy
                0x000000004002db40                rIMU_1_DB_Init
                0x000000004002e3e0                rIMU_2_DB_Init
                0x000000004002ec80                rIMU_Angle_Reset
                0x000000004002ecc8                rIMUDataProcessing
                0x000000004002ff5c                rTheta_Limit
                0x000000004002ffbc                rIMU1_DB_Execute
                0x000000004002ffe0                rIMU2_DB_Execute
                0x0000000040030004                rBDOT_Computation
                0x0000000040030230                rSunSensorVectorComp
                0x0000000040033320                rSunSensorDataProcessing
                0x00000000400336fc                rSS_Read_Data
                0x000000004003375c                rSS_Main_DB_Init
                0x0000000040033774                rSS_Redundant_DB_Init
                0x0000000040033780                rSS_Main_DB_Copy
                0x00000000400340d8                rSS_Redundant_DB_Copy
                0x0000000040034a30                rSS_Main_DB_Execute
                0x0000000040034a94                rSS_Redundant_DB_Execute
 .text          0x0000000040034af8        0x0 C:\Users\ajarr\AppData\Local\Temp\ccmHMWab.o
 .text          0x0000000040034af8     0x4768 C:\Users\ajarr\AppData\Local\Temp\ccwpWlcN.o
                0x00000000400361d8                rOrbit_Initialization
                0x00000000400375a8                rOrbit_Propagation
                0x000000004003892c                rOrbitalElements_computation
                0x0000000040038954                rOrbitalElements_TLE
                0x000000004003898c                rGPS_data_validity
                0x0000000040038994                rJulian_Day
                0x00000000400389d0                rNEDtoECEF
                0x0000000040038ac4                rECEFtoECItoECEF
                0x0000000040038aec                rast_args
                0x0000000040038bf8                rnut_iau1980
                0x0000000040038d54                rGPS2OE
                0x00000000400391d8                rGPSDataProcessing
 .text          0x0000000040039260      0xd4c C:\Users\ajarr\AppData\Local\Temp\ccIOj7WD.o
                0x0000000040039260                rxRot
                0x00000000400392f0                ryRot
                0x0000000040039380                rzRot
                0x0000000040039408                rMatInv
                0x00000000400395c0                rCross_Product
                0x0000000040039628                rMatMul3x1
                0x00000000400396a0                rMatMul3x3
                0x0000000040039758                rRM_to_Quat
                0x0000000040039a8c                rQs_Normalization
                0x0000000040039b94                rQs_Multiplication
                0x0000000040039c70                rVectorNorm
                0x0000000040039d40                rMat_adjoint3
                0x0000000040039e3c                rMatMul34x1
                0x0000000040039eb8                rMatMul43x1
                0x0000000040039f34                rMatMul44x1
 .text          0x0000000040039fac      0x284 C:\Users\ajarr\AppData\Local\Temp\ccaOdSgz.o
                0x0000000040039fac                rSus_mode_remote_entry_hook
                0x0000000040039fd8                rSus_mode_remote_exit_hook
                0x0000000040039fe4                rDBDOT_mode_remote_entry_hook
                0x0000000040039ff0                rDBDOT_mode_remote_exit_hook
                0x0000000040039ffc                rDGYRO_mode_remote_entry_hook
                0x000000004003a008                rDGYRO_mode_remote_exit_hook
                0x000000004003a014                rSACQ_mode_remote_entry_hook
                0x000000004003a020                rSACQ_mode_remote_exit_hook
                0x000000004003a02c                r3AXIS_mode_remote_entry_hook
                0x000000004003a038                r3AXIS_mode_remote_exit_hook
                0x000000004003a044                rSAFE_mode_remote_entry_hook
                0x000000004003a050                rSAFE_mode_remote_exit_hook
                0x000000004003a05c                rRemote_patch_area_1
                0x000000004003a1f4                rRemote_patch_area_2
                0x000000004003a200                rRemote_patch_area_3
                0x000000004003a20c                rRemote_patch_area_4
                0x000000004003a218                rRemote_patch_area_5
                0x000000004003a224                rRemote_patch_area_6
 .text          0x000000004003a230      0x2d0 c:/opt/bcc-2.0.2-gcc/bin/../lib/gcc/sparc-gaisler-elf/7.2.0/../../../../sparc-gaisler-elf/lib/leon/mfix-at697f\libm.a(lib_a-s_atan.o)
                0x000000004003a230                atan
 .text          0x000000004003a500       0xe4 c:/opt/bcc-2.0.2-gcc/bin/../lib/gcc/sparc-gaisler-elf/7.2.0/../../../../sparc-gaisler-elf/lib/leon/mfix-at697f\libm.a(lib_a-s_cos.o)
                0x000000004003a500                cos
 .text          0x000000004003a5e4       0x28 c:/opt/bcc-2.0.2-gcc/bin/../lib/gcc/sparc-gaisler-elf/7.2.0/../../../../sparc-gaisler-elf/lib/leon/mfix-at697f\libm.a(lib_a-s_fabs.o)
                0x000000004003a5e4                fabs
 .text          0x000000004003a60c      0x1f0 c:/opt/bcc-2.0.2-gcc/bin/../lib/gcc/sparc-gaisler-elf/7.2.0/../../../../sparc-gaisler-elf/lib/leon/mfix-at697f\libm.a(lib_a-s_floor.o)
                0x000000004003a60c                floor
 .text          0x000000004003a7fc       0xf4 c:/opt/bcc-2.0.2-gcc/bin/../lib/gcc/sparc-gaisler-elf/7.2.0/../../../../sparc-gaisler-elf/lib/leon/mfix-at697f\libm.a(lib_a-s_round.o)
                0x000000004003a7fc                round
 .text          0x000000004003a8f0       0xe8 c:/opt/bcc-2.0.2-gcc/bin/../lib/gcc/sparc-gaisler-elf/7.2.0/../../../../sparc-gaisler-elf/lib/leon/mfix-at697f\libm.a(lib_a-s_sin.o)
                0x000000004003a8f0                sin
 .text          0x000000004003a9d8       0x9c c:/opt/bcc-2.0.2-gcc/bin/../lib/gcc/sparc-gaisler-elf/7.2.0/../../../../sparc-gaisler-elf/lib/leon/mfix-at697f\libm.a(lib_a-s_tan.o)
                0x000000004003a9d8                tan
 .text          0x000000004003aa74      0x128 c:/opt/bcc-2.0.2-gcc/bin/../lib/gcc/sparc-gaisler-elf/7.2.0/../../../../sparc-gaisler-elf/lib/leon/mfix-at697f\libm.a(lib_a-w_acos.o)
                0x000000004003aa74                acos
 .text          0x000000004003ab9c      0x128 c:/opt/bcc-2.0.2-gcc/bin/../lib/gcc/sparc-gaisler-elf/7.2.0/../../../../sparc-gaisler-elf/lib/leon/mfix-at697f\libm.a(lib_a-w_asin.o)
                0x000000004003ab9c                asin
 .text          0x000000004003acc4        0xc c:/opt/bcc-2.0.2-gcc/bin/../lib/gcc/sparc-gaisler-elf/7.2.0/../../../../sparc-gaisler-elf/lib/leon/mfix-at697f\libm.a(lib_a-w_atan2.o)
                0x000000004003acc4                atan2
 .text          0x000000004003acd0      0x148 c:/opt/bcc-2.0.2-gcc/bin/../lib/gcc/sparc-gaisler-elf/7.2.0/../../../../sparc-gaisler-elf/lib/leon/mfix-at697f\libm.a(lib_a-w_fmod.o)
                0x000000004003acd0                fmod
 .text          0x000000004003ae18      0x4a8 c:/opt/bcc-2.0.2-gcc/bin/../lib/gcc/sparc-gaisler-elf/7.2.0/../../../../sparc-gaisler-elf/lib/leon/mfix-at697f\libm.a(lib_a-w_pow.o)
                0x000000004003ae18                pow
 .text          0x000000004003b2c0       0xfc c:/opt/bcc-2.0.2-gcc/bin/../lib/gcc/sparc-gaisler-elf/7.2.0/../../../../sparc-gaisler-elf/lib/leon/mfix-at697f\libm.a(lib_a-w_sqrt.o)
                0x000000004003b2c0                sqrt
 .text          0x000000004003b3bc      0x37c c:/opt/bcc-2.0.2-gcc/bin/../lib/gcc/sparc-gaisler-elf/7.2.0/../../../../sparc-gaisler-elf/lib/leon/mfix-at697f\libm.a(lib_a-e_acos.o)
                0x000000004003b3bc                __ieee754_acos
 .text          0x000000004003b738      0x310 c:/opt/bcc-2.0.2-gcc/bin/../lib/gcc/sparc-gaisler-elf/7.2.0/../../../../sparc-gaisler-elf/lib/leon/mfix-at697f\libm.a(lib_a-e_asin.o)
                0x000000004003b738                __ieee754_asin
 .text          0x000000004003ba48      0x2b4 c:/opt/bcc-2.0.2-gcc/bin/../lib/gcc/sparc-gaisler-elf/7.2.0/../../../../sparc-gaisler-elf/lib/leon/mfix-at697f\libm.a(lib_a-e_atan2.o)
                0x000000004003ba48                __ieee754_atan2
 .text          0x000000004003bcfc      0x3ac c:/opt/bcc-2.0.2-gcc/bin/../lib/gcc/sparc-gaisler-elf/7.2.0/../../../../sparc-gaisler-elf/lib/leon/mfix-at697f\libm.a(lib_a-e_fmod.o)
                0x000000004003bcfc                __ieee754_fmod
 .text          0x000000004003c0a8      0x8dc c:/opt/bcc-2.0.2-gcc/bin/../lib/gcc/sparc-gaisler-elf/7.2.0/../../../../sparc-gaisler-elf/lib/leon/mfix-at697f\libm.a(lib_a-e_pow.o)
                0x000000004003c0a8                __ieee754_pow
 .text          0x000000004003c984      0x39c c:/opt/bcc-2.0.2-gcc/bin/../lib/gcc/sparc-gaisler-elf/7.2.0/../../../../sparc-gaisler-elf/lib/leon/mfix-at697f\libm.a(lib_a-e_rem_pio2.o)
                0x000000004003c984                __ieee754_rem_pio2
 .text          0x000000004003cd20      0x270 c:/opt/bcc-2.0.2-gcc/bin/../lib/gcc/sparc-gaisler-elf/7.2.0/../../../../sparc-gaisler-elf/lib/leon/mfix-at697f\libm.a(lib_a-e_sqrt.o)
                0x000000004003cd20                __ieee754_sqrt
 .text          0x000000004003cf90      0x1bc c:/opt/bcc-2.0.2-gcc/bin/../lib/gcc/sparc-gaisler-elf/7.2.0/../../../../sparc-gaisler-elf/lib/leon/mfix-at697f\libm.a(lib_a-k_cos.o)
                0x000000004003cf90                __kernel_cos
 .text          0x000000004003d14c      0xbdc c:/opt/bcc-2.0.2-gcc/bin/../lib/gcc/sparc-gaisler-elf/7.2.0/../../../../sparc-gaisler-elf/lib/leon/mfix-at697f\libm.a(lib_a-k_rem_pio2.o)
                0x000000004003d14c                __kernel_rem_pio2
 .text          0x000000004003dd28      0x100 c:/opt/bcc-2.0.2-gcc/bin/../lib/gcc/sparc-gaisler-elf/7.2.0/../../../../sparc-gaisler-elf/lib/leon/mfix-at697f\libm.a(lib_a-k_sin.o)
                0x000000004003dd28                __kernel_sin
 .text          0x000000004003de28      0x290 c:/opt/bcc-2.0.2-gcc/bin/../lib/gcc/sparc-gaisler-elf/7.2.0/../../../../sparc-gaisler-elf/lib/leon/mfix-at697f\libm.a(lib_a-k_tan.o)
                0x000000004003de28                __kernel_tan
 .text          0x000000004003e0b8       0x18 c:/opt/bcc-2.0.2-gcc/bin/../lib/gcc/sparc-gaisler-elf/7.2.0/../../../../sparc-gaisler-elf/lib/leon/mfix-at697f\libm.a(lib_a-s_finite.o)
                0x000000004003e0b8                finite
 .text          0x000000004003e0d0        0x0 c:/opt/bcc-2.0.2-gcc/bin/../lib/gcc/sparc-gaisler-elf/7.2.0/../../../../sparc-gaisler-elf/lib/leon/mfix-at697f\libm.a(lib_a-s_lib_ver.o)
 .text          0x000000004003e0d0        0x8 c:/opt/bcc-2.0.2-gcc/bin/../lib/gcc/sparc-gaisler-elf/7.2.0/../../../../sparc-gaisler-elf/lib/leon/mfix-at697f\libm.a(lib_a-s_matherr.o)
                0x000000004003e0d0                matherr
 .text          0x000000004003e0d8        0xc c:/opt/bcc-2.0.2-gcc/bin/../lib/gcc/sparc-gaisler-elf/7.2.0/../../../../sparc-gaisler-elf/lib/leon/mfix-at697f\libm.a(lib_a-s_nan.o)
                0x000000004003e0d8                nan
 .text          0x000000004003e0e4      0x1ac c:/opt/bcc-2.0.2-gcc/bin/../lib/gcc/sparc-gaisler-elf/7.2.0/../../../../sparc-gaisler-elf/lib/leon/mfix-at697f\libm.a(lib_a-s_rint.o)
                0x000000004003e0e4                rint
 .text          0x000000004003e290      0x14c c:/opt/bcc-2.0.2-gcc/bin/../lib/gcc/sparc-gaisler-elf/7.2.0/../../../../sparc-gaisler-elf/lib/leon/mfix-at697f\libm.a(lib_a-s_scalbn.o)
                0x000000004003e290                scalbn
 .text          0x000000004003e3dc       0x30 c:/opt/bcc-2.0.2-gcc/bin/../lib/gcc/sparc-gaisler-elf/7.2.0/../../../../sparc-gaisler-elf/lib/leon/mfix-at697f\libm.a(lib_a-s_copysign.o)
                0x000000004003e3dc                copysign
 .text          0x000000004003e40c       0x7c c:/opt/bcc-2.0.2-gcc/bin/../sparc-gaisler-elf/bsp/leon2/leon/mfix-at697f\libbcc.a(reset_trap_mvt.S.o)
                0x000000004003e40c                __bcc_trap_reset_mvt
 .text          0x000000004003e488       0xb0 c:/opt/bcc-2.0.2-gcc/bin/../sparc-gaisler-elf/bsp/leon2/leon/mfix-at697f\libbcc.a(window_trap.S.o)
                0x000000004003e488                __bcc_trap_window_overflow
                0x000000004003e4d8                __bcc_trap_window_underflow
 .text          0x000000004003e538      0x1b4 c:/opt/bcc-2.0.2-gcc/bin/../sparc-gaisler-elf/bsp/leon2/leon/mfix-at697f\libbcc.a(interrupt_trap.S.o)
                0x000000004003e538                __bcc_trap_interrupt_svt
                0x000000004003e53c                __bcc_trap_interrupt
 .text          0x000000004003e6ec       0x88 c:/opt/bcc-2.0.2-gcc/bin/../sparc-gaisler-elf/bsp/leon2/leon/mfix-at697f\libbcc.a(flush_windows_trap.S.o)
                0x000000004003e6ec                __bcc_trap_flush_windows
 .text          0x000000004003e774       0x2c c:/opt/bcc-2.0.2-gcc/bin/../sparc-gaisler-elf/bsp/leon2/leon/mfix-at697f\libbcc.a(sw_trap_set_pil.S.o)
                0x000000004003e774                __bcc_trap_sw_set_pil
 .text          0x000000004003e7a0       0xb0 c:/opt/bcc-2.0.2-gcc/bin/../sparc-gaisler-elf/bsp/leon2/leon/mfix-at697f\libbcc.a(trap.c.o)
                0x000000004003e7a0                bcc_set_trap
 .text          0x000000004003e850        0x0 c:/opt/bcc-2.0.2-gcc/bin/../sparc-gaisler-elf/bsp/leon2/leon/mfix-at697f\libbcc.a(isr.c.o)
 .text          0x000000004003e850        0x0 c:/opt/bcc-2.0.2-gcc/bin/../sparc-gaisler-elf/bsp/leon2/leon/mfix-at697f\libbcc.a(int_nest.c.o)
 .text          0x000000004003e850        0x8 c:/opt/bcc-2.0.2-gcc/bin/../sparc-gaisler-elf/bsp/leon2/leon/mfix-at697f\libbcc.a(init.S.o)
                0x000000004003e850                __bcc_init40
                0x000000004003e850                __bcc_init70
                0x000000004003e850                __bcc_init60
                0x000000004003e850                __bcc_init50
 .text          0x000000004003e858       0x84 c:/opt/bcc-2.0.2-gcc/bin/../sparc-gaisler-elf/bsp/leon2/leon/mfix-at697f\libbcc.a(leon_info.S.o)
                0x000000004003e858                __bcc_get_leon_info
                0x000000004003e8cc                bcc_get_cpuid
 .text          0x000000004003e8dc       0x2c c:/opt/bcc-2.0.2-gcc/bin/../sparc-gaisler-elf/bsp/leon2/leon/mfix-at697f\libbcc.a(dwzero.S.o)
                0x000000004003e8dc                bcc_dwzero
 .text          0x000000004003e908       0x5c c:/opt/bcc-2.0.2-gcc/bin/../sparc-gaisler-elf/bsp/leon2/leon/mfix-at697f\libbcc.a(copy_data.c.o)
                0x000000004003e908                __bcc_copy_data
 *fill*         0x000000004003e964        0xc 
 .text          0x000000004003e970       0x90 c:/opt/bcc-2.0.2-gcc/bin/../sparc-gaisler-elf/bsp/leon2/leon/mfix-at697f\libbcc.a(lowlevel.S.o)
                0x000000004003e970                bcc_loadnocache
                0x000000004003e97c                bcc_loadnocache16
                0x000000004003e988                bcc_loadnocache8
                0x000000004003e9a0                bcc_ldstub
                0x000000004003e9ac                bcc_set_psr
                0x000000004003e9c4                bcc_get_psr
                0x000000004003e9cc                bcc_get_pil
                0x000000004003e9dc                bcc_set_tbr
                0x000000004003e9f4                bcc_get_tbr
 .text          0x000000004003ea00       0x50 c:/opt/bcc-2.0.2-gcc/bin/../sparc-gaisler-elf/bsp/leon2/leon/mfix-at697f\libbcc.a(lowlevel_leon2.S.o)
                0x000000004003ea00                bcc_set_ccr
                0x000000004003ea10                bcc_get_ccr
                0x000000004003ea20                bcc_flush_cache
                0x000000004003ea2c                bcc_flush_icache
                0x000000004003ea34                bcc_flush_dcache
                0x000000004003ea3c                bcc_power_down
 .text          0x000000004003ea50      0x160 c:/opt/bcc-2.0.2-gcc/bin/../sparc-gaisler-elf/bsp/leon2/leon/mfix-at697f\libbcc.a(int_leon2.c.o)
                0x000000004003ea50                bcc_int_mask
                0x000000004003eaa0                bcc_int_unmask
                0x000000004003eaf0                bcc_int_clear
                0x000000004003eb28                bcc_int_force
                0x000000004003eb6c                bcc_int_pend
 .text          0x000000004003ebb0        0x8 c:/opt/bcc-2.0.2-gcc/bin/../sparc-gaisler-elf/bsp/leon2/leon/mfix-at697f\libbcc.a(int_leon2_get_source.c.o)
                0x000000004003ebb0                __bcc_int_get_source
 .text          0x000000004003ebb8        0x8 c:/opt/bcc-2.0.2-gcc/bin/../sparc-gaisler-elf/bsp/leon2/leon/mfix-at697f\libbcc.a(int_leon2_init.c.o)
                0x000000004003ebb8                __bcc_int_init
 .text          0x000000004003ebc0       0x70 c:/opt/bcc-2.0.2-gcc/bin/../sparc-gaisler-elf/bsp/leon2/leon/mfix-at697f\libbcc.a(con_leon2.c.o)
                0x000000004003ebc0                __bcc_con_init
                0x000000004003ebc8                __bcc_con_outbyte
                0x000000004003ebfc                __bcc_con_inbyte
 .text          0x000000004003ec30       0x30 c:/opt/bcc-2.0.2-gcc/bin/../sparc-gaisler-elf/bsp/leon2/leon/mfix-at697f\libbcc.a(timer_leon2.c.o)
                0x000000004003ec30                __bcc_timer_init
                0x000000004003ec38                bcc_timer_get_us
 .text          0x000000004003ec60        0xc c:/opt/bcc-2.0.2-gcc/bin/../sparc-gaisler-elf/bsp/leon2/leon/mfix-at697f\libbcc.a(set_pil.S.o)
                0x000000004003ec60                bcc_set_pil
 .text          0x000000004003ec6c        0x0 c:/opt/bcc-2.0.2-gcc/bin/../sparc-gaisler-elf/bsp/leon2/leon/mfix-at697f\libbcc.a(int_leon2_handle.c.o)
 .text          0x000000004003ec6c        0x0 c:/opt/bcc-2.0.2-gcc/bin/../sparc-gaisler-elf/bsp/leon2/leon/mfix-at697f\libbcc.a(con_handle.c.o)
 .text          0x000000004003ec6c        0x0 c:/opt/bcc-2.0.2-gcc/bin/../sparc-gaisler-elf/bsp/leon2/leon/mfix-at697f\libbcc.a(timer_handle.c.o)
 .text          0x000000004003ec6c       0x1c c:/opt/bcc-2.0.2-gcc/bin/../lib/gcc/sparc-gaisler-elf/7.2.0/../../../../sparc-gaisler-elf/lib/leon/mfix-at697f\libc.a(lib_a-atexit.o)
                0x000000004003ec6c                atexit
 .text          0x000000004003ec88        0xc c:/opt/bcc-2.0.2-gcc/bin/../lib/gcc/sparc-gaisler-elf/7.2.0/../../../../sparc-gaisler-elf/lib/leon/mfix-at697f\libc.a(lib_a-errno.o)
                0x000000004003ec88                __errno
 .text          0x000000004003ec94       0x3c c:/opt/bcc-2.0.2-gcc/bin/../lib/gcc/sparc-gaisler-elf/7.2.0/../../../../sparc-gaisler-elf/lib/leon/mfix-at697f\libc.a(lib_a-exit.o)
                0x000000004003ec94                exit
 .text          0x000000004003ecd0        0x0 c:/opt/bcc-2.0.2-gcc/bin/../lib/gcc/sparc-gaisler-elf/7.2.0/../../../../sparc-gaisler-elf/lib/leon/mfix-at697f\libc.a(lib_a-impure.o)
 .text          0x000000004003ecd0      0x19c c:/opt/bcc-2.0.2-gcc/bin/../lib/gcc/sparc-gaisler-elf/7.2.0/../../../../sparc-gaisler-elf/lib/leon/mfix-at697f\libc.a(lib_a-memcpy.o)
                0x000000004003ecd0                memcpy
 .text          0x000000004003ee6c      0x158 c:/opt/bcc-2.0.2-gcc/bin/../lib/gcc/sparc-gaisler-elf/7.2.0/../../../../sparc-gaisler-elf/lib/leon/mfix-at697f\libc.a(lib_a-__atexit.o)
                0x000000004003ee6c                __register_exitproc
 .text          0x000000004003efc4      0x2b4 c:/opt/bcc-2.0.2-gcc/bin/../lib/gcc/sparc-gaisler-elf/7.2.0/../../../../sparc-gaisler-elf/lib/leon/mfix-at697f\libc.a(lib_a-__call_atexit.o)
                0x000000004003efc4                __call_exitprocs
 .text          0x000000004003f278       0x18 c:/opt/bcc-2.0.2-gcc/bin/../sparc-gaisler-elf/bsp/leon2/leon/mfix-at697f\libbcc.a(_exit.S.o)
                0x000000004003f278                _exit
 .text          0x000000004003f290       0x48 c:/opt/bcc-2.0.2-gcc/bin/../lib/gcc/sparc-gaisler-elf/7.2.0/leon/mfix-at697f/crtend.o
 .text          0x000000004003f2d8        0x0 c:/opt/bcc-2.0.2-gcc/bin/../lib/gcc/sparc-gaisler-elf/7.2.0/leon/mfix-at697f/crtn.o
                0x000000004003f2e0                . = ALIGN (0x10)
 *fill*         0x000000004003f2d8        0x8 
 *(.eh_frame)
 .eh_frame      0x000000004003f2e0        0x0 c:/opt/bcc-2.0.2-gcc/bin/../lib/gcc/sparc-gaisler-elf/7.2.0/leon/mfix-at697f/crtbegin.o
 .eh_frame      0x000000004003f2e0        0x4 c:/opt/bcc-2.0.2-gcc/bin/../lib/gcc/sparc-gaisler-elf/7.2.0/leon/mfix-at697f/crtend.o
                0x000000004003f2f0                . = ALIGN (0x10)
 *fill*         0x000000004003f2e4        0xc 
 *(.gnu.linkonce.t*)
                0x000000004003f2f0                ___CTOR_LIST__ = .
                0x000000004003f2f0        0x4 LONG 0x2 (((___CTOR_END__ - ___CTOR_LIST__) / 0x4) - 0x2)
 *(SORT(.ctors.*))
 *(.ctors)
 .ctors         0x000000004003f2f4        0x4 c:/opt/bcc-2.0.2-gcc/bin/../lib/gcc/sparc-gaisler-elf/7.2.0/leon/mfix-at697f/crtbegin.o
 .ctors         0x000000004003f2f8        0x4 c:/opt/bcc-2.0.2-gcc/bin/../lib/gcc/sparc-gaisler-elf/7.2.0/leon/mfix-at697f/crtend.o
                0x000000004003f2fc        0x4 LONG 0x0
                0x000000004003f300                ___CTOR_END__ = .
                0x000000004003f300                ___DTOR_LIST__ = .
                0x000000004003f300        0x4 LONG 0x2 (((___DTOR_END__ - ___DTOR_LIST__) / 0x4) - 0x2)
 *(SORT(.dtors.*))
 *(.dtors)
 .dtors         0x000000004003f304        0x4 c:/opt/bcc-2.0.2-gcc/bin/../lib/gcc/sparc-gaisler-elf/7.2.0/leon/mfix-at697f/crtbegin.o
 .dtors         0x000000004003f308        0x4 c:/opt/bcc-2.0.2-gcc/bin/../lib/gcc/sparc-gaisler-elf/7.2.0/leon/mfix-at697f/crtend.o
                0x000000004003f308                __DTOR_END__
                0x000000004003f30c        0x4 LONG 0x0
                0x000000004003f310                ___DTOR_END__ = .
 *(.gnu.linkonce*)
 *(.init)
 .init          0x000000004003f310        0x4 c:/opt/bcc-2.0.2-gcc/bin/../lib/gcc/sparc-gaisler-elf/7.2.0/leon/mfix-at697f/crti.o
                0x000000004003f310                _init
 .init          0x000000004003f314        0x8 c:/opt/bcc-2.0.2-gcc/bin/../lib/gcc/sparc-gaisler-elf/7.2.0/leon/mfix-at697f/crtbegin.o
 .init          0x000000004003f31c        0x8 c:/opt/bcc-2.0.2-gcc/bin/../lib/gcc/sparc-gaisler-elf/7.2.0/leon/mfix-at697f/crtend.o
 .init          0x000000004003f324        0xc c:/opt/bcc-2.0.2-gcc/bin/../lib/gcc/sparc-gaisler-elf/7.2.0/leon/mfix-at697f/crtn.o
 *(.fini)
 .fini          0x000000004003f330        0x4 c:/opt/bcc-2.0.2-gcc/bin/../lib/gcc/sparc-gaisler-elf/7.2.0/leon/mfix-at697f/crti.o
                0x000000004003f330                _fini
 .fini          0x000000004003f334        0x8 c:/opt/bcc-2.0.2-gcc/bin/../lib/gcc/sparc-gaisler-elf/7.2.0/leon/mfix-at697f/crtbegin.o
 .fini          0x000000004003f33c        0xc c:/opt/bcc-2.0.2-gcc/bin/../lib/gcc/sparc-gaisler-elf/7.2.0/leon/mfix-at697f/crtn.o
 *(.lit)
 *(.shdata)
                0x000000004003f350                . = ALIGN (0x10)
 *fill*         0x000000004003f348        0x8 
                0x000000004003f350                __text_end = .

.gcc_except_table
 *(.gcc_except_table)

.rodata         0x000000004003f350     0x5130
                0x000000004003f350                __rodata_start = .
 *(.rodata*)
 .rodata.cst8   0x000000004003f350       0x38 C:\Users\ajarr\AppData\Local\Temp\cclcRNkm.o
 .rodata        0x000000004003f388        0x0 C:\Users\ajarr\AppData\Local\Temp\ccXi6CuD.o
 .rodata        0x000000004003f388       0x10 C:\Users\ajarr\AppData\Local\Temp\cck0ztpe.o
 .rodata.cst4   0x000000004003f398        0x4 C:\Users\ajarr\AppData\Local\Temp\ccgZ79fC.o
 .rodata        0x000000004003f39c        0x0 C:\Users\ajarr\AppData\Local\Temp\ccgZ79fC.o
 .rodata        0x000000004003f39c        0x0 C:\Users\ajarr\AppData\Local\Temp\ccySgCMJ.o
 *fill*         0x000000004003f39c        0x4 
 .rodata.cst8   0x000000004003f3a0        0x8 C:\Users\ajarr\AppData\Local\Temp\ccW8vVNE.o
 .rodata.cst8   0x000000004003f3a8       0x58 C:\Users\ajarr\AppData\Local\Temp\ccH43JHx.o
                                         0xc8 (size before relaxing)
 .rodata.cst4   0x000000004003f400        0x4 C:\Users\ajarr\AppData\Local\Temp\ccH43JHx.o
 *fill*         0x000000004003f404        0x4 
 .rodata.cst8   0x000000004003f408       0x18 C:\Users\ajarr\AppData\Local\Temp\cco0QbZ8.o
                                         0x78 (size before relaxing)
 .rodata        0x000000004003f420     0x4724 C:\Users\ajarr\AppData\Local\Temp\cc5Z9OQN.o
                0x000000004003f420                c_I_nine_cross_nine
                0x000000004003f6a8                c_I_three_cross_three
                0x000000004003f6f0                c_Tv_wof_0034
                0x000000004003f738                c_Tv_wof_0204
                0x000000004003f780                c_Tv_wof_0230
                0x000000004003f7c8                c_Tv_wof_1004
                0x000000004003f810                c_Tv_wof_1030
                0x000000004003f858                c_Tv_wof_1200
                0x000000004003f8a0                c_B2wh_mat_0034
                0x000000004003f900                c_B2wh_mat_0204
                0x000000004003f960                c_B2wh_mat_0230
                0x000000004003f9c0                c_B2wh_mat_1004
                0x000000004003fa20                c_B2wh_mat_1030
                0x000000004003fa80                c_B2wh_mat_1200
                0x000000004003fae0                c_B2wh_mat_0234
                0x000000004003fb40                c_B2wh_mat_1034
                0x000000004003fba0                c_B2wh_mat_1204
                0x000000004003fc00                c_B2wh_mat_1230
                0x000000004003fc60                c_B2wh_mat_4RW
                0x000000004003fcc0                c_wh2B_mat_0034
                0x000000004003fd20                c_wh2B_mat_0204
                0x000000004003fd80                c_wh2B_mat_0230
                0x000000004003fde0                c_wh2B_mat_1004
                0x000000004003fe40                c_wh2B_mat_1030
                0x000000004003fea0                c_wh2B_mat_1200
                0x000000004003ff00                c_wh2B_mat_0234
                0x000000004003ff60                c_wh2B_mat_1034
                0x000000004003ffc0                c_wh2B_mat_1204
                0x0000000040040020                c_wh2B_mat_1230
                0x0000000040040080                c_wh2B_mat_4RW
                0x00000000400400e0                c_MOI_wh
                0x00000000400400e8                c_MOI_wh4
                0x00000000400400f0                c_MOI_wh3
                0x00000000400400f8                c_MOI_wh2
                0x0000000040040100                c_MOI_wh1
                0x0000000040040108                TC_T_RW_MAX
                0x0000000040040110                c_RADps2RPM
                0x0000000040040118                c_RPM2RADpS
                0x0000000040040120                c_DPMMAX
                0x0000000040040128                c_wkm_sunmag
                0x0000000040040130                c_wks_sunmag
                0x0000000040040138                c_wkm_mag
                0x0000000040040140                c_wks_mag
                0x0000000040040148                c_ss2b4156
                0x0000000040040190                c_ss2b3456
                0x00000000400401d8                c_ss2b2356
                0x0000000040040220                c_ss2b1256
                0x0000000040040268                c_misaln_cor146
                0x00000000400402b0                c_misaln_cor145
                0x00000000400402f8                c_misaln_cor346
                0x0000000040040340                c_misaln_cor345
                0x0000000040040388                c_misaln_cor326
                0x00000000400403d0                c_misaln_cor325
                0x0000000040040418                c_misaln_cor126
                0x0000000040040460                c_misaln_cor125
                0x00000000400404a8                c_AngDev_SAMtransit_thrsld
                0x00000000400404b0                c_AngDev_SMtransit_thrsld
                0x00000000400404b8                c_Sunlit_Thrsld
                0x00000000400404c0                c_SSThrsld
                0x00000000400404c8                c_Imax_YN_Main
                0x00000000400404d0                c_Imax_YP_Main
                0x00000000400404d8                c_Imax_PN_Main
                0x00000000400404e0                c_Imax_PP_Main
                0x00000000400404e8                c_Imax_RNND_Main
                0x00000000400404f0                c_Imax_RPND_Main
                0x00000000400404f8                c_Imax_RND_Main
                0x0000000040040500                c_Imax_RPD_Main
                0x0000000040040508                c_Imax_YN_Red
                0x0000000040040510                c_Imax_YP_Red
                0x0000000040040518                c_Imax_PN_Red
                0x0000000040040520                c_Imax_PP_Red
                0x0000000040040528                c_Imax_RNND_Red
                0x0000000040040530                c_Imax_RPND_Red
                0x0000000040040538                c_Imax_RND_Red
                0x0000000040040540                c_Imax_RPD_Red
                0x0000000040040548                c_KDset3
                0x0000000040040550                c_KDset2
                0x0000000040040558                c_KDset1
                0x0000000040040560                c_Epsilon2
                0x0000000040040568                c_Epsilon1
                0x0000000040040570                c_Sun_Dis3
                0x0000000040040578                c_Sun_Dis2
                0x0000000040040580                c_Sun_Dis1
                0x0000000040040588                c_L_Ecliptic2
                0x0000000040040590                c_L_Ecliptic1
                0x0000000040040598                c_Msun2
                0x00000000400405a0                c_Msun1
                0x00000000400405a8                c_L_Msun2
                0x00000000400405b0                c_L_Msun1
                0x00000000400405b8                c_hsval
                0x00000000400408f8                c_hval
                0x0000000040040c38                c_gsval
                0x0000000040040f78                c_gval
                0x00000000400412b8                c_sdmax
                0x00000000400412c0                c_a
                0x00000000400412c8                c_Pibytwo
                0x00000000400412d0                c_Kmax
                0x00000000400412d4                c_Nmax
                0x00000000400412d8                nut
                0x00000000400433f8                fc
                0x00000000400434c0                c_rk_T
                0x0000000040043748                c_rk
                0x00000000400439d0                c_I_four_cross_four
                0x0000000040043a10                c_onesecond
                0x0000000040043a18                c_oneminute
                0x0000000040043a20                c_halfhour
                0x0000000040043a28                c_Mmax
                0x0000000040043a30                c_AS2R
                0x0000000040043a38                c_R2D
                0x0000000040043a40                c_D2R
                0x0000000040043a48                c_min_per_day
                0x0000000040043a50                c_temp4
                0x0000000040043a58                c_j4
                0x0000000040043a60                c_j3oj2
                0x0000000040043a68                c_qzms2t
                0x0000000040043a70                c_ss
                0x0000000040043a78                c_xpdotp
                0x0000000040043a80                c_Pi
                0x0000000040043a88                c_Day_To_Seconds
                0x0000000040043a90                c_invmu
                0x0000000040043a98                c_mu
                0x0000000040043aa0                c_dividebyzerovalue
                0x0000000040043aa8                c_xke
                0x0000000040043ab0                c_x2o3
                0x0000000040043ab8                c_Twopi
                0x0000000040043ac0                c_j2
                0x0000000040043ac8                c_au
                0x0000000040043ad0                c_auer
                0x0000000040043ad8                c_radiusearthkm
                0x0000000040043ae0                c_vkmpersec
                0x0000000040043ae8                c_OMEGAE
                0x0000000040043af0                c_tsince_min
                0x0000000040043af8                c_twomu
                0x0000000040043b00                c_MiC
                0x0000000040043b08                c_MaC
                0x0000000040043b10                c_TM_RW_Resol
                0x0000000040043b18                c_TM_Resol_B
                0x0000000040043b20                c_TM_Resol_w
                0x0000000040043b28                c_TM_Resol_DelThta
                0x0000000040043b30                c_Resol_DelThta
                0x0000000040043b38                c_Resol_B
                0x0000000040043b40                c_FFFF
 *fill*         0x0000000040043b44        0x4 
 .rodata.cst8   0x0000000040043b48       0x58 C:\Users\ajarr\AppData\Local\Temp\cchzLcEP.o
                                         0xb0 (size before relaxing)
 .rodata.cst8   0x0000000040043ba0       0x30 C:\Users\ajarr\AppData\Local\Temp\ccDrgrG5.o
                                         0x78 (size before relaxing)
 .rodata        0x0000000040043bd0        0x0 C:\Users\ajarr\AppData\Local\Temp\ccDrgrG5.o
 .rodata.cst8   0x0000000040043bd0       0x48 C:\Users\ajarr\AppData\Local\Temp\ccpYH1o5.o
                                         0x68 (size before relaxing)
 .rodata.cst4   0x0000000040043c18        0x8 C:\Users\ajarr\AppData\Local\Temp\ccpYH1o5.o
 .rodata.cst8   0x0000000040043c20       0x38 C:\Users\ajarr\AppData\Local\Temp\cce8IkUa.o
                                         0xa0 (size before relaxing)
 .rodata.cst4   0x0000000040043c58        0x8 C:\Users\ajarr\AppData\Local\Temp\cce8IkUa.o
                                          0xc (size before relaxing)
 .rodata.cst8   0x0000000040043c60      0x290 C:\Users\ajarr\AppData\Local\Temp\ccwpWlcN.o
                                        0x3c0 (size before relaxing)
 .rodata.cst8   0x0000000040043ef0       0x88 C:\Users\ajarr\AppData\Local\Temp\ccIOj7WD.o
 .rodata.cst8   0x0000000040043ef0       0xa8 c:/opt/bcc-2.0.2-gcc/bin/../lib/gcc/sparc-gaisler-elf/7.2.0/../../../../sparc-gaisler-elf/lib/leon/mfix-at697f\libm.a(lib_a-s_atan.o)
                                         0xd0 (size before relaxing)
 .rodata.cst8   0x0000000040043f98       0x10 c:/opt/bcc-2.0.2-gcc/bin/../lib/gcc/sparc-gaisler-elf/7.2.0/../../../../sparc-gaisler-elf/lib/leon/mfix-at697f\libm.a(lib_a-s_floor.o)
 .rodata.str1.8
                0x0000000040043f98        0x9 c:/opt/bcc-2.0.2-gcc/bin/../lib/gcc/sparc-gaisler-elf/7.2.0/../../../../sparc-gaisler-elf/lib/leon/mfix-at697f\libm.a(lib_a-w_acos.o)
 .rodata.cst8   0x0000000040043fa1        0x8 c:/opt/bcc-2.0.2-gcc/bin/../lib/gcc/sparc-gaisler-elf/7.2.0/../../../../sparc-gaisler-elf/lib/leon/mfix-at697f\libm.a(lib_a-w_acos.o)
 *fill*         0x0000000040043fa1        0x7 
 .rodata.str1.8
                0x0000000040043fa8        0x5 c:/opt/bcc-2.0.2-gcc/bin/../lib/gcc/sparc-gaisler-elf/7.2.0/../../../../sparc-gaisler-elf/lib/leon/mfix-at697f\libm.a(lib_a-w_asin.o)
                                          0x9 (size before relaxing)
 .rodata.cst8   0x0000000040043fad        0x8 c:/opt/bcc-2.0.2-gcc/bin/../lib/gcc/sparc-gaisler-elf/7.2.0/../../../../sparc-gaisler-elf/lib/leon/mfix-at697f\libm.a(lib_a-w_asin.o)
 *fill*         0x0000000040043fad        0x3 
 .rodata.str1.8
                0x0000000040043fb0        0x5 c:/opt/bcc-2.0.2-gcc/bin/../lib/gcc/sparc-gaisler-elf/7.2.0/../../../../sparc-gaisler-elf/lib/leon/mfix-at697f\libm.a(lib_a-w_fmod.o)
 .rodata.cst8   0x0000000040043fb5        0x8 c:/opt/bcc-2.0.2-gcc/bin/../lib/gcc/sparc-gaisler-elf/7.2.0/../../../../sparc-gaisler-elf/lib/leon/mfix-at697f\libm.a(lib_a-w_fmod.o)
 *fill*         0x0000000040043fb5        0x3 
 .rodata.str1.8
                0x0000000040043fb8        0x4 c:/opt/bcc-2.0.2-gcc/bin/../lib/gcc/sparc-gaisler-elf/7.2.0/../../../../sparc-gaisler-elf/lib/leon/mfix-at697f\libm.a(lib_a-w_pow.o)
 *fill*         0x0000000040043fbc        0x4 
 .rodata.cst8   0x0000000040043fc0       0x20 c:/opt/bcc-2.0.2-gcc/bin/../lib/gcc/sparc-gaisler-elf/7.2.0/../../../../sparc-gaisler-elf/lib/leon/mfix-at697f\libm.a(lib_a-w_pow.o)
                                         0x38 (size before relaxing)
 .rodata.str1.8
                0x0000000040043fe0        0x8 c:/opt/bcc-2.0.2-gcc/bin/../lib/gcc/sparc-gaisler-elf/7.2.0/../../../../sparc-gaisler-elf/lib/leon/mfix-at697f\libm.a(lib_a-w_sqrt.o)
                                          0x5 (size before relaxing)
 .rodata.cst8   0x0000000040043fe8        0x8 c:/opt/bcc-2.0.2-gcc/bin/../lib/gcc/sparc-gaisler-elf/7.2.0/../../../../sparc-gaisler-elf/lib/leon/mfix-at697f\libm.a(lib_a-w_sqrt.o)
 .rodata.cst8   0x0000000040043fe8       0x58 c:/opt/bcc-2.0.2-gcc/bin/../lib/gcc/sparc-gaisler-elf/7.2.0/../../../../sparc-gaisler-elf/lib/leon/mfix-at697f\libm.a(lib_a-e_acos.o)
                                         0x80 (size before relaxing)
 .rodata.cst8   0x0000000040044040       0x80 c:/opt/bcc-2.0.2-gcc/bin/../lib/gcc/sparc-gaisler-elf/7.2.0/../../../../sparc-gaisler-elf/lib/leon/mfix-at697f\libm.a(lib_a-e_asin.o)
 .rodata.cst8   0x0000000040044040       0x28 c:/opt/bcc-2.0.2-gcc/bin/../lib/gcc/sparc-gaisler-elf/7.2.0/../../../../sparc-gaisler-elf/lib/leon/mfix-at697f\libm.a(lib_a-e_atan2.o)
                                         0x58 (size before relaxing)
 .rodata        0x0000000040044068       0x10 c:/opt/bcc-2.0.2-gcc/bin/../lib/gcc/sparc-gaisler-elf/7.2.0/../../../../sparc-gaisler-elf/lib/leon/mfix-at697f\libm.a(lib_a-e_fmod.o)
 .rodata.str1.8
                0x0000000040044078        0x1 c:/opt/bcc-2.0.2-gcc/bin/../lib/gcc/sparc-gaisler-elf/7.2.0/../../../../sparc-gaisler-elf/lib/leon/mfix-at697f\libm.a(lib_a-e_pow.o)
 .rodata.cst8   0x0000000040044078       0xc8 c:/opt/bcc-2.0.2-gcc/bin/../lib/gcc/sparc-gaisler-elf/7.2.0/../../../../sparc-gaisler-elf/lib/leon/mfix-at697f\libm.a(lib_a-e_pow.o)
                                        0x120 (size before relaxing)
 .rodata.cst8   0x0000000040044140       0x40 c:/opt/bcc-2.0.2-gcc/bin/../lib/gcc/sparc-gaisler-elf/7.2.0/../../../../sparc-gaisler-elf/lib/leon/mfix-at697f\libm.a(lib_a-e_rem_pio2.o)
                                         0x50 (size before relaxing)
 .rodata        0x0000000040044180      0x188 c:/opt/bcc-2.0.2-gcc/bin/../lib/gcc/sparc-gaisler-elf/7.2.0/../../../../sparc-gaisler-elf/lib/leon/mfix-at697f\libm.a(lib_a-e_rem_pio2.o)
 .rodata.cst8   0x0000000040044308       0x40 c:/opt/bcc-2.0.2-gcc/bin/../lib/gcc/sparc-gaisler-elf/7.2.0/../../../../sparc-gaisler-elf/lib/leon/mfix-at697f\libm.a(lib_a-k_cos.o)
                                         0x50 (size before relaxing)
 .rodata.cst8   0x0000000040044348       0x50 c:/opt/bcc-2.0.2-gcc/bin/../lib/gcc/sparc-gaisler-elf/7.2.0/../../../../sparc-gaisler-elf/lib/leon/mfix-at697f\libm.a(lib_a-k_rem_pio2.o)
                                         0x78 (size before relaxing)
 .rodata        0x0000000040044398       0x10 c:/opt/bcc-2.0.2-gcc/bin/../lib/gcc/sparc-gaisler-elf/7.2.0/../../../../sparc-gaisler-elf/lib/leon/mfix-at697f\libm.a(lib_a-k_rem_pio2.o)
 .rodata.cst8   0x00000000400443a8       0x30 c:/opt/bcc-2.0.2-gcc/bin/../lib/gcc/sparc-gaisler-elf/7.2.0/../../../../sparc-gaisler-elf/lib/leon/mfix-at697f\libm.a(lib_a-k_sin.o)
                                         0x38 (size before relaxing)
 .rodata.cst8   0x00000000400443d8       0x68 c:/opt/bcc-2.0.2-gcc/bin/../lib/gcc/sparc-gaisler-elf/7.2.0/../../../../sparc-gaisler-elf/lib/leon/mfix-at697f\libm.a(lib_a-k_tan.o)
                                         0x90 (size before relaxing)
 .rodata.cst8   0x0000000040044440        0x8 c:/opt/bcc-2.0.2-gcc/bin/../lib/gcc/sparc-gaisler-elf/7.2.0/../../../../sparc-gaisler-elf/lib/leon/mfix-at697f\libm.a(lib_a-s_nan.o)
 .rodata        0x0000000040044448       0x10 c:/opt/bcc-2.0.2-gcc/bin/../lib/gcc/sparc-gaisler-elf/7.2.0/../../../../sparc-gaisler-elf/lib/leon/mfix-at697f\libm.a(lib_a-s_rint.o)
 .rodata.cst8   0x0000000040044458       0x18 c:/opt/bcc-2.0.2-gcc/bin/../lib/gcc/sparc-gaisler-elf/7.2.0/../../../../sparc-gaisler-elf/lib/leon/mfix-at697f\libm.a(lib_a-s_scalbn.o)
                                         0x20 (size before relaxing)
 .rodata        0x0000000040044470        0x4 c:/opt/bcc-2.0.2-gcc/bin/../lib/gcc/sparc-gaisler-elf/7.2.0/../../../../sparc-gaisler-elf/lib/leon/mfix-at697f\libc.a(lib_a-impure.o)
                0x0000000040044470                _global_impure_ptr
 *(.gnu.linkonce.r*)
                0x0000000040044480                . = ALIGN (0x10)
 *fill*         0x0000000040044474        0xc 
                0x0000000040044480                __rodata_end = .

.rela.dyn       0x0000000040044480        0x0
 .rela.iplt     0x0000000040044480        0x0 c:/opt/bcc-2.0.2-gcc/bin/../sparc-gaisler-elf/bsp/leon2/leon/mfix-at697f/trap_table_mvt.S.o
 .rela.text.traptable
                0x0000000040044480        0x0 c:/opt/bcc-2.0.2-gcc/bin/../sparc-gaisler-elf/bsp/leon2/leon/mfix-at697f/trap_table_mvt.S.o
 .rela.text     0x0000000040044480        0x0 c:/opt/bcc-2.0.2-gcc/bin/../sparc-gaisler-elf/bsp/leon2/leon/mfix-at697f/trap_table_mvt.S.o
 .rela.text.startup
                0x0000000040044480        0x0 c:/opt/bcc-2.0.2-gcc/bin/../sparc-gaisler-elf/bsp/leon2/leon/mfix-at697f/trap_table_mvt.S.o
 .rela.data     0x0000000040044480        0x0 c:/opt/bcc-2.0.2-gcc/bin/../sparc-gaisler-elf/bsp/leon2/leon/mfix-at697f/trap_table_mvt.S.o

.ext.data       0x0000000040044480        0x0
                0x0000000040044480                . = ALIGN (0x8)
                0x0000000040044480                __extdata_start = .
 *(.data.ext)
                0x0000000040044480                . = ALIGN (0x8)
                0x0000000040044480                __extdata_end = .
                0x0000000040044480                __extdata_start_lma = LOADADDR (.ext.data)
                0x0000000000000000                __extdata_size = SIZEOF (.ext.data)

.data           0x0000000040044480      0x540
                0x0000000040044480                . = ALIGN (0x8)
                0x0000000040044480                __data_start = .
 *(.data .data.*)
 .data          0x0000000040044480        0x0 c:/opt/bcc-2.0.2-gcc/bin/../sparc-gaisler-elf/bsp/leon2/leon/mfix-at697f/trap_table_mvt.S.o
 .data          0x0000000040044480        0x0 c:/opt/bcc-2.0.2-gcc/bin/../sparc-gaisler-elf/bsp/leon2/leon/mfix-at697f/crt0.S.o
 .data          0x0000000040044480        0x0 c:/opt/bcc-2.0.2-gcc/bin/../lib/gcc/sparc-gaisler-elf/7.2.0/leon/mfix-at697f/crti.o
 .data          0x0000000040044480        0x4 c:/opt/bcc-2.0.2-gcc/bin/../lib/gcc/sparc-gaisler-elf/7.2.0/leon/mfix-at697f/crtbegin.o
                0x0000000040044480                __dso_handle
 .data          0x0000000040044484        0x0 C:\Users\ajarr\AppData\Local\Temp\cclcRNkm.o
 .data          0x0000000040044484        0x0 C:\Users\ajarr\AppData\Local\Temp\ccXi6CuD.o
 .data          0x0000000040044484       0x24 C:\Users\ajarr\AppData\Local\Temp\cck0ztpe.o
                0x0000000040044498                test_st_sp_d
                0x000000004004449c                test_st_sp_c
                0x00000000400444a0                test_st_sp_b
                0x00000000400444a1                test_st_b
                0x00000000400444a2                test_st
                0x00000000400444a4                real_tm_wait
 .data          0x00000000400444a8      0x390 C:\Users\ajarr\AppData\Local\Temp\ccgZ79fC.o
                0x00000000400444a8                Resol_Table_Adcs
                0x0000000040044570                BlkExe_Status
                0x0000000040044574                FuncExecute_Table
                0x00000000400447cc                Resol_Table
 .data          0x0000000040044838        0x0 C:\Users\ajarr\AppData\Local\Temp\cccsHxM4.o
 .data          0x0000000040044838        0x0 C:\Users\ajarr\AppData\Local\Temp\cczKCchi.o
 .data          0x0000000040044838        0x8 C:\Users\ajarr\AppData\Local\Temp\ccySgCMJ.o
                0x0000000040044838                PL_Debug_Data
 .data          0x0000000040044840       0x20 C:\Users\ajarr\AppData\Local\Temp\ccJGVwWh.o
                0x0000000040044840                inter_HAL_EPS_Hardware_Status_SEL
 .data          0x0000000040044860        0x0 C:\Users\ajarr\AppData\Local\Temp\ccwUhEmU.o
 .data          0x0000000040044860        0x0 C:\Users\ajarr\AppData\Local\Temp\ccTGUrKF.o
 .data          0x0000000040044860        0x0 C:\Users\ajarr\AppData\Local\Temp\ccW8NopI.o
 .data          0x0000000040044860       0xbc C:\Users\ajarr\AppData\Local\Temp\ccQfD6IQ.o
                0x0000000040044860                Auto_manual
                0x0000000040044864                UTP
                0x00000000400448a4                LTP
                0x00000000400448e4                Thermister_index_select
 .data          0x000000004004491c        0x0 C:\Users\ajarr\AppData\Local\Temp\ccegzvw7.o
 *fill*         0x000000004004491c        0x4 
 .data          0x0000000040044920        0x4 C:\Users\ajarr\AppData\Local\Temp\ccW8vVNE.o
                0x0000000040044920                NSP_addr_table
 .data          0x0000000040044924        0x0 C:\Users\ajarr\AppData\Local\Temp\ccmmE1Hm.o
 .data          0x0000000040044924        0x0 C:\Users\ajarr\AppData\Local\Temp\ccH43JHx.o
 .data          0x0000000040044924        0x0 C:\Users\ajarr\AppData\Local\Temp\cco0QbZ8.o
 .data          0x0000000040044924        0x0 C:\Users\ajarr\AppData\Local\Temp\cc5Z9OQN.o
 .data          0x0000000040044924        0x0 C:\Users\ajarr\AppData\Local\Temp\cchzLcEP.o
 .data          0x0000000040044924        0x0 C:\Users\ajarr\AppData\Local\Temp\ccDrgrG5.o
 .data          0x0000000040044924        0x0 C:\Users\ajarr\AppData\Local\Temp\ccpYH1o5.o
 .data          0x0000000040044924        0x0 C:\Users\ajarr\AppData\Local\Temp\cce8IkUa.o
 .data          0x0000000040044924        0x0 C:\Users\ajarr\AppData\Local\Temp\ccmHMWab.o
 .data          0x0000000040044924        0x0 C:\Users\ajarr\AppData\Local\Temp\ccwpWlcN.o
 .data          0x0000000040044924        0x0 C:\Users\ajarr\AppData\Local\Temp\ccIOj7WD.o
 .data          0x0000000040044924        0x0 C:\Users\ajarr\AppData\Local\Temp\ccaOdSgz.o
 .data          0x0000000040044924        0x0 c:/opt/bcc-2.0.2-gcc/bin/../lib/gcc/sparc-gaisler-elf/7.2.0/../../../../sparc-gaisler-elf/lib/leon/mfix-at697f\libm.a(lib_a-s_atan.o)
 .data          0x0000000040044924        0x0 c:/opt/bcc-2.0.2-gcc/bin/../lib/gcc/sparc-gaisler-elf/7.2.0/../../../../sparc-gaisler-elf/lib/leon/mfix-at697f\libm.a(lib_a-s_cos.o)
 .data          0x0000000040044924        0x0 c:/opt/bcc-2.0.2-gcc/bin/../lib/gcc/sparc-gaisler-elf/7.2.0/../../../../sparc-gaisler-elf/lib/leon/mfix-at697f\libm.a(lib_a-s_fabs.o)
 .data          0x0000000040044924        0x0 c:/opt/bcc-2.0.2-gcc/bin/../lib/gcc/sparc-gaisler-elf/7.2.0/../../../../sparc-gaisler-elf/lib/leon/mfix-at697f\libm.a(lib_a-s_floor.o)
 .data          0x0000000040044924        0x0 c:/opt/bcc-2.0.2-gcc/bin/../lib/gcc/sparc-gaisler-elf/7.2.0/../../../../sparc-gaisler-elf/lib/leon/mfix-at697f\libm.a(lib_a-s_round.o)
 .data          0x0000000040044924        0x0 c:/opt/bcc-2.0.2-gcc/bin/../lib/gcc/sparc-gaisler-elf/7.2.0/../../../../sparc-gaisler-elf/lib/leon/mfix-at697f\libm.a(lib_a-s_sin.o)
 .data          0x0000000040044924        0x0 c:/opt/bcc-2.0.2-gcc/bin/../lib/gcc/sparc-gaisler-elf/7.2.0/../../../../sparc-gaisler-elf/lib/leon/mfix-at697f\libm.a(lib_a-s_tan.o)
 .data          0x0000000040044924        0x0 c:/opt/bcc-2.0.2-gcc/bin/../lib/gcc/sparc-gaisler-elf/7.2.0/../../../../sparc-gaisler-elf/lib/leon/mfix-at697f\libm.a(lib_a-w_acos.o)
 .data          0x0000000040044924        0x0 c:/opt/bcc-2.0.2-gcc/bin/../lib/gcc/sparc-gaisler-elf/7.2.0/../../../../sparc-gaisler-elf/lib/leon/mfix-at697f\libm.a(lib_a-w_asin.o)
 .data          0x0000000040044924        0x0 c:/opt/bcc-2.0.2-gcc/bin/../lib/gcc/sparc-gaisler-elf/7.2.0/../../../../sparc-gaisler-elf/lib/leon/mfix-at697f\libm.a(lib_a-w_atan2.o)
 .data          0x0000000040044924        0x0 c:/opt/bcc-2.0.2-gcc/bin/../lib/gcc/sparc-gaisler-elf/7.2.0/../../../../sparc-gaisler-elf/lib/leon/mfix-at697f\libm.a(lib_a-w_fmod.o)
 .data          0x0000000040044924        0x0 c:/opt/bcc-2.0.2-gcc/bin/../lib/gcc/sparc-gaisler-elf/7.2.0/../../../../sparc-gaisler-elf/lib/leon/mfix-at697f\libm.a(lib_a-w_pow.o)
 .data          0x0000000040044924        0x0 c:/opt/bcc-2.0.2-gcc/bin/../lib/gcc/sparc-gaisler-elf/7.2.0/../../../../sparc-gaisler-elf/lib/leon/mfix-at697f\libm.a(lib_a-w_sqrt.o)
 .data          0x0000000040044924        0x0 c:/opt/bcc-2.0.2-gcc/bin/../lib/gcc/sparc-gaisler-elf/7.2.0/../../../../sparc-gaisler-elf/lib/leon/mfix-at697f\libm.a(lib_a-e_acos.o)
 .data          0x0000000040044924        0x0 c:/opt/bcc-2.0.2-gcc/bin/../lib/gcc/sparc-gaisler-elf/7.2.0/../../../../sparc-gaisler-elf/lib/leon/mfix-at697f\libm.a(lib_a-e_asin.o)
 .data          0x0000000040044924        0x0 c:/opt/bcc-2.0.2-gcc/bin/../lib/gcc/sparc-gaisler-elf/7.2.0/../../../../sparc-gaisler-elf/lib/leon/mfix-at697f\libm.a(lib_a-e_atan2.o)
 .data          0x0000000040044924        0x0 c:/opt/bcc-2.0.2-gcc/bin/../lib/gcc/sparc-gaisler-elf/7.2.0/../../../../sparc-gaisler-elf/lib/leon/mfix-at697f\libm.a(lib_a-e_fmod.o)
 .data          0x0000000040044924        0x0 c:/opt/bcc-2.0.2-gcc/bin/../lib/gcc/sparc-gaisler-elf/7.2.0/../../../../sparc-gaisler-elf/lib/leon/mfix-at697f\libm.a(lib_a-e_pow.o)
 .data          0x0000000040044924        0x0 c:/opt/bcc-2.0.2-gcc/bin/../lib/gcc/sparc-gaisler-elf/7.2.0/../../../../sparc-gaisler-elf/lib/leon/mfix-at697f\libm.a(lib_a-e_rem_pio2.o)
 .data          0x0000000040044924        0x0 c:/opt/bcc-2.0.2-gcc/bin/../lib/gcc/sparc-gaisler-elf/7.2.0/../../../../sparc-gaisler-elf/lib/leon/mfix-at697f\libm.a(lib_a-e_sqrt.o)
 .data          0x0000000040044924        0x0 c:/opt/bcc-2.0.2-gcc/bin/../lib/gcc/sparc-gaisler-elf/7.2.0/../../../../sparc-gaisler-elf/lib/leon/mfix-at697f\libm.a(lib_a-k_cos.o)
 .data          0x0000000040044924        0x0 c:/opt/bcc-2.0.2-gcc/bin/../lib/gcc/sparc-gaisler-elf/7.2.0/../../../../sparc-gaisler-elf/lib/leon/mfix-at697f\libm.a(lib_a-k_rem_pio2.o)
 .data          0x0000000040044924        0x0 c:/opt/bcc-2.0.2-gcc/bin/../lib/gcc/sparc-gaisler-elf/7.2.0/../../../../sparc-gaisler-elf/lib/leon/mfix-at697f\libm.a(lib_a-k_sin.o)
 .data          0x0000000040044924        0x0 c:/opt/bcc-2.0.2-gcc/bin/../lib/gcc/sparc-gaisler-elf/7.2.0/../../../../sparc-gaisler-elf/lib/leon/mfix-at697f\libm.a(lib_a-k_tan.o)
 .data          0x0000000040044924        0x0 c:/opt/bcc-2.0.2-gcc/bin/../lib/gcc/sparc-gaisler-elf/7.2.0/../../../../sparc-gaisler-elf/lib/leon/mfix-at697f\libm.a(lib_a-s_finite.o)
 .data          0x0000000040044924        0x4 c:/opt/bcc-2.0.2-gcc/bin/../lib/gcc/sparc-gaisler-elf/7.2.0/../../../../sparc-gaisler-elf/lib/leon/mfix-at697f\libm.a(lib_a-s_lib_ver.o)
                0x0000000040044924                __fdlib_version
 .data          0x0000000040044928        0x0 c:/opt/bcc-2.0.2-gcc/bin/../lib/gcc/sparc-gaisler-elf/7.2.0/../../../../sparc-gaisler-elf/lib/leon/mfix-at697f\libm.a(lib_a-s_matherr.o)
 .data          0x0000000040044928        0x0 c:/opt/bcc-2.0.2-gcc/bin/../lib/gcc/sparc-gaisler-elf/7.2.0/../../../../sparc-gaisler-elf/lib/leon/mfix-at697f\libm.a(lib_a-s_nan.o)
 .data          0x0000000040044928        0x0 c:/opt/bcc-2.0.2-gcc/bin/../lib/gcc/sparc-gaisler-elf/7.2.0/../../../../sparc-gaisler-elf/lib/leon/mfix-at697f\libm.a(lib_a-s_rint.o)
 .data          0x0000000040044928        0x0 c:/opt/bcc-2.0.2-gcc/bin/../lib/gcc/sparc-gaisler-elf/7.2.0/../../../../sparc-gaisler-elf/lib/leon/mfix-at697f\libm.a(lib_a-s_scalbn.o)
 .data          0x0000000040044928        0x0 c:/opt/bcc-2.0.2-gcc/bin/../lib/gcc/sparc-gaisler-elf/7.2.0/../../../../sparc-gaisler-elf/lib/leon/mfix-at697f\libm.a(lib_a-s_copysign.o)
 .data          0x0000000040044928        0x0 c:/opt/bcc-2.0.2-gcc/bin/../sparc-gaisler-elf/bsp/leon2/leon/mfix-at697f\libbcc.a(reset_trap_mvt.S.o)
 .data          0x0000000040044928        0x0 c:/opt/bcc-2.0.2-gcc/bin/../sparc-gaisler-elf/bsp/leon2/leon/mfix-at697f\libbcc.a(window_trap.S.o)
 .data          0x0000000040044928        0x0 c:/opt/bcc-2.0.2-gcc/bin/../sparc-gaisler-elf/bsp/leon2/leon/mfix-at697f\libbcc.a(interrupt_trap.S.o)
 .data          0x0000000040044928        0x0 c:/opt/bcc-2.0.2-gcc/bin/../sparc-gaisler-elf/bsp/leon2/leon/mfix-at697f\libbcc.a(flush_windows_trap.S.o)
 .data          0x0000000040044928        0x0 c:/opt/bcc-2.0.2-gcc/bin/../sparc-gaisler-elf/bsp/leon2/leon/mfix-at697f\libbcc.a(sw_trap_set_pil.S.o)
 .data          0x0000000040044928        0x0 c:/opt/bcc-2.0.2-gcc/bin/../sparc-gaisler-elf/bsp/leon2/leon/mfix-at697f\libbcc.a(trap.c.o)
 .data          0x0000000040044928        0x0 c:/opt/bcc-2.0.2-gcc/bin/../sparc-gaisler-elf/bsp/leon2/leon/mfix-at697f\libbcc.a(isr.c.o)
 .data          0x0000000040044928       0x10 c:/opt/bcc-2.0.2-gcc/bin/../sparc-gaisler-elf/bsp/leon2/leon/mfix-at697f\libbcc.a(int_nest.c.o)
                0x0000000040044928                __bcc_int_nest
 .data          0x0000000040044938        0x0 c:/opt/bcc-2.0.2-gcc/bin/../sparc-gaisler-elf/bsp/leon2/leon/mfix-at697f\libbcc.a(init.S.o)
 .data          0x0000000040044938       0x10 c:/opt/bcc-2.0.2-gcc/bin/../sparc-gaisler-elf/bsp/leon2/leon/mfix-at697f\libbcc.a(leon_info.S.o)
                0x0000000040044938                __bcc_leon_version
                0x000000004004493c                __bcc_nwindows_min1
                0x0000000040044940                __bcc_nwindows
                0x0000000040044944                __bcc_cpuid
 .data          0x0000000040044948        0x0 c:/opt/bcc-2.0.2-gcc/bin/../sparc-gaisler-elf/bsp/leon2/leon/mfix-at697f\libbcc.a(dwzero.S.o)
 .data          0x0000000040044948        0x0 c:/opt/bcc-2.0.2-gcc/bin/../sparc-gaisler-elf/bsp/leon2/leon/mfix-at697f\libbcc.a(copy_data.c.o)
 .data          0x0000000040044948        0x0 c:/opt/bcc-2.0.2-gcc/bin/../sparc-gaisler-elf/bsp/leon2/leon/mfix-at697f\libbcc.a(lowlevel.S.o)
 .data          0x0000000040044948        0x0 c:/opt/bcc-2.0.2-gcc/bin/../sparc-gaisler-elf/bsp/leon2/leon/mfix-at697f\libbcc.a(lowlevel_leon2.S.o)
 .data          0x0000000040044948        0x0 c:/opt/bcc-2.0.2-gcc/bin/../sparc-gaisler-elf/bsp/leon2/leon/mfix-at697f\libbcc.a(int_leon2.c.o)
 .data          0x0000000040044948        0x0 c:/opt/bcc-2.0.2-gcc/bin/../sparc-gaisler-elf/bsp/leon2/leon/mfix-at697f\libbcc.a(int_leon2_get_source.c.o)
 .data          0x0000000040044948        0x0 c:/opt/bcc-2.0.2-gcc/bin/../sparc-gaisler-elf/bsp/leon2/leon/mfix-at697f\libbcc.a(int_leon2_init.c.o)
 .data          0x0000000040044948        0x0 c:/opt/bcc-2.0.2-gcc/bin/../sparc-gaisler-elf/bsp/leon2/leon/mfix-at697f\libbcc.a(con_leon2.c.o)
 .data          0x0000000040044948        0x0 c:/opt/bcc-2.0.2-gcc/bin/../sparc-gaisler-elf/bsp/leon2/leon/mfix-at697f\libbcc.a(timer_leon2.c.o)
 .data          0x0000000040044948        0x0 c:/opt/bcc-2.0.2-gcc/bin/../sparc-gaisler-elf/bsp/leon2/leon/mfix-at697f\libbcc.a(set_pil.S.o)
 .data          0x0000000040044948        0x4 c:/opt/bcc-2.0.2-gcc/bin/../sparc-gaisler-elf/bsp/leon2/leon/mfix-at697f\libbcc.a(int_leon2_handle.c.o)
                0x0000000040044948                __bcc_int_handle
 .data          0x000000004004494c        0x4 c:/opt/bcc-2.0.2-gcc/bin/../sparc-gaisler-elf/bsp/leon2/leon/mfix-at697f\libbcc.a(con_handle.c.o)
                0x000000004004494c                __bcc_con_handle
 .data          0x0000000040044950        0x8 c:/opt/bcc-2.0.2-gcc/bin/../sparc-gaisler-elf/bsp/leon2/leon/mfix-at697f\libbcc.a(timer_handle.c.o)
                0x0000000040044950                __bcc_timer_interrupt
                0x0000000040044954                __bcc_timer_handle
 .data          0x0000000040044958        0x0 c:/opt/bcc-2.0.2-gcc/bin/../lib/gcc/sparc-gaisler-elf/7.2.0/../../../../sparc-gaisler-elf/lib/leon/mfix-at697f\libc.a(lib_a-atexit.o)
 .data          0x0000000040044958        0x0 c:/opt/bcc-2.0.2-gcc/bin/../lib/gcc/sparc-gaisler-elf/7.2.0/../../../../sparc-gaisler-elf/lib/leon/mfix-at697f\libc.a(lib_a-errno.o)
 .data          0x0000000040044958        0x0 c:/opt/bcc-2.0.2-gcc/bin/../lib/gcc/sparc-gaisler-elf/7.2.0/../../../../sparc-gaisler-elf/lib/leon/mfix-at697f\libc.a(lib_a-exit.o)
 .data          0x0000000040044958       0x64 c:/opt/bcc-2.0.2-gcc/bin/../lib/gcc/sparc-gaisler-elf/7.2.0/../../../../sparc-gaisler-elf/lib/leon/mfix-at697f\libc.a(lib_a-impure.o)
                0x0000000040044958                _impure_ptr
 .data          0x00000000400449bc        0x0 c:/opt/bcc-2.0.2-gcc/bin/../lib/gcc/sparc-gaisler-elf/7.2.0/../../../../sparc-gaisler-elf/lib/leon/mfix-at697f\libc.a(lib_a-memcpy.o)
 .data          0x00000000400449bc        0x0 c:/opt/bcc-2.0.2-gcc/bin/../lib/gcc/sparc-gaisler-elf/7.2.0/../../../../sparc-gaisler-elf/lib/leon/mfix-at697f\libc.a(lib_a-__atexit.o)
 .data          0x00000000400449bc        0x0 c:/opt/bcc-2.0.2-gcc/bin/../lib/gcc/sparc-gaisler-elf/7.2.0/../../../../sparc-gaisler-elf/lib/leon/mfix-at697f\libc.a(lib_a-__call_atexit.o)
 .data          0x00000000400449bc        0x0 c:/opt/bcc-2.0.2-gcc/bin/../sparc-gaisler-elf/bsp/leon2/leon/mfix-at697f\libbcc.a(_exit.S.o)
 .data          0x00000000400449bc        0x0 c:/opt/bcc-2.0.2-gcc/bin/../lib/gcc/sparc-gaisler-elf/7.2.0/leon/mfix-at697f/crtend.o
 .data          0x00000000400449bc        0x0 c:/opt/bcc-2.0.2-gcc/bin/../lib/gcc/sparc-gaisler-elf/7.2.0/leon/mfix-at697f/crtn.o
                0x00000000400449c0                . = ALIGN (0x8)
 *fill*         0x00000000400449bc        0x4 
                0x00000000400449c0                __data_end = .
                0x0000000040044480                __data_start_lma = LOADADDR (.data)
                0x0000000000000540                __data_size = SIZEOF (.data)

.iplt           0x00000000400449c0        0x0
 .iplt          0x00000000400449c0        0x0 c:/opt/bcc-2.0.2-gcc/bin/../sparc-gaisler-elf/bsp/leon2/leon/mfix-at697f/trap_table_mvt.S.o

.tm_clone_table
                0x00000000400449c0        0x0
 .tm_clone_table
                0x00000000400449c0        0x0 c:/opt/bcc-2.0.2-gcc/bin/../lib/gcc/sparc-gaisler-elf/7.2.0/leon/mfix-at697f/crtbegin.o
 .tm_clone_table
                0x00000000400449c0        0x0 c:/opt/bcc-2.0.2-gcc/bin/../lib/gcc/sparc-gaisler-elf/7.2.0/leon/mfix-at697f/crtend.o

.bss            0x00000000400449c0    0x8e9b8
                0x00000000400449c0                . = ALIGN (0x8)
                0x00000000400449c0                __bss_start = .
 *(.bss .bss.*)
 .bss           0x00000000400449c0        0x0 c:/opt/bcc-2.0.2-gcc/bin/../sparc-gaisler-elf/bsp/leon2/leon/mfix-at697f/trap_table_mvt.S.o
 .bss           0x00000000400449c0        0x4 c:/opt/bcc-2.0.2-gcc/bin/../sparc-gaisler-elf/bsp/leon2/leon/mfix-at697f/crt0.S.o
                0x00000000400449c0                __bcc_sp_at_entry
 .bss           0x00000000400449c4        0x0 c:/opt/bcc-2.0.2-gcc/bin/../lib/gcc/sparc-gaisler-elf/7.2.0/leon/mfix-at697f/crti.o
 .bss           0x00000000400449c4       0x20 c:/opt/bcc-2.0.2-gcc/bin/../lib/gcc/sparc-gaisler-elf/7.2.0/leon/mfix-at697f/crtbegin.o
 .bss           0x00000000400449e4        0x0 C:\Users\ajarr\AppData\Local\Temp\cclcRNkm.o
 .bss           0x00000000400449e4        0x1 C:\Users\ajarr\AppData\Local\Temp\ccXi6CuD.o
 *fill*         0x00000000400449e5        0x3 
 .bss           0x00000000400449e8        0x8 C:\Users\ajarr\AppData\Local\Temp\cck0ztpe.o
                0x00000000400449e8                test_st_sp
                0x00000000400449e9                filler_byte3
                0x00000000400449ea                filler_byte2
                0x00000000400449eb                filler_byte1
                0x00000000400449ec                repeat_count
 .bss           0x00000000400449f0       0x22 C:\Users\ajarr\AppData\Local\Temp\ccgZ79fC.o
                0x00000000400449f0                Diff_stop_srl_num
                0x00000000400449f4                Diff_start_srl_num
                0x00000000400449f8                DTTC_count
                0x00000000400449fc                head
                0x0000000040044a00                ATTC_count
                0x0000000040044a04                ATTC_exe_en
                0x0000000040044a08                ATTC_Master_en
                0x0000000040044a0c                Nodeptrempty_flag
                0x0000000040044a10                ComputedParity
                0x0000000040044a11                RcvdParity
 .bss           0x0000000040044a12        0x0 C:\Users\ajarr\AppData\Local\Temp\cccsHxM4.o
 .bss           0x0000000040044a12        0x0 C:\Users\ajarr\AppData\Local\Temp\cczKCchi.o
 .bss           0x0000000040044a12        0x0 C:\Users\ajarr\AppData\Local\Temp\ccySgCMJ.o
 *fill*         0x0000000040044a12        0x2 
 .bss           0x0000000040044a14        0x8 C:\Users\ajarr\AppData\Local\Temp\ccJGVwWh.o
                0x0000000040044a14                load_shedding_flag
                0x0000000040044a15                low_battery_voltage
                0x0000000040044a18                inter_HAL_EPS_Hardware_Status_count
 .bss           0x0000000040044a1c        0x4 C:\Users\ajarr\AppData\Local\Temp\ccwUhEmU.o
                0x0000000040044a1c                imu_count
 .bss           0x0000000040044a20        0x0 C:\Users\ajarr\AppData\Local\Temp\ccTGUrKF.o
 .bss           0x0000000040044a20        0xc C:\Users\ajarr\AppData\Local\Temp\ccW8NopI.o
                0x0000000040044a20                gpstest
                0x0000000040044a24                gps_ready_bit
                0x0000000040044a28                gps_count
 .bss           0x0000000040044a2c        0x0 C:\Users\ajarr\AppData\Local\Temp\ccQfD6IQ.o
 .bss           0x0000000040044a2c        0x4 C:\Users\ajarr\AppData\Local\Temp\ccegzvw7.o
                0x0000000040044a2c                MTR_Reset_Flag
 .bss           0x0000000040044a30        0xe C:\Users\ajarr\AppData\Local\Temp\ccW8vVNE.o
                0x0000000040044a3c                crc_test
 *fill*         0x0000000040044a3e        0x2 
 .bss           0x0000000040044a40       0x18 C:\Users\ajarr\AppData\Local\Temp\ccmmE1Hm.o
                0x0000000040044a40                SA2_status
                0x0000000040044a44                SA1_status
                0x0000000040044a48                TC_HAL_SA_Deploy
                0x0000000040044a4c                SA_Command_Type
                0x0000000040044a50                SA2_Deploy_cmd_rcvd_time
                0x0000000040044a54                SA1_Deploy_cmd_rcvd_time
 .bss           0x0000000040044a58        0x0 C:\Users\ajarr\AppData\Local\Temp\ccH43JHx.o
 .bss           0x0000000040044a58        0x0 C:\Users\ajarr\AppData\Local\Temp\cco0QbZ8.o
 .bss           0x0000000040044a58        0x0 C:\Users\ajarr\AppData\Local\Temp\cc5Z9OQN.o
 .bss           0x0000000040044a58        0x0 C:\Users\ajarr\AppData\Local\Temp\cchzLcEP.o
 .bss           0x0000000040044a58        0x0 C:\Users\ajarr\AppData\Local\Temp\ccDrgrG5.o