Archive member included to satisfy reference by file (symbol)

c:/opt/bcc-2.0.2-gcc/bin/../lib/gcc/sparc-gaisler-elf/7.2.0/../../../../sparc-gaisler-elf/lib/leon/mfix-at697f\libm.a(lib_a-s_atan.o)
                              C:\Users\Bhagawat\AppData\Local\Temp\ccMjCJEu.o (atan)
c:/opt/bcc-2.0.2-gcc/bin/../lib/gcc/sparc-gaisler-elf/7.2.0/../../../../sparc-gaisler-elf/lib/leon/mfix-at697f\libm.a(lib_a-s_cos.o)
                              C:\Users\Bhagawat\AppData\Local\Temp\ccjkgKqM.o (cos)
c:/opt/bcc-2.0.2-gcc/bin/../lib/gcc/sparc-gaisler-elf/7.2.0/../../../../sparc-gaisler-elf/lib/leon/mfix-at697f\libm.a(lib_a-s_fabs.o)
                              c:/opt/bcc-2.0.2-gcc/bin/../lib/gcc/sparc-gaisler-elf/7.2.0/../../../../sparc-gaisler-elf/lib/leon/mfix-at697f\libm.a(lib_a-s_atan.o) (fabs)
c:/opt/bcc-2.0.2-gcc/bin/../lib/gcc/sparc-gaisler-elf/7.2.0/../../../../sparc-gaisler-elf/lib/leon/mfix-at697f\libm.a(lib_a-s_floor.o)
                              C:\Users\Bhagawat\AppData\Local\Temp\ccTWaTXc.o (floor)
c:/opt/bcc-2.0.2-gcc/bin/../lib/gcc/sparc-gaisler-elf/7.2.0/../../../../sparc-gaisler-elf/lib/leon/mfix-at697f\libm.a(lib_a-s_round.o)
                              C:\Users\Bhagawat\AppData\Local\Temp\ccVsBKsk.o (round)
c:/opt/bcc-2.0.2-gcc/bin/../lib/gcc/sparc-gaisler-elf/7.2.0/../../../../sparc-gaisler-elf/lib/leon/mfix-at697f\libm.a(lib_a-s_sin.o)
                              C:\Users\Bhagawat\AppData\Local\Temp\ccjkgKqM.o (sin)
c:/opt/bcc-2.0.2-gcc/bin/../lib/gcc/sparc-gaisler-elf/7.2.0/../../../../sparc-gaisler-elf/lib/leon/mfix-at697f\libm.a(lib_a-s_tan.o)
                              C:\Users\Bhagawat\AppData\Local\Temp\ccMjCJEu.o (tan)
c:/opt/bcc-2.0.2-gcc/bin/../lib/gcc/sparc-gaisler-elf/7.2.0/../../../../sparc-gaisler-elf/lib/leon/mfix-at697f\libm.a(lib_a-w_acos.o)
                              C:\Users\Bhagawat\AppData\Local\Temp\ccTPKy51.o (acos)
c:/opt/bcc-2.0.2-gcc/bin/../lib/gcc/sparc-gaisler-elf/7.2.0/../../../../sparc-gaisler-elf/lib/leon/mfix-at697f\libm.a(lib_a-w_asin.o)
                              C:\Users\Bhagawat\AppData\Local\Temp\ccTWaTXc.o (asin)
c:/opt/bcc-2.0.2-gcc/bin/../lib/gcc/sparc-gaisler-elf/7.2.0/../../../../sparc-gaisler-elf/lib/leon/mfix-at697f\libm.a(lib_a-w_atan2.o)
                              C:\Users\Bhagawat\AppData\Local\Temp\ccTPKy51.o (atan2)
c:/opt/bcc-2.0.2-gcc/bin/../lib/gcc/sparc-gaisler-elf/7.2.0/../../../../sparc-gaisler-elf/lib/leon/mfix-at697f\libm.a(lib_a-w_fmod.o)
                              C:\Users\Bhagawat\AppData\Local\Temp\ccTWaTXc.o (fmod)
c:/opt/bcc-2.0.2-gcc/bin/../lib/gcc/sparc-gaisler-elf/7.2.0/../../../../sparc-gaisler-elf/lib/leon/mfix-at697f\libm.a(lib_a-w_pow.o)
                              C:\Users\Bhagawat\AppData\Local\Temp\ccTPKy51.o (pow)
c:/opt/bcc-2.0.2-gcc/bin/../lib/gcc/sparc-gaisler-elf/7.2.0/../../../../sparc-gaisler-elf/lib/leon/mfix-at697f\libm.a(lib_a-w_sqrt.o)
                              C:\Users\Bhagawat\AppData\Local\Temp\ccjkgKqM.o (sqrt)
c:/opt/bcc-2.0.2-gcc/bin/../lib/gcc/sparc-gaisler-elf/7.2.0/../../../../sparc-gaisler-elf/lib/leon/mfix-at697f\libm.a(lib_a-e_acos.o)
                              c:/opt/bcc-2.0.2-gcc/bin/../lib/gcc/sparc-gaisler-elf/7.2.0/../../../../sparc-gaisler-elf/lib/leon/mfix-at697f\libm.a(lib_a-w_acos.o) (__ieee754_acos)
c:/opt/bcc-2.0.2-gcc/bin/../lib/gcc/sparc-gaisler-elf/7.2.0/../../../../sparc-gaisler-elf/lib/leon/mfix-at697f\libm.a(lib_a-e_asin.o)
                              c:/opt/bcc-2.0.2-gcc/bin/../lib/gcc/sparc-gaisler-elf/7.2.0/../../../../sparc-gaisler-elf/lib/leon/mfix-at697f\libm.a(lib_a-w_asin.o) (__ieee754_asin)
c:/opt/bcc-2.0.2-gcc/bin/../lib/gcc/sparc-gaisler-elf/7.2.0/../../../../sparc-gaisler-elf/lib/leon/mfix-at697f\libm.a(lib_a-e_atan2.o)
                              c:/opt/bcc-2.0.2-gcc/bin/../lib/gcc/sparc-gaisler-elf/7.2.0/../../../../sparc-gaisler-elf/lib/leon/mfix-at697f\libm.a(lib_a-w_atan2.o) (__ieee754_atan2)
c:/opt/bcc-2.0.2-gcc/bin/../lib/gcc/sparc-gaisler-elf/7.2.0/../../../../sparc-gaisler-elf/lib/leon/mfix-at697f\libm.a(lib_a-e_fmod.o)
                              c:/opt/bcc-2.0.2-gcc/bin/../lib/gcc/sparc-gaisler-elf/7.2.0/../../../../sparc-gaisler-elf/lib/leon/mfix-at697f\libm.a(lib_a-w_fmod.o) (__ieee754_fmod)
c:/opt/bcc-2.0.2-gcc/bin/../lib/gcc/sparc-gaisler-elf/7.2.0/../../../../sparc-gaisler-elf/lib/leon/mfix-at697f\libm.a(lib_a-e_pow.o)
                              c:/opt/bcc-2.0.2-gcc/bin/../lib/gcc/sparc-gaisler-elf/7.2.0/../../../../sparc-gaisler-elf/lib/leon/mfix-at697f\libm.a(lib_a-w_pow.o) (__ieee754_pow)
c:/opt/bcc-2.0.2-gcc/bin/../lib/gcc/sparc-gaisler-elf/7.2.0/../../../../sparc-gaisler-elf/lib/leon/mfix-at697f\libm.a(lib_a-e_rem_pio2.o)
                              c:/opt/bcc-2.0.2-gcc/bin/../lib/gcc/sparc-gaisler-elf/7.2.0/../../../../sparc-gaisler-elf/lib/leon/mfix-at697f\libm.a(lib_a-s_cos.o) (__ieee754_rem_pio2)
[...]
Memory Configuration

Name             Origin             Length             Attributes
rom              0x0000000000000000 0x0000000020000000
ram              0x0000000040000000 0x0000000040000000
*default*        0x0000000000000000 0xffffffffffffffff

Linker script and memory map

LOAD c:/opt/bcc-2.0.2-gcc/bin/../sparc-gaisler-elf/bsp/leon2/leon/mfix-at697f/trap_table_mvt.S.o
LOAD c:/opt/bcc-2.0.2-gcc/bin/../sparc-gaisler-elf/bsp/leon2/leon/mfix-at697f/crt0.S.o
LOAD c:/opt/bcc-2.0.2-gcc/bin/../lib/gcc/sparc-gaisler-elf/7.2.0/leon/mfix-at697f/crti.o
LOAD c:/opt/bcc-2.0.2-gcc/bin/../lib/gcc/sparc-gaisler-elf/7.2.0/leon/mfix-at697f/crtbegin.o
LOAD C:\Users\Bhagawat\AppData\Local\Temp\cclRFpKK.o
LOAD C:\Users\Bhagawat\AppData\Local\Temp\ccwmQ64c.o
LOAD C:\Users\Bhagawat\AppData\Local\Temp\ccqr04Ij.o
LOAD C:\Users\Bhagawat\AppData\Local\Temp\ccXVTcPJ.o
LOAD C:\Users\Bhagawat\AppData\Local\Temp\cccLUMRh.o
LOAD C:\Users\Bhagawat\AppData\Local\Temp\ccoujgmP.o
LOAD C:\Users\Bhagawat\AppData\Local\Temp\ccisi4MM.o
LOAD C:\Users\Bhagawat\AppData\Local\Temp\ccHBbQXV.o
LOAD C:\Users\Bhagawat\AppData\Local\Temp\ccEoEQhf.o
LOAD C:\Users\Bhagawat\AppData\Local\Temp\cc1o1bcN.o
LOAD C:\Users\Bhagawat\AppData\Local\Temp\ccaQ3LPF.o
LOAD C:\Users\Bhagawat\AppData\Local\Temp\cccVG10M.o
LOAD C:\Users\Bhagawat\AppData\Local\Temp\ccmEgqGc.o
LOAD C:\Users\Bhagawat\AppData\Local\Temp\ccGeF881.o
LOAD C:\Users\Bhagawat\AppData\Local\Temp\ccMj57CZ.o
LOAD C:\Users\Bhagawat\AppData\Local\Temp\ccjkgKqM.o
LOAD C:\Users\Bhagawat\AppData\Local\Temp\ccTPKy51.o
LOAD C:\Users\Bhagawat\AppData\Local\Temp\ccL2sp4o.o
LOAD C:\Users\Bhagawat\AppData\Local\Temp\ccVsBKsk.o
LOAD C:\Users\Bhagawat\AppData\Local\Temp\ccwKOd7r.o
LOAD C:\Users\Bhagawat\AppData\Local\Temp\ccAxDj2d.o
LOAD C:\Users\Bhagawat\AppData\Local\Temp\ccMjCJEu.o
LOAD C:\Users\Bhagawat\AppData\Local\Temp\cc8gaIoY.o
LOAD C:\Users\Bhagawat\AppData\Local\Temp\ccTWaTXc.o
LOAD C:\Users\Bhagawat\AppData\Local\Temp\ccMouOFP.o
LOAD C:\Users\Bhagawat\AppData\Local\Temp\ccfzBYzz.o
LOAD c:/opt/bcc-2.0.2-gcc/bin/../lib/gcc/sparc-gaisler-elf/7.2.0/../../../../sparc-gaisler-elf/lib/leon/mfix-at697f\libm.a
                0x0000000000000000                PROVIDE (__bcc_cfg_skip_clear_bss, 0x0)

.text           0x0000000040000000    0x3f760
 CREATE_OBJECT_SYMBOLS
                0x0000000040000000                __text_start = .
                0x0000000040000000                . = ALIGN (0x1000)
 *(.text.traptable)
 .text.traptable
                0x0000000040000000     0x1000 c:/opt/bcc-2.0.2-gcc/bin/../sparc-gaisler-elf/bsp/leon2/leon/mfix-at697f/trap_table_mvt.S.o
                0x0000000040000000                __bcc_entry_point
                0x0000000040000000                __bcc_trap_table
 *(.text .text.*)
 .text          0x0000000040001000        0x0 c:/opt/bcc-2.0.2-gcc/bin/../sparc-gaisler-elf/bsp/leon2/leon/mfix-at697f/trap_table_mvt.S.o
 .text          0x0000000040001000       0xb8 c:/opt/bcc-2.0.2-gcc/bin/../sparc-gaisler-elf/bsp/leon2/leon/mfix-at697f/crt0.S.o
                0x0000000040001000                __bcc_crt0
 .text          0x00000000400010b8        0x0 c:/opt/bcc-2.0.2-gcc/bin/../lib/gcc/sparc-gaisler-elf/7.2.0/leon/mfix-at697f/crti.o
 .text          0x00000000400010b8      0x180 c:/opt/bcc-2.0.2-gcc/bin/../lib/gcc/sparc-gaisler-elf/7.2.0/leon/mfix-at697f/crtbegin.o
 .text          0x0000000040001238      0x97c C:\Users\Bhagawat\AppData\Local\Temp\cclRFpKK.o
                0x0000000040001238                rMinCycle_Wait
                0x00000000400012d4                OBC_Process
                0x0000000040001b64                rMinCycle_Flag_Reset
 .text.startup  0x0000000040001bb4       0xa0 C:\Users\Bhagawat\AppData\Local\Temp\cclRFpKK.o
                0x0000000040001bb4                main
 .text          0x0000000040001c54      0xaac C:\Users\Bhagawat\AppData\Local\Temp\ccwmQ64c.o
                0x0000000040001c74                Init_Memory
                0x0000000040001ca8                checksum_u32
                0x0000000040001d14                checksum_u8
                0x0000000040001d64                rOutput_Latch_Update
                0x0000000040001f40                ST_output_update
                0x0000000040002158                NMI_interrupt_test
                0x0000000040002214                MUX_Output
                0x0000000040002554                EEPROM_RST
                0x0000000040002588                EEPROM_RES
                0x00000000400025b8                s_ram_scrub
                0x0000000040002634                prom_chksum
 .text          0x0000000040002700     0xd810 C:\Users\Bhagawat\AppData\Local\Temp\ccqr04Ij.o
                0x00000000400028ec                rHAL_TM_Write
                0x0000000040002b4c                rHAL_TM_HW_Status_Update
                0x0000000040002c70                rTM_Address_Table_Init
                0x000000004000c8f0                rTM_Copy_Subframe
                0x000000004000c960                Sampling_Rate_Select
                0x000000004000c9bc                Frame_Address_Select
                0x000000004000cb28                rTCH_full_dump_cpy_buf
                0x000000004000cc9c                rTCH_dump_cpy_buf
                0x000000004000d040                TC_Hist_dumping
                0x000000004000d08c                copy_frame
                0x000000004000d144                ST_Copy_Subframe
                0x000000004000d608                StorageTelemetry
                0x000000004000d6a0                Storage_Telemetry_Write
                0x000000004000d6c8                Norm_ST_1_Table_Init
                0x000000004000ef8c                Spec_ST_Table_Init
                0x000000004000fc28                ST_DUMPING
                0x000000004000fd8c                rTM_Real_st_write
                0x000000004000fecc                ST_full_dump
 .text          0x000000004000ff10     0x6630 C:\Users\Bhagawat\AppData\Local\Temp\ccXVTcPJ.o
                0x00000000400100ec                TC_IMU1_On
                0x000000004001012c                TC_IMU2_On
                0x000000004001016c                TC_IMU1_Off
                0x00000000400101ac                TC_IMU2_Off
                0x00000000400101ec                TC_NMI_count_reset
                0x0000000040010200                TC_GPS1_ON
                0x0000000040010230                TC_GPS1_OFF
                0x0000000040010264                TC_GPS2_on
                0x0000000040010298                TC_GPS2_off
                0x00000000400102d0                TC_W1_ON
                0x0000000040010300                TC_W2_ON
                0x0000000040010334                TC_W3_ON
                0x0000000040010364                TC_W4_ON
                0x0000000040010394                TC_W1_OFF
                0x00000000400103c4                TC_W2_OFF
                0x00000000400103f4                TC_W3_OFF
                0x0000000040010424                TC_W4_OFF
                0x0000000040010454                rTC_Detumbling_ModePreprocessing_BDOT
                0x0000000040010464                rTC_Detumbling_ModePreprocessing_GYRO
                0x0000000040010474                rTC_SunAcquisition_ModePreprocessing
                0x0000000040010484                rTC_ThreeAxis_ModePreprocessing
                0x0000000040010494                rTC_Suspended_ModePreprocessing
                0x00000000400104a0                PL_K_CMD_HLT
                0x00000000400104d0                Antenna_mechanism_ON
                0x0000000040010500                Antenna_mechanism_OFF
                0x0000000040010530                S_band_tx_on
                0x0000000040010560                S_band_tx_off
                0x0000000040010590                SA_DEPLOYMENT_MECHANISM_MAIN_OFF
                0x00000000400105c4                SA_DEPLOYMENT_MECHANISM_RED_OFF
                0x00000000400105f8                sunlit
                0x0000000040010608                eclipse
                0x0000000040010614                Sunlit_eclipse_both
                0x0000000040010624                rSafe_mode_PreProcessing
                0x0000000040010634                eeprom_en
                0x0000000040010644                eeprom_dis
                0x0000000040010650                TC_ATTC_CMD_clear
                0x0000000040010710                imu1_db_execute
                0x000000004001071c                imu2_db_execute
                0x0000000040010728                TC_ACC_Ang_RESET
                0x0000000040010734                TC_GPS1_NMEA_VTG_enable
                0x0000000040010760                TC_GPS1_NMEA_VTG_disable
                0x000000004001078c                TC_GPS1_NMEA_GGA_enable
                0x00000000400107b8                TC_GPS1_NMEA_GGA_disable
                0x00000000400107e4                TC_GPS1_NMEA_GSA_enable
                0x0000000040010810                TC_GPS1_NMEA_GSA_disable
                0x000000004001083c                TC_GPS1_cold_start
                0x0000000040010868                TC_GPS1_factory_reset
                0x0000000040010894                TC_GPS2_NMEA_VTG_enable
                0x00000000400108c0                TC_GPS2_NMEA_VTG_disable
                0x00000000400108ec                TC_GPS2_NMEA_GGA_enable
                0x0000000040010918                TC_GPS2_NMEA_GGA_disable
                0x0000000040010944                TC_GPS2_NMEA_GSA_enable
                0x0000000040010970                TC_GPS2_NMEA_GSA_disable
                0x000000004001099c                TC_GPS2_cold_start
                0x00000000400109c8                TC_GPS2_factory_reset
                0x00000000400109f4                TC_GPS1_NMEA_NMEA_GSV_Enable
                0x0000000040010a20                TC_GPS1_NMEA_NMEA_GSV_disable
                0x0000000040010a4c                TC_GPS2_NMEA_NMEA_GSV_Enable
                0x0000000040010a78                TC_GPS2_NMEA_NMEA_GSV_disable
                0x0000000040010aa4                TC_MTR_ON
                0x0000000040010ab0                TC_MTR_OFF
                0x0000000040010abc                payload_1_on
                0x0000000040010ae4                payload_1_off
                0x0000000040010af0                PL_K_CMD_STS
                0x0000000040010afc                PL_K_CMD_ACQ
                0x0000000040010b08                PL_K_DIAG
                0x0000000040010b14                PL_K_CMD_OFF
                0x0000000040010b20                PL_K_CMD_ON
                0x0000000040010b2c                ss_main_db_execute
                0x0000000040010b38                ss_redundant_db_execute
                0x0000000040010b44                TC_init_RW1
                0x0000000040010b78                TC_init_RW2
                0x0000000040010bac                TC_init_RW3
                0x0000000040010be0                TC_init_RW4
                0x0000000040010c14                TC_MTR_Yaw_Positive
                0x0000000040010c28                TC_MTR_Yaw_Negative
                0x0000000040010c3c                TC_MTR_Pitch_Positive
                0x0000000040010c50                TC_MTR_Pitch_Negative
                0x0000000040010c64                TC_MTR_Roll_Positive
                0x0000000040010c78                TC_MTR_Roll_Negative
                0x0000000040010c8c                TC_MTR_Roll_No_cuurent
                0x0000000040010ca0                TC_MTR_Pitch_No_cuurent
                0x0000000040010cb4                TC_MTR_Yaw_No_cuurent
                0x0000000040010cc8                payload_2_on
                0x0000000040010cf0                payload_2_off
                0x0000000040010cfc                X_band_tx_on
                0x0000000040010d24                X_band_tx_off
                0x0000000040010d30                SA_DEPLOYMENT_MECHANISM_MAIN_ON
                0x0000000040010d3c                SA_DEPLOYMENT_MECHANISM_RED_ON
                0x0000000040010d48                Antenna_mechanism_arm
                0x0000000040010d54                Antenna_deploy
                0x0000000040010d60                Antenna_mechanism_disarm
                0x0000000040010d6c                TC_pl_debug
                0x0000000040010d78                TC_TM_DS_EN
                0x0000000040010d84                Antenna_RESET_command
                0x0000000040010d90                Antenna_deploy_with_override
                0x0000000040010d9c                Antenna_system_temp
                0x0000000040010da8                Antenna_deploy_status_report
                0x0000000040010db4                Antenna_deploy_activation_count
                0x0000000040010dc0                Antenna_deploy_activation_time
                0x0000000040010ed0                TC_pl_tm
                0x0000000040010ed8                imu1_db_checksum
                0x0000000040010ee0                imu2_db_checksum
                0x0000000040010ee8                imu_test_sys_sel
                0x0000000040010ef0                TC_Drift_Uplink_Compenstation_Update_IMU1
                0x0000000040010ef8                TC_Drift_Uplink_Compenstation_Update_IMU2
                0x0000000040010f00                TC_Gyro_Misalignment_Update_IMU1
                0x0000000040010f08                TC_Gyro_Misalignment_Update_IMU2
                0x0000000040010f10                TC_Gyro_Scale_Factor_Update_IMU1
                0x0000000040010f18                TC_Gyro_Scale_Factor_Update_IMU2
                0x0000000040010f20                TC_MagBias_Uplink_Compenstation_Update_IMU1
                0x0000000040010f28                TC_MagBias_Uplink_Compenstation_Update_IMU2
                0x0000000040010f30                TC_Mag_Misalignment_Update_IMU1
                0x0000000040010f38                TC_Mag_Misalignment_Update_IMU2
                0x0000000040010f40                TC_Mag_Scale_Factor_Update_IMU1
                0x0000000040010f48                TC_Mag_Scale_Factor_Update_IMU2
                0x0000000040010f50                TC_Mag_LPF_Gain_Update_IMU1
                0x0000000040010f58                TC_Mag_LPF_Gain_Update_IMU2
                0x0000000040010f60                TC_Gyro_LPF_Gain_Update_IMU1
                0x0000000040010f68                TC_Gyro_LPF_Gain_Update_IMU2
                0x0000000040010f70                TC_Panel2_Deploy
                0x0000000040010f78                TC_Nominal_wheel_speed_execute
                0x0000000040010f80                Pitch_Torquer_ON
                0x0000000040010f88                Yaw_Torquer_ON
                0x0000000040010f90                Pitch_Torquer_OFF
                0x0000000040010f98                Yaw_Torquer_OFF
                0x0000000040010fa0                rHeater1_on
                0x0000000040010fa8                rHeater1_off
                0x0000000040010fb0                rHeater2_on
                0x0000000040010fb8                rHeater2_off
                0x0000000040010fc0                rHeater3_on
                0x0000000040010fc8                rHeater3_off
                0x0000000040010fd0                rHeater4_on
                0x0000000040010fd8                rHeater4_off
                0x0000000040010fe0                rHeater5_on
                0x0000000040010fe8                rHeater5_off
                0x0000000040010ff0                rHeater6_on
                0x0000000040010ff8                rHeater6_off
                0x0000000040011000                RX_TX_deployed
                0x0000000040011008                ss_main_db_checksum
                0x0000000040011010                ss_redundant_db_checksum
                0x0000000040011018                TC_Qinit
                0x0000000040011020                OBC_ON
                0x0000000040011028                OBC_OFF
                0x0000000040011030                SA1_DEPLOYMENT_AND_SA2_DEPLOYMENT_REDUNDANT_SPARE_BUS_ON
                0x0000000040011038                SA1_DEPLOYMENT_AND_SA2_DEPLOYMENT_REDUNDANT_SPARE_BUS_OFF
                0x0000000040011040                Test_ON
                0x0000000040011048                Test_OFF
                0x0000000040011050                rTC_write_tC_history
                0x0000000040011078                TC_status_reset
                0x000000004001108c                rContingency_TC
                0x0000000040011094                rData_TC
                0x00000000400115f8                rADCS_Data_TC
                0x00000000400129dc                rRemote_base_addr_TC
                0x0000000040012a8c                rRemote_data_view
                0x0000000040012b08                rBoolean_TC
                0x0000000040012b58                rFuncExecute_TC
                0x0000000040012bbc                rRemoteProgram_Addr_TC
                0x0000000040012c10                rRemoteProgram_Data_TC
                0x0000000040012c3c                rDifferential_TimeTag_TC
                0x0000000040012c98                initNodetable
                0x0000000040012cd4                getNode
                0x0000000040012d10                freeNode
                0x0000000040012d48                rAbsoluteTTC_Update
                0x0000000040012f00                rAbsolute_TimeTag_TC
                0x0000000040012f0c                rDifferential_TimeTag_Update
                0x0000000040012f68                rDifferential_TimeTag_Execute
                0x00000000400130c0                rDifferentialTTC_Execute
                0x00000000400130cc                rAbsoluteTTC_Delete
                0x000000004001328c                rAbsoluteTTC_Clear
                0x000000004001334c                rInit_Block
                0x0000000040013394                Block_update
                0x0000000040013610                rBlock_TC
                0x000000004001361c                TMTC_Assignment
                0x0000000040013d6c                invertReverse
                0x0000000040013d94                BCHEncoder
                0x0000000040013f34                rHAL_TC_Read
                0x0000000040014200                TC_detumbling_rate_gain_1
                0x0000000040014644                TC_detumbling_bdot_gain_1
                0x0000000040014a88                TC_BDOT_Det_Thresh_1
                0x0000000040014c1c                TC_GYRO_Det_Min_Thres_1
                0x0000000040014db0                TC_AngMomDump_Thrsld_1
                0x0000000040014f44                TC_SpeedDump_Thrsld_1
                0x0000000040015070                TC_SpeedDump_TimeSelect_1
                0x0000000040015204                TC_comd_pitch_rate_1
                0x0000000040015398                TC_Gyro_LPF_Gain_IMU1_1
                0x00000000400155d0                TC_Gyro_LPF_Gain_IMU2_1
                0x0000000040015808                TC_Mag_LPF_Gain_IMU1_1
                0x0000000040015a40                TC_Mag_LPF_Gain_IMU2_1
                0x0000000040015c78                TC_Wheel_Cutoff_Threshold_1
                0x0000000040015e0c                adcsgains
                0x0000000040015ef0                rGainSelect_TC
                0x0000000040015f44                rReal_Time_TC
                0x00000000400161c8                rTelecommand
                0x0000000040016340                rAbsoluteTTC_Execute
                0x0000000040016460                rBlockTC_Execute
 .text          0x0000000040016540       0x38 C:\Users\Bhagawat\AppData\Local\Temp\cccLUMRh.o
                0x0000000040016540                fdi_nmi_int_handler
 .text          0x0000000040016578     0x1694 C:\Users\Bhagawat\AppData\Local\Temp\ccoujgmP.o
                0x0000000040016578                rPOR_Init
 .text          0x0000000040017c0c      0xd00 C:\Users\Bhagawat\AppData\Local\Temp\ccisi4MM.o
                0x0000000040017c34                rHAL_pl1_ON
                0x0000000040017cb4                rHAL_pl1_OFF
                0x0000000040017d04                rHAL_pl2_ON
                0x0000000040017d84                rHAL_pl2_OFF
                0x0000000040017dd4                rHAL_tm_ds_en
                0x0000000040017e10                rHAL_X_Tx_ON
                0x0000000040017e44                rHAL_X_Tx_OFF
                0x0000000040017e78                rHAL_pl_sts_check
                0x0000000040017ea8                rHAL_pl_cmd_hlt
                0x0000000040017f20                rHAL_pl_debug
                0x0000000040017fe0                rHAL_pl_x_tx_data_on
                0x00000000400180d0                rHAL_pl_cmd_acq
                0x00000000400181b0                rHAL_pl_x_tx_data_off
                0x00000000400181f0                rHAL_pl_diag
                0x0000000040018268                pl_tx_tm
                0x0000000040018390                pl_tx_tm_2
                0x0000000040018460                rpl_read
                0x000000004001854c                rpl_tm_write
 .text          0x000000004001890c      0x4a8 C:\Users\Bhagawat\AppData\Local\Temp\ccHBbQXV.o
                0x000000004001890c                rHAL_EPS_Hardware_Status
                0x0000000040018974                rHAL_Battery_load_shedding
                0x00000000400189d0                rHAL_EPS_shunt_switch
 .text          0x0000000040018db4      0x1b4 C:\Users\Bhagawat\AppData\Local\Temp\ccEoEQhf.o
                0x0000000040018db4                rIMU_Init
                0x0000000040018e20                HAL_IMU_Read
 .text          0x0000000040018f68      0x3b4 C:\Users\Bhagawat\AppData\Local\Temp\cc1o1bcN.o
                0x0000000040018f68                rHAL_ADC_Read
                0x0000000040018fc4                rHAL_ADC_TM_Copy
                0x00000000400191f0                sun_Sensor_data
                0x0000000040019304                rHAL_ADC_StatusREG_Enable
 .text          0x000000004001931c     0x1010 C:\Users\Bhagawat\AppData\Local\Temp\ccaQ3LPF.o
                0x000000004001931c                rGPS_Buffer_Init
                0x0000000040019584                rGPS_pulsecheck
                0x0000000040019620                rHAL_GPS_Read
                0x0000000040019890                GPS_1_DATA
                0x00000000400198f4                rHAL_GPS_Config
                0x0000000040019ff4                rGPS_TM_Extract
                0x000000004001a2c8                ST_TM_gps_data
 .text          0x000000004001a32c     0x1114 C:\Users\Bhagawat\AppData\Local\Temp\cccVG10M.o
                0x000000004001a32c                Thermister_select
                0x000000004001a370                UTP_selection
                0x000000004001a3c4                LTP_selection
                0x000000004001a424                Heater_1_auto_control
                0x000000004001a494                Heater_2_auto_control
                0x000000004001a504                Heater_3_auto_control
                0x000000004001a574                Heater_4_auto_control
                0x000000004001a5e4                Heater_5_auto_control
                0x000000004001a654                Heater_6_auto_control
                0x000000004001a6c4                Heater_7_auto_control
                0x000000004001a718                Heater_8_auto_control
                0x000000004001a76c                Heater_9_auto_control
                0x000000004001a7c0                Heater_10_auto_control
                0x000000004001a814                Heater_11_auto_control
                0x000000004001a868                Heater_12_auto_control
                0x000000004001a8bc                Heater_13_auto_control
                0x000000004001a918                Heater_14_auto_control
                0x000000004001a974                Heater_1_manual_control
                0x000000004001a9e0                Heater_2_manual_control
                0x000000004001aa4c                Heater_3_manual_control
                0x000000004001aab8                Heater_4_manual_control
                0x000000004001ab24                Heater_5_manual_control
                0x000000004001ab90                Heater_6_manual_control
                0x000000004001abfc                Heater_control_auto_manual
                0x000000004001b2a0                Heater_7_manual_control
                0x000000004001b2d0                Heater_8_manual_control
                0x000000004001b300                Heater_9_manual_control
                0x000000004001b330                Heater_10_manual_control
                0x000000004001b360                Heater_11_manual_control
                0x000000004001b390                Heater_12_manual_control
                0x000000004001b3c0                Heater_13_manual_control
                0x000000004001b400                Heater_14_manual_control
 .text          0x000000004001b440      0x8dc C:\Users\Bhagawat\AppData\Local\Temp\ccmEgqGc.o
                0x000000004001b440                rHAL_MTR_ON
                0x000000004001b474                rHAL_MTR_OFF
                0x000000004001b4a8                rHAL_MTR
                0x000000004001bae0                MTR_Monitoring
                0x000000004001bb0c                rHAL_MTR_TC
 .text          0x000000004001bd1c     0x143c C:\Users\Bhagawat\AppData\Local\Temp\ccGeF881.o
                0x000000004001bd1c                RW_Init
                0x000000004001be98                HAL_RW_CRC_Check
                0x000000004001bf04                rHAL_RW_TM_Read
                0x000000004001c2d4                rRW_SlipFrame_Check
                0x000000004001c518                rHAL_RW_TC_Write
                0x000000004001c6f0                rHAL_RW_TM_Write
                0x000000004001c850                rHAL_RW_ConfigBuffer_Write
                0x000000004001c8f4                rRW_Data_Write
                0x000000004001cb00                rRW_Data_Request
                0x000000004001cc3c                rRW_Data_Read
                0x000000004001cfe8                rRW_init_cmd
 .text          0x000000004001d158      0x6dc C:\Users\Bhagawat\AppData\Local\Temp\ccMj57CZ.o
                0x000000004001d158                antennaCommand1
                0x000000004001d1a4                antennaCommand2
                0x000000004001d1f0                antennaCommand3
                0x000000004001d23c                antennaCommand4
                0x000000004001d288                antennaCommand5
                0x000000004001d2d4                antennaCommand6
                0x000000004001d320                antennaCommand7
                0x000000004001d368                antennaCommand8
                0x000000004001d3b4                antennaCommand9
                0x000000004001d400                rHAL_Antenna_Read
                0x000000004001d448                rHAL_SA_MAIN_Deploy_on
                0x000000004001d4c0                rHAL_SA_RED_Deploy_on
                0x000000004001d528                rHAL_SA1_Deploy_status_check
                0x000000004001d610                rHAL_SA2_Deploy_status_check
                0x000000004001d6f8                rHAL_SA_Deploy_Status_new
 .text          0x000000004001d834     0x32f0 C:\Users\Bhagawat\AppData\Local\Temp\ccjkgKqM.o
                0x000000004001d964                rQ_Propagation
                0x000000004001d994                rQuestDataProcessing
                0x000000004001dee0                rDAD_quest
                0x000000004001ee70                rErrorComputation
                0x000000004001f44c                rExtendedKalmanFilter1_p1
                0x0000000040020188                rExtendedKalmanFilter1_p2
 .text          0x0000000040020b24     0x2bec C:\Users\Bhagawat\AppData\Local\Temp\ccTPKy51.o
                0x0000000040020b24                rGH_generation
                0x0000000040020ce8                rMagFieldComp1
                0x0000000040021738                rMagFieldComp2
                0x0000000040021e50                rSun_Ephemeris
                0x0000000040022090                rReferenceQuatComputation
                0x0000000040022b64                rRefVectorGeneration
                0x0000000040023260                rRefRate_Computation
                0x0000000040023544                rSl_Ecl_OnBrd_detection
 .text          0x0000000040023710        0x0 C:\Users\Bhagawat\AppData\Local\Temp\ccL2sp4o.o
 .text          0x0000000040023710     0x2868 C:\Users\Bhagawat\AppData\Local\Temp\ccVsBKsk.o
                0x000000004002384c                rLinearController
                0x0000000040024238                rDutyCycleGeneration
                0x00000000400243bc                rAngularMomentumDumping
                0x0000000040024858                rTorquer_Polarity_Check
                0x000000004002488c                rSpeedBasedMomentumDumping
                0x0000000040024fe4                rWheel_Spin_updown
                0x0000000040025374                rWheel_Auto_Reconfiguration
 .text          0x0000000040025f78     0x10f8 C:\Users\Bhagawat\AppData\Local\Temp\ccwKOd7r.o
                0x0000000040025f90                rSuspended_ModePreprocessing
                0x0000000040026004                rDetumbling_ModePreprocessing_BDOT_Logic
                0x0000000040026474                rDetumbling_ModePreprocessing_GYRO_Logic
                0x00000000400268bc                rSunAcquisition_ModePreprocessing
                0x0000000040026c74                rThreeAxis_ModePreprocessing
                0x0000000040026ec0                rRateReductionCheck
                0x0000000040026fbc                rSafeMode_Preprocessing
                0x0000000040026ff8                rScModeSelection
 .text          0x0000000040027070     0x4a04 C:\Users\Bhagawat\AppData\Local\Temp\ccAxDj2d.o
                0x0000000040027070                rADCS_Pon_vars
 .text          0x000000004002ba74     0x9494 C:\Users\Bhagawat\AppData\Local\Temp\ccMjCJEu.o
                0x000000004002ba74                rIMUDataCorrection
                0x000000004002ce10                rIMU_1_DB_Copy
                0x000000004002d6b0                rIMU_2_DB_Copy
                0x000000004002df50                rIMU_1_DB_Init
                0x000000004002e7f0                rIMU_2_DB_Init
                0x000000004002f090                rIMU_Angle_Reset
                0x000000004002f0d8                rIMUDataProcessing
                0x000000004003036c                rTheta_Limit
                0x00000000400303cc                rIMU1_DB_Execute
                0x00000000400303f0                rIMU2_DB_Execute
                0x0000000040030414                rBDOT_Computation
                0x0000000040030640                rSunSensorVectorComp
                0x0000000040033730                rSunSensorDataProcessing
                0x0000000040033b0c                rSS_Read_Data
                0x0000000040033b6c                rSS_Main_DB_Init
                0x0000000040033b84                rSS_Redundant_DB_Init
                0x0000000040033b90                rSS_Main_DB_Copy
                0x00000000400344e8                rSS_Redundant_DB_Copy
                0x0000000040034e40                rSS_Main_DB_Execute
                0x0000000040034ea4                rSS_Redundant_DB_Execute
 .text          0x0000000040034f08        0x0 C:\Users\Bhagawat\AppData\Local\Temp\cc8gaIoY.o
 .text          0x0000000040034f08     0x4768 C:\Users\Bhagawat\AppData\Local\Temp\ccTWaTXc.o
                0x00000000400365e8                rOrbit_Initialization
                0x00000000400379b8                rOrbit_Propagation
                0x0000000040038d3c                rOrbitalElements_computation
                0x0000000040038d64                rOrbitalElements_TLE
                0x0000000040038d9c                rGPS_data_validity
                0x0000000040038da4                rJulian_Day
                0x0000000040038de0                rNEDtoECEF
                0x0000000040038ed4                rECEFtoECItoECEF
                0x0000000040038efc                rast_args
                0x0000000040039008                rnut_iau1980
                0x0000000040039164                rGPS2OE
                0x00000000400395e8                rGPSDataProcessing
 .text          0x0000000040039670      0xd4c C:\Users\Bhagawat\AppData\Local\Temp\ccMouOFP.o
                0x0000000040039670                rxRot
                0x0000000040039700                ryRot
                0x0000000040039790                rzRot
                0x0000000040039818                rMatInv
                0x00000000400399d0                rCross_Product
                0x0000000040039a38                rMatMul3x1
                0x0000000040039ab0                rMatMul3x3
                0x0000000040039b68                rRM_to_Quat
                0x0000000040039e9c                rQs_Normalization
                0x0000000040039fa4                rQs_Multiplication
                0x000000004003a080                rVectorNorm
                0x000000004003a150                rMat_adjoint3
                0x000000004003a24c                rMatMul34x1
                0x000000004003a2c8                rMatMul43x1
                0x000000004003a344                rMatMul44x1
 .text          0x000000004003a3bc      0x284 C:\Users\Bhagawat\AppData\Local\Temp\ccfzBYzz.o
                0x000000004003a3bc                rSus_mode_remote_entry_hook
                0x000000004003a3e8                rSus_mode_remote_exit_hook
                0x000000004003a3f4                rDBDOT_mode_remote_entry_hook
                0x000000004003a400                rDBDOT_mode_remote_exit_hook
                0x000000004003a40c                rDGYRO_mode_remote_entry_hook
                0x000000004003a418                rDGYRO_mode_remote_exit_hook
                0x000000004003a424                rSACQ_mode_remote_entry_hook
                0x000000004003a430                rSACQ_mode_remote_exit_hook
                0x000000004003a43c                r3AXIS_mode_remote_entry_hook
                0x000000004003a448                r3AXIS_mode_remote_exit_hook
                0x000000004003a454                rSAFE_mode_remote_entry_hook
                0x000000004003a460                rSAFE_mode_remote_exit_hook
                0x000000004003a46c                rRemote_patch_area_1
                0x000000004003a604                rRemote_patch_area_2
                0x000000004003a610                rRemote_patch_area_3
                0x000000004003a61c                rRemote_patch_area_4
                0x000000004003a628                rRemote_patch_area_5
                0x000000004003a634                rRemote_patch_area_6
 .text          0x000000004003a640      0x2d0 c:/opt/bcc-2.0.2-gcc/bin/../lib/gcc/sparc-gaisler-elf/7.2.0/../../../../sparc-gaisler-elf/lib/leon/mfix-at697f\libm.a(lib_a-s_atan.o)
                0x000000004003a640                atan
 .text          0x000000004003a910       0xe4 c:/opt/bcc-2.0.2-gcc/bin/../lib/gcc/sparc-gaisler-elf/7.2.0/../../../../sparc-gaisler-elf/lib/leon/mfix-at697f\libm.a(lib_a-s_cos.o)
                0x000000004003a910                cos
 .text          0x000000004003a9f4       0x28 c:/opt/bcc-2.0.2-gcc/bin/../lib/gcc/sparc-gaisler-elf/7.2.0/../../../../sparc-gaisler-elf/lib/leon/mfix-at697f\libm.a(lib_a-s_fabs.o)
                0x000000004003a9f4                fabs
 .text          0x000000004003aa1c      0x1f0 c:/opt/bcc-2.0.2-gcc/bin/../lib/gcc/sparc-gaisler-elf/7.2.0/../../../../sparc-gaisler-elf/lib/leon/mfix-at697f\libm.a(lib_a-s_floor.o)
                0x000000004003aa1c                floor
 .text          0x000000004003ac0c       0xf4 c:/opt/bcc-2.0.2-gcc/bin/../lib/gcc/sparc-gaisler-elf/7.2.0/../../../../sparc-gaisler-elf/lib/leon/mfix-at697f\libm.a(lib_a-s_round.o)
                0x000000004003ac0c                round
 .text          0x000000004003ad00       0xe8 c:/opt/bcc-2.0.2-gcc/bin/../lib/gcc/sparc-gaisler-elf/7.2.0/../../../../sparc-gaisler-elf/lib/leon/mfix-at697f\libm.a(lib_a-s_sin.o)
                0x000000004003ad00                sin
 .text          0x000000004003ade8       0x9c c:/opt/bcc-2.0.2-gcc/bin/../lib/gcc/sparc-gaisler-elf/7.2.0/../../../../sparc-gaisler-elf/lib/leon/mfix-at697f\libm.a(lib_a-s_tan.o)
                0x000000004003ade8                tan
 .text          0x000000004003ae84      0x128 c:/opt/bcc-2.0.2-gcc/bin/../lib/gcc/sparc-gaisler-elf/7.2.0/../../../../sparc-gaisler-elf/lib/leon/mfix-at697f\libm.a(lib_a-w_acos.o)
                0x000000004003ae84                acos
 .text          0x000000004003afac      0x128 c:/opt/bcc-2.0.2-gcc/bin/../lib/gcc/sparc-gaisler-elf/7.2.0/../../../../sparc-gaisler-elf/lib/leon/mfix-at697f\libm.a(lib_a-w_asin.o)
                0x000000004003afac                asin
 .text          0x000000004003b0d4        0xc c:/opt/bcc-2.0.2-gcc/bin/../lib/gcc/sparc-gaisler-elf/7.2.0/../../../../sparc-gaisler-elf/lib/leon/mfix-at697f\libm.a(lib_a-w_atan2.o)
                0x000000004003b0d4                atan2
 .text          0x000000004003b0e0      0x148 c:/opt/bcc-2.0.2-gcc/bin/../lib/gcc/sparc-gaisler-elf/7.2.0/../../../../sparc-gaisler-elf/lib/leon/mfix-at697f\libm.a(lib_a-w_fmod.o)
                0x000000004003b0e0                fmod
 .text          0x000000004003b228      0x4a8 c:/opt/bcc-2.0.2-gcc/bin/../lib/gcc/sparc-gaisler-elf/7.2.0/../../../../sparc-gaisler-elf/lib/leon/mfix-at697f\libm.a(lib_a-w_pow.o)
                0x000000004003b228                pow
 .text          0x000000004003b6d0       0xfc c:/opt/bcc-2.0.2-gcc/bin/../lib/gcc/sparc-gaisler-elf/7.2.0/../../../../sparc-gaisler-elf/lib/leon/mfix-at697f\libm.a(lib_a-w_sqrt.o)
                0x000000004003b6d0                sqrt
 .text          0x000000004003b7cc      0x37c c:/opt/bcc-2.0.2-gcc/bin/../lib/gcc/sparc-gaisler-elf/7.2.0/../../../../sparc-gaisler-elf/lib/leon/mfix-at697f\libm.a(lib_a-e_acos.o)
                0x000000004003b7cc                __ieee754_acos
 .text          0x000000004003bb48      0x310 c:/opt/bcc-2.0.2-gcc/bin/../lib/gcc/sparc-gaisler-elf/7.2.0/../../../../sparc-gaisler-elf/lib/leon/mfix-at697f\libm.a(lib_a-e_asin.o)
                0x000000004003bb48                __ieee754_asin
 .text          0x000000004003be58      0x2b4 c:/opt/bcc-2.0.2-gcc/bin/../lib/gcc/sparc-gaisler-elf/7.2.0/../../../../sparc-gaisler-elf/lib/leon/mfix-at697f\libm.a(lib_a-e_atan2.o)
                0x000000004003be58                __ieee754_atan2
 .text          0x000000004003c10c      0x3ac c:/opt/bcc-2.0.2-gcc/bin/../lib/gcc/sparc-gaisler-elf/7.2.0/../../../../sparc-gaisler-elf/lib/leon/mfix-at697f\libm.a(lib_a-e_fmod.o)
                0x000000004003c10c                __ieee754_fmod
 .text          0x000000004003c4b8      0x8dc c:/opt/bcc-2.0.2-gcc/bin/../lib/gcc/sparc-gaisler-elf/7.2.0/../../../../sparc-gaisler-elf/lib/leon/mfix-at697f\libm.a(lib_a-e_pow.o)
                0x000000004003c4b8                __ieee754_pow
 .text          0x000000004003cd94      0x39c c:/opt/bcc-2.0.2-gcc/bin/../lib/gcc/sparc-gaisler-elf/7.2.0/../../../../sparc-gaisler-elf/lib/leon/mfix-at697f\libm.a(lib_a-e_rem_pio2.o)
                0x000000004003cd94                __ieee754_rem_pio2
 .text          0x000000004003d130      0x270 c:/opt/bcc-2.0.2-gcc/bin/../lib/gcc/sparc-gaisler-elf/7.2.0/../../../../sparc-gaisler-elf/lib/leon/mfix-at697f\libm.a(lib_a-e_sqrt.o)
                0x000000004003d130                __ieee754_sqrt
 .text          0x000000004003d3a0      0x1bc c:/opt/bcc-2.0.2-gcc/bin/../lib/gcc/sparc-gaisler-elf/7.2.0/../../../../sparc-gaisler-elf/lib/leon/mfix-at697f\libm.a(lib_a-k_cos.o)
                0x000000004003d3a0                __kernel_cos
 .text          0x000000004003d55c      0xbdc c:/opt/bcc-2.0.2-gcc/bin/../lib/gcc/sparc-gaisler-elf/7.2.0/../../../../sparc-gaisler-elf/lib/leon/mfix-at697f\libm.a(lib_a-k_rem_pio2.o)
                0x000000004003d55c                __kernel_rem_pio2
 .text          0x000000004003e138      0x100 c:/opt/bcc-2.0.2-gcc/bin/../lib/gcc/sparc-gaisler-elf/7.2.0/../../../../sparc-gaisler-elf/lib/leon/mfix-at697f\libm.a(lib_a-k_sin.o)
                0x000000004003e138                __kernel_sin
 .text          0x000000004003e238      0x290 c:/opt/bcc-2.0.2-gcc/bin/../lib/gcc/sparc-gaisler-elf/7.2.0/../../../../sparc-gaisler-elf/lib/leon/mfix-at697f\libm.a(lib_a-k_tan.o)
                0x000000004003e238                __kernel_tan
 .text          0x000000004003e4c8       0x18 c:/opt/bcc-2.0.2-gcc/bin/../lib/gcc/sparc-gaisler-elf/7.2.0/../../../../sparc-gaisler-elf/lib/leon/mfix-at697f\libm.a(lib_a-s_finite.o)
                0x000000004003e4c8                finite
 .text          0x000000004003e4e0        0x0 c:/opt/bcc-2.0.2-gcc/bin/../lib/gcc/sparc-gaisler-elf/7.2.0/../../../../sparc-gaisler-elf/lib/leon/mfix-at697f\libm.a(lib_a-s_lib_ver.o)
 .text          0x000000004003e4e0        0x8 c:/opt/bcc-2.0.2-gcc/bin/../lib/gcc/sparc-gaisler-elf/7.2.0/../../../../sparc-gaisler-elf/lib/leon/mfix-at697f\libm.a(lib_a-s_matherr.o)
                0x000000004003e4e0                matherr
 .text          0x000000004003e4e8        0xc c:/opt/bcc-2.0.2-gcc/bin/../lib/gcc/sparc-gaisler-elf/7.2.0/../../../../sparc-gaisler-elf/lib/leon/mfix-at697f\libm.a(lib_a-s_nan.o)
                0x000000004003e4e8                nan
 .text          0x000000004003e4f4      0x1ac c:/opt/bcc-2.0.2-gcc/bin/../lib/gcc/sparc-gaisler-elf/7.2.0/../../../../sparc-gaisler-elf/lib/leon/mfix-at697f\libm.a(lib_a-s_rint.o)
                0x000000004003e4f4                rint
 .text          0x000000004003e6a0      0x14c c:/opt/bcc-2.0.2-gcc/bin/../lib/gcc/sparc-gaisler-elf/7.2.0/../../../../sparc-gaisler-elf/lib/leon/mfix-at697f\libm.a(lib_a-s_scalbn.o)
                0x000000004003e6a0                scalbn
 .text          0x000000004003e7ec       0x30 c:/opt/bcc-2.0.2-gcc/bin/../lib/gcc/sparc-gaisler-elf/7.2.0/../../../../sparc-gaisler-elf/lib/leon/mfix-at697f\libm.a(lib_a-s_copysign.o)
                0x000000004003e7ec                copysign
 .text          0x000000004003e81c       0x7c c:/opt/bcc-2.0.2-gcc/bin/../sparc-gaisler-elf/bsp/leon2/leon/mfix-at697f\libbcc.a(reset_trap_mvt.S.o)
                0x000000004003e81c                __bcc_trap_reset_mvt
 .text          0x000000004003e898       0xb0 c:/opt/bcc-2.0.2-gcc/bin/../sparc-gaisler-elf/bsp/leon2/leon/mfix-at697f\libbcc.a(window_trap.S.o)
                0x000000004003e898                __bcc_trap_window_overflow
                0x000000004003e8e8                __bcc_trap_window_underflow
 .text          0x000000004003e948      0x1b4 c:/opt/bcc-2.0.2-gcc/bin/../sparc-gaisler-elf/bsp/leon2/leon/mfix-at697f\libbcc.a(interrupt_trap.S.o)
                0x000000004003e948                __bcc_trap_interrupt_svt
                0x000000004003e94c                __bcc_trap_interrupt
 .text          0x000000004003eafc       0x88 c:/opt/bcc-2.0.2-gcc/bin/../sparc-gaisler-elf/bsp/leon2/leon/mfix-at697f\libbcc.a(flush_windows_trap.S.o)
                0x000000004003eafc                __bcc_trap_flush_windows
 .text          0x000000004003eb84       0x2c c:/opt/bcc-2.0.2-gcc/bin/../sparc-gaisler-elf/bsp/leon2/leon/mfix-at697f\libbcc.a(sw_trap_set_pil.S.o)
                0x000000004003eb84                __bcc_trap_sw_set_pil
 .text          0x000000004003ebb0       0xb0 c:/opt/bcc-2.0.2-gcc/bin/../sparc-gaisler-elf/bsp/leon2/leon/mfix-at697f\libbcc.a(trap.c.o)
                0x000000004003ebb0                bcc_set_trap
 .text          0x000000004003ec60        0x0 c:/opt/bcc-2.0.2-gcc/bin/../sparc-gaisler-elf/bsp/leon2/leon/mfix-at697f\libbcc.a(isr.c.o)
 .text          0x000000004003ec60        0x0 c:/opt/bcc-2.0.2-gcc/bin/../sparc-gaisler-elf/bsp/leon2/leon/mfix-at697f\libbcc.a(int_nest.c.o)
 .text          0x000000004003ec60        0x8 c:/opt/bcc-2.0.2-gcc/bin/../sparc-gaisler-elf/bsp/leon2/leon/mfix-at697f\libbcc.a(init.S.o)
                0x000000004003ec60                __bcc_init40
                0x000000004003ec60                __bcc_init70
                0x000000004003ec60                __bcc_init60
                0x000000004003ec60                __bcc_init50
 .text          0x000000004003ec68       0x84 c:/opt/bcc-2.0.2-gcc/bin/../sparc-gaisler-elf/bsp/leon2/leon/mfix-at697f\libbcc.a(leon_info.S.o)
                0x000000004003ec68                __bcc_get_leon_info
                0x000000004003ecdc                bcc_get_cpuid
 .text          0x000000004003ecec       0x2c c:/opt/bcc-2.0.2-gcc/bin/../sparc-gaisler-elf/bsp/leon2/leon/mfix-at697f\libbcc.a(dwzero.S.o)
                0x000000004003ecec                bcc_dwzero
 .text          0x000000004003ed18       0x5c c:/opt/bcc-2.0.2-gcc/bin/../sparc-gaisler-elf/bsp/leon2/leon/mfix-at697f\libbcc.a(copy_data.c.o)
                0x000000004003ed18                __bcc_copy_data
 *fill*         0x000000004003ed74        0xc 
 .text          0x000000004003ed80       0x90 c:/opt/bcc-2.0.2-gcc/bin/../sparc-gaisler-elf/bsp/leon2/leon/mfix-at697f\libbcc.a(lowlevel.S.o)
                0x000000004003ed80                bcc_loadnocache
                0x000000004003ed8c                bcc_loadnocache16
                0x000000004003ed98                bcc_loadnocache8
                0x000000004003edb0                bcc_ldstub
                0x000000004003edbc                bcc_set_psr
                0x000000004003edd4                bcc_get_psr
                0x000000004003eddc                bcc_get_pil
                0x000000004003edec                bcc_set_tbr
                0x000000004003ee04                bcc_get_tbr
 .text          0x000000004003ee10       0x50 c:/opt/bcc-2.0.2-gcc/bin/../sparc-gaisler-elf/bsp/leon2/leon/mfix-at697f\libbcc.a(lowlevel_leon2.S.o)
                0x000000004003ee10                bcc_set_ccr
                0x000000004003ee20                bcc_get_ccr
                0x000000004003ee30                bcc_flush_cache
                0x000000004003ee3c                bcc_flush_icache
                0x000000004003ee44                bcc_flush_dcache
                0x000000004003ee4c                bcc_power_down
 .text          0x000000004003ee60      0x160 c:/opt/bcc-2.0.2-gcc/bin/../sparc-gaisler-elf/bsp/leon2/leon/mfix-at697f\libbcc.a(int_leon2.c.o)
                0x000000004003ee60                bcc_int_mask
                0x000000004003eeb0                bcc_int_unmask
                0x000000004003ef00                bcc_int_clear
                0x000000004003ef38                bcc_int_force
                0x000000004003ef7c                bcc_int_pend
 .text          0x000000004003efc0        0x8 c:/opt/bcc-2.0.2-gcc/bin/../sparc-gaisler-elf/bsp/leon2/leon/mfix-at697f\libbcc.a(int_leon2_get_source.c.o)
                0x000000004003efc0                __bcc_int_get_source
 .text          0x000000004003efc8        0x8 c:/opt/bcc-2.0.2-gcc/bin/../sparc-gaisler-elf/bsp/leon2/leon/mfix-at697f\libbcc.a(int_leon2_init.c.o)
                0x000000004003efc8                __bcc_int_init
 .text          0x000000004003efd0       0x70 c:/opt/bcc-2.0.2-gcc/bin/../sparc-gaisler-elf/bsp/leon2/leon/mfix-at697f\libbcc.a(con_leon2.c.o)
                0x000000004003efd0                __bcc_con_init
                0x000000004003efd8                __bcc_con_outbyte
                0x000000004003f00c                __bcc_con_inbyte
 .text          0x000000004003f040       0x30 c:/opt/bcc-2.0.2-gcc/bin/../sparc-gaisler-elf/bsp/leon2/leon/mfix-at697f\libbcc.a(timer_leon2.c.o)
                0x000000004003f040                __bcc_timer_init
                0x000000004003f048                bcc_timer_get_us
 .text          0x000000004003f070        0xc c:/opt/bcc-2.0.2-gcc/bin/../sparc-gaisler-elf/bsp/leon2/leon/mfix-at697f\libbcc.a(set_pil.S.o)
                0x000000004003f070                bcc_set_pil
 .text          0x000000004003f07c        0x0 c:/opt/bcc-2.0.2-gcc/bin/../sparc-gaisler-elf/bsp/leon2/leon/mfix-at697f\libbcc.a(int_leon2_handle.c.o)
 .text          0x000000004003f07c        0x0 c:/opt/bcc-2.0.2-gcc/bin/../sparc-gaisler-elf/bsp/leon2/leon/mfix-at697f\libbcc.a(con_handle.c.o)
 .text          0x000000004003f07c        0x0 c:/opt/bcc-2.0.2-gcc/bin/../sparc-gaisler-elf/bsp/leon2/leon/mfix-at697f\libbcc.a(timer_handle.c.o)
 .text          0x000000004003f07c       0x1c c:/opt/bcc-2.0.2-gcc/bin/../lib/gcc/sparc-gaisler-elf/7.2.0/../../../../sparc-gaisler-elf/lib/leon/mfix-at697f\libc.a(lib_a-atexit.o)
                0x000000004003f07c                atexit
 .text          0x000000004003f098        0xc c:/opt/bcc-2.0.2-gcc/bin/../lib/gcc/sparc-gaisler-elf/7.2.0/../../../../sparc-gaisler-elf/lib/leon/mfix-at697f\libc.a(lib_a-errno.o)
                0x000000004003f098                __errno
 .text          0x000000004003f0a4       0x3c c:/opt/bcc-2.0.2-gcc/bin/../lib/gcc/sparc-gaisler-elf/7.2.0/../../../../sparc-gaisler-elf/lib/leon/mfix-at697f\libc.a(lib_a-exit.o)
                0x000000004003f0a4                exit
 .text          0x000000004003f0e0        0x0 c:/opt/bcc-2.0.2-gcc/bin/../lib/gcc/sparc-gaisler-elf/7.2.0/../../../../sparc-gaisler-elf/lib/leon/mfix-at697f\libc.a(lib_a-impure.o)
 .text          0x000000004003f0e0      0x19c c:/opt/bcc-2.0.2-gcc/bin/../lib/gcc/sparc-gaisler-elf/7.2.0/../../../../sparc-gaisler-elf/lib/leon/mfix-at697f\libc.a(lib_a-memcpy.o)
                0x000000004003f0e0                memcpy
 .text          0x000000004003f27c      0x158 c:/opt/bcc-2.0.2-gcc/bin/../lib/gcc/sparc-gaisler-elf/7.2.0/../../../../sparc-gaisler-elf/lib/leon/mfix-at697f\libc.a(lib_a-__atexit.o)
                0x000000004003f27c                __register_exitproc
 .text          0x000000004003f3d4      0x2b4 c:/opt/bcc-2.0.2-gcc/bin/../lib/gcc/sparc-gaisler-elf/7.2.0/../../../../sparc-gaisler-elf/lib/leon/mfix-at697f\libc.a(lib_a-__call_atexit.o)
                0x000000004003f3d4                __call_exitprocs
 .text          0x000000004003f688       0x18 c:/opt/bcc-2.0.2-gcc/bin/../sparc-gaisler-elf/bsp/leon2/leon/mfix-at697f\libbcc.a(_exit.S.o)
                0x000000004003f688                _exit
 .text          0x000000004003f6a0       0x48 c:/opt/bcc-2.0.2-gcc/bin/../lib/gcc/sparc-gaisler-elf/7.2.0/leon/mfix-at697f/crtend.o
 .text          0x000000004003f6e8        0x0 c:/opt/bcc-2.0.2-gcc/bin/../lib/gcc/sparc-gaisler-elf/7.2.0/leon/mfix-at697f/crtn.o
                0x000000004003f6f0                . = ALIGN (0x10)
 *fill*         0x000000004003f6e8        0x8 
 *(.eh_frame)
 .eh_frame      0x000000004003f6f0        0x0 c:/opt/bcc-2.0.2-gcc/bin/../lib/gcc/sparc-gaisler-elf/7.2.0/leon/mfix-at697f/crtbegin.o
 .eh_frame      0x000000004003f6f0        0x4 c:/opt/bcc-2.0.2-gcc/bin/../lib/gcc/sparc-gaisler-elf/7.2.0/leon/mfix-at697f/crtend.o
                0x000000004003f700                . = ALIGN (0x10)
 *fill*         0x000000004003f6f4        0xc 
 *(.gnu.linkonce.t*)
                0x000000004003f700                ___CTOR_LIST__ = .
                0x000000004003f700        0x4 LONG 0x2 (((___CTOR_END__ - ___CTOR_LIST__) / 0x4) - 0x2)
 *(SORT(.ctors.*))
 *(.ctors)
 .ctors         0x000000004003f704        0x4 c:/opt/bcc-2.0.2-gcc/bin/../lib/gcc/sparc-gaisler-elf/7.2.0/leon/mfix-at697f/crtbegin.o
 .ctors         0x000000004003f708        0x4 c:/opt/bcc-2.0.2-gcc/bin/../lib/gcc/sparc-gaisler-elf/7.2.0/leon/mfix-at697f/crtend.o
                0x000000004003f70c        0x4 LONG 0x0
                0x000000004003f710                ___CTOR_END__ = .
                0x000000004003f710                ___DTOR_LIST__ = .
                0x000000004003f710        0x4 LONG 0x2 (((___DTOR_END__ - ___DTOR_LIST__) / 0x4) - 0x2)
 *(SORT(.dtors.*))
 *(.dtors)
 .dtors         0x000000004003f714        0x4 c:/opt/bcc-2.0.2-gcc/bin/../lib/gcc/sparc-gaisler-elf/7.2.0/leon/mfix-at697f/crtbegin.o
 .dtors         0x000000004003f718        0x4 c:/opt/bcc-2.0.2-gcc/bin/../lib/gcc/sparc-gaisler-elf/7.2.0/leon/mfix-at697f/crtend.o
                0x000000004003f718                __DTOR_END__
                0x000000004003f71c        0x4 LONG 0x0
                0x000000004003f720                ___DTOR_END__ = .
 *(.gnu.linkonce*)
 *(.init)
 .init          0x000000004003f720        0x4 c:/opt/bcc-2.0.2-gcc/bin/../lib/gcc/sparc-gaisler-elf/7.2.0/leon/mfix-at697f/crti.o
                0x000000004003f720                _init
 .init          0x000000004003f724        0x8 c:/opt/bcc-2.0.2-gcc/bin/../lib/gcc/sparc-gaisler-elf/7.2.0/leon/mfix-at697f/crtbegin.o
 .init          0x000000004003f72c        0x8 c:/opt/bcc-2.0.2-gcc/bin/../lib/gcc/sparc-gaisler-elf/7.2.0/leon/mfix-at697f/crtend.o
 .init          0x000000004003f734        0xc c:/opt/bcc-2.0.2-gcc/bin/../lib/gcc/sparc-gaisler-elf/7.2.0/leon/mfix-at697f/crtn.o
 *(.fini)
 .fini          0x000000004003f740        0x4 c:/opt/bcc-2.0.2-gcc/bin/../lib/gcc/sparc-gaisler-elf/7.2.0/leon/mfix-at697f/crti.o
                0x000000004003f740                _fini
 .fini          0x000000004003f744        0x8 c:/opt/bcc-2.0.2-gcc/bin/../lib/gcc/sparc-gaisler-elf/7.2.0/leon/mfix-at697f/crtbegin.o
 .fini          0x000000004003f74c        0xc c:/opt/bcc-2.0.2-gcc/bin/../lib/gcc/sparc-gaisler-elf/7.2.0/leon/mfix-at697f/crtn.o
 *(.lit)
 *(.shdata)
                0x000000004003f760                . = ALIGN (0x10)
 *fill*         0x000000004003f758        0x8 
                0x000000004003f760                __text_end = .

.gcc_except_table
 *(.gcc_except_table)

.rodata         0x000000004003f760     0x5130
                0x000000004003f760                __rodata_start = .
 *(.rodata*)
 .rodata.cst8   0x000000004003f760       0x38 C:\Users\Bhagawat\AppData\Local\Temp\cclRFpKK.o
 .rodata        0x000000004003f798        0x0 C:\Users\Bhagawat\AppData\Local\Temp\ccwmQ64c.o
 .rodata        0x000000004003f798       0x10 C:\Users\Bhagawat\AppData\Local\Temp\ccqr04Ij.o
 .rodata.cst4   0x000000004003f7a8        0x4 C:\Users\Bhagawat\AppData\Local\Temp\ccXVTcPJ.o
 .rodata        0x000000004003f7ac        0x0 C:\Users\Bhagawat\AppData\Local\Temp\ccXVTcPJ.o
 .rodata        0x000000004003f7ac        0x0 C:\Users\Bhagawat\AppData\Local\Temp\ccisi4MM.o
 *fill*         0x000000004003f7ac        0x4 
 .rodata.cst8   0x000000004003f7b0        0x8 C:\Users\Bhagawat\AppData\Local\Temp\ccGeF881.o
 .rodata.cst8   0x000000004003f7b8       0x58 C:\Users\Bhagawat\AppData\Local\Temp\ccjkgKqM.o
                                         0xc8 (size before relaxing)
 .rodata.cst4   0x000000004003f810        0x4 C:\Users\Bhagawat\AppData\Local\Temp\ccjkgKqM.o
 *fill*         0x000000004003f814        0x4 
 .rodata.cst8   0x000000004003f818       0x18 C:\Users\Bhagawat\AppData\Local\Temp\ccTPKy51.o
                                         0x78 (size before relaxing)
 .rodata        0x000000004003f830     0x4724 C:\Users\Bhagawat\AppData\Local\Temp\ccL2sp4o.o
                0x000000004003f830                c_I_nine_cross_nine
                0x000000004003fab8                c_I_three_cross_three
                0x000000004003fb00                c_Tv_wof_0034
                0x000000004003fb48                c_Tv_wof_0204
                0x000000004003fb90                c_Tv_wof_0230
                0x000000004003fbd8                c_Tv_wof_1004
                0x000000004003fc20                c_Tv_wof_1030
                0x000000004003fc68                c_Tv_wof_1200
                0x000000004003fcb0                c_B2wh_mat_0034
                0x000000004003fd10                c_B2wh_mat_0204
                0x000000004003fd70                c_B2wh_mat_0230
                0x000000004003fdd0                c_B2wh_mat_1004
                0x000000004003fe30                c_B2wh_mat_1030
                0x000000004003fe90                c_B2wh_mat_1200
                0x000000004003fef0                c_B2wh_mat_0234
                0x000000004003ff50                c_B2wh_mat_1034
                0x000000004003ffb0                c_B2wh_mat_1204
                0x0000000040040010                c_B2wh_mat_1230
                0x0000000040040070                c_B2wh_mat_4RW
                0x00000000400400d0                c_wh2B_mat_0034
                0x0000000040040130                c_wh2B_mat_0204
                0x0000000040040190                c_wh2B_mat_0230
                0x00000000400401f0                c_wh2B_mat_1004
                0x0000000040040250                c_wh2B_mat_1030
                0x00000000400402b0                c_wh2B_mat_1200
                0x0000000040040310                c_wh2B_mat_0234
                0x0000000040040370                c_wh2B_mat_1034
                0x00000000400403d0                c_wh2B_mat_1204
                0x0000000040040430                c_wh2B_mat_1230
                0x0000000040040490                c_wh2B_mat_4RW
                0x00000000400404f0                c_MOI_wh
                0x00000000400404f8                c_MOI_wh4
                0x0000000040040500                c_MOI_wh3
                0x0000000040040508                c_MOI_wh2
                0x0000000040040510                c_MOI_wh1
                0x0000000040040518                TC_T_RW_MAX
                0x0000000040040520                c_RADps2RPM
                0x0000000040040528                c_RPM2RADpS
                0x0000000040040530                c_DPMMAX
                0x0000000040040538                c_wkm_sunmag
                0x0000000040040540                c_wks_sunmag
                0x0000000040040548                c_wkm_mag
                0x0000000040040550                c_wks_mag
                0x0000000040040558                c_ss2b4156
                0x00000000400405a0                c_ss2b3456
                0x00000000400405e8                c_ss2b2356
                0x0000000040040630                c_ss2b1256
                0x0000000040040678                c_misaln_cor146
                0x00000000400406c0                c_misaln_cor145
                0x0000000040040708                c_misaln_cor346
                0x0000000040040750                c_misaln_cor345
                0x0000000040040798                c_misaln_cor326
                0x00000000400407e0                c_misaln_cor325
                0x0000000040040828                c_misaln_cor126
                0x0000000040040870                c_misaln_cor125
                0x00000000400408b8                c_AngDev_SAMtransit_thrsld
                0x00000000400408c0                c_AngDev_SMtransit_thrsld
                0x00000000400408c8                c_Sunlit_Thrsld
                0x00000000400408d0                c_SSThrsld
                0x00000000400408d8                c_Imax_YN_Main
                0x00000000400408e0                c_Imax_YP_Main
                0x00000000400408e8                c_Imax_PN_Main
                0x00000000400408f0                c_Imax_PP_Main
                0x00000000400408f8                c_Imax_RNND_Main
                0x0000000040040900                c_Imax_RPND_Main
                0x0000000040040908                c_Imax_RND_Main
                0x0000000040040910                c_Imax_RPD_Main
                0x0000000040040918                c_Imax_YN_Red
                0x0000000040040920                c_Imax_YP_Red
                0x0000000040040928                c_Imax_PN_Red
                0x0000000040040930                c_Imax_PP_Red
                0x0000000040040938                c_Imax_RNND_Red
                0x0000000040040940                c_Imax_RPND_Red
                0x0000000040040948                c_Imax_RND_Red
                0x0000000040040950                c_Imax_RPD_Red
                0x0000000040040958                c_KDset3
                0x0000000040040960                c_KDset2
                0x0000000040040968                c_KDset1
                0x0000000040040970                c_Epsilon2
                0x0000000040040978                c_Epsilon1
                0x0000000040040980                c_Sun_Dis3
                0x0000000040040988                c_Sun_Dis2
                0x0000000040040990                c_Sun_Dis1
                0x0000000040040998                c_L_Ecliptic2
                0x00000000400409a0                c_L_Ecliptic1
                0x00000000400409a8                c_Msun2
                0x00000000400409b0                c_Msun1
                0x00000000400409b8                c_L_Msun2
                0x00000000400409c0                c_L_Msun1
                0x00000000400409c8                c_hsval
                0x0000000040040d08                c_hval
                0x0000000040041048                c_gsval
                0x0000000040041388                c_gval
                0x00000000400416c8                c_sdmax
                0x00000000400416d0                c_a
                0x00000000400416d8                c_Pibytwo
                0x00000000400416e0                c_Kmax
                0x00000000400416e4                c_Nmax
                0x00000000400416e8                nut
                0x0000000040043808                fc
                0x00000000400438d0                c_rk_T
                0x0000000040043b58                c_rk
                0x0000000040043de0                c_I_four_cross_four
                0x0000000040043e20                c_onesecond
                0x0000000040043e28                c_oneminute
                0x0000000040043e30                c_halfhour
                0x0000000040043e38                c_Mmax
                0x0000000040043e40                c_AS2R
                0x0000000040043e48                c_R2D
                0x0000000040043e50                c_D2R
                0x0000000040043e58                c_min_per_day
                0x0000000040043e60                c_temp4
                0x0000000040043e68                c_j4
                0x0000000040043e70                c_j3oj2
                0x0000000040043e78                c_qzms2t
                0x0000000040043e80                c_ss
                0x0000000040043e88                c_xpdotp
                0x0000000040043e90                c_Pi
                0x0000000040043e98                c_Day_To_Seconds
                0x0000000040043ea0                c_invmu
                0x0000000040043ea8                c_mu
                0x0000000040043eb0                c_dividebyzerovalue
                0x0000000040043eb8                c_xke
                0x0000000040043ec0                c_x2o3
                0x0000000040043ec8                c_Twopi
                0x0000000040043ed0                c_j2
                0x0000000040043ed8                c_au
                0x0000000040043ee0                c_auer
                0x0000000040043ee8                c_radiusearthkm
                0x0000000040043ef0                c_vkmpersec
                0x0000000040043ef8                c_OMEGAE
                0x0000000040043f00                c_tsince_min
                0x0000000040043f08                c_twomu
                0x0000000040043f10                c_MiC
                0x0000000040043f18                c_MaC
                0x0000000040043f20                c_TM_RW_Resol
                0x0000000040043f28                c_TM_Resol_B
                0x0000000040043f30                c_TM_Resol_w
                0x0000000040043f38                c_TM_Resol_DelThta
                0x0000000040043f40                c_Resol_DelThta
                0x0000000040043f48                c_Resol_B
                0x0000000040043f50                c_FFFF
 *fill*         0x0000000040043f54        0x4 
 .rodata.cst8   0x0000000040043f58       0x58 C:\Users\Bhagawat\AppData\Local\Temp\ccVsBKsk.o
                                         0xb0 (size before relaxing)
 .rodata.cst8   0x0000000040043fb0       0x30 C:\Users\Bhagawat\AppData\Local\Temp\ccwKOd7r.o
                                         0x78 (size before relaxing)
 .rodata        0x0000000040043fe0        0x0 C:\Users\Bhagawat\AppData\Local\Temp\ccwKOd7r.o
 .rodata.cst8   0x0000000040043fe0       0x48 C:\Users\Bhagawat\AppData\Local\Temp\ccAxDj2d.o
                                         0x68 (size before relaxing)
 .rodata.cst4   0x0000000040044028        0x8 C:\Users\Bhagawat\AppData\Local\Temp\ccAxDj2d.o
 .rodata.cst8   0x0000000040044030       0x38 C:\Users\Bhagawat\AppData\Local\Temp\ccMjCJEu.o
                                         0xa0 (size before relaxing)
 .rodata.cst4   0x0000000040044068        0x8 C:\Users\Bhagawat\AppData\Local\Temp\ccMjCJEu.o
                                          0xc (size before relaxing)
 .rodata.cst8   0x0000000040044070      0x290 C:\Users\Bhagawat\AppData\Local\Temp\ccTWaTXc.o
                                        0x3c0 (size before relaxing)
 .rodata.cst8   0x0000000040044300       0x88 C:\Users\Bhagawat\AppData\Local\Temp\ccMouOFP.o
 .rodata.cst8   0x0000000040044300       0xa8 c:/opt/bcc-2.0.2-gcc/bin/../lib/gcc/sparc-gaisler-elf/7.2.0/../../../../sparc-gaisler-elf/lib/leon/mfix-at697f\libm.a(lib_a-s_atan.o)
                                         0xd0 (size before relaxing)
 .rodata.cst8   0x00000000400443a8       0x10 c:/opt/bcc-2.0.2-gcc/bin/../lib/gcc/sparc-gaisler-elf/7.2.0/../../../../sparc-gaisler-elf/lib/leon/mfix-at697f\libm.a(lib_a-s_floor.o)
 .rodata.str1.8
                0x00000000400443a8        0x9 c:/opt/bcc-2.0.2-gcc/bin/../lib/gcc/sparc-gaisler-elf/7.2.0/../../../../sparc-gaisler-elf/lib/leon/mfix-at697f\libm.a(lib_a-w_acos.o)
 .rodata.cst8   0x00000000400443b1        0x8 c:/opt/bcc-2.0.2-gcc/bin/../lib/gcc/sparc-gaisler-elf/7.2.0/../../../../sparc-gaisler-elf/lib/leon/mfix-at697f\libm.a(lib_a-w_acos.o)
 *fill*         0x00000000400443b1        0x7 
 .rodata.str1.8
                0x00000000400443b8        0x5 c:/opt/bcc-2.0.2-gcc/bin/../lib/gcc/sparc-gaisler-elf/7.2.0/../../../../sparc-gaisler-elf/lib/leon/mfix-at697f\libm.a(lib_a-w_asin.o)
                                          0x9 (size before relaxing)
 .rodata.cst8   0x00000000400443bd        0x8 c:/opt/bcc-2.0.2-gcc/bin/../lib/gcc/sparc-gaisler-elf/7.2.0/../../../../sparc-gaisler-elf/lib/leon/mfix-at697f\libm.a(lib_a-w_asin.o)
 *fill*         0x00000000400443bd        0x3 
 .rodata.str1.8
                0x00000000400443c0        0x5 c:/opt/bcc-2.0.2-gcc/bin/../lib/gcc/sparc-gaisler-elf/7.2.0/../../../../sparc-gaisler-elf/lib/leon/mfix-at697f\libm.a(lib_a-w_fmod.o)
 .rodata.cst8   0x00000000400443c5        0x8 c:/opt/bcc-2.0.2-gcc/bin/../lib/gcc/sparc-gaisler-elf/7.2.0/../../../../sparc-gaisler-elf/lib/leon/mfix-at697f\libm.a(lib_a-w_fmod.o)
 *fill*         0x00000000400443c5        0x3 
 .rodata.str1.8
                0x00000000400443c8        0x4 c:/opt/bcc-2.0.2-gcc/bin/../lib/gcc/sparc-gaisler-elf/7.2.0/../../../../sparc-gaisler-elf/lib/leon/mfix-at697f\libm.a(lib_a-w_pow.o)
 *fill*         0x00000000400443cc        0x4 
 .rodata.cst8   0x00000000400443d0       0x20 c:/opt/bcc-2.0.2-gcc/bin/../lib/gcc/sparc-gaisler-elf/7.2.0/../../../../sparc-gaisler-elf/lib/leon/mfix-at697f\libm.a(lib_a-w_pow.o)
                                         0x38 (size before relaxing)
 .rodata.str1.8
                0x00000000400443f0        0x8 c:/opt/bcc-2.0.2-gcc/bin/../lib/gcc/sparc-gaisler-elf/7.2.0/../../../../sparc-gaisler-elf/lib/leon/mfix-at697f\libm.a(lib_a-w_sqrt.o)
                                          0x5 (size before relaxing)
 .rodata.cst8   0x00000000400443f8        0x8 c:/opt/bcc-2.0.2-gcc/bin/../lib/gcc/sparc-gaisler-elf/7.2.0/../../../../sparc-gaisler-elf/lib/leon/mfix-at697f\libm.a(lib_a-w_sqrt.o)
 .rodata.cst8   0x00000000400443f8       0x58 c:/opt/bcc-2.0.2-gcc/bin/../lib/gcc/sparc-gaisler-elf/7.2.0/../../../../sparc-gaisler-elf/lib/leon/mfix-at697f\libm.a(lib_a-e_acos.o)
                                         0x80 (size before relaxing)
 .rodata.cst8   0x0000000040044450       0x80 c:/opt/bcc-2.0.2-gcc/bin/../lib/gcc/sparc-gaisler-elf/7.2.0/../../../../sparc-gaisler-elf/lib/leon/mfix-at697f\libm.a(lib_a-e_asin.o)
 .rodata.cst8   0x0000000040044450       0x28 c:/opt/bcc-2.0.2-gcc/bin/../lib/gcc/sparc-gaisler-elf/7.2.0/../../../../sparc-gaisler-elf/lib/leon/mfix-at697f\libm.a(lib_a-e_atan2.o)
                                         0x58 (size before relaxing)
 .rodata        0x0000000040044478       0x10 c:/opt/bcc-2.0.2-gcc/bin/../lib/gcc/sparc-gaisler-elf/7.2.0/../../../../sparc-gaisler-elf/lib/leon/mfix-at697f\libm.a(lib_a-e_fmod.o)
 .rodata.str1.8
                0x0000000040044488        0x1 c:/opt/bcc-2.0.2-gcc/bin/../lib/gcc/sparc-gaisler-elf/7.2.0/../../../../sparc-gaisler-elf/lib/leon/mfix-at697f\libm.a(lib_a-e_pow.o)
 .rodata.cst8   0x0000000040044488       0xc8 c:/opt/bcc-2.0.2-gcc/bin/../lib/gcc/sparc-gaisler-elf/7.2.0/../../../../sparc-gaisler-elf/lib/leon/mfix-at697f\libm.a(lib_a-e_pow.o)
                                        0x120 (size before relaxing)
 .rodata.cst8   0x0000000040044550       0x40 c:/opt/bcc-2.0.2-gcc/bin/../lib/gcc/sparc-gaisler-elf/7.2.0/../../../../sparc-gaisler-elf/lib/leon/mfix-at697f\libm.a(lib_a-e_rem_pio2.o)
                                         0x50 (size before relaxing)
 .rodata        0x0000000040044590      0x188 c:/opt/bcc-2.0.2-gcc/bin/../lib/gcc/sparc-gaisler-elf/7.2.0/../../../../sparc-gaisler-elf/lib/leon/mfix-at697f\libm.a(lib_a-e_rem_pio2.o)
 .rodata.cst8   0x0000000040044718       0x40 c:/opt/bcc-2.0.2-gcc/bin/../lib/gcc/sparc-gaisler-elf/7.2.0/../../../../sparc-gaisler-elf/lib/leon/mfix-at697f\libm.a(lib_a-k_cos.o)
                                         0x50 (size before relaxing)
 .rodata.cst8   0x0000000040044758       0x50 c:/opt/bcc-2.0.2-gcc/bin/../lib/gcc/sparc-gaisler-elf/7.2.0/../../../../sparc-gaisler-elf/lib/leon/mfix-at697f\libm.a(lib_a-k_rem_pio2.o)
                                         0x78 (size before relaxing)
 .rodata        0x00000000400447a8       0x10 c:/opt/bcc-2.0.2-gcc/bin/../lib/gcc/sparc-gaisler-elf/7.2.0/../../../../sparc-gaisler-elf/lib/leon/mfix-at697f\libm.a(lib_a-k_rem_pio2.o)
 .rodata.cst8   0x00000000400447b8       0x30 c:/opt/bcc-2.0.2-gcc/bin/../lib/gcc/sparc-gaisler-elf/7.2.0/../../../../sparc-gaisler-elf/lib/leon/mfix-at697f\libm.a(lib_a-k_sin.o)
                                         0x38 (size before relaxing)
 .rodata.cst8   0x00000000400447e8       0x68 c:/opt/bcc-2.0.2-gcc/bin/../lib/gcc/sparc-gaisler-elf/7.2.0/../../../../sparc-gaisler-elf/lib/leon/mfix-at697f\libm.a(lib_a-k_tan.o)
                                         0x90 (size before relaxing)
 .rodata.cst8   0x0000000040044850        0x8 c:/opt/bcc-2.0.2-gcc/bin/../lib/gcc/sparc-gaisler-elf/7.2.0/../../../../sparc-gaisler-elf/lib/leon/mfix-at697f\libm.a(lib_a-s_nan.o)
 .rodata        0x0000000040044858       0x10 c:/opt/bcc-2.0.2-gcc/bin/../lib/gcc/sparc-gaisler-elf/7.2.0/../../../../sparc-gaisler-elf/lib/leon/mfix-at697f\libm.a(lib_a-s_rint.o)
 .rodata.cst8   0x0000000040044868       0x18 c:/opt/bcc-2.0.2-gcc/bin/../lib/gcc/sparc-gaisler-elf/7.2.0/../../../../sparc-gaisler-elf/lib/leon/mfix-at697f\libm.a(lib_a-s_scalbn.o)
                                         0x20 (size before relaxing)
 .rodata        0x0000000040044880        0x4 c:/opt/bcc-2.0.2-gcc/bin/../lib/gcc/sparc-gaisler-elf/7.2.0/../../../../sparc-gaisler-elf/lib/leon/mfix-at697f\libc.a(lib_a-impure.o)
                0x0000000040044880                _global_impure_ptr
 *(.gnu.linkonce.r*)
                0x0000000040044890                . = ALIGN (0x10)
 *fill*         0x0000000040044884        0xc 
                0x0000000040044890                __rodata_end = .

.rela.dyn       0x0000000040044890        0x0
 .rela.iplt     0x0000000040044890        0x0 c:/opt/bcc-2.0.2-gcc/bin/../sparc-gaisler-elf/bsp/leon2/leon/mfix-at697f/trap_table_mvt.S.o
 .rela.text.traptable
                0x0000000040044890        0x0 c:/opt/bcc-2.0.2-gcc/bin/../sparc-gaisler-elf/bsp/leon2/leon/mfix-at697f/trap_table_mvt.S.o
 .rela.text     0x0000000040044890        0x0 c:/opt/bcc-2.0.2-gcc/bin/../sparc-gaisler-elf/bsp/leon2/leon/mfix-at697f/trap_table_mvt.S.o
 .rela.text.startup
                0x0000000040044890        0x0 c:/opt/bcc-2.0.2-gcc/bin/../sparc-gaisler-elf/bsp/leon2/leon/mfix-at697f/trap_table_mvt.S.o
 .rela.data     0x0000000040044890        0x0 c:/opt/bcc-2.0.2-gcc/bin/../sparc-gaisler-elf/bsp/leon2/leon/mfix-at697f/trap_table_mvt.S.o

.ext.data       0x0000000040044890        0x0
                0x0000000040044890                . = ALIGN (0x8)
                0x0000000040044890                __extdata_start = .
 *(.data.ext)
                0x0000000040044890                . = ALIGN (0x8)
                0x0000000040044890                __extdata_end = .
                0x0000000040044890                __extdata_start_lma = LOADADDR (.ext.data)
                0x0000000000000000                __extdata_size = SIZEOF (.ext.data)

.data           0x0000000040044890      0x550
                0x0000000040044890                . = ALIGN (0x8)
                0x0000000040044890                __data_start = .
 *(.data .data.*)
 .data          0x0000000040044890        0x0 c:/opt/bcc-2.0.2-gcc/bin/../sparc-gaisler-elf/bsp/leon2/leon/mfix-at697f/trap_table_mvt.S.o
 .data          0x0000000040044890        0x0 c:/opt/bcc-2.0.2-gcc/bin/../sparc-gaisler-elf/bsp/leon2/leon/mfix-at697f/crt0.S.o
 .data          0x0000000040044890        0x0 c:/opt/bcc-2.0.2-gcc/bin/../lib/gcc/sparc-gaisler-elf/7.2.0/leon/mfix-at697f/crti.o
 .data          0x0000000040044890        0x4 c:/opt/bcc-2.0.2-gcc/bin/../lib/gcc/sparc-gaisler-elf/7.2.0/leon/mfix-at697f/crtbegin.o
                0x0000000040044890                __dso_handle
 .data          0x0000000040044894        0x0 C:\Users\Bhagawat\AppData\Local\Temp\cclRFpKK.o
 .data          0x0000000040044894        0x0 C:\Users\Bhagawat\AppData\Local\Temp\ccwmQ64c.o
 .data          0x0000000040044894       0x18 C:\Users\Bhagawat\AppData\Local\Temp\ccqr04Ij.o
                0x00000000400448a8                real_tm_wait
 .data          0x00000000400448ac      0x3ac C:\Users\Bhagawat\AppData\Local\Temp\ccXVTcPJ.o
                0x00000000400448ac                Resol_Table_Adcs
                0x0000000040044990                BlkExe_Status
                0x0000000040044994                FuncExecute_Table
                0x0000000040044bec                Resol_Table
 .data          0x0000000040044c58        0x0 C:\Users\Bhagawat\AppData\Local\Temp\cccLUMRh.o
 .data          0x0000000040044c58        0x0 C:\Users\Bhagawat\AppData\Local\Temp\ccoujgmP.o
 .data          0x0000000040044c58        0x8 C:\Users\Bhagawat\AppData\Local\Temp\ccisi4MM.o
                0x0000000040044c58                PL_Debug_Data
 .data          0x0000000040044c60       0x20 C:\Users\Bhagawat\AppData\Local\Temp\ccHBbQXV.o
                0x0000000040044c60                inter_HAL_EPS_Hardware_Status_SEL
 .data          0x0000000040044c80        0x0 C:\Users\Bhagawat\AppData\Local\Temp\ccEoEQhf.o
 .data          0x0000000040044c80        0x0 C:\Users\Bhagawat\AppData\Local\Temp\cc1o1bcN.o
 .data          0x0000000040044c80        0x0 C:\Users\Bhagawat\AppData\Local\Temp\ccaQ3LPF.o
 .data          0x0000000040044c80       0xbc C:\Users\Bhagawat\AppData\Local\Temp\cccVG10M.o
                0x0000000040044c80                Auto_manual
                0x0000000040044c84                UTP
                0x0000000040044cc4                LTP
                0x0000000040044d04                Thermister_index_select
 .data          0x0000000040044d3c        0x0 C:\Users\Bhagawat\AppData\Local\Temp\ccmEgqGc.o
 *fill*         0x0000000040044d3c        0x4 
 .data          0x0000000040044d40        0x4 C:\Users\Bhagawat\AppData\Local\Temp\ccGeF881.o
                0x0000000040044d40                NSP_addr_table
 .data          0x0000000040044d44        0x0 C:\Users\Bhagawat\AppData\Local\Temp\ccMj57CZ.o
 .data          0x0000000040044d44        0x0 C:\Users\Bhagawat\AppData\Local\Temp\ccjkgKqM.o
 .data          0x0000000040044d44        0x0 C:\Users\Bhagawat\AppData\Local\Temp\ccTPKy51.o
 .data          0x0000000040044d44        0x0 C:\Users\Bhagawat\AppData\Local\Temp\ccL2sp4o.o
 .data          0x0000000040044d44        0x0 C:\Users\Bhagawat\AppData\Local\Temp\ccVsBKsk.o
 .data          0x0000000040044d44        0x0 C:\Users\Bhagawat\AppData\Local\Temp\ccwKOd7r.o
 .data          0x0000000040044d44        0x0 C:\Users\Bhagawat\AppData\Local\Temp\ccAxDj2d.o
 .data          0x0000000040044d44        0x0 C:\Users\Bhagawat\AppData\Local\Temp\ccMjCJEu.o
 .data          0x0000000040044d44        0x0 C:\Users\Bhagawat\AppData\Local\Temp\cc8gaIoY.o
 .data          0x0000000040044d44        0x0 C:\Users\Bhagawat\AppData\Local\Temp\ccTWaTXc.o
 .data          0x0000000040044d44        0x0 C:\Users\Bhagawat\AppData\Local\Temp\ccMouOFP.o
 .data          0x0000000040044d44        0x0 C:\Users\Bhagawat\AppData\Local\Temp\ccfzBYzz.o
 .data          0x0000000040044d44        0x0 c:/opt/bcc-2.0.2-gcc/bin/../lib/gcc/sparc-gaisler-elf/7.2.0/../../../../sparc-gaisler-elf/lib/leon/mfix-at697f\libm.a(lib_a-s_atan.o)
 .data          0x0000000040044d44        0x0 c:/opt/bcc-2.0.2-gcc/bin/../lib/gcc/sparc-gaisler-elf/7.2.0/../../../../sparc-gaisler-elf/lib/leon/mfix-at697f\libm.a(lib_a-s_cos.o)
 .data          0x0000000040044d44        0x0 c:/opt/bcc-2.0.2-gcc/bin/../lib/gcc/sparc-gaisler-elf/7.2.0/../../../../sparc-gaisler-elf/lib/leon/mfix-at697f\libm.a(lib_a-s_fabs.o)
 .data          0x0000000040044d44        0x0 c:/opt/bcc-2.0.2-gcc/bin/../lib/gcc/sparc-gaisler-elf/7.2.0/../../../../sparc-gaisler-elf/lib/leon/mfix-at697f\libm.a(lib_a-s_floor.o)
 .data          0x0000000040044d44        0x0 c:/opt/bcc-2.0.2-gcc/bin/../lib/gcc/sparc-gaisler-elf/7.2.0/../../../../sparc-gaisler-elf/lib/leon/mfix-at697f\libm.a(lib_a-s_round.o)
 .data          0x0000000040044d44        0x0 c:/opt/bcc-2.0.2-gcc/bin/../lib/gcc/sparc-gaisler-elf/7.2.0/../../../../sparc-gaisler-elf/lib/leon/mfix-at697f\libm.a(lib_a-s_sin.o)
 .data          0x0000000040044d44        0x0 c:/opt/bcc-2.0.2-gcc/bin/../lib/gcc/sparc-gaisler-elf/7.2.0/../../../../sparc-gaisler-elf/lib/leon/mfix-at697f\libm.a(lib_a-s_tan.o)
 .data          0x0000000040044d44        0x0 c:/opt/bcc-2.0.2-gcc/bin/../lib/gcc/sparc-gaisler-elf/7.2.0/../../../../sparc-gaisler-elf/lib/leon/mfix-at697f\libm.a(lib_a-w_acos.o)
 .data          0x0000000040044d44        0x0 c:/opt/bcc-2.0.2-gcc/bin/../lib/gcc/sparc-gaisler-elf/7.2.0/../../../../sparc-gaisler-elf/lib/leon/mfix-at697f\libm.a(lib_a-w_asin.o)
 .data          0x0000000040044d44        0x0 c:/opt/bcc-2.0.2-gcc/bin/../lib/gcc/sparc-gaisler-elf/7.2.0/../../../../sparc-gaisler-elf/lib/leon/mfix-at697f\libm.a(lib_a-w_atan2.o)
 .data          0x0000000040044d44        0x0 c:/opt/bcc-2.0.2-gcc/bin/../lib/gcc/sparc-gaisler-elf/7.2.0/../../../../sparc-gaisler-elf/lib/leon/mfix-at697f\libm.a(lib_a-w_fmod.o)
 .data          0x0000000040044d44        0x0 c:/opt/bcc-2.0.2-gcc/bin/../lib/gcc/sparc-gaisler-elf/7.2.0/../../../../sparc-gaisler-elf/lib/leon/mfix-at697f\libm.a(lib_a-w_pow.o)
 .data          0x0000000040044d44        0x0 c:/opt/bcc-2.0.2-gcc/bin/../lib/gcc/sparc-gaisler-elf/7.2.0/../../../../sparc-gaisler-elf/lib/leon/mfix-at697f\libm.a(lib_a-w_sqrt.o)
 .data          0x0000000040044d44        0x0 c:/opt/bcc-2.0.2-gcc/bin/../lib/gcc/sparc-gaisler-elf/7.2.0/../../../../sparc-gaisler-elf/lib/leon/mfix-at697f\libm.a(lib_a-e_acos.o)
 .data          0x0000000040044d44        0x0 c:/opt/bcc-2.0.2-gcc/bin/../lib/gcc/sparc-gaisler-elf/7.2.0/../../../../sparc-gaisler-elf/lib/leon/mfix-at697f\libm.a(lib_a-e_asin.o)
 .data          0x0000000040044d44        0x0 c:/opt/bcc-2.0.2-gcc/bin/../lib/gcc/sparc-gaisler-elf/7.2.0/../../../../sparc-gaisler-elf/lib/leon/mfix-at697f\libm.a(lib_a-e_atan2.o)
 .data          0x0000000040044d44        0x0 c:/opt/bcc-2.0.2-gcc/bin/../lib/gcc/sparc-gaisler-elf/7.2.0/../../../../sparc-gaisler-elf/lib/leon/mfix-at697f\libm.a(lib_a-e_fmod.o)
 .data          0x0000000040044d44        0x0 c:/opt/bcc-2.0.2-gcc/bin/../lib/gcc/sparc-gaisler-elf/7.2.0/../../../../sparc-gaisler-elf/lib/leon/mfix-at697f\libm.a(lib_a-e_pow.o)
 .data          0x0000000040044d44        0x0 c:/opt/bcc-2.0.2-gcc/bin/../lib/gcc/sparc-gaisler-elf/7.2.0/../../../../sparc-gaisler-elf/lib/leon/mfix-at697f\libm.a(lib_a-e_rem_pio2.o)
 .data          0x0000000040044d44        0x0 c:/opt/bcc-2.0.2-gcc/bin/../lib/gcc/sparc-gaisler-elf/7.2.0/../../../../sparc-gaisler-elf/lib/leon/mfix-at697f\libm.a(lib_a-e_sqrt.o)
 .data          0x0000000040044d44        0x0 c:/opt/bcc-2.0.2-gcc/bin/../lib/gcc/sparc-gaisler-elf/7.2.0/../../../../sparc-gaisler-elf/lib/leon/mfix-at697f\libm.a(lib_a-k_cos.o)
 .data          0x0000000040044d44        0x0 c:/opt/bcc-2.0.2-gcc/bin/../lib/gcc/sparc-gaisler-elf/7.2.0/../../../../sparc-gaisler-elf/lib/leon/mfix-at697f\libm.a(lib_a-k_rem_pio2.o)
 .data          0x0000000040044d44        0x0 c:/opt/bcc-2.0.2-gcc/bin/../lib/gcc/sparc-gaisler-elf/7.2.0/../../../../sparc-gaisler-elf/lib/leon/mfix-at697f\libm.a(lib_a-k_sin.o)
 .data          0x0000000040044d44        0x0 c:/opt/bcc-2.0.2-gcc/bin/../lib/gcc/sparc-gaisler-elf/7.2.0/../../../../sparc-gaisler-elf/lib/leon/mfix-at697f\libm.a(lib_a-k_tan.o)
 .data          0x0000000040044d44        0x0 c:/opt/bcc-2.0.2-gcc/bin/../lib/gcc/sparc-gaisler-elf/7.2.0/../../../../sparc-gaisler-elf/lib/leon/mfix-at697f\libm.a(lib_a-s_finite.o)
 .data          0x0000000040044d44        0x4 c:/opt/bcc-2.0.2-gcc/bin/../lib/gcc/sparc-gaisler-elf/7.2.0/../../../../sparc-gaisler-elf/lib/leon/mfix-at697f\libm.a(lib_a-s_lib_ver.o)
                0x0000000040044d44                __fdlib_version
 .data          0x0000000040044d48        0x0 c:/opt/bcc-2.0.2-gcc/bin/../lib/gcc/sparc-gaisler-elf/7.2.0/../../../../sparc-gaisler-elf/lib/leon/mfix-at697f\libm.a(lib_a-s_matherr.o)
 .data          0x0000000040044d48        0x0 c:/opt/bcc-2.0.2-gcc/bin/../lib/gcc/sparc-gaisler-elf/7.2.0/../../../../sparc-gaisler-elf/lib/leon/mfix-at697f\libm.a(lib_a-s_nan.o)
 .data          0x0000000040044d48        0x0 c:/opt/bcc-2.0.2-gcc/bin/../lib/gcc/sparc-gaisler-elf/7.2.0/../../../../sparc-gaisler-elf/lib/leon/mfix-at697f\libm.a(lib_a-s_rint.o)
 .data          0x0000000040044d48        0x0 c:/opt/bcc-2.0.2-gcc/bin/../lib/gcc/sparc-gaisler-elf/7.2.0/../../../../sparc-gaisler-elf/lib/leon/mfix-at697f\libm.a(lib_a-s_scalbn.o)
 .data          0x0000000040044d48        0x0 c:/opt/bcc-2.0.2-gcc/bin/../lib/gcc/sparc-gaisler-elf/7.2.0/../../../../sparc-gaisler-elf/lib/leon/mfix-at697f\libm.a(lib_a-s_copysign.o)
 .data          0x0000000040044d48        0x0 c:/opt/bcc-2.0.2-gcc/bin/../sparc-gaisler-elf/bsp/leon2/leon/mfix-at697f\libbcc.a(reset_trap_mvt.S.o)
 .data          0x0000000040044d48        0x0 c:/opt/bcc-2.0.2-gcc/bin/../sparc-gaisler-elf/bsp/leon2/leon/mfix-at697f\libbcc.a(window_trap.S.o)
 .data          0x0000000040044d48        0x0 c:/opt/bcc-2.0.2-gcc/bin/../sparc-gaisler-elf/bsp/leon2/leon/mfix-at697f\libbcc.a(interrupt_trap.S.o)
 .data          0x0000000040044d48        0x0 c:/opt/bcc-2.0.2-gcc/bin/../sparc-gaisler-elf/bsp/leon2/leon/mfix-at697f\libbcc.a(flush_windows_trap.S.o)
 .data          0x0000000040044d48        0x0 c:/opt/bcc-2.0.2-gcc/bin/../sparc-gaisler-elf/bsp/leon2/leon/mfix-at697f\libbcc.a(sw_trap_set_pil.S.o)
 .data          0x0000000040044d48        0x0 c:/opt/bcc-2.0.2-gcc/bin/../sparc-gaisler-elf/bsp/leon2/leon/mfix-at697f\libbcc.a(trap.c.o)
 .data          0x0000000040044d48        0x0 c:/opt/bcc-2.0.2-gcc/bin/../sparc-gaisler-elf/bsp/leon2/leon/mfix-at697f\libbcc.a(isr.c.o)
 .data          0x0000000040044d48       0x10 c:/opt/bcc-2.0.2-gcc/bin/../sparc-gaisler-elf/bsp/leon2/leon/mfix-at697f\libbcc.a(int_nest.c.o)
                0x0000000040044d48                __bcc_int_nest
 .data          0x0000000040044d58        0x0 c:/opt/bcc-2.0.2-gcc/bin/../sparc-gaisler-elf/bsp/leon2/leon/mfix-at697f\libbcc.a(init.S.o)
 .data          0x0000000040044d58       0x10 c:/opt/bcc-2.0.2-gcc/bin/../sparc-gaisler-elf/bsp/leon2/leon/mfix-at697f\libbcc.a(leon_info.S.o)
                0x0000000040044d58                __bcc_leon_version
                0x0000000040044d5c                __bcc_nwindows_min1
                0x0000000040044d60                __bcc_nwindows
                0x0000000040044d64                __bcc_cpuid
 .data          0x0000000040044d68        0x0 c:/opt/bcc-2.0.2-gcc/bin/../sparc-gaisler-elf/bsp/leon2/leon/mfix-at697f\libbcc.a(dwzero.S.o)
 .data          0x0000000040044d68        0x0 c:/opt/bcc-2.0.2-gcc/bin/../sparc-gaisler-elf/bsp/leon2/leon/mfix-at697f\libbcc.a(copy_data.c.o)
 .data          0x0000000040044d68        0x0 c:/opt/bcc-2.0.2-gcc/bin/../sparc-gaisler-elf/bsp/leon2/leon/mfix-at697f\libbcc.a(lowlevel.S.o)
 .data          0x0000000040044d68        0x0 c:/opt/bcc-2.0.2-gcc/bin/../sparc-gaisler-elf/bsp/leon2/leon/mfix-at697f\libbcc.a(lowlevel_leon2.S.o)
 .data          0x0000000040044d68        0x0 c:/opt/bcc-2.0.2-gcc/bin/../sparc-gaisler-elf/bsp/leon2/leon/mfix-at697f\libbcc.a(int_leon2.c.o)
 .data          0x0000000040044d68        0x0 c:/opt/bcc-2.0.2-gcc/bin/../sparc-gaisler-elf/bsp/leon2/leon/mfix-at697f\libbcc.a(int_leon2_get_source.c.o)
 .data          0x0000000040044d68        0x0 c:/opt/bcc-2.0.2-gcc/bin/../sparc-gaisler-elf/bsp/leon2/leon/mfix-at697f\libbcc.a(int_leon2_init.c.o)
 .data          0x0000000040044d68        0x0 c:/opt/bcc-2.0.2-gcc/bin/../sparc-gaisler-elf/bsp/leon2/leon/mfix-at697f\libbcc.a(con_leon2.c.o)
 .data          0x0000000040044d68        0x0 c:/opt/bcc-2.0.2-gcc/bin/../sparc-gaisler-elf/bsp/leon2/leon/mfix-at697f\libbcc.a(timer_leon2.c.o)
 .data          0x0000000040044d68        0x0 c:/opt/bcc-2.0.2-gcc/bin/../sparc-gaisler-elf/bsp/leon2/leon/mfix-at697f\libbcc.a(set_pil.S.o)
 .data          0x0000000040044d68        0x4 c:/opt/bcc-2.0.2-gcc/bin/../sparc-gaisler-elf/bsp/leon2/leon/mfix-at697f\libbcc.a(int_leon2_handle.c.o)
                0x0000000040044d68                __bcc_int_handle
 .data          0x0000000040044d6c        0x4 c:/opt/bcc-2.0.2-gcc/bin/../sparc-gaisler-elf/bsp/leon2/leon/mfix-at697f\libbcc.a(con_handle.c.o)
                0x0000000040044d6c                __bcc_con_handle
 .data          0x0000000040044d70        0x8 c:/opt/bcc-2.0.2-gcc/bin/../sparc-gaisler-elf/bsp/leon2/leon/mfix-at697f\libbcc.a(timer_handle.c.o)
                0x0000000040044d70                __bcc_timer_interrupt
                0x0000000040044d74                __bcc_timer_handle
 .data          0x0000000040044d78        0x0 c:/opt/bcc-2.0.2-gcc/bin/../lib/gcc/sparc-gaisler-elf/7.2.0/../../../../sparc-gaisler-elf/lib/leon/mfix-at697f\libc.a(lib_a-atexit.o)
 .data          0x0000000040044d78        0x0 c:/opt/bcc-2.0.2-gcc/bin/../lib/gcc/sparc-gaisler-elf/7.2.0/../../../../sparc-gaisler-elf/lib/leon/mfix-at697f\libc.a(lib_a-errno.o)
 .data          0x0000000040044d78        0x0 c:/opt/bcc-2.0.2-gcc/bin/../lib/gcc/sparc-gaisler-elf/7.2.0/../../../../sparc-gaisler-elf/lib/leon/mfix-at697f\libc.a(lib_a-exit.o)
 .data          0x0000000040044d78       0x64 c:/opt/bcc-2.0.2-gcc/bin/../lib/gcc/sparc-gaisler-elf/7.2.0/../../../../sparc-gaisler-elf/lib/leon/mfix-at697f\libc.a(lib_a-impure.o)
                0x0000000040044d78                _impure_ptr
 .data          0x0000000040044ddc        0x0 c:/opt/bcc-2.0.2-gcc/bin/../lib/gcc/sparc-gaisler-elf/7.2.0/../../../../sparc-gaisler-elf/lib/leon/mfix-at697f\libc.a(lib_a-memcpy.o)
 .data          0x0000000040044ddc        0x0 c:/opt/bcc-2.0.2-gcc/bin/../lib/gcc/sparc-gaisler-elf/7.2.0/../../../../sparc-gaisler-elf/lib/leon/mfix-at697f\libc.a(lib_a-__atexit.o)
 .data          0x0000000040044ddc        0x0 c:/opt/bcc-2.0.2-gcc/bin/../lib/gcc/sparc-gaisler-elf/7.2.0/../../../../sparc-gaisler-elf/lib/leon/mfix-at697f\libc.a(lib_a-__call_atexit.o)
 .data          0x0000000040044ddc        0x0 c:/opt/bcc-2.0.2-gcc/bin/../sparc-gaisler-elf/bsp/leon2/leon/mfix-at697f\libbcc.a(_exit.S.o)
 .data          0x0000000040044ddc        0x0 c:/opt/bcc-2.0.2-gcc/bin/../lib/gcc/sparc-gaisler-elf/7.2.0/leon/mfix-at697f/crtend.o
 .data          0x0000000040044ddc        0x0 c:/opt/bcc-2.0.2-gcc/bin/../lib/gcc/sparc-gaisler-elf/7.2.0/leon/mfix-at697f/crtn.o
                0x0000000040044de0                . = ALIGN (0x8)
 *fill*         0x0000000040044ddc        0x4 
                0x0000000040044de0                __data_end = .
                0x0000000040044890                __data_start_lma = LOADADDR (.data)
                0x0000000000000550                __data_size = SIZEOF (.data)

.iplt           0x0000000040044de0        0x0
 .iplt          0x0000000040044de0        0x0 c:/opt/bcc-2.0.2-gcc/bin/../sparc-gaisler-elf/bsp/leon2/leon/mfix-at697f/trap_table_mvt.S.o

.tm_clone_table
                0x0000000040044de0        0x0
 .tm_clone_table
                0x0000000040044de0        0x0 c:/opt/bcc-2.0.2-gcc/bin/../lib/gcc/sparc-gaisler-elf/7.2.0/leon/mfix-at697f/crtbegin.o
 .tm_clone_table
                0x0000000040044de0        0x0 c:/opt/bcc-2.0.2-gcc/bin/../lib/gcc/sparc-gaisler-elf/7.2.0/leon/mfix-at697f/crtend.o

.bss            0x0000000040044de0    0x8e980
                0x0000000040044de0                . = ALIGN (0x8)
                0x0000000040044de0                __bss_start = .
 *(.bss .bss.*)
 .bss           0x0000000040044de0        0x0 c:/opt/bcc-2.0.2-gcc/bin/../sparc-gaisler-elf/bsp/leon2/leon/mfix-at697f/trap_table_mvt.S.o
 .bss           0x0000000040044de0        0x4 c:/opt/bcc-2.0.2-gcc/bin/../sparc-gaisler-elf/bsp/leon2/leon/mfix-at697f/crt0.S.o
                0x0000000040044de0                __bcc_sp_at_entry
 .bss           0x0000000040044de4        0x0 c:/opt/bcc-2.0.2-gcc/bin/../lib/gcc/sparc-gaisler-elf/7.2.0/leon/mfix-at697f/crti.o
 .bss           0x0000000040044de4       0x20 c:/opt/bcc-2.0.2-gcc/bin/../lib/gcc/sparc-gaisler-elf/7.2.0/leon/mfix-at697f/crtbegin.o
 .bss           0x0000000040044e04        0x0 C:\Users\Bhagawat\AppData\Local\Temp\cclRFpKK.o
 .bss           0x0000000040044e04        0x1 C:\Users\Bhagawat\AppData\Local\Temp\ccwmQ64c.o
 *fill*         0x0000000040044e05        0x3 
 .bss           0x0000000040044e08        0x8 C:\Users\Bhagawat\AppData\Local\Temp\ccqr04Ij.o
                0x0000000040044e08                test_st_sp
                0x0000000040044e09                filler_byte
                0x0000000040044e0c                repeat_count
 .bss           0x0000000040044e10       0x22 C:\Users\Bhagawat\AppData\Local\Temp\ccXVTcPJ.o
                0x0000000040044e10                Diff_stop_srl_num
                0x0000000040044e14                Diff_start_srl_num
                0x0000000040044e18                DTTC_count
                0x0000000040044e1c                head
                0x0000000040044e20                ATTC_count
                0x0000000040044e24                ATTC_exe_en
                0x0000000040044e28                ATTC_Master_en
                0x0000000040044e2c                Nodeptrempty_flag
                0x0000000040044e30                ComputedParity
                0x0000000040044e31                RcvdParity
 .bss           0x0000000040044e32        0x0 C:\Users\Bhagawat\AppData\Local\Temp\cccLUMRh.o
 .bss           0x0000000040044e32        0x0 C:\Users\Bhagawat\AppData\Local\Temp\ccoujgmP.o
 .bss           0x0000000040044e32        0x0 C:\Users\Bhagawat\AppData\Local\Temp\ccisi4MM.o
 *fill*         0x0000000040044e32        0x2 
 .bss           0x0000000040044e34        0x8 C:\Users\Bhagawat\AppData\Local\Temp\ccHBbQXV.o
                0x0000000040044e34                load_shedding_flag
                0x0000000040044e35                low_battery_voltage
                0x0000000040044e38                inter_HAL_EPS_Hardware_Status_count
 .bss           0x0000000040044e3c        0x4 C:\Users\Bhagawat\AppData\Local\Temp\ccEoEQhf.o
                0x0000000040044e3c                imu_count
 .bss           0x0000000040044e40        0x0 C:\Users\Bhagawat\AppData\Local\Temp\cc1o1bcN.o
 .bss           0x0000000040044e40        0xc C:\Users\Bhagawat\AppData\Local\Temp\ccaQ3LPF.o
                0x0000000040044e40                gpstest
                0x0000000040044e44                gps_ready_bit
                0x0000000040044e48                gps_count
 .bss           0x0000000040044e4c        0x0 C:\Users\Bhagawat\AppData\Local\Temp\cccVG10M.o
 .bss           0x0000000040044e4c        0x4 C:\Users\Bhagawat\AppData\Local\Temp\ccmEgqGc.o
                0x0000000040044e4c                MTR_Reset_Flag
 .bss           0x0000000040044e50        0xe C:\Users\Bhagawat\AppData\Local\Temp\ccGeF881.o
                0x0000000040044e5c                crc_test
 *fill*         0x0000000040044e5e        0x2 
 .bss           0x0000000040044e60       0x18 C:\Users\Bhagawat\AppData\Local\Temp\ccMj57CZ.o
                0x0000000040044e60                SA2_status
                0x0000000040044e64                SA1_status
                0x0000000040044e68                TC_HAL_SA_Deploy
                0x0000000040044e6c                SA_Command_Type
                0x0000000040044e70                SA2_Deploy_cmd_rcvd_time
                0x0000000040044e74                SA1_Deploy_cmd_rcvd_time
 .bss           0x0000000040044e78        0x0 C:\Users\Bhagawat\AppData\Local\Temp\ccjkgKqM.o
 .bss           0x0000000040044e78        0x0 C:\Users\Bhagawat\AppData\Local\Temp\ccTPKy51.o
 .bss           0x0000000040044e78        0x0 C:\Users\Bhagawat\AppData\Local\Temp\ccL2sp4o.o
 .bss           0x0000000040044e78        0x0 C:\Users\Bhagawat\AppData\Local\Temp\ccVsBKsk.o
 .bss           0x0000000040044e78        0x0 C:\Users\Bhagawat\AppData\Local\Temp\ccwKOd7r.o
 .bss           0x0000000040044e78        0x0 C:\Users\Bhagawat\AppData\Local\Temp\ccAxDj2d.o
 .bss           0x0000000040044e78        0x0 C:\Users\Bhagawat\AppData\Local\Temp\ccMjCJEu.o
 .bss           0x0000000040044e78       0x30 C:\Users\Bhagawat\AppData\Local\Temp\cc8gaIoY.o
                0x0000000040044e78                tmin
                0x0000000040044e80                distsqrd
                0x0000000040044e88                adotb
                0x0000000040044e90                asqrd