Archive member included to satisfy reference by file (symbol)

c:/opt/bcc-2.0.2-gcc/bin/../lib/gcc/sparc-gaisler-elf/7.2.0/../../../../sparc-gaisler-elf/lib/leon/mfix-at697f\libm.a(lib_a-s_atan.o)
                              C:\Users\ajarr\AppData\Local\Temp\ccj4ZHPo.o (atan)
c:/opt/bcc-2.0.2-gcc/bin/../lib/gcc/sparc-gaisler-elf/7.2.0/../../../../sparc-gaisler-elf/lib/leon/mfix-at697f\libm.a(lib_a-s_cos.o)
                              C:\Users\ajarr\AppData\Local\Temp\ccEQV79w.o (cos)
c:/opt/bcc-2.0.2-gcc/bin/../lib/gcc/sparc-gaisler-elf/7.2.0/../../../../sparc-gaisler-elf/lib/leon/mfix-at697f\libm.a(lib_a-s_fabs.o)
                              c:/opt/bcc-2.0.2-gcc/bin/../lib/gcc/sparc-gaisler-elf/7.2.0/../../../../sparc-gaisler-elf/lib/leon/mfix-at697f\libm.a(lib_a-s_atan.o) (fabs)
c:/opt/bcc-2.0.2-gcc/bin/../lib/gcc/sparc-gaisler-elf/7.2.0/../../../../sparc-gaisler-elf/lib/leon/mfix-at697f\libm.a(lib_a-s_floor.o)
                              C:\Users\ajarr\AppData\Local\Temp\cc1EEzhc.o (floor)
c:/opt/bcc-2.0.2-gcc/bin/../lib/gcc/sparc-gaisler-elf/7.2.0/../../../../sparc-gaisler-elf/lib/leon/mfix-at697f\libm.a(lib_a-s_round.o)
                              C:\Users\ajarr\AppData\Local\Temp\ccQ0IdyJ.o (round)
c:/opt/bcc-2.0.2-gcc/bin/../lib/gcc/sparc-gaisler-elf/7.2.0/../../../../sparc-gaisler-elf/lib/leon/mfix-at697f\libm.a(lib_a-s_sin.o)
                              C:\Users\ajarr\AppData\Local\Temp\ccEQV79w.o (sin)
c:/opt/bcc-2.0.2-gcc/bin/../lib/gcc/sparc-gaisler-elf/7.2.0/../../../../sparc-gaisler-elf/lib/leon/mfix-at697f\libm.a(lib_a-s_tan.o)
                              C:\Users\ajarr\AppData\Local\Temp\ccj4ZHPo.o (tan)
c:/opt/bcc-2.0.2-gcc/bin/../lib/gcc/sparc-gaisler-elf/7.2.0/../../../../sparc-gaisler-elf/lib/leon/mfix-at697f\libm.a(lib_a-w_acos.o)
                              C:\Users\ajarr\AppData\Local\Temp\cclKViTp.o (acos)
c:/opt/bcc-2.0.2-gcc/bin/../lib/gcc/sparc-gaisler-elf/7.2.0/../../../../sparc-gaisler-elf/lib/leon/mfix-at697f\libm.a(lib_a-w_asin.o)
                              C:\Users\ajarr\AppData\Local\Temp\cc1EEzhc.o (asin)
c:/opt/bcc-2.0.2-gcc/bin/../lib/gcc/sparc-gaisler-elf/7.2.0/../../../../sparc-gaisler-elf/lib/leon/mfix-at697f\libm.a(lib_a-w_atan2.o)
                              C:\Users\ajarr\AppData\Local\Temp\cclKViTp.o (atan2)
c:/opt/bcc-2.0.2-gcc/bin/../lib/gcc/sparc-gaisler-elf/7.2.0/../../../../sparc-gaisler-elf/lib/leon/mfix-at697f\libm.a(lib_a-w_fmod.o)
                              C:\Users\ajarr\AppData\Local\Temp\cc1EEzhc.o (fmod)
c:/opt/bcc-2.0.2-gcc/bin/../lib/gcc/sparc-gaisler-elf/7.2.0/../../../../sparc-gaisler-elf/lib/leon/mfix-at697f\libm.a(lib_a-w_pow.o)
                              C:\Users\ajarr\AppData\Local\Temp\cclKViTp.o (pow)
c:/opt/bcc-2.0.2-gcc/bin/../lib/gcc/sparc-gaisler-elf/7.2.0/../../../../sparc-gaisler-elf/lib/leon/mfix-at697f\libm.a(lib_a-w_sqrt.o)
                              C:\Users\ajarr\AppData\Local\Temp\ccEQV79w.o (sqrt)
c:/opt/bcc-2.0.2-gcc/bin/../lib/gcc/sparc-gaisler-elf/7.2.0/../../../../sparc-gaisler-elf/lib/leon/mfix-at697f\libm.a(lib_a-e_acos.o)
                              c:/opt/bcc-2.0.2-gcc/bin/../lib/gcc/sparc-gaisler-elf/7.2.0/../../../../sparc-gaisler-elf/lib/leon/mfix-at697f\libm.a(lib_a-w_acos.o) (__ieee754_acos)
c:/opt/bcc-2.0.2-gcc/bin/../lib/gcc/sparc-gaisler-elf/7.2.0/../../../../sparc-gaisler-elf/lib/leon/mfix-at697f\libm.a(lib_a-e_asin.o)
                              c:/opt/bcc-2.0.2-gcc/bin/../lib/gcc/sparc-gaisler-elf/7.2.0/../../../../sparc-gaisler-elf/lib/leon/mfix-at697f\libm.a(lib_a-w_asin.o) (__ieee754_asin)
c:/opt/bcc-2.0.2-gcc/bin/../lib/gcc/sparc-gaisler-elf/7.2.0/../../../../sparc-gaisler-elf/lib/leon/mfix-at697f\libm.a(lib_a-e_atan2.o)
                              c:/opt/bcc-2.0.2-gcc/bin/../lib/gcc/sparc-gaisler-elf/7.2.0/../../../../sparc-gaisler-elf/lib/leon/mfix-at697f\libm.a(lib_a-w_atan2.o) (__ieee754_atan2)
c:/opt/bcc-2.0.2-gcc/bin/../lib/gcc/sparc-gaisler-elf/7.2.0/../../../../sparc-gaisler-elf/lib/leon/mfix-at697f\libm.a(lib_a-e_fmod.o)
                              c:/opt/bcc-2.0.2-gcc/bin/../lib/gcc/sparc-gaisler-elf/7.2.0/../../../../sparc-gaisler-elf/lib/leon/mfix-at697f\libm.a(lib_a-w_fmod.o) (__ieee754_fmod)
c:/opt/bcc-2.0.2-gcc/bin/../lib/gcc/sparc-gaisler-elf/7.2.0/../../../../sparc-gaisler-elf/lib/leon/mfix-at697f\libm.a(lib_a-e_pow.o)
                              c:/opt/bcc-2.0.2-gcc/bin/../lib/gcc/sparc-gaisler-elf/7.2.0/../../../../sparc-gaisler-elf/lib/leon/mfix-at697f\libm.a(lib_a-w_pow.o) (__ieee754_pow)
c:/opt/bcc-2.0.2-gcc/bin/../lib/gcc/sparc-gaisler-elf/7.2.0/../../../../sparc-gaisler-elf/lib/leon/mfix-at697f\libm.a(lib_a-e_rem_pio2.o)
                              c:/opt/bcc-2.0.2-gcc/bin/../lib/gcc/sparc-gaisler-elf/7.2.0/../../../../sparc-gaisler-elf/lib/leon/mfix-at697f\libm.a(lib_a-s_cos.o) (__ieee754_rem_pio2)
c:/opt/bcc-2.0.2-gcc/bin/../lib/gcc/sparc-gaisler-elf/7.2.0/../../../../sparc-gaisler-elf/lib/leon/mfix-at697f\libm.a(lib_a-e_sqrt.o)
[...]
Memory Configuration

Name             Origin             Length             Attributes
rom              0x0000000000000000 0x0000000020000000
ram              0x0000000040000000 0x0000000040000000
*default*        0x0000000000000000 0xffffffffffffffff

Linker script and memory map

LOAD c:/opt/bcc-2.0.2-gcc/bin/../sparc-gaisler-elf/bsp/leon2/leon/mfix-at697f/trap_table_mvt.S.o
LOAD c:/opt/bcc-2.0.2-gcc/bin/../sparc-gaisler-elf/bsp/leon2/leon/mfix-at697f/crt0.S.o
LOAD c:/opt/bcc-2.0.2-gcc/bin/../lib/gcc/sparc-gaisler-elf/7.2.0/leon/mfix-at697f/crti.o
LOAD c:/opt/bcc-2.0.2-gcc/bin/../lib/gcc/sparc-gaisler-elf/7.2.0/leon/mfix-at697f/crtbegin.o
LOAD C:\Users\ajarr\AppData\Local\Temp\cc0Wwxdf.o
LOAD C:\Users\ajarr\AppData\Local\Temp\ccrsfBcv.o
LOAD C:\Users\ajarr\AppData\Local\Temp\ccmh24f2.o
LOAD C:\Users\ajarr\AppData\Local\Temp\ccoxHIjA.o
LOAD C:\Users\ajarr\AppData\Local\Temp\ccEsq7Ud.o
LOAD C:\Users\ajarr\AppData\Local\Temp\cc9uLDIA.o
LOAD C:\Users\ajarr\AppData\Local\Temp\ccsrqcI9.o
LOAD C:\Users\ajarr\AppData\Local\Temp\ccj3NpGT.o
LOAD C:\Users\ajarr\AppData\Local\Temp\ccKBuMZH.o
LOAD C:\Users\ajarr\AppData\Local\Temp\cchziRaG.o
LOAD C:\Users\ajarr\AppData\Local\Temp\ccFRd7PI.o
LOAD C:\Users\ajarr\AppData\Local\Temp\ccVbk5TZ.o
LOAD C:\Users\ajarr\AppData\Local\Temp\ccDQV1dt.o
LOAD C:\Users\ajarr\AppData\Local\Temp\ccvCozXc.o
LOAD C:\Users\ajarr\AppData\Local\Temp\ccBvFWY4.o
LOAD C:\Users\ajarr\AppData\Local\Temp\ccEQV79w.o
LOAD C:\Users\ajarr\AppData\Local\Temp\cclKViTp.o
LOAD C:\Users\ajarr\AppData\Local\Temp\ccAbE4Xq.o
LOAD C:\Users\ajarr\AppData\Local\Temp\ccQ0IdyJ.o
LOAD C:\Users\ajarr\AppData\Local\Temp\ccsfbFjf.o
LOAD C:\Users\ajarr\AppData\Local\Temp\ccKm7u8h.o
LOAD C:\Users\ajarr\AppData\Local\Temp\ccj4ZHPo.o
LOAD C:\Users\ajarr\AppData\Local\Temp\ccX3EJcv.o
LOAD C:\Users\ajarr\AppData\Local\Temp\cc1EEzhc.o
LOAD C:\Users\ajarr\AppData\Local\Temp\ccly1SS8.o
LOAD C:\Users\ajarr\AppData\Local\Temp\cctFQ3i8.o
LOAD c:/opt/bcc-2.0.2-gcc/bin/../lib/gcc/sparc-gaisler-elf/7.2.0/../../../../sparc-gaisler-elf/lib/leon/mfix-at697f\libm.a
                0x0000000000000000                PROVIDE (__bcc_cfg_skip_clear_bss, 0x0)

.text           0x0000000040000000    0x3f470
 CREATE_OBJECT_SYMBOLS
                0x0000000040000000                __text_start = .
                0x0000000040000000                . = ALIGN (0x1000)
 *(.text.traptable)
 .text.traptable
                0x0000000040000000     0x1000 c:/opt/bcc-2.0.2-gcc/bin/../sparc-gaisler-elf/bsp/leon2/leon/mfix-at697f/trap_table_mvt.S.o
                0x0000000040000000                __bcc_entry_point
                0x0000000040000000                __bcc_trap_table
 *(.text .text.*)
 .text          0x0000000040001000        0x0 c:/opt/bcc-2.0.2-gcc/bin/../sparc-gaisler-elf/bsp/leon2/leon/mfix-at697f/trap_table_mvt.S.o
 .text          0x0000000040001000       0xb8 c:/opt/bcc-2.0.2-gcc/bin/../sparc-gaisler-elf/bsp/leon2/leon/mfix-at697f/crt0.S.o
                0x0000000040001000                __bcc_crt0
 .text          0x00000000400010b8        0x0 c:/opt/bcc-2.0.2-gcc/bin/../lib/gcc/sparc-gaisler-elf/7.2.0/leon/mfix-at697f/crti.o
 .text          0x00000000400010b8      0x180 c:/opt/bcc-2.0.2-gcc/bin/../lib/gcc/sparc-gaisler-elf/7.2.0/leon/mfix-at697f/crtbegin.o
 .text          0x0000000040001238      0x974 C:\Users\ajarr\AppData\Local\Temp\cc0Wwxdf.o
                0x0000000040001238                rMinCycle_Wait
                0x00000000400012d4                OBC_Process
                0x0000000040001b5c                rMinCycle_Flag_Reset
 .text.startup  0x0000000040001bac       0xa0 C:\Users\ajarr\AppData\Local\Temp\cc0Wwxdf.o
                0x0000000040001bac                main
 .text          0x0000000040001c4c      0xa94 C:\Users\ajarr\AppData\Local\Temp\ccrsfBcv.o
                0x0000000040001c6c                Init_Memory
                0x0000000040001ca0                checksum_u32
                0x0000000040001d0c                checksum_u8
                0x0000000040001d5c                rOutput_Latch_Update
                0x0000000040001f38                ST_output_update
                0x0000000040002150                NMI_interrupt_test
                0x000000004000220c                MUX_Output
                0x0000000040002534                EEPROM_RST
                0x0000000040002568                EEPROM_RES
                0x0000000040002598                s_ram_scrub
                0x0000000040002614                prom_chksum
 .text          0x00000000400026e0     0xd88c C:\Users\ajarr\AppData\Local\Temp\ccmh24f2.o
                0x00000000400028cc                rHAL_TM_Write
                0x0000000040002b30                rHAL_TM_HW_Status_Update
                0x0000000040002c54                Update_TM_With_TMTC
                0x0000000040002c5c                rTM_Address_Table_Init
                0x000000004000c8dc                rTM_Copy_Subframe
                0x000000004000c94c                Sampling_Rate_Select
                0x000000004000c9a8                Frame_Address_Select
                0x000000004000cb14                rTCH_full_dump_cpy_buf
                0x000000004000cc90                rTCH_dump_cpy_buf
                0x000000004000d038                TC_Hist_dumping
                0x000000004000d084                copy_frame
                0x000000004000d13c                ST_Copy_Subframe
                0x000000004000d5d4                StorageTelemetry
                0x000000004000d66c                Storage_Telemetry_Write
                0x000000004000d694                Norm_ST_1_Table_Init
                0x000000004000efe0                TC_ST_Table_init
                0x000000004000efe8                Spec_ST_Table_Init
                0x000000004000fc84                ST_DUMPING
                0x000000004000fde8                rTM_Real_st_write
                0x000000004000ff28                ST_full_dump
 .text          0x000000004000ff6c     0x62a4 C:\Users\ajarr\AppData\Local\Temp\ccoxHIjA.o
                0x0000000040010128                TC_IMU1_On
                0x0000000040010168                TC_IMU2_On
                0x00000000400101a8                TC_IMU1_Off
                0x00000000400101e8                TC_IMU2_Off
                0x0000000040010228                TC_NMI_count_reset
                0x000000004001023c                TC_GPS1_ON
                0x000000004001026c                TC_GPS1_OFF
                0x00000000400102a0                TC_GPS2_on
                0x00000000400102d4                TC_GPS2_off
                0x000000004001030c                TC_W1_ON
                0x000000004001033c                TC_W2_ON
                0x0000000040010370                TC_W3_ON
                0x00000000400103a0                TC_W4_ON
                0x00000000400103d0                TC_W1_OFF
                0x0000000040010400                TC_W2_OFF
                0x0000000040010430                TC_W3_OFF
                0x0000000040010460                TC_W4_OFF
                0x0000000040010490                rTC_Detumbling_ModePreprocessing_BDOT
                0x00000000400104a0                rTC_Detumbling_ModePreprocessing_GYRO
                0x00000000400104b0                rTC_SunAcquisition_ModePreprocessing
                0x00000000400104c0                rTC_ThreeAxis_ModePreprocessing
                0x00000000400104d0                rTC_Suspended_ModePreprocessing
                0x00000000400104dc                PL_K_CMD_HLT
                0x000000004001050c                Antenna_mechanism_ON
                0x000000004001053c                Antenna_mechanism_OFF
                0x000000004001056c                S_band_tx_on
                0x000000004001059c                S_band_tx_off
                0x00000000400105cc                SA_DEPLOYMENT_MECHANISM_MAIN_OFF
                0x0000000040010600                SA_DEPLOYMENT_MECHANISM_RED_OFF
                0x0000000040010634                sunlit
                0x0000000040010644                eclipse
                0x0000000040010650                Sunlit_eclipse_both
                0x0000000040010660                rSafe_mode_PreProcessing
                0x0000000040010670                eeprom_en
                0x0000000040010680                eeprom_dis
                0x000000004001068c                TC_ATTC_CMD_clear
                0x000000004001074c                imu1_db_execute
                0x0000000040010758                imu2_db_execute
                0x0000000040010764                TC_ACC_Ang_RESET
                0x0000000040010770                TC_GPS1_NMEA_VTG_enable
                0x000000004001079c                TC_GPS1_NMEA_VTG_disable
                0x00000000400107c8                TC_GPS1_NMEA_GGA_enable
                0x00000000400107f4                TC_GPS1_NMEA_GGA_disable
                0x0000000040010820                TC_GPS1_NMEA_GSA_enable
                0x000000004001084c                TC_GPS1_NMEA_GSA_disable
                0x0000000040010878                TC_GPS1_cold_start
                0x00000000400108a4                TC_GPS1_factory_reset
                0x00000000400108d0                TC_GPS2_NMEA_VTG_enable
                0x00000000400108fc                TC_GPS2_NMEA_VTG_disable
                0x0000000040010928                TC_GPS2_NMEA_GGA_enable
                0x0000000040010954                TC_GPS2_NMEA_GGA_disable
                0x0000000040010980                TC_GPS2_NMEA_GSA_enable
                0x00000000400109ac                TC_GPS2_NMEA_GSA_disable
                0x00000000400109d8                TC_GPS2_cold_start
                0x0000000040010a04                TC_GPS2_factory_reset
                0x0000000040010a30                TC_GPS1_NMEA_NMEA_GSV_Enable
                0x0000000040010a5c                TC_GPS1_NMEA_NMEA_GSV_disable
                0x0000000040010a88                TC_GPS2_NMEA_NMEA_GSV_Enable
                0x0000000040010ab4                TC_GPS2_NMEA_NMEA_GSV_disable
                0x0000000040010ae0                TC_MTR_ON
                0x0000000040010aec                TC_MTR_OFF
                0x0000000040010af8                payload_1_on
                0x0000000040010b20                payload_1_off
                0x0000000040010b2c                PL_K_CMD_STS
                0x0000000040010b38                PL_K_CMD_ACQ
                0x0000000040010b44                PL_K_DIAG
                0x0000000040010b50                PL_K_CMD_OFF
                0x0000000040010b5c                PL_K_CMD_ON
                0x0000000040010b68                ss_main_db_execute
                0x0000000040010b74                ss_redundant_db_execute
                0x0000000040010b80                TC_init_RW1
                0x0000000040010bb4                TC_init_RW2
                0x0000000040010be8                TC_init_RW3
                0x0000000040010c1c                TC_init_RW4
                0x0000000040010c50                TC_MTR_Yaw_Positive
                0x0000000040010c64                TC_MTR_Yaw_Negative
                0x0000000040010c78                TC_MTR_Pitch_Positive
                0x0000000040010c8c                TC_MTR_Pitch_Negative
                0x0000000040010ca0                TC_MTR_Roll_Positive
                0x0000000040010cb4                TC_MTR_Roll_Negative
                0x0000000040010cc8                TC_MTR_Roll_No_cuurent
                0x0000000040010cdc                TC_MTR_Pitch_No_cuurent
                0x0000000040010cf0                TC_MTR_Yaw_No_cuurent
                0x0000000040010d04                payload_2_on
                0x0000000040010d2c                payload_2_off
                0x0000000040010d38                X_band_tx_on
                0x0000000040010d60                X_band_tx_off
                0x0000000040010d6c                SA_DEPLOYMENT_MECHANISM_MAIN_ON
                0x0000000040010d78                SA_DEPLOYMENT_MECHANISM_RED_ON
                0x0000000040010d84                Antenna_mechanism_arm
                0x0000000040010d90                Antenna_deploy
                0x0000000040010d9c                Antenna_mechanism_disarm
                0x0000000040010da8                TC_pl_debug
                0x0000000040010db4                TC_TM_DS_EN
                0x0000000040010dc0                Antenna_RESET_command
                0x0000000040010dcc                Antenna_deploy_with_override
                0x0000000040010dd8                Antenna_system_temp
                0x0000000040010de4                Antenna_deploy_status_report
                0x0000000040010df0                Antenna_deploy_activation_count
                0x0000000040010dfc                Antenna_deploy_activation_time
                0x0000000040010f0c                TC_pl_tm
                0x0000000040010f14                imu1_db_checksum
                0x0000000040010f1c                imu2_db_checksum
                0x0000000040010f24                imu_test_sys_sel
                0x0000000040010f2c                TC_Drift_Uplink_Compenstation_Update_IMU1
                0x0000000040010f34                TC_Drift_Uplink_Compenstation_Update_IMU2
                0x0000000040010f3c                TC_Gyro_Misalignment_Update_IMU1
                0x0000000040010f44                TC_Gyro_Misalignment_Update_IMU2
                0x0000000040010f4c                TC_Gyro_Scale_Factor_Update_IMU1
                0x0000000040010f54                TC_Gyro_Scale_Factor_Update_IMU2
                0x0000000040010f5c                TC_MagBias_Uplink_Compenstation_Update_IMU1
                0x0000000040010f64                TC_MagBias_Uplink_Compenstation_Update_IMU2
                0x0000000040010f6c                TC_Mag_Misalignment_Update_IMU1
                0x0000000040010f74                TC_Mag_Misalignment_Update_IMU2
                0x0000000040010f7c                TC_Mag_Scale_Factor_Update_IMU1
                0x0000000040010f84                TC_Mag_Scale_Factor_Update_IMU2
                0x0000000040010f8c                TC_Mag_LPF_Gain_Update_IMU1
                0x0000000040010f94                TC_Mag_LPF_Gain_Update_IMU2
                0x0000000040010f9c                TC_Gyro_LPF_Gain_Update_IMU1
                0x0000000040010fa4                TC_Gyro_LPF_Gain_Update_IMU2
                0x0000000040010fac                TC_Panel2_Deploy
                0x0000000040010fb4                TC_Nominal_wheel_speed_execute
                0x0000000040010fbc                Pitch_Torquer_ON
                0x0000000040010fc4                Yaw_Torquer_ON
                0x0000000040010fcc                Pitch_Torquer_OFF
                0x0000000040010fd4                Yaw_Torquer_OFF
                0x0000000040010fdc                rHeater1_on
                0x0000000040010fe4                rHeater1_off
                0x0000000040010fec                rHeater2_on
                0x0000000040010ff4                rHeater2_off
                0x0000000040010ffc                rHeater3_on
                0x0000000040011004                rHeater3_off
                0x000000004001100c                rHeater4_on
                0x0000000040011014                rHeater4_off
                0x000000004001101c                rHeater5_on
                0x0000000040011024                rHeater5_off
                0x000000004001102c                rHeater6_on
                0x0000000040011034                rHeater6_off
                0x000000004001103c                RX_TX_deployed
                0x0000000040011044                ss_main_db_checksum
                0x000000004001104c                ss_redundant_db_checksum
                0x0000000040011054                TC_Qinit
                0x000000004001105c                OBC_ON
                0x0000000040011064                OBC_OFF
                0x000000004001106c                SA1_DEPLOYMENT_AND_SA2_DEPLOYMENT_REDUNDANT_SPARE_BUS_ON
                0x0000000040011074                SA1_DEPLOYMENT_AND_SA2_DEPLOYMENT_REDUNDANT_SPARE_BUS_OFF
                0x000000004001107c                Test_ON
                0x0000000040011084                Test_OFF
                0x000000004001108c                rTC_write_tC_history
                0x00000000400110b4                TC_status_reset
                0x00000000400110c8                rContingency_TC
                0x00000000400110d0                rData_TC
                0x00000000400116dc                rADCS_Data_TC
                0x0000000040012800                rRemote_base_addr_TC
                0x00000000400128b0                rRemote_data_view
                0x00000000400128b8                rBoolean_TC
                0x0000000040012908                rFuncExecute_TC
                0x000000004001296c                rRemoteProgram_Addr_TC
                0x00000000400129c0                rRemoteProgram_Data_TC
                0x00000000400129ec                rDifferential_TimeTag_TC
                0x0000000040012a48                initNodetable
                0x0000000040012a84                getNode
                0x0000000040012ac0                freeNode
                0x0000000040012af8                rAbsoluteTTC_Update
                0x0000000040012cb0                rAbsolute_TimeTag_TC
                0x0000000040012cbc                rDifferential_TimeTag_Update
                0x0000000040012d18                rDifferential_TimeTag_Execute
                0x0000000040012e70                rDifferentialTTC_Execute
                0x0000000040012e7c                rAbsoluteTTC_Delete
                0x0000000040013000                rAbsoluteTTC_Clear
                0x00000000400130c0                rInit_Block
                0x0000000040013108                Block_update
                0x00000000400132e0                rBlock_TC
                0x00000000400132ec                TMTC_Assignment
                0x0000000040013a3c                invertReverse
                0x0000000040013a64                BCHEncoder
                0x0000000040013c04                rHAL_TC_Read
                0x0000000040013ed0                TC_detumbling_rate_gain_1
                0x0000000040014314                TC_detumbling_bdot_gain_1
                0x0000000040014758                TC_BDOT_Det_Thresh_1
                0x00000000400148ec                TC_GYRO_Det_Min_Thres_1
                0x0000000040014a80                TC_AngMomDump_Thrsld_1
                0x0000000040014c14                TC_SpeedDump_Thrsld_1
                0x0000000040014d40                TC_SpeedDump_TimeSelect_1
                0x0000000040014ed4                TC_comd_pitch_rate_1
                0x0000000040015068                TC_Gyro_LPF_Gain_IMU1_1
                0x00000000400152a0                TC_Gyro_LPF_Gain_IMU2_1
                0x00000000400154d8                TC_Mag_LPF_Gain_IMU1_1
                0x0000000040015710                TC_Mag_LPF_Gain_IMU2_1
                0x0000000040015948                TC_Wheel_Cutoff_Threshold_1
                0x0000000040015adc                adcsgains
                0x0000000040015bc0                rGainSelect_TC
                0x0000000040015c14                rReal_Time_TC
                0x0000000040015e98                rTelecommand
                0x0000000040016010                rAbsoluteTTC_Execute
                0x0000000040016130                rBlockTC_Execute
 .text          0x0000000040016210       0x38 C:\Users\ajarr\AppData\Local\Temp\ccEsq7Ud.o
                0x0000000040016210                fdi_nmi_int_handler
 .text          0x0000000040016248     0x1660 C:\Users\ajarr\AppData\Local\Temp\cc9uLDIA.o
                0x0000000040016248                rPOR_Init
 .text          0x00000000400178a8      0xd78 C:\Users\ajarr\AppData\Local\Temp\ccsrqcI9.o
                0x00000000400178d0                rHAL_pl1_ON
                0x0000000040017950                rHAL_pl1_OFF
                0x00000000400179a0                rHAL_pl2_ON
                0x0000000040017a20                rHAL_pl2_OFF
                0x0000000040017a70                rHAL_tm_ds_en
                0x0000000040017aac                rHAL_X_Tx_ON
                0x0000000040017ae0                rHAL_X_Tx_OFF
                0x0000000040017b14                rpl_init
                0x0000000040017b84                rHAL_pl_sts_check
                0x0000000040017bb4                rHAL_pl_cmd_hlt
                0x0000000040017c34                rHAL_pl_debug
                0x0000000040017cf4                rHAL_pl_x_tx_data_on
                0x0000000040017de4                rHAL_pl_cmd_acq
                0x0000000040017ec4                rHAL_pl_x_tx_data_off
                0x0000000040017f04                rHAL_pl_diag
                0x0000000040017f7c                pl_tx_tm
                0x00000000400180a4                pl_tx_tm_2
                0x000000004001817c                rpl_read
                0x0000000040018268                rpl_tm_write
 .text          0x0000000040018620      0x4a8 C:\Users\ajarr\AppData\Local\Temp\ccj3NpGT.o
                0x0000000040018620                rHAL_EPS_Hardware_Status
                0x0000000040018688                rHAL_Battery_load_shedding
                0x00000000400186e4                rHAL_EPS_shunt_switch
 .text          0x0000000040018ac8      0x1b4 C:\Users\ajarr\AppData\Local\Temp\ccKBuMZH.o
                0x0000000040018ac8                rIMU_Init
                0x0000000040018b34                HAL_IMU_Read
 .text          0x0000000040018c7c      0x3b4 C:\Users\ajarr\AppData\Local\Temp\cchziRaG.o
                0x0000000040018c7c                rHAL_ADC_Read
                0x0000000040018cd8                rHAL_ADC_TM_Copy
                0x0000000040018f04                sun_Sensor_data
                0x0000000040019018                rHAL_ADC_StatusREG_Enable
 .text          0x0000000040019030     0x1010 C:\Users\ajarr\AppData\Local\Temp\ccFRd7PI.o
                0x0000000040019030                rGPS_Buffer_Init
                0x0000000040019298                rGPS_pulsecheck
                0x0000000040019334                rHAL_GPS_Read
                0x00000000400195a4                GPS_1_DATA
                0x0000000040019608                rHAL_GPS_Config
                0x0000000040019d08                rGPS_TM_Extract
                0x0000000040019fdc                ST_TM_gps_data
 .text          0x000000004001a040     0x1114 C:\Users\ajarr\AppData\Local\Temp\ccVbk5TZ.o
                0x000000004001a040                Thermister_select
                0x000000004001a084                UTP_selection
                0x000000004001a0d8                LTP_selection
                0x000000004001a138                Heater_1_auto_control
                0x000000004001a1a8                Heater_2_auto_control
                0x000000004001a218                Heater_3_auto_control
                0x000000004001a288                Heater_4_auto_control
                0x000000004001a2f8                Heater_5_auto_control
                0x000000004001a368                Heater_6_auto_control
                0x000000004001a3d8                Heater_7_auto_control
                0x000000004001a42c                Heater_8_auto_control
                0x000000004001a480                Heater_9_auto_control
                0x000000004001a4d4                Heater_10_auto_control
                0x000000004001a528                Heater_11_auto_control
                0x000000004001a57c                Heater_12_auto_control
                0x000000004001a5d0                Heater_13_auto_control
                0x000000004001a62c                Heater_14_auto_control
                0x000000004001a688                Heater_1_manual_control
                0x000000004001a6f4                Heater_2_manual_control
                0x000000004001a760                Heater_3_manual_control
                0x000000004001a7cc                Heater_4_manual_control
                0x000000004001a838                Heater_5_manual_control
                0x000000004001a8a4                Heater_6_manual_control
                0x000000004001a910                Heater_control_auto_manual
                0x000000004001afb4                Heater_7_manual_control
                0x000000004001afe4                Heater_8_manual_control
                0x000000004001b014                Heater_9_manual_control
                0x000000004001b044                Heater_10_manual_control
                0x000000004001b074                Heater_11_manual_control
                0x000000004001b0a4                Heater_12_manual_control
                0x000000004001b0d4                Heater_13_manual_control
                0x000000004001b114                Heater_14_manual_control
 .text          0x000000004001b154      0x8dc C:\Users\ajarr\AppData\Local\Temp\ccDQV1dt.o
                0x000000004001b154                rHAL_MTR_ON
                0x000000004001b188                rHAL_MTR_OFF
                0x000000004001b1bc                rHAL_MTR
                0x000000004001b7f4                MTR_Monitoring
                0x000000004001b820                rHAL_MTR_TC
 .text          0x000000004001ba30     0x143c C:\Users\ajarr\AppData\Local\Temp\ccvCozXc.o
                0x000000004001ba30                RW_Init
                0x000000004001bbac                HAL_RW_CRC_Check
                0x000000004001bc18                rHAL_RW_TM_Read
                0x000000004001bfe8                rRW_SlipFrame_Check
                0x000000004001c22c                rHAL_RW_TC_Write
                0x000000004001c404                rHAL_RW_TM_Write
                0x000000004001c564                rHAL_RW_ConfigBuffer_Write
                0x000000004001c608                rRW_Data_Write
                0x000000004001c814                rRW_Data_Request
                0x000000004001c950                rRW_Data_Read
                0x000000004001ccfc                rRW_init_cmd
 .text          0x000000004001ce6c      0x6dc C:\Users\ajarr\AppData\Local\Temp\ccBvFWY4.o
                0x000000004001ce6c                antennaCommand1
                0x000000004001ceb8                antennaCommand2
                0x000000004001cf04                antennaCommand3
                0x000000004001cf50                antennaCommand4
                0x000000004001cf9c                antennaCommand5
                0x000000004001cfe8                antennaCommand6
                0x000000004001d034                antennaCommand7
                0x000000004001d07c                antennaCommand8
                0x000000004001d0c8                antennaCommand9
                0x000000004001d114                rHAL_Antenna_Read
                0x000000004001d15c                rHAL_SA_MAIN_Deploy_on
                0x000000004001d1d4                rHAL_SA_RED_Deploy_on
                0x000000004001d23c                rHAL_SA1_Deploy_status_check
                0x000000004001d324                rHAL_SA2_Deploy_status_check
                0x000000004001d40c                rHAL_SA_Deploy_Status_new
 .text          0x000000004001d548     0x32f0 C:\Users\ajarr\AppData\Local\Temp\ccEQV79w.o
                0x000000004001d678                rQ_Propagation
                0x000000004001d6a8                rQuestDataProcessing
                0x000000004001dbf4                rDAD_quest
                0x000000004001eb84                rErrorComputation
                0x000000004001f160                rExtendedKalmanFilter1_p1
                0x000000004001fe9c                rExtendedKalmanFilter1_p2
 .text          0x0000000040020838     0x2bec C:\Users\ajarr\AppData\Local\Temp\cclKViTp.o
                0x0000000040020838                rGH_generation
                0x00000000400209fc                rMagFieldComp1
                0x000000004002144c                rMagFieldComp2
                0x0000000040021b64                rSun_Ephemeris
                0x0000000040021da4                rReferenceQuatComputation
                0x0000000040022878                rRefVectorGeneration
                0x0000000040022f74                rRefRate_Computation
                0x0000000040023258                rSl_Ecl_OnBrd_detection
 .text          0x0000000040023424        0x0 C:\Users\ajarr\AppData\Local\Temp\ccAbE4Xq.o
 .text          0x0000000040023424     0x2868 C:\Users\ajarr\AppData\Local\Temp\ccQ0IdyJ.o
                0x0000000040023560                rLinearController
                0x0000000040023f4c                rDutyCycleGeneration
                0x00000000400240d0                rAngularMomentumDumping
                0x000000004002456c                rTorquer_Polarity_Check
                0x00000000400245a0                rSpeedBasedMomentumDumping
                0x0000000040024cf8                rWheel_Spin_updown
                0x0000000040025088                rWheel_Auto_Reconfiguration
 .text          0x0000000040025c8c     0x10f8 C:\Users\ajarr\AppData\Local\Temp\ccsfbFjf.o
                0x0000000040025ca4                rSuspended_ModePreprocessing
                0x0000000040025d18                rDetumbling_ModePreprocessing_BDOT_Logic
                0x0000000040026188                rDetumbling_ModePreprocessing_GYRO_Logic
                0x00000000400265d0                rSunAcquisition_ModePreprocessing
                0x0000000040026988                rThreeAxis_ModePreprocessing
                0x0000000040026bd4                rRateReductionCheck
                0x0000000040026cd0                rSafeMode_Preprocessing
                0x0000000040026d0c                rScModeSelection
 .text          0x0000000040026d84     0x4a04 C:\Users\ajarr\AppData\Local\Temp\ccKm7u8h.o
                0x0000000040026d84                rADCS_Pon_vars
 .text          0x000000004002b788     0x9494 C:\Users\ajarr\AppData\Local\Temp\ccj4ZHPo.o
                0x000000004002b788                rIMUDataCorrection
                0x000000004002cb24                rIMU_1_DB_Copy
                0x000000004002d3c4                rIMU_2_DB_Copy
                0x000000004002dc64                rIMU_1_DB_Init
                0x000000004002e504                rIMU_2_DB_Init
                0x000000004002eda4                rIMU_Angle_Reset
                0x000000004002edec                rIMUDataProcessing
                0x0000000040030080                rTheta_Limit
                0x00000000400300e0                rIMU1_DB_Execute
                0x0000000040030104                rIMU2_DB_Execute
                0x0000000040030128                rBDOT_Computation
                0x0000000040030354                rSunSensorVectorComp
                0x0000000040033444                rSunSensorDataProcessing
                0x0000000040033820                rSS_Read_Data
                0x0000000040033880                rSS_Main_DB_Init
                0x0000000040033898                rSS_Redundant_DB_Init
                0x00000000400338a4                rSS_Main_DB_Copy
                0x00000000400341fc                rSS_Redundant_DB_Copy
                0x0000000040034b54                rSS_Main_DB_Execute
                0x0000000040034bb8                rSS_Redundant_DB_Execute
 .text          0x0000000040034c1c        0x0 C:\Users\ajarr\AppData\Local\Temp\ccX3EJcv.o
 .text          0x0000000040034c1c     0x4768 C:\Users\ajarr\AppData\Local\Temp\cc1EEzhc.o
                0x00000000400362fc                rOrbit_Initialization
                0x00000000400376cc                rOrbit_Propagation
                0x0000000040038a50                rOrbitalElements_computation
                0x0000000040038a78                rOrbitalElements_TLE
                0x0000000040038ab0                rGPS_data_validity
                0x0000000040038ab8                rJulian_Day
                0x0000000040038af4                rNEDtoECEF
                0x0000000040038be8                rECEFtoECItoECEF
                0x0000000040038c10                rast_args
                0x0000000040038d1c                rnut_iau1980
                0x0000000040038e78                rGPS2OE
                0x00000000400392fc                rGPSDataProcessing
 .text          0x0000000040039384      0xd4c C:\Users\ajarr\AppData\Local\Temp\ccly1SS8.o
                0x0000000040039384                rxRot
                0x0000000040039414                ryRot
                0x00000000400394a4                rzRot
                0x000000004003952c                rMatInv
                0x00000000400396e4                rCross_Product
                0x000000004003974c                rMatMul3x1
                0x00000000400397c4                rMatMul3x3
                0x000000004003987c                rRM_to_Quat
                0x0000000040039bb0                rQs_Normalization
                0x0000000040039cb8                rQs_Multiplication
                0x0000000040039d94                rVectorNorm
                0x0000000040039e64                rMat_adjoint3
                0x0000000040039f60                rMatMul34x1
                0x0000000040039fdc                rMatMul43x1
                0x000000004003a058                rMatMul44x1
 .text          0x000000004003a0d0      0x284 C:\Users\ajarr\AppData\Local\Temp\cctFQ3i8.o
                0x000000004003a0d0                rSus_mode_remote_entry_hook
                0x000000004003a0fc                rSus_mode_remote_exit_hook
                0x000000004003a108                rDBDOT_mode_remote_entry_hook
                0x000000004003a114                rDBDOT_mode_remote_exit_hook
                0x000000004003a120                rDGYRO_mode_remote_entry_hook
                0x000000004003a12c                rDGYRO_mode_remote_exit_hook
                0x000000004003a138                rSACQ_mode_remote_entry_hook
                0x000000004003a144                rSACQ_mode_remote_exit_hook
                0x000000004003a150                r3AXIS_mode_remote_entry_hook
                0x000000004003a15c                r3AXIS_mode_remote_exit_hook
                0x000000004003a168                rSAFE_mode_remote_entry_hook
                0x000000004003a174                rSAFE_mode_remote_exit_hook
                0x000000004003a180                rRemote_patch_area_1
                0x000000004003a318                rRemote_patch_area_2
                0x000000004003a324                rRemote_patch_area_3
                0x000000004003a330                rRemote_patch_area_4
                0x000000004003a33c                rRemote_patch_area_5
                0x000000004003a348                rRemote_patch_area_6
 .text          0x000000004003a354      0x2d0 c:/opt/bcc-2.0.2-gcc/bin/../lib/gcc/sparc-gaisler-elf/7.2.0/../../../../sparc-gaisler-elf/lib/leon/mfix-at697f\libm.a(lib_a-s_atan.o)
                0x000000004003a354                atan
 .text          0x000000004003a624       0xe4 c:/opt/bcc-2.0.2-gcc/bin/../lib/gcc/sparc-gaisler-elf/7.2.0/../../../../sparc-gaisler-elf/lib/leon/mfix-at697f\libm.a(lib_a-s_cos.o)
                0x000000004003a624                cos
 .text          0x000000004003a708       0x28 c:/opt/bcc-2.0.2-gcc/bin/../lib/gcc/sparc-gaisler-elf/7.2.0/../../../../sparc-gaisler-elf/lib/leon/mfix-at697f\libm.a(lib_a-s_fabs.o)
                0x000000004003a708                fabs
 .text          0x000000004003a730      0x1f0 c:/opt/bcc-2.0.2-gcc/bin/../lib/gcc/sparc-gaisler-elf/7.2.0/../../../../sparc-gaisler-elf/lib/leon/mfix-at697f\libm.a(lib_a-s_floor.o)
                0x000000004003a730                floor
 .text          0x000000004003a920       0xf4 c:/opt/bcc-2.0.2-gcc/bin/../lib/gcc/sparc-gaisler-elf/7.2.0/../../../../sparc-gaisler-elf/lib/leon/mfix-at697f\libm.a(lib_a-s_round.o)
                0x000000004003a920                round
 .text          0x000000004003aa14       0xe8 c:/opt/bcc-2.0.2-gcc/bin/../lib/gcc/sparc-gaisler-elf/7.2.0/../../../../sparc-gaisler-elf/lib/leon/mfix-at697f\libm.a(lib_a-s_sin.o)
                0x000000004003aa14                sin
 .text          0x000000004003aafc       0x9c c:/opt/bcc-2.0.2-gcc/bin/../lib/gcc/sparc-gaisler-elf/7.2.0/../../../../sparc-gaisler-elf/lib/leon/mfix-at697f\libm.a(lib_a-s_tan.o)
                0x000000004003aafc                tan
 .text          0x000000004003ab98      0x128 c:/opt/bcc-2.0.2-gcc/bin/../lib/gcc/sparc-gaisler-elf/7.2.0/../../../../sparc-gaisler-elf/lib/leon/mfix-at697f\libm.a(lib_a-w_acos.o)
                0x000000004003ab98                acos
 .text          0x000000004003acc0      0x128 c:/opt/bcc-2.0.2-gcc/bin/../lib/gcc/sparc-gaisler-elf/7.2.0/../../../../sparc-gaisler-elf/lib/leon/mfix-at697f\libm.a(lib_a-w_asin.o)
                0x000000004003acc0                asin
 .text          0x000000004003ade8        0xc c:/opt/bcc-2.0.2-gcc/bin/../lib/gcc/sparc-gaisler-elf/7.2.0/../../../../sparc-gaisler-elf/lib/leon/mfix-at697f\libm.a(lib_a-w_atan2.o)
                0x000000004003ade8                atan2
 .text          0x000000004003adf4      0x148 c:/opt/bcc-2.0.2-gcc/bin/../lib/gcc/sparc-gaisler-elf/7.2.0/../../../../sparc-gaisler-elf/lib/leon/mfix-at697f\libm.a(lib_a-w_fmod.o)
                0x000000004003adf4                fmod
 .text          0x000000004003af3c      0x4a8 c:/opt/bcc-2.0.2-gcc/bin/../lib/gcc/sparc-gaisler-elf/7.2.0/../../../../sparc-gaisler-elf/lib/leon/mfix-at697f\libm.a(lib_a-w_pow.o)
                0x000000004003af3c                pow
 .text          0x000000004003b3e4       0xfc c:/opt/bcc-2.0.2-gcc/bin/../lib/gcc/sparc-gaisler-elf/7.2.0/../../../../sparc-gaisler-elf/lib/leon/mfix-at697f\libm.a(lib_a-w_sqrt.o)
                0x000000004003b3e4                sqrt
 .text          0x000000004003b4e0      0x37c c:/opt/bcc-2.0.2-gcc/bin/../lib/gcc/sparc-gaisler-elf/7.2.0/../../../../sparc-gaisler-elf/lib/leon/mfix-at697f\libm.a(lib_a-e_acos.o)
                0x000000004003b4e0                __ieee754_acos
 .text          0x000000004003b85c      0x310 c:/opt/bcc-2.0.2-gcc/bin/../lib/gcc/sparc-gaisler-elf/7.2.0/../../../../sparc-gaisler-elf/lib/leon/mfix-at697f\libm.a(lib_a-e_asin.o)
                0x000000004003b85c                __ieee754_asin
 .text          0x000000004003bb6c      0x2b4 c:/opt/bcc-2.0.2-gcc/bin/../lib/gcc/sparc-gaisler-elf/7.2.0/../../../../sparc-gaisler-elf/lib/leon/mfix-at697f\libm.a(lib_a-e_atan2.o)
                0x000000004003bb6c                __ieee754_atan2
 .text          0x000000004003be20      0x3ac c:/opt/bcc-2.0.2-gcc/bin/../lib/gcc/sparc-gaisler-elf/7.2.0/../../../../sparc-gaisler-elf/lib/leon/mfix-at697f\libm.a(lib_a-e_fmod.o)
                0x000000004003be20                __ieee754_fmod
 .text          0x000000004003c1cc      0x8dc c:/opt/bcc-2.0.2-gcc/bin/../lib/gcc/sparc-gaisler-elf/7.2.0/../../../../sparc-gaisler-elf/lib/leon/mfix-at697f\libm.a(lib_a-e_pow.o)
                0x000000004003c1cc                __ieee754_pow
 .text          0x000000004003caa8      0x39c c:/opt/bcc-2.0.2-gcc/bin/../lib/gcc/sparc-gaisler-elf/7.2.0/../../../../sparc-gaisler-elf/lib/leon/mfix-at697f\libm.a(lib_a-e_rem_pio2.o)
                0x000000004003caa8                __ieee754_rem_pio2
 .text          0x000000004003ce44      0x270 c:/opt/bcc-2.0.2-gcc/bin/../lib/gcc/sparc-gaisler-elf/7.2.0/../../../../sparc-gaisler-elf/lib/leon/mfix-at697f\libm.a(lib_a-e_sqrt.o)
                0x000000004003ce44                __ieee754_sqrt
 .text          0x000000004003d0b4      0x1bc c:/opt/bcc-2.0.2-gcc/bin/../lib/gcc/sparc-gaisler-elf/7.2.0/../../../../sparc-gaisler-elf/lib/leon/mfix-at697f\libm.a(lib_a-k_cos.o)
                0x000000004003d0b4                __kernel_cos
 .text          0x000000004003d270      0xbdc c:/opt/bcc-2.0.2-gcc/bin/../lib/gcc/sparc-gaisler-elf/7.2.0/../../../../sparc-gaisler-elf/lib/leon/mfix-at697f\libm.a(lib_a-k_rem_pio2.o)
                0x000000004003d270                __kernel_rem_pio2
 .text          0x000000004003de4c      0x100 c:/opt/bcc-2.0.2-gcc/bin/../lib/gcc/sparc-gaisler-elf/7.2.0/../../../../sparc-gaisler-elf/lib/leon/mfix-at697f\libm.a(lib_a-k_sin.o)
                0x000000004003de4c                __kernel_sin
 .text          0x000000004003df4c      0x290 c:/opt/bcc-2.0.2-gcc/bin/../lib/gcc/sparc-gaisler-elf/7.2.0/../../../../sparc-gaisler-elf/lib/leon/mfix-at697f\libm.a(lib_a-k_tan.o)
                0x000000004003df4c                __kernel_tan
 .text          0x000000004003e1dc       0x18 c:/opt/bcc-2.0.2-gcc/bin/../lib/gcc/sparc-gaisler-elf/7.2.0/../../../../sparc-gaisler-elf/lib/leon/mfix-at697f\libm.a(lib_a-s_finite.o)
                0x000000004003e1dc                finite
 .text          0x000000004003e1f4        0x0 c:/opt/bcc-2.0.2-gcc/bin/../lib/gcc/sparc-gaisler-elf/7.2.0/../../../../sparc-gaisler-elf/lib/leon/mfix-at697f\libm.a(lib_a-s_lib_ver.o)
 .text          0x000000004003e1f4        0x8 c:/opt/bcc-2.0.2-gcc/bin/../lib/gcc/sparc-gaisler-elf/7.2.0/../../../../sparc-gaisler-elf/lib/leon/mfix-at697f\libm.a(lib_a-s_matherr.o)
                0x000000004003e1f4                matherr
 .text          0x000000004003e1fc        0xc c:/opt/bcc-2.0.2-gcc/bin/../lib/gcc/sparc-gaisler-elf/7.2.0/../../../../sparc-gaisler-elf/lib/leon/mfix-at697f\libm.a(lib_a-s_nan.o)
                0x000000004003e1fc                nan
 .text          0x000000004003e208      0x1ac c:/opt/bcc-2.0.2-gcc/bin/../lib/gcc/sparc-gaisler-elf/7.2.0/../../../../sparc-gaisler-elf/lib/leon/mfix-at697f\libm.a(lib_a-s_rint.o)
                0x000000004003e208                rint
 .text          0x000000004003e3b4      0x14c c:/opt/bcc-2.0.2-gcc/bin/../lib/gcc/sparc-gaisler-elf/7.2.0/../../../../sparc-gaisler-elf/lib/leon/mfix-at697f\libm.a(lib_a-s_scalbn.o)
                0x000000004003e3b4                scalbn
 .text          0x000000004003e500       0x30 c:/opt/bcc-2.0.2-gcc/bin/../lib/gcc/sparc-gaisler-elf/7.2.0/../../../../sparc-gaisler-elf/lib/leon/mfix-at697f\libm.a(lib_a-s_copysign.o)
                0x000000004003e500                copysign
 .text          0x000000004003e530       0x7c c:/opt/bcc-2.0.2-gcc/bin/../sparc-gaisler-elf/bsp/leon2/leon/mfix-at697f\libbcc.a(reset_trap_mvt.S.o)
                0x000000004003e530                __bcc_trap_reset_mvt
 .text          0x000000004003e5ac       0xb0 c:/opt/bcc-2.0.2-gcc/bin/../sparc-gaisler-elf/bsp/leon2/leon/mfix-at697f\libbcc.a(window_trap.S.o)
                0x000000004003e5ac                __bcc_trap_window_overflow
                0x000000004003e5fc                __bcc_trap_window_underflow
 .text          0x000000004003e65c      0x1b4 c:/opt/bcc-2.0.2-gcc/bin/../sparc-gaisler-elf/bsp/leon2/leon/mfix-at697f\libbcc.a(interrupt_trap.S.o)
                0x000000004003e65c                __bcc_trap_interrupt_svt
                0x000000004003e660                __bcc_trap_interrupt
 .text          0x000000004003e810       0x88 c:/opt/bcc-2.0.2-gcc/bin/../sparc-gaisler-elf/bsp/leon2/leon/mfix-at697f\libbcc.a(flush_windows_trap.S.o)
                0x000000004003e810                __bcc_trap_flush_windows
 .text          0x000000004003e898       0x2c c:/opt/bcc-2.0.2-gcc/bin/../sparc-gaisler-elf/bsp/leon2/leon/mfix-at697f\libbcc.a(sw_trap_set_pil.S.o)
                0x000000004003e898                __bcc_trap_sw_set_pil
 .text          0x000000004003e8c4       0xb0 c:/opt/bcc-2.0.2-gcc/bin/../sparc-gaisler-elf/bsp/leon2/leon/mfix-at697f\libbcc.a(trap.c.o)
                0x000000004003e8c4                bcc_set_trap
 .text          0x000000004003e974        0x0 c:/opt/bcc-2.0.2-gcc/bin/../sparc-gaisler-elf/bsp/leon2/leon/mfix-at697f\libbcc.a(isr.c.o)
 .text          0x000000004003e974        0x0 c:/opt/bcc-2.0.2-gcc/bin/../sparc-gaisler-elf/bsp/leon2/leon/mfix-at697f\libbcc.a(int_nest.c.o)
 .text          0x000000004003e974        0x8 c:/opt/bcc-2.0.2-gcc/bin/../sparc-gaisler-elf/bsp/leon2/leon/mfix-at697f\libbcc.a(init.S.o)
                0x000000004003e974                __bcc_init40
                0x000000004003e974                __bcc_init70
                0x000000004003e974                __bcc_init60
                0x000000004003e974                __bcc_init50
 .text          0x000000004003e97c       0x84 c:/opt/bcc-2.0.2-gcc/bin/../sparc-gaisler-elf/bsp/leon2/leon/mfix-at697f\libbcc.a(leon_info.S.o)
                0x000000004003e97c                __bcc_get_leon_info
                0x000000004003e9f0                bcc_get_cpuid
 .text          0x000000004003ea00       0x2c c:/opt/bcc-2.0.2-gcc/bin/../sparc-gaisler-elf/bsp/leon2/leon/mfix-at697f\libbcc.a(dwzero.S.o)
                0x000000004003ea00                bcc_dwzero
 .text          0x000000004003ea2c       0x5c c:/opt/bcc-2.0.2-gcc/bin/../sparc-gaisler-elf/bsp/leon2/leon/mfix-at697f\libbcc.a(copy_data.c.o)
                0x000000004003ea2c                __bcc_copy_data
 *fill*         0x000000004003ea88        0x8 
 .text          0x000000004003ea90       0x90 c:/opt/bcc-2.0.2-gcc/bin/../sparc-gaisler-elf/bsp/leon2/leon/mfix-at697f\libbcc.a(lowlevel.S.o)
                0x000000004003ea90                bcc_loadnocache
                0x000000004003ea9c                bcc_loadnocache16
                0x000000004003eaa8                bcc_loadnocache8
                0x000000004003eac0                bcc_ldstub
                0x000000004003eacc                bcc_set_psr
                0x000000004003eae4                bcc_get_psr
                0x000000004003eaec                bcc_get_pil
                0x000000004003eafc                bcc_set_tbr
                0x000000004003eb14                bcc_get_tbr
 .text          0x000000004003eb20       0x50 c:/opt/bcc-2.0.2-gcc/bin/../sparc-gaisler-elf/bsp/leon2/leon/mfix-at697f\libbcc.a(lowlevel_leon2.S.o)
                0x000000004003eb20                bcc_set_ccr
                0x000000004003eb30                bcc_get_ccr
                0x000000004003eb40                bcc_flush_cache
                0x000000004003eb4c                bcc_flush_icache
                0x000000004003eb54                bcc_flush_dcache
                0x000000004003eb5c                bcc_power_down
 .text          0x000000004003eb70      0x160 c:/opt/bcc-2.0.2-gcc/bin/../sparc-gaisler-elf/bsp/leon2/leon/mfix-at697f\libbcc.a(int_leon2.c.o)
                0x000000004003eb70                bcc_int_mask
                0x000000004003ebc0                bcc_int_unmask
                0x000000004003ec10                bcc_int_clear
                0x000000004003ec48                bcc_int_force
                0x000000004003ec8c                bcc_int_pend
 .text          0x000000004003ecd0        0x8 c:/opt/bcc-2.0.2-gcc/bin/../sparc-gaisler-elf/bsp/leon2/leon/mfix-at697f\libbcc.a(int_leon2_get_source.c.o)
                0x000000004003ecd0                __bcc_int_get_source
 .text          0x000000004003ecd8        0x8 c:/opt/bcc-2.0.2-gcc/bin/../sparc-gaisler-elf/bsp/leon2/leon/mfix-at697f\libbcc.a(int_leon2_init.c.o)
                0x000000004003ecd8                __bcc_int_init
 .text          0x000000004003ece0       0x70 c:/opt/bcc-2.0.2-gcc/bin/../sparc-gaisler-elf/bsp/leon2/leon/mfix-at697f\libbcc.a(con_leon2.c.o)
                0x000000004003ece0                __bcc_con_init
                0x000000004003ece8                __bcc_con_outbyte
                0x000000004003ed1c                __bcc_con_inbyte
 .text          0x000000004003ed50       0x30 c:/opt/bcc-2.0.2-gcc/bin/../sparc-gaisler-elf/bsp/leon2/leon/mfix-at697f\libbcc.a(timer_leon2.c.o)
                0x000000004003ed50                __bcc_timer_init
                0x000000004003ed58                bcc_timer_get_us
 .text          0x000000004003ed80        0xc c:/opt/bcc-2.0.2-gcc/bin/../sparc-gaisler-elf/bsp/leon2/leon/mfix-at697f\libbcc.a(set_pil.S.o)
                0x000000004003ed80                bcc_set_pil
 .text          0x000000004003ed8c        0x0 c:/opt/bcc-2.0.2-gcc/bin/../sparc-gaisler-elf/bsp/leon2/leon/mfix-at697f\libbcc.a(int_leon2_handle.c.o)
 .text          0x000000004003ed8c        0x0 c:/opt/bcc-2.0.2-gcc/bin/../sparc-gaisler-elf/bsp/leon2/leon/mfix-at697f\libbcc.a(con_handle.c.o)
 .text          0x000000004003ed8c        0x0 c:/opt/bcc-2.0.2-gcc/bin/../sparc-gaisler-elf/bsp/leon2/leon/mfix-at697f\libbcc.a(timer_handle.c.o)
 .text          0x000000004003ed8c       0x1c c:/opt/bcc-2.0.2-gcc/bin/../lib/gcc/sparc-gaisler-elf/7.2.0/../../../../sparc-gaisler-elf/lib/leon/mfix-at697f\libc.a(lib_a-atexit.o)
                0x000000004003ed8c                atexit
 .text          0x000000004003eda8        0xc c:/opt/bcc-2.0.2-gcc/bin/../lib/gcc/sparc-gaisler-elf/7.2.0/../../../../sparc-gaisler-elf/lib/leon/mfix-at697f\libc.a(lib_a-errno.o)
                0x000000004003eda8                __errno
 .text          0x000000004003edb4       0x3c c:/opt/bcc-2.0.2-gcc/bin/../lib/gcc/sparc-gaisler-elf/7.2.0/../../../../sparc-gaisler-elf/lib/leon/mfix-at697f\libc.a(lib_a-exit.o)
                0x000000004003edb4                exit
 .text          0x000000004003edf0        0x0 c:/opt/bcc-2.0.2-gcc/bin/../lib/gcc/sparc-gaisler-elf/7.2.0/../../../../sparc-gaisler-elf/lib/leon/mfix-at697f\libc.a(lib_a-impure.o)
 .text          0x000000004003edf0      0x19c c:/opt/bcc-2.0.2-gcc/bin/../lib/gcc/sparc-gaisler-elf/7.2.0/../../../../sparc-gaisler-elf/lib/leon/mfix-at697f\libc.a(lib_a-memcpy.o)
                0x000000004003edf0                memcpy
 .text          0x000000004003ef8c      0x158 c:/opt/bcc-2.0.2-gcc/bin/../lib/gcc/sparc-gaisler-elf/7.2.0/../../../../sparc-gaisler-elf/lib/leon/mfix-at697f\libc.a(lib_a-__atexit.o)
                0x000000004003ef8c                __register_exitproc
 .text          0x000000004003f0e4      0x2b4 c:/opt/bcc-2.0.2-gcc/bin/../lib/gcc/sparc-gaisler-elf/7.2.0/../../../../sparc-gaisler-elf/lib/leon/mfix-at697f\libc.a(lib_a-__call_atexit.o)
                0x000000004003f0e4                __call_exitprocs
 .text          0x000000004003f398       0x18 c:/opt/bcc-2.0.2-gcc/bin/../sparc-gaisler-elf/bsp/leon2/leon/mfix-at697f\libbcc.a(_exit.S.o)
                0x000000004003f398                _exit
 .text          0x000000004003f3b0       0x48 c:/opt/bcc-2.0.2-gcc/bin/../lib/gcc/sparc-gaisler-elf/7.2.0/leon/mfix-at697f/crtend.o
 .text          0x000000004003f3f8        0x0 c:/opt/bcc-2.0.2-gcc/bin/../lib/gcc/sparc-gaisler-elf/7.2.0/leon/mfix-at697f/crtn.o
                0x000000004003f400                . = ALIGN (0x10)
 *fill*         0x000000004003f3f8        0x8 
 *(.eh_frame)
 .eh_frame      0x000000004003f400        0x0 c:/opt/bcc-2.0.2-gcc/bin/../lib/gcc/sparc-gaisler-elf/7.2.0/leon/mfix-at697f/crtbegin.o
 .eh_frame      0x000000004003f400        0x4 c:/opt/bcc-2.0.2-gcc/bin/../lib/gcc/sparc-gaisler-elf/7.2.0/leon/mfix-at697f/crtend.o
                0x000000004003f410                . = ALIGN (0x10)
 *fill*         0x000000004003f404        0xc 
 *(.gnu.linkonce.t*)
                0x000000004003f410                ___CTOR_LIST__ = .
                0x000000004003f410        0x4 LONG 0x2 (((___CTOR_END__ - ___CTOR_LIST__) / 0x4) - 0x2)
 *(SORT(.ctors.*))
 *(.ctors)
 .ctors         0x000000004003f414        0x4 c:/opt/bcc-2.0.2-gcc/bin/../lib/gcc/sparc-gaisler-elf/7.2.0/leon/mfix-at697f/crtbegin.o
 .ctors         0x000000004003f418        0x4 c:/opt/bcc-2.0.2-gcc/bin/../lib/gcc/sparc-gaisler-elf/7.2.0/leon/mfix-at697f/crtend.o
                0x000000004003f41c        0x4 LONG 0x0
                0x000000004003f420                ___CTOR_END__ = .
                0x000000004003f420                ___DTOR_LIST__ = .
                0x000000004003f420        0x4 LONG 0x2 (((___DTOR_END__ - ___DTOR_LIST__) / 0x4) - 0x2)
 *(SORT(.dtors.*))
 *(.dtors)
 .dtors         0x000000004003f424        0x4 c:/opt/bcc-2.0.2-gcc/bin/../lib/gcc/sparc-gaisler-elf/7.2.0/leon/mfix-at697f/crtbegin.o
 .dtors         0x000000004003f428        0x4 c:/opt/bcc-2.0.2-gcc/bin/../lib/gcc/sparc-gaisler-elf/7.2.0/leon/mfix-at697f/crtend.o
                0x000000004003f428                __DTOR_END__
                0x000000004003f42c        0x4 LONG 0x0
                0x000000004003f430                ___DTOR_END__ = .
 *(.gnu.linkonce*)
 *(.init)
 .init          0x000000004003f430        0x4 c:/opt/bcc-2.0.2-gcc/bin/../lib/gcc/sparc-gaisler-elf/7.2.0/leon/mfix-at697f/crti.o
                0x000000004003f430                _init
 .init          0x000000004003f434        0x8 c:/opt/bcc-2.0.2-gcc/bin/../lib/gcc/sparc-gaisler-elf/7.2.0/leon/mfix-at697f/crtbegin.o
 .init          0x000000004003f43c        0x8 c:/opt/bcc-2.0.2-gcc/bin/../lib/gcc/sparc-gaisler-elf/7.2.0/leon/mfix-at697f/crtend.o
 .init          0x000000004003f444        0xc c:/opt/bcc-2.0.2-gcc/bin/../lib/gcc/sparc-gaisler-elf/7.2.0/leon/mfix-at697f/crtn.o
 *(.fini)
 .fini          0x000000004003f450        0x4 c:/opt/bcc-2.0.2-gcc/bin/../lib/gcc/sparc-gaisler-elf/7.2.0/leon/mfix-at697f/crti.o
                0x000000004003f450                _fini
 .fini          0x000000004003f454        0x8 c:/opt/bcc-2.0.2-gcc/bin/../lib/gcc/sparc-gaisler-elf/7.2.0/leon/mfix-at697f/crtbegin.o
 .fini          0x000000004003f45c        0xc c:/opt/bcc-2.0.2-gcc/bin/../lib/gcc/sparc-gaisler-elf/7.2.0/leon/mfix-at697f/crtn.o
 *(.lit)
 *(.shdata)
                0x000000004003f470                . = ALIGN (0x10)
 *fill*         0x000000004003f468        0x8 
                0x000000004003f470                __text_end = .

.gcc_except_table
 *(.gcc_except_table)

.rodata         0x000000004003f470     0x5130
                0x000000004003f470                __rodata_start = .
 *(.rodata*)
 .rodata.cst8   0x000000004003f470       0x38 C:\Users\ajarr\AppData\Local\Temp\cc0Wwxdf.o
 .rodata        0x000000004003f4a8        0x0 C:\Users\ajarr\AppData\Local\Temp\ccrsfBcv.o
 .rodata        0x000000004003f4a8       0x10 C:\Users\ajarr\AppData\Local\Temp\ccmh24f2.o
 .rodata.cst4   0x000000004003f4b8        0x4 C:\Users\ajarr\AppData\Local\Temp\ccoxHIjA.o
 .rodata        0x000000004003f4bc        0x0 C:\Users\ajarr\AppData\Local\Temp\ccoxHIjA.o
 .rodata        0x000000004003f4bc        0x0 C:\Users\ajarr\AppData\Local\Temp\ccsrqcI9.o
 *fill*         0x000000004003f4bc        0x4 
 .rodata.cst8   0x000000004003f4c0        0x8 C:\Users\ajarr\AppData\Local\Temp\ccvCozXc.o
 .rodata.cst8   0x000000004003f4c8       0x58 C:\Users\ajarr\AppData\Local\Temp\ccEQV79w.o
                                         0xc8 (size before relaxing)
 .rodata.cst4   0x000000004003f520        0x4 C:\Users\ajarr\AppData\Local\Temp\ccEQV79w.o
 *fill*         0x000000004003f524        0x4 
 .rodata.cst8   0x000000004003f528       0x18 C:\Users\ajarr\AppData\Local\Temp\cclKViTp.o
                                         0x78 (size before relaxing)
 .rodata        0x000000004003f540     0x4724 C:\Users\ajarr\AppData\Local\Temp\ccAbE4Xq.o
                0x000000004003f540                c_I_nine_cross_nine
                0x000000004003f7c8                c_I_three_cross_three
                0x000000004003f810                c_Tv_wof_0034
                0x000000004003f858                c_Tv_wof_0204
                0x000000004003f8a0                c_Tv_wof_0230
                0x000000004003f8e8                c_Tv_wof_1004
                0x000000004003f930                c_Tv_wof_1030
                0x000000004003f978                c_Tv_wof_1200
                0x000000004003f9c0                c_B2wh_mat_0034
                0x000000004003fa20                c_B2wh_mat_0204
                0x000000004003fa80                c_B2wh_mat_0230
                0x000000004003fae0                c_B2wh_mat_1004
                0x000000004003fb40                c_B2wh_mat_1030
                0x000000004003fba0                c_B2wh_mat_1200
                0x000000004003fc00                c_B2wh_mat_0234
                0x000000004003fc60                c_B2wh_mat_1034
                0x000000004003fcc0                c_B2wh_mat_1204
                0x000000004003fd20                c_B2wh_mat_1230
                0x000000004003fd80                c_B2wh_mat_4RW
                0x000000004003fde0                c_wh2B_mat_0034
                0x000000004003fe40                c_wh2B_mat_0204
                0x000000004003fea0                c_wh2B_mat_0230
                0x000000004003ff00                c_wh2B_mat_1004
                0x000000004003ff60                c_wh2B_mat_1030
                0x000000004003ffc0                c_wh2B_mat_1200
                0x0000000040040020                c_wh2B_mat_0234
                0x0000000040040080                c_wh2B_mat_1034
                0x00000000400400e0                c_wh2B_mat_1204
                0x0000000040040140                c_wh2B_mat_1230
                0x00000000400401a0                c_wh2B_mat_4RW
                0x0000000040040200                c_MOI_wh
                0x0000000040040208                c_MOI_wh4
                0x0000000040040210                c_MOI_wh3
                0x0000000040040218                c_MOI_wh2
                0x0000000040040220                c_MOI_wh1
                0x0000000040040228                TC_T_RW_MAX
                0x0000000040040230                c_RADps2RPM
                0x0000000040040238                c_RPM2RADpS
                0x0000000040040240                c_DPMMAX
                0x0000000040040248                c_wkm_sunmag
                0x0000000040040250                c_wks_sunmag
                0x0000000040040258                c_wkm_mag
                0x0000000040040260                c_wks_mag
                0x0000000040040268                c_ss2b4156
                0x00000000400402b0                c_ss2b3456
                0x00000000400402f8                c_ss2b2356
                0x0000000040040340                c_ss2b1256
                0x0000000040040388                c_misaln_cor146
                0x00000000400403d0                c_misaln_cor145
                0x0000000040040418                c_misaln_cor346
                0x0000000040040460                c_misaln_cor345
                0x00000000400404a8                c_misaln_cor326
                0x00000000400404f0                c_misaln_cor325
                0x0000000040040538                c_misaln_cor126
                0x0000000040040580                c_misaln_cor125
                0x00000000400405c8                c_AngDev_SAMtransit_thrsld
                0x00000000400405d0                c_AngDev_SMtransit_thrsld
                0x00000000400405d8                c_Sunlit_Thrsld
                0x00000000400405e0                c_SSThrsld
                0x00000000400405e8                c_Imax_YN_Main
                0x00000000400405f0                c_Imax_YP_Main
                0x00000000400405f8                c_Imax_PN_Main
                0x0000000040040600                c_Imax_PP_Main
                0x0000000040040608                c_Imax_RNND_Main
                0x0000000040040610                c_Imax_RPND_Main
                0x0000000040040618                c_Imax_RND_Main
                0x0000000040040620                c_Imax_RPD_Main
                0x0000000040040628                c_Imax_YN_Red
                0x0000000040040630                c_Imax_YP_Red
                0x0000000040040638                c_Imax_PN_Red
                0x0000000040040640                c_Imax_PP_Red
                0x0000000040040648                c_Imax_RNND_Red
                0x0000000040040650                c_Imax_RPND_Red
                0x0000000040040658                c_Imax_RND_Red
                0x0000000040040660                c_Imax_RPD_Red
                0x0000000040040668                c_KDset3
                0x0000000040040670                c_KDset2
                0x0000000040040678                c_KDset1
                0x0000000040040680                c_Epsilon2
                0x0000000040040688                c_Epsilon1
                0x0000000040040690                c_Sun_Dis3
                0x0000000040040698                c_Sun_Dis2
                0x00000000400406a0                c_Sun_Dis1
                0x00000000400406a8                c_L_Ecliptic2
                0x00000000400406b0                c_L_Ecliptic1
                0x00000000400406b8                c_Msun2
                0x00000000400406c0                c_Msun1
                0x00000000400406c8                c_L_Msun2
                0x00000000400406d0                c_L_Msun1
                0x00000000400406d8                c_hsval
                0x0000000040040a18                c_hval
                0x0000000040040d58                c_gsval
                0x0000000040041098                c_gval
                0x00000000400413d8                c_sdmax
                0x00000000400413e0                c_a
                0x00000000400413e8                c_Pibytwo
                0x00000000400413f0                c_Kmax
                0x00000000400413f4                c_Nmax
                0x00000000400413f8                nut
                0x0000000040043518                fc
                0x00000000400435e0                c_rk_T
                0x0000000040043868                c_rk
                0x0000000040043af0                c_I_four_cross_four
                0x0000000040043b30                c_onesecond
                0x0000000040043b38                c_oneminute
                0x0000000040043b40                c_halfhour
                0x0000000040043b48                c_Mmax
                0x0000000040043b50                c_AS2R
                0x0000000040043b58                c_R2D
                0x0000000040043b60                c_D2R
                0x0000000040043b68                c_min_per_day
                0x0000000040043b70                c_temp4
                0x0000000040043b78                c_j4
                0x0000000040043b80                c_j3oj2
                0x0000000040043b88                c_qzms2t
                0x0000000040043b90                c_ss
                0x0000000040043b98                c_xpdotp
                0x0000000040043ba0                c_Pi
                0x0000000040043ba8                c_Day_To_Seconds
                0x0000000040043bb0                c_invmu
                0x0000000040043bb8                c_mu
                0x0000000040043bc0                c_dividebyzerovalue
                0x0000000040043bc8                c_xke
                0x0000000040043bd0                c_x2o3
                0x0000000040043bd8                c_Twopi
                0x0000000040043be0                c_j2
                0x0000000040043be8                c_au
                0x0000000040043bf0                c_auer
                0x0000000040043bf8                c_radiusearthkm
                0x0000000040043c00                c_vkmpersec
                0x0000000040043c08                c_OMEGAE
                0x0000000040043c10                c_tsince_min
                0x0000000040043c18                c_twomu
                0x0000000040043c20                c_MiC
                0x0000000040043c28                c_MaC
                0x0000000040043c30                c_TM_RW_Resol
                0x0000000040043c38                c_TM_Resol_B
                0x0000000040043c40                c_TM_Resol_w
                0x0000000040043c48                c_TM_Resol_DelThta
                0x0000000040043c50                c_Resol_DelThta
                0x0000000040043c58                c_Resol_B
                0x0000000040043c60                c_FFFF
 *fill*         0x0000000040043c64        0x4 
 .rodata.cst8   0x0000000040043c68       0x58 C:\Users\ajarr\AppData\Local\Temp\ccQ0IdyJ.o
                                         0xb0 (size before relaxing)
 .rodata.cst8   0x0000000040043cc0       0x30 C:\Users\ajarr\AppData\Local\Temp\ccsfbFjf.o
                                         0x78 (size before relaxing)
 .rodata        0x0000000040043cf0        0x0 C:\Users\ajarr\AppData\Local\Temp\ccsfbFjf.o
 .rodata.cst8   0x0000000040043cf0       0x48 C:\Users\ajarr\AppData\Local\Temp\ccKm7u8h.o
                                         0x68 (size before relaxing)
 .rodata.cst4   0x0000000040043d38        0x8 C:\Users\ajarr\AppData\Local\Temp\ccKm7u8h.o
 .rodata.cst8   0x0000000040043d40       0x38 C:\Users\ajarr\AppData\Local\Temp\ccj4ZHPo.o
                                         0xa0 (size before relaxing)
 .rodata.cst4   0x0000000040043d78        0x8 C:\Users\ajarr\AppData\Local\Temp\ccj4ZHPo.o
                                          0xc (size before relaxing)
 .rodata.cst8   0x0000000040043d80      0x290 C:\Users\ajarr\AppData\Local\Temp\cc1EEzhc.o
                                        0x3c0 (size before relaxing)
 .rodata.cst8   0x0000000040044010       0x88 C:\Users\ajarr\AppData\Local\Temp\ccly1SS8.o
 .rodata.cst8   0x0000000040044010       0xa8 c:/opt/bcc-2.0.2-gcc/bin/../lib/gcc/sparc-gaisler-elf/7.2.0/../../../../sparc-gaisler-elf/lib/leon/mfix-at697f\libm.a(lib_a-s_atan.o)
                                         0xd0 (size before relaxing)
 .rodata.cst8   0x00000000400440b8       0x10 c:/opt/bcc-2.0.2-gcc/bin/../lib/gcc/sparc-gaisler-elf/7.2.0/../../../../sparc-gaisler-elf/lib/leon/mfix-at697f\libm.a(lib_a-s_floor.o)
 .rodata.str1.8
                0x00000000400440b8        0x9 c:/opt/bcc-2.0.2-gcc/bin/../lib/gcc/sparc-gaisler-elf/7.2.0/../../../../sparc-gaisler-elf/lib/leon/mfix-at697f\libm.a(lib_a-w_acos.o)
 .rodata.cst8   0x00000000400440c1        0x8 c:/opt/bcc-2.0.2-gcc/bin/../lib/gcc/sparc-gaisler-elf/7.2.0/../../../../sparc-gaisler-elf/lib/leon/mfix-at697f\libm.a(lib_a-w_acos.o)
 *fill*         0x00000000400440c1        0x7 
 .rodata.str1.8
                0x00000000400440c8        0x5 c:/opt/bcc-2.0.2-gcc/bin/../lib/gcc/sparc-gaisler-elf/7.2.0/../../../../sparc-gaisler-elf/lib/leon/mfix-at697f\libm.a(lib_a-w_asin.o)
                                          0x9 (size before relaxing)
 .rodata.cst8   0x00000000400440cd        0x8 c:/opt/bcc-2.0.2-gcc/bin/../lib/gcc/sparc-gaisler-elf/7.2.0/../../../../sparc-gaisler-elf/lib/leon/mfix-at697f\libm.a(lib_a-w_asin.o)
 *fill*         0x00000000400440cd        0x3 
 .rodata.str1.8
                0x00000000400440d0        0x5 c:/opt/bcc-2.0.2-gcc/bin/../lib/gcc/sparc-gaisler-elf/7.2.0/../../../../sparc-gaisler-elf/lib/leon/mfix-at697f\libm.a(lib_a-w_fmod.o)
 .rodata.cst8   0x00000000400440d5        0x8 c:/opt/bcc-2.0.2-gcc/bin/../lib/gcc/sparc-gaisler-elf/7.2.0/../../../../sparc-gaisler-elf/lib/leon/mfix-at697f\libm.a(lib_a-w_fmod.o)
 *fill*         0x00000000400440d5        0x3 
 .rodata.str1.8
                0x00000000400440d8        0x4 c:/opt/bcc-2.0.2-gcc/bin/../lib/gcc/sparc-gaisler-elf/7.2.0/../../../../sparc-gaisler-elf/lib/leon/mfix-at697f\libm.a(lib_a-w_pow.o)
 *fill*         0x00000000400440dc        0x4 
 .rodata.cst8   0x00000000400440e0       0x20 c:/opt/bcc-2.0.2-gcc/bin/../lib/gcc/sparc-gaisler-elf/7.2.0/../../../../sparc-gaisler-elf/lib/leon/mfix-at697f\libm.a(lib_a-w_pow.o)
                                         0x38 (size before relaxing)
 .rodata.str1.8
                0x0000000040044100        0x8 c:/opt/bcc-2.0.2-gcc/bin/../lib/gcc/sparc-gaisler-elf/7.2.0/../../../../sparc-gaisler-elf/lib/leon/mfix-at697f\libm.a(lib_a-w_sqrt.o)
                                          0x5 (size before relaxing)
 .rodata.cst8   0x0000000040044108        0x8 c:/opt/bcc-2.0.2-gcc/bin/../lib/gcc/sparc-gaisler-elf/7.2.0/../../../../sparc-gaisler-elf/lib/leon/mfix-at697f\libm.a(lib_a-w_sqrt.o)
 .rodata.cst8   0x0000000040044108       0x58 c:/opt/bcc-2.0.2-gcc/bin/../lib/gcc/sparc-gaisler-elf/7.2.0/../../../../sparc-gaisler-elf/lib/leon/mfix-at697f\libm.a(lib_a-e_acos.o)
                                         0x80 (size before relaxing)
 .rodata.cst8   0x0000000040044160       0x80 c:/opt/bcc-2.0.2-gcc/bin/../lib/gcc/sparc-gaisler-elf/7.2.0/../../../../sparc-gaisler-elf/lib/leon/mfix-at697f\libm.a(lib_a-e_asin.o)
 .rodata.cst8   0x0000000040044160       0x28 c:/opt/bcc-2.0.2-gcc/bin/../lib/gcc/sparc-gaisler-elf/7.2.0/../../../../sparc-gaisler-elf/lib/leon/mfix-at697f\libm.a(lib_a-e_atan2.o)
                                         0x58 (size before relaxing)
 .rodata        0x0000000040044188       0x10 c:/opt/bcc-2.0.2-gcc/bin/../lib/gcc/sparc-gaisler-elf/7.2.0/../../../../sparc-gaisler-elf/lib/leon/mfix-at697f\libm.a(lib_a-e_fmod.o)
 .rodata.str1.8
                0x0000000040044198        0x1 c:/opt/bcc-2.0.2-gcc/bin/../lib/gcc/sparc-gaisler-elf/7.2.0/../../../../sparc-gaisler-elf/lib/leon/mfix-at697f\libm.a(lib_a-e_pow.o)
 .rodata.cst8   0x0000000040044198       0xc8 c:/opt/bcc-2.0.2-gcc/bin/../lib/gcc/sparc-gaisler-elf/7.2.0/../../../../sparc-gaisler-elf/lib/leon/mfix-at697f\libm.a(lib_a-e_pow.o)
                                        0x120 (size before relaxing)
 .rodata.cst8   0x0000000040044260       0x40 c:/opt/bcc-2.0.2-gcc/bin/../lib/gcc/sparc-gaisler-elf/7.2.0/../../../../sparc-gaisler-elf/lib/leon/mfix-at697f\libm.a(lib_a-e_rem_pio2.o)
                                         0x50 (size before relaxing)
 .rodata        0x00000000400442a0      0x188 c:/opt/bcc-2.0.2-gcc/bin/../lib/gcc/sparc-gaisler-elf/7.2.0/../../../../sparc-gaisler-elf/lib/leon/mfix-at697f\libm.a(lib_a-e_rem_pio2.o)
 .rodata.cst8   0x0000000040044428       0x40 c:/opt/bcc-2.0.2-gcc/bin/../lib/gcc/sparc-gaisler-elf/7.2.0/../../../../sparc-gaisler-elf/lib/leon/mfix-at697f\libm.a(lib_a-k_cos.o)
                                         0x50 (size before relaxing)
 .rodata.cst8   0x0000000040044468       0x50 c:/opt/bcc-2.0.2-gcc/bin/../lib/gcc/sparc-gaisler-elf/7.2.0/../../../../sparc-gaisler-elf/lib/leon/mfix-at697f\libm.a(lib_a-k_rem_pio2.o)
                                         0x78 (size before relaxing)
 .rodata        0x00000000400444b8       0x10 c:/opt/bcc-2.0.2-gcc/bin/../lib/gcc/sparc-gaisler-elf/7.2.0/../../../../sparc-gaisler-elf/lib/leon/mfix-at697f\libm.a(lib_a-k_rem_pio2.o)
 .rodata.cst8   0x00000000400444c8       0x30 c:/opt/bcc-2.0.2-gcc/bin/../lib/gcc/sparc-gaisler-elf/7.2.0/../../../../sparc-gaisler-elf/lib/leon/mfix-at697f\libm.a(lib_a-k_sin.o)
                                         0x38 (size before relaxing)
 .rodata.cst8   0x00000000400444f8       0x68 c:/opt/bcc-2.0.2-gcc/bin/../lib/gcc/sparc-gaisler-elf/7.2.0/../../../../sparc-gaisler-elf/lib/leon/mfix-at697f\libm.a(lib_a-k_tan.o)
                                         0x90 (size before relaxing)
 .rodata.cst8   0x0000000040044560        0x8 c:/opt/bcc-2.0.2-gcc/bin/../lib/gcc/sparc-gaisler-elf/7.2.0/../../../../sparc-gaisler-elf/lib/leon/mfix-at697f\libm.a(lib_a-s_nan.o)
 .rodata        0x0000000040044568       0x10 c:/opt/bcc-2.0.2-gcc/bin/../lib/gcc/sparc-gaisler-elf/7.2.0/../../../../sparc-gaisler-elf/lib/leon/mfix-at697f\libm.a(lib_a-s_rint.o)
 .rodata.cst8   0x0000000040044578       0x18 c:/opt/bcc-2.0.2-gcc/bin/../lib/gcc/sparc-gaisler-elf/7.2.0/../../../../sparc-gaisler-elf/lib/leon/mfix-at697f\libm.a(lib_a-s_scalbn.o)
                                         0x20 (size before relaxing)
 .rodata        0x0000000040044590        0x4 c:/opt/bcc-2.0.2-gcc/bin/../lib/gcc/sparc-gaisler-elf/7.2.0/../../../../sparc-gaisler-elf/lib/leon/mfix-at697f\libc.a(lib_a-impure.o)
                0x0000000040044590                _global_impure_ptr
 *(.gnu.linkonce.r*)
                0x00000000400445a0                . = ALIGN (0x10)
 *fill*         0x0000000040044594        0xc 
                0x00000000400445a0                __rodata_end = .

.rela.dyn       0x00000000400445a0        0x0
 .rela.iplt     0x00000000400445a0        0x0 c:/opt/bcc-2.0.2-gcc/bin/../sparc-gaisler-elf/bsp/leon2/leon/mfix-at697f/trap_table_mvt.S.o
 .rela.text.traptable
                0x00000000400445a0        0x0 c:/opt/bcc-2.0.2-gcc/bin/../sparc-gaisler-elf/bsp/leon2/leon/mfix-at697f/trap_table_mvt.S.o
 .rela.text     0x00000000400445a0        0x0 c:/opt/bcc-2.0.2-gcc/bin/../sparc-gaisler-elf/bsp/leon2/leon/mfix-at697f/trap_table_mvt.S.o
 .rela.text.startup
                0x00000000400445a0        0x0 c:/opt/bcc-2.0.2-gcc/bin/../sparc-gaisler-elf/bsp/leon2/leon/mfix-at697f/trap_table_mvt.S.o
 .rela.data     0x00000000400445a0        0x0 c:/opt/bcc-2.0.2-gcc/bin/../sparc-gaisler-elf/bsp/leon2/leon/mfix-at697f/trap_table_mvt.S.o

.ext.data       0x00000000400445a0        0x0
                0x00000000400445a0                . = ALIGN (0x8)
                0x00000000400445a0                __extdata_start = .
 *(.data.ext)
                0x00000000400445a0                . = ALIGN (0x8)
                0x00000000400445a0                __extdata_end = .
                0x00000000400445a0                __extdata_start_lma = LOADADDR (.ext.data)
                0x0000000000000000                __extdata_size = SIZEOF (.ext.data)

.data           0x00000000400445a0      0x540
                0x00000000400445a0                . = ALIGN (0x8)
                0x00000000400445a0                __data_start = .
 *(.data .data.*)
 .data          0x00000000400445a0        0x0 c:/opt/bcc-2.0.2-gcc/bin/../sparc-gaisler-elf/bsp/leon2/leon/mfix-at697f/trap_table_mvt.S.o
 .data          0x00000000400445a0        0x0 c:/opt/bcc-2.0.2-gcc/bin/../sparc-gaisler-elf/bsp/leon2/leon/mfix-at697f/crt0.S.o
 .data          0x00000000400445a0        0x0 c:/opt/bcc-2.0.2-gcc/bin/../lib/gcc/sparc-gaisler-elf/7.2.0/leon/mfix-at697f/crti.o
 .data          0x00000000400445a0        0x4 c:/opt/bcc-2.0.2-gcc/bin/../lib/gcc/sparc-gaisler-elf/7.2.0/leon/mfix-at697f/crtbegin.o
                0x00000000400445a0                __dso_handle
 .data          0x00000000400445a4        0x0 C:\Users\ajarr\AppData\Local\Temp\cc0Wwxdf.o
 .data          0x00000000400445a4        0x0 C:\Users\ajarr\AppData\Local\Temp\ccrsfBcv.o
 .data          0x00000000400445a4       0x24 C:\Users\ajarr\AppData\Local\Temp\ccmh24f2.o
                0x00000000400445b8                test_st_sp_d
                0x00000000400445bc                test_st_sp_c
                0x00000000400445c0                test_st_sp_b
                0x00000000400445c1                test_st_b
                0x00000000400445c2                test_st
                0x00000000400445c4                real_tm_wait
 .data          0x00000000400445c8      0x390 C:\Users\ajarr\AppData\Local\Temp\ccoxHIjA.o
                0x00000000400445c8                Resol_Table_Adcs
                0x0000000040044690                BlkExe_Status
                0x0000000040044694                FuncExecute_Table
                0x00000000400448ec                Resol_Table
 .data          0x0000000040044958        0x0 C:\Users\ajarr\AppData\Local\Temp\ccEsq7Ud.o
 .data          0x0000000040044958        0x0 C:\Users\ajarr\AppData\Local\Temp\cc9uLDIA.o
 .data          0x0000000040044958        0x8 C:\Users\ajarr\AppData\Local\Temp\ccsrqcI9.o
                0x0000000040044958                PL_Debug_Data
 .data          0x0000000040044960       0x20 C:\Users\ajarr\AppData\Local\Temp\ccj3NpGT.o
                0x0000000040044960                inter_HAL_EPS_Hardware_Status_SEL
 .data          0x0000000040044980        0x0 C:\Users\ajarr\AppData\Local\Temp\ccKBuMZH.o
 .data          0x0000000040044980        0x0 C:\Users\ajarr\AppData\Local\Temp\cchziRaG.o
 .data          0x0000000040044980        0x0 C:\Users\ajarr\AppData\Local\Temp\ccFRd7PI.o
 .data          0x0000000040044980       0xbc C:\Users\ajarr\AppData\Local\Temp\ccVbk5TZ.o
                0x0000000040044980                Auto_manual
                0x0000000040044984                UTP
                0x00000000400449c4                LTP
                0x0000000040044a04                Thermister_index_select
 .data          0x0000000040044a3c        0x0 C:\Users\ajarr\AppData\Local\Temp\ccDQV1dt.o
 *fill*         0x0000000040044a3c        0x4 
 .data          0x0000000040044a40        0x4 C:\Users\ajarr\AppData\Local\Temp\ccvCozXc.o
                0x0000000040044a40                NSP_addr_table
 .data          0x0000000040044a44        0x0 C:\Users\ajarr\AppData\Local\Temp\ccBvFWY4.o
 .data          0x0000000040044a44        0x0 C:\Users\ajarr\AppData\Local\Temp\ccEQV79w.o
 .data          0x0000000040044a44        0x0 C:\Users\ajarr\AppData\Local\Temp\cclKViTp.o
 .data          0x0000000040044a44        0x0 C:\Users\ajarr\AppData\Local\Temp\ccAbE4Xq.o
 .data          0x0000000040044a44        0x0 C:\Users\ajarr\AppData\Local\Temp\ccQ0IdyJ.o
 .data          0x0000000040044a44        0x0 C:\Users\ajarr\AppData\Local\Temp\ccsfbFjf.o
 .data          0x0000000040044a44        0x0 C:\Users\ajarr\AppData\Local\Temp\ccKm7u8h.o
 .data          0x0000000040044a44        0x0 C:\Users\ajarr\AppData\Local\Temp\ccj4ZHPo.o
 .data          0x0000000040044a44        0x0 C:\Users\ajarr\AppData\Local\Temp\ccX3EJcv.o
 .data          0x0000000040044a44        0x0 C:\Users\ajarr\AppData\Local\Temp\cc1EEzhc.o
 .data          0x0000000040044a44        0x0 C:\Users\ajarr\AppData\Local\Temp\ccly1SS8.o
 .data          0x0000000040044a44        0x0 C:\Users\ajarr\AppData\Local\Temp\cctFQ3i8.o
 .data          0x0000000040044a44        0x0 c:/opt/bcc-2.0.2-gcc/bin/../lib/gcc/sparc-gaisler-elf/7.2.0/../../../../sparc-gaisler-elf/lib/leon/mfix-at697f\libm.a(lib_a-s_atan.o)
 .data          0x0000000040044a44        0x0 c:/opt/bcc-2.0.2-gcc/bin/../lib/gcc/sparc-gaisler-elf/7.2.0/../../../../sparc-gaisler-elf/lib/leon/mfix-at697f\libm.a(lib_a-s_cos.o)
 .data          0x0000000040044a44        0x0 c:/opt/bcc-2.0.2-gcc/bin/../lib/gcc/sparc-gaisler-elf/7.2.0/../../../../sparc-gaisler-elf/lib/leon/mfix-at697f\libm.a(lib_a-s_fabs.o)
 .data          0x0000000040044a44        0x0 c:/opt/bcc-2.0.2-gcc/bin/../lib/gcc/sparc-gaisler-elf/7.2.0/../../../../sparc-gaisler-elf/lib/leon/mfix-at697f\libm.a(lib_a-s_floor.o)
 .data          0x0000000040044a44        0x0 c:/opt/bcc-2.0.2-gcc/bin/../lib/gcc/sparc-gaisler-elf/7.2.0/../../../../sparc-gaisler-elf/lib/leon/mfix-at697f\libm.a(lib_a-s_round.o)
 .data          0x0000000040044a44        0x0 c:/opt/bcc-2.0.2-gcc/bin/../lib/gcc/sparc-gaisler-elf/7.2.0/../../../../sparc-gaisler-elf/lib/leon/mfix-at697f\libm.a(lib_a-s_sin.o)
 .data          0x0000000040044a44        0x0 c:/opt/bcc-2.0.2-gcc/bin/../lib/gcc/sparc-gaisler-elf/7.2.0/../../../../sparc-gaisler-elf/lib/leon/mfix-at697f\libm.a(lib_a-s_tan.o)
 .data          0x0000000040044a44        0x0 c:/opt/bcc-2.0.2-gcc/bin/../lib/gcc/sparc-gaisler-elf/7.2.0/../../../../sparc-gaisler-elf/lib/leon/mfix-at697f\libm.a(lib_a-w_acos.o)
 .data          0x0000000040044a44        0x0 c:/opt/bcc-2.0.2-gcc/bin/../lib/gcc/sparc-gaisler-elf/7.2.0/../../../../sparc-gaisler-elf/lib/leon/mfix-at697f\libm.a(lib_a-w_asin.o)
 .data          0x0000000040044a44        0x0 c:/opt/bcc-2.0.2-gcc/bin/../lib/gcc/sparc-gaisler-elf/7.2.0/../../../../sparc-gaisler-elf/lib/leon/mfix-at697f\libm.a(lib_a-w_atan2.o)
 .data          0x0000000040044a44        0x0 c:/opt/bcc-2.0.2-gcc/bin/../lib/gcc/sparc-gaisler-elf/7.2.0/../../../../sparc-gaisler-elf/lib/leon/mfix-at697f\libm.a(lib_a-w_fmod.o)
 .data          0x0000000040044a44        0x0 c:/opt/bcc-2.0.2-gcc/bin/../lib/gcc/sparc-gaisler-elf/7.2.0/../../../../sparc-gaisler-elf/lib/leon/mfix-at697f\libm.a(lib_a-w_pow.o)
 .data          0x0000000040044a44        0x0 c:/opt/bcc-2.0.2-gcc/bin/../lib/gcc/sparc-gaisler-elf/7.2.0/../../../../sparc-gaisler-elf/lib/leon/mfix-at697f\libm.a(lib_a-w_sqrt.o)
 .data          0x0000000040044a44        0x0 c:/opt/bcc-2.0.2-gcc/bin/../lib/gcc/sparc-gaisler-elf/7.2.0/../../../../sparc-gaisler-elf/lib/leon/mfix-at697f\libm.a(lib_a-e_acos.o)
 .data          0x0000000040044a44        0x0 c:/opt/bcc-2.0.2-gcc/bin/../lib/gcc/sparc-gaisler-elf/7.2.0/../../../../sparc-gaisler-elf/lib/leon/mfix-at697f\libm.a(lib_a-e_asin.o)
 .data          0x0000000040044a44        0x0 c:/opt/bcc-2.0.2-gcc/bin/../lib/gcc/sparc-gaisler-elf/7.2.0/../../../../sparc-gaisler-elf/lib/leon/mfix-at697f\libm.a(lib_a-e_atan2.o)
 .data          0x0000000040044a44        0x0 c:/opt/bcc-2.0.2-gcc/bin/../lib/gcc/sparc-gaisler-elf/7.2.0/../../../../sparc-gaisler-elf/lib/leon/mfix-at697f\libm.a(lib_a-e_fmod.o)
 .data          0x0000000040044a44        0x0 c:/opt/bcc-2.0.2-gcc/bin/../lib/gcc/sparc-gaisler-elf/7.2.0/../../../../sparc-gaisler-elf/lib/leon/mfix-at697f\libm.a(lib_a-e_pow.o)
 .data          0x0000000040044a44        0x0 c:/opt/bcc-2.0.2-gcc/bin/../lib/gcc/sparc-gaisler-elf/7.2.0/../../../../sparc-gaisler-elf/lib/leon/mfix-at697f\libm.a(lib_a-e_rem_pio2.o)
 .data          0x0000000040044a44        0x0 c:/opt/bcc-2.0.2-gcc/bin/../lib/gcc/sparc-gaisler-elf/7.2.0/../../../../sparc-gaisler-elf/lib/leon/mfix-at697f\libm.a(lib_a-e_sqrt.o)
 .data          0x0000000040044a44        0x0 c:/opt/bcc-2.0.2-gcc/bin/../lib/gcc/sparc-gaisler-elf/7.2.0/../../../../sparc-gaisler-elf/lib/leon/mfix-at697f\libm.a(lib_a-k_cos.o)
 .data          0x0000000040044a44        0x0 c:/opt/bcc-2.0.2-gcc/bin/../lib/gcc/sparc-gaisler-elf/7.2.0/../../../../sparc-gaisler-elf/lib/leon/mfix-at697f\libm.a(lib_a-k_rem_pio2.o)
 .data          0x0000000040044a44        0x0 c:/opt/bcc-2.0.2-gcc/bin/../lib/gcc/sparc-gaisler-elf/7.2.0/../../../../sparc-gaisler-elf/lib/leon/mfix-at697f\libm.a(lib_a-k_sin.o)
 .data          0x0000000040044a44        0x0 c:/opt/bcc-2.0.2-gcc/bin/../lib/gcc/sparc-gaisler-elf/7.2.0/../../../../sparc-gaisler-elf/lib/leon/mfix-at697f\libm.a(lib_a-k_tan.o)
 .data          0x0000000040044a44        0x0 c:/opt/bcc-2.0.2-gcc/bin/../lib/gcc/sparc-gaisler-elf/7.2.0/../../../../sparc-gaisler-elf/lib/leon/mfix-at697f\libm.a(lib_a-s_finite.o)
 .data          0x0000000040044a44        0x4 c:/opt/bcc-2.0.2-gcc/bin/../lib/gcc/sparc-gaisler-elf/7.2.0/../../../../sparc-gaisler-elf/lib/leon/mfix-at697f\libm.a(lib_a-s_lib_ver.o)
                0x0000000040044a44                __fdlib_version
 .data          0x0000000040044a48        0x0 c:/opt/bcc-2.0.2-gcc/bin/../lib/gcc/sparc-gaisler-elf/7.2.0/../../../../sparc-gaisler-elf/lib/leon/mfix-at697f\libm.a(lib_a-s_matherr.o)
 .data          0x0000000040044a48        0x0 c:/opt/bcc-2.0.2-gcc/bin/../lib/gcc/sparc-gaisler-elf/7.2.0/../../../../sparc-gaisler-elf/lib/leon/mfix-at697f\libm.a(lib_a-s_nan.o)
 .data          0x0000000040044a48        0x0 c:/opt/bcc-2.0.2-gcc/bin/../lib/gcc/sparc-gaisler-elf/7.2.0/../../../../sparc-gaisler-elf/lib/leon/mfix-at697f\libm.a(lib_a-s_rint.o)
 .data          0x0000000040044a48        0x0 c:/opt/bcc-2.0.2-gcc/bin/../lib/gcc/sparc-gaisler-elf/7.2.0/../../../../sparc-gaisler-elf/lib/leon/mfix-at697f\libm.a(lib_a-s_scalbn.o)
 .data          0x0000000040044a48        0x0 c:/opt/bcc-2.0.2-gcc/bin/../lib/gcc/sparc-gaisler-elf/7.2.0/../../../../sparc-gaisler-elf/lib/leon/mfix-at697f\libm.a(lib_a-s_copysign.o)
 .data          0x0000000040044a48        0x0 c:/opt/bcc-2.0.2-gcc/bin/../sparc-gaisler-elf/bsp/leon2/leon/mfix-at697f\libbcc.a(reset_trap_mvt.S.o)
 .data          0x0000000040044a48        0x0 c:/opt/bcc-2.0.2-gcc/bin/../sparc-gaisler-elf/bsp/leon2/leon/mfix-at697f\libbcc.a(window_trap.S.o)
 .data          0x0000000040044a48        0x0 c:/opt/bcc-2.0.2-gcc/bin/../sparc-gaisler-elf/bsp/leon2/leon/mfix-at697f\libbcc.a(interrupt_trap.S.o)
 .data          0x0000000040044a48        0x0 c:/opt/bcc-2.0.2-gcc/bin/../sparc-gaisler-elf/bsp/leon2/leon/mfix-at697f\libbcc.a(flush_windows_trap.S.o)
 .data          0x0000000040044a48        0x0 c:/opt/bcc-2.0.2-gcc/bin/../sparc-gaisler-elf/bsp/leon2/leon/mfix-at697f\libbcc.a(sw_trap_set_pil.S.o)
 .data          0x0000000040044a48        0x0 c:/opt/bcc-2.0.2-gcc/bin/../sparc-gaisler-elf/bsp/leon2/leon/mfix-at697f\libbcc.a(trap.c.o)
 .data          0x0000000040044a48        0x0 c:/opt/bcc-2.0.2-gcc/bin/../sparc-gaisler-elf/bsp/leon2/leon/mfix-at697f\libbcc.a(isr.c.o)
 .data          0x0000000040044a48       0x10 c:/opt/bcc-2.0.2-gcc/bin/../sparc-gaisler-elf/bsp/leon2/leon/mfix-at697f\libbcc.a(int_nest.c.o)
                0x0000000040044a48                __bcc_int_nest
 .data          0x0000000040044a58        0x0 c:/opt/bcc-2.0.2-gcc/bin/../sparc-gaisler-elf/bsp/leon2/leon/mfix-at697f\libbcc.a(init.S.o)
 .data          0x0000000040044a58       0x10 c:/opt/bcc-2.0.2-gcc/bin/../sparc-gaisler-elf/bsp/leon2/leon/mfix-at697f\libbcc.a(leon_info.S.o)
                0x0000000040044a58                __bcc_leon_version
                0x0000000040044a5c                __bcc_nwindows_min1
                0x0000000040044a60                __bcc_nwindows
                0x0000000040044a64                __bcc_cpuid
 .data          0x0000000040044a68        0x0 c:/opt/bcc-2.0.2-gcc/bin/../sparc-gaisler-elf/bsp/leon2/leon/mfix-at697f\libbcc.a(dwzero.S.o)
 .data          0x0000000040044a68        0x0 c:/opt/bcc-2.0.2-gcc/bin/../sparc-gaisler-elf/bsp/leon2/leon/mfix-at697f\libbcc.a(copy_data.c.o)
 .data          0x0000000040044a68        0x0 c:/opt/bcc-2.0.2-gcc/bin/../sparc-gaisler-elf/bsp/leon2/leon/mfix-at697f\libbcc.a(lowlevel.S.o)
 .data          0x0000000040044a68        0x0 c:/opt/bcc-2.0.2-gcc/bin/../sparc-gaisler-elf/bsp/leon2/leon/mfix-at697f\libbcc.a(lowlevel_leon2.S.o)
 .data          0x0000000040044a68        0x0 c:/opt/bcc-2.0.2-gcc/bin/../sparc-gaisler-elf/bsp/leon2/leon/mfix-at697f\libbcc.a(int_leon2.c.o)
 .data          0x0000000040044a68        0x0 c:/opt/bcc-2.0.2-gcc/bin/../sparc-gaisler-elf/bsp/leon2/leon/mfix-at697f\libbcc.a(int_leon2_get_source.c.o)
 .data          0x0000000040044a68        0x0 c:/opt/bcc-2.0.2-gcc/bin/../sparc-gaisler-elf/bsp/leon2/leon/mfix-at697f\libbcc.a(int_leon2_init.c.o)
 .data          0x0000000040044a68        0x0 c:/opt/bcc-2.0.2-gcc/bin/../sparc-gaisler-elf/bsp/leon2/leon/mfix-at697f\libbcc.a(con_leon2.c.o)
 .data          0x0000000040044a68        0x0 c:/opt/bcc-2.0.2-gcc/bin/../sparc-gaisler-elf/bsp/leon2/leon/mfix-at697f\libbcc.a(timer_leon2.c.o)
 .data          0x0000000040044a68        0x0 c:/opt/bcc-2.0.2-gcc/bin/../sparc-gaisler-elf/bsp/leon2/leon/mfix-at697f\libbcc.a(set_pil.S.o)
 .data          0x0000000040044a68        0x4 c:/opt/bcc-2.0.2-gcc/bin/../sparc-gaisler-elf/bsp/leon2/leon/mfix-at697f\libbcc.a(int_leon2_handle.c.o)
                0x0000000040044a68                __bcc_int_handle
 .data          0x0000000040044a6c        0x4 c:/opt/bcc-2.0.2-gcc/bin/../sparc-gaisler-elf/bsp/leon2/leon/mfix-at697f\libbcc.a(con_handle.c.o)
                0x0000000040044a6c                __bcc_con_handle
 .data          0x0000000040044a70        0x8 c:/opt/bcc-2.0.2-gcc/bin/../sparc-gaisler-elf/bsp/leon2/leon/mfix-at697f\libbcc.a(timer_handle.c.o)
                0x0000000040044a70                __bcc_timer_interrupt
                0x0000000040044a74                __bcc_timer_handle
 .data          0x0000000040044a78        0x0 c:/opt/bcc-2.0.2-gcc/bin/../lib/gcc/sparc-gaisler-elf/7.2.0/../../../../sparc-gaisler-elf/lib/leon/mfix-at697f\libc.a(lib_a-atexit.o)
 .data          0x0000000040044a78        0x0 c:/opt/bcc-2.0.2-gcc/bin/../lib/gcc/sparc-gaisler-elf/7.2.0/../../../../sparc-gaisler-elf/lib/leon/mfix-at697f\libc.a(lib_a-errno.o)
 .data          0x0000000040044a78        0x0 c:/opt/bcc-2.0.2-gcc/bin/../lib/gcc/sparc-gaisler-elf/7.2.0/../../../../sparc-gaisler-elf/lib/leon/mfix-at697f\libc.a(lib_a-exit.o)
 .data          0x0000000040044a78       0x64 c:/opt/bcc-2.0.2-gcc/bin/../lib/gcc/sparc-gaisler-elf/7.2.0/../../../../sparc-gaisler-elf/lib/leon/mfix-at697f\libc.a(lib_a-impure.o)
                0x0000000040044a78                _impure_ptr
 .data          0x0000000040044adc        0x0 c:/opt/bcc-2.0.2-gcc/bin/../lib/gcc/sparc-gaisler-elf/7.2.0/../../../../sparc-gaisler-elf/lib/leon/mfix-at697f\libc.a(lib_a-memcpy.o)
 .data          0x0000000040044adc        0x0 c:/opt/bcc-2.0.2-gcc/bin/../lib/gcc/sparc-gaisler-elf/7.2.0/../../../../sparc-gaisler-elf/lib/leon/mfix-at697f\libc.a(lib_a-__atexit.o)
 .data          0x0000000040044adc        0x0 c:/opt/bcc-2.0.2-gcc/bin/../lib/gcc/sparc-gaisler-elf/7.2.0/../../../../sparc-gaisler-elf/lib/leon/mfix-at697f\libc.a(lib_a-__call_atexit.o)
 .data          0x0000000040044adc        0x0 c:/opt/bcc-2.0.2-gcc/bin/../sparc-gaisler-elf/bsp/leon2/leon/mfix-at697f\libbcc.a(_exit.S.o)
 .data          0x0000000040044adc        0x0 c:/opt/bcc-2.0.2-gcc/bin/../lib/gcc/sparc-gaisler-elf/7.2.0/leon/mfix-at697f/crtend.o
 .data          0x0000000040044adc        0x0 c:/opt/bcc-2.0.2-gcc/bin/../lib/gcc/sparc-gaisler-elf/7.2.0/leon/mfix-at697f/crtn.o
                0x0000000040044ae0                . = ALIGN (0x8)
 *fill*         0x0000000040044adc        0x4 
                0x0000000040044ae0                __data_end = .
                0x00000000400445a0                __data_start_lma = LOADADDR (.data)
                0x0000000000000540                __data_size = SIZEOF (.data)

.iplt           0x0000000040044ae0        0x0
 .iplt          0x0000000040044ae0        0x0 c:/opt/bcc-2.0.2-gcc/bin/../sparc-gaisler-elf/bsp/leon2/leon/mfix-at697f/trap_table_mvt.S.o

.tm_clone_table
                0x0000000040044ae0        0x0
 .tm_clone_table
                0x0000000040044ae0        0x0 c:/opt/bcc-2.0.2-gcc/bin/../lib/gcc/sparc-gaisler-elf/7.2.0/leon/mfix-at697f/crtbegin.o
 .tm_clone_table
                0x0000000040044ae0        0x0 c:/opt/bcc-2.0.2-gcc/bin/../lib/gcc/sparc-gaisler-elf/7.2.0/leon/mfix-at697f/crtend.o

.bss            0x0000000040044ae0    0x8e9b8
                0x0000000040044ae0                . = ALIGN (0x8)
                0x0000000040044ae0                __bss_start = .
 *(.bss .bss.*)
 .bss           0x0000000040044ae0        0x0 c:/opt/bcc-2.0.2-gcc/bin/../sparc-gaisler-elf/bsp/leon2/leon/mfix-at697f/trap_table_mvt.S.o
 .bss           0x0000000040044ae0        0x4 c:/opt/bcc-2.0.2-gcc/bin/../sparc-gaisler-elf/bsp/leon2/leon/mfix-at697f/crt0.S.o
                0x0000000040044ae0                __bcc_sp_at_entry
 .bss           0x0000000040044ae4        0x0 c:/opt/bcc-2.0.2-gcc/bin/../lib/gcc/sparc-gaisler-elf/7.2.0/leon/mfix-at697f/crti.o
 .bss           0x0000000040044ae4       0x20 c:/opt/bcc-2.0.2-gcc/bin/../lib/gcc/sparc-gaisler-elf/7.2.0/leon/mfix-at697f/crtbegin.o
 .bss           0x0000000040044b04        0x0 C:\Users\ajarr\AppData\Local\Temp\cc0Wwxdf.o
 .bss           0x0000000040044b04        0x1 C:\Users\ajarr\AppData\Local\Temp\ccrsfBcv.o
 *fill*         0x0000000040044b05        0x3 
 .bss           0x0000000040044b08        0x8 C:\Users\ajarr\AppData\Local\Temp\ccmh24f2.o
                0x0000000040044b08                test_st_sp
                0x0000000040044b09                filler_byte3
                0x0000000040044b0a                filler_byte2
                0x0000000040044b0b                filler_byte1
                0x0000000040044b0c                repeat_count
 .bss           0x0000000040044b10       0x22 C:\Users\ajarr\AppData\Local\Temp\ccoxHIjA.o
                0x0000000040044b10                Diff_stop_srl_num
                0x0000000040044b14                Diff_start_srl_num
                0x0000000040044b18                DTTC_count
                0x0000000040044b1c                head
                0x0000000040044b20                ATTC_count
                0x0000000040044b24                ATTC_exe_en
                0x0000000040044b28                ATTC_Master_en
                0x0000000040044b2c                Nodeptrempty_flag
                0x0000000040044b30                ComputedParity
                0x0000000040044b31                RcvdParity
 .bss           0x0000000040044b32        0x0 C:\Users\ajarr\AppData\Local\Temp\ccEsq7Ud.o
 .bss           0x0000000040044b32        0x0 C:\Users\ajarr\AppData\Local\Temp\cc9uLDIA.o
 .bss           0x0000000040044b32        0x0 C:\Users\ajarr\AppData\Local\Temp\ccsrqcI9.o
 *fill*         0x0000000040044b32        0x2 
 .bss           0x0000000040044b34        0x8 C:\Users\ajarr\AppData\Local\Temp\ccj3NpGT.o
                0x0000000040044b34                load_shedding_flag
                0x0000000040044b35                low_battery_voltage
                0x0000000040044b38                inter_HAL_EPS_Hardware_Status_count
 .bss           0x0000000040044b3c        0x4 C:\Users\ajarr\AppData\Local\Temp\ccKBuMZH.o
                0x0000000040044b3c                imu_count
 .bss           0x0000000040044b40        0x0 C:\Users\ajarr\AppData\Local\Temp\cchziRaG.o
 .bss           0x0000000040044b40        0xc C:\Users\ajarr\AppData\Local\Temp\ccFRd7PI.o
                0x0000000040044b40                gpstest
                0x0000000040044b44                gps_ready_bit
                0x0000000040044b48                gps_count
 .bss           0x0000000040044b4c        0x0 C:\Users\ajarr\AppData\Local\Temp\ccVbk5TZ.o
 .bss           0x0000000040044b4c        0x4 C:\Users\ajarr\AppData\Local\Temp\ccDQV1dt.o
                0x0000000040044b4c                MTR_Reset_Flag
 .bss           0x0000000040044b50        0xe C:\Users\ajarr\AppData\Local\Temp\ccvCozXc.o
                0x0000000040044b5c                crc_test
 *fill*         0x0000000040044b5e        0x2 
 .bss           0x0000000040044b60       0x18 C:\Users\ajarr\AppData\Local\Temp\ccBvFWY4.o
                0x0000000040044b60                SA2_status
                0x0000000040044b64                SA1_status
                0x0000000040044b68                TC_HAL_SA_Deploy
                0x0000000040044b6c                SA_Command_Type
                0x0000000040044b70                SA2_Deploy_cmd_rcvd_time
                0x0000000040044b74                SA1_Deploy_cmd_rcvd_time
 .bss           0x0000000040044b78        0x0 C:\Users\ajarr\AppData\Local\Temp\ccEQV79w.o
 .bss           0x0000000040044b78        0x0 C:\Users\ajarr\AppData\Local\Temp\cclKViTp.o
 .bss           0x0000000040044b78        0x0 C:\Users\ajarr\AppData\Local\Temp\ccAbE4Xq.o
 .bss           0x0000000040044b78        0x0 C:\Users\ajarr\AppData\Local\Temp\ccQ0IdyJ.o
 .bss           0x0000000040044b78        0x0 C:\Users\ajarr\AppData\Local\Temp\ccsfbFjf.o
 .bss           0x0000000040044b78        0x0 C:\Users\ajarr\AppData\Local\Temp\ccKm7u8h.o
 .bss           0x0000000040044b78        0x0 C:\Users\ajarr\AppData\Local\Temp\ccj4ZHPo.o
 .bss           0x0000000040044b78       0x30 C:\Users\ajarr\AppData\Local\Temp\ccX3EJcv.o