Archive member included to satisfy reference by file (symbol)

c:/opt/bcc-2.0.2-gcc/bin/../lib/gcc/sparc-gaisler-elf/7.2.0/../../../../sparc-gaisler-elf/lib/leon/mfix-at697f\libm.a(lib_a-s_atan.o)
                              C:\Users\Bhagawat\AppData\Local\Temp\ccKYnVyC.o (atan)
c:/opt/bcc-2.0.2-gcc/bin/../lib/gcc/sparc-gaisler-elf/7.2.0/../../../../sparc-gaisler-elf/lib/leon/mfix-at697f\libm.a(lib_a-s_cos.o)
                              C:\Users\Bhagawat\AppData\Local\Temp\cckBiMS5.o (cos)
c:/opt/bcc-2.0.2-gcc/bin/../lib/gcc/sparc-gaisler-elf/7.2.0/../../../../sparc-gaisler-elf/lib/leon/mfix-at697f\libm.a(lib_a-s_fabs.o)
                              c:/opt/bcc-2.0.2-gcc/bin/../lib/gcc/sparc-gaisler-elf/7.2.0/../../../../sparc-gaisler-elf/lib/leon/mfix-at697f\libm.a(lib_a-s_atan.o) (fabs)
c:/opt/bcc-2.0.2-gcc/bin/../lib/gcc/sparc-gaisler-elf/7.2.0/../../../../sparc-gaisler-elf/lib/leon/mfix-at697f\libm.a(lib_a-s_floor.o)
                              C:\Users\Bhagawat\AppData\Local\Temp\cc7ySlhF.o (floor)
c:/opt/bcc-2.0.2-gcc/bin/../lib/gcc/sparc-gaisler-elf/7.2.0/../../../../sparc-gaisler-elf/lib/leon/mfix-at697f\libm.a(lib_a-s_round.o)
                              C:\Users\Bhagawat\AppData\Local\Temp\cc20Fjnl.o (round)
c:/opt/bcc-2.0.2-gcc/bin/../lib/gcc/sparc-gaisler-elf/7.2.0/../../../../sparc-gaisler-elf/lib/leon/mfix-at697f\libm.a(lib_a-s_sin.o)
                              C:\Users\Bhagawat\AppData\Local\Temp\cckBiMS5.o (sin)
c:/opt/bcc-2.0.2-gcc/bin/../lib/gcc/sparc-gaisler-elf/7.2.0/../../../../sparc-gaisler-elf/lib/leon/mfix-at697f\libm.a(lib_a-s_tan.o)
                              C:\Users\Bhagawat\AppData\Local\Temp\ccKYnVyC.o (tan)
c:/opt/bcc-2.0.2-gcc/bin/../lib/gcc/sparc-gaisler-elf/7.2.0/../../../../sparc-gaisler-elf/lib/leon/mfix-at697f\libm.a(lib_a-w_acos.o)
                              C:\Users\Bhagawat\AppData\Local\Temp\ccWu4cXl.o (acos)
c:/opt/bcc-2.0.2-gcc/bin/../lib/gcc/sparc-gaisler-elf/7.2.0/../../../../sparc-gaisler-elf/lib/leon/mfix-at697f\libm.a(lib_a-w_asin.o)
                              C:\Users\Bhagawat\AppData\Local\Temp\cc7ySlhF.o (asin)
c:/opt/bcc-2.0.2-gcc/bin/../lib/gcc/sparc-gaisler-elf/7.2.0/../../../../sparc-gaisler-elf/lib/leon/mfix-at697f\libm.a(lib_a-w_atan2.o)
                              C:\Users\Bhagawat\AppData\Local\Temp\ccKYnVyC.o (atan2)
c:/opt/bcc-2.0.2-gcc/bin/../lib/gcc/sparc-gaisler-elf/7.2.0/../../../../sparc-gaisler-elf/lib/leon/mfix-at697f\libm.a(lib_a-w_fmod.o)
                              C:\Users\Bhagawat\AppData\Local\Temp\cc7ySlhF.o (fmod)
c:/opt/bcc-2.0.2-gcc/bin/../lib/gcc/sparc-gaisler-elf/7.2.0/../../../../sparc-gaisler-elf/lib/leon/mfix-at697f\libm.a(lib_a-w_pow.o)
                              C:\Users\Bhagawat\AppData\Local\Temp\ccWu4cXl.o (pow)
c:/opt/bcc-2.0.2-gcc/bin/../lib/gcc/sparc-gaisler-elf/7.2.0/../../../../sparc-gaisler-elf/lib/leon/mfix-at697f\libm.a(lib_a-w_sqrt.o)
                              C:\Users\Bhagawat\AppData\Local\Temp\ccRS8WVk.o (sqrt)
c:/opt/bcc-2.0.2-gcc/bin/../lib/gcc/sparc-gaisler-elf/7.2.0/../../../../sparc-gaisler-elf/lib/leon/mfix-at697f\libm.a(lib_a-e_acos.o)
                              c:/opt/bcc-2.0.2-gcc/bin/../lib/gcc/sparc-gaisler-elf/7.2.0/../../../../sparc-gaisler-elf/lib/leon/mfix-at697f\libm.a(lib_a-w_acos.o) (__ieee754_acos)
c:/opt/bcc-2.0.2-gcc/bin/../lib/gcc/sparc-gaisler-elf/7.2.0/../../../../sparc-gaisler-elf/lib/leon/mfix-at697f\libm.a(lib_a-e_asin.o)
                              c:/opt/bcc-2.0.2-gcc/bin/../lib/gcc/sparc-gaisler-elf/7.2.0/../../../../sparc-gaisler-elf/lib/leon/mfix-at697f\libm.a(lib_a-w_asin.o) (__ieee754_asin)
c:/opt/bcc-2.0.2-gcc/bin/../lib/gcc/sparc-gaisler-elf/7.2.0/../../../../sparc-gaisler-elf/lib/leon/mfix-at697f\libm.a(lib_a-e_atan2.o)
                              c:/opt/bcc-2.0.2-gcc/bin/../lib/gcc/sparc-gaisler-elf/7.2.0/../../../../sparc-gaisler-elf/lib/leon/mfix-at697f\libm.a(lib_a-w_atan2.o) (__ieee754_atan2)
c:/opt/bcc-2.0.2-gcc/bin/../lib/gcc/sparc-gaisler-elf/7.2.0/../../../../sparc-gaisler-elf/lib/leon/mfix-at697f\libm.a(lib_a-e_fmod.o)
                              c:/opt/bcc-2.0.2-gcc/bin/../lib/gcc/sparc-gaisler-elf/7.2.0/../../../../sparc-gaisler-elf/lib/leon/mfix-at697f\libm.a(lib_a-w_fmod.o) (__ieee754_fmod)
c:/opt/bcc-2.0.2-gcc/bin/../lib/gcc/sparc-gaisler-elf/7.2.0/../../../../sparc-gaisler-elf/lib/leon/mfix-at697f\libm.a(lib_a-e_pow.o)
                              c:/opt/bcc-2.0.2-gcc/bin/../lib/gcc/sparc-gaisler-elf/7.2.0/../../../../sparc-gaisler-elf/lib/leon/mfix-at697f\libm.a(lib_a-w_pow.o) (__ieee754_pow)
c:/opt/bcc-2.0.2-gcc/bin/../lib/gcc/sparc-gaisler-elf/7.2.0/../../../../sparc-gaisler-elf/lib/leon/mfix-at697f\libm.a(lib_a-e_rem_pio2.o)
                              c:/opt/bcc-2.0.2-gcc/bin/../lib/gcc/sparc-gaisler-elf/7.2.0/../../../../sparc-gaisler-elf/lib/leon/mfix-at697f\libm.a(lib_a-s_cos.o) (__ieee754_rem_pio2)
[...]
Memory Configuration

Name             Origin             Length             Attributes
rom              0x0000000000000000 0x0000000020000000
ram              0x0000000040000000 0x0000000040000000
*default*        0x0000000000000000 0xffffffffffffffff

Linker script and memory map

LOAD c:/opt/bcc-2.0.2-gcc/bin/../sparc-gaisler-elf/bsp/leon2/leon/mfix-at697f/trap_table_mvt.S.o
LOAD c:/opt/bcc-2.0.2-gcc/bin/../sparc-gaisler-elf/bsp/leon2/leon/mfix-at697f/crt0.S.o
LOAD c:/opt/bcc-2.0.2-gcc/bin/../lib/gcc/sparc-gaisler-elf/7.2.0/leon/mfix-at697f/crti.o
LOAD c:/opt/bcc-2.0.2-gcc/bin/../lib/gcc/sparc-gaisler-elf/7.2.0/leon/mfix-at697f/crtbegin.o
LOAD C:\Users\Bhagawat\AppData\Local\Temp\ccWOtHc0.o
LOAD C:\Users\Bhagawat\AppData\Local\Temp\ccj5e6Ld.o
LOAD C:\Users\Bhagawat\AppData\Local\Temp\ccPkWKso.o
LOAD C:\Users\Bhagawat\AppData\Local\Temp\cckBiMS5.o
LOAD C:\Users\Bhagawat\AppData\Local\Temp\cc3GPJLR.o
LOAD C:\Users\Bhagawat\AppData\Local\Temp\cczvf2rF.o
LOAD C:\Users\Bhagawat\AppData\Local\Temp\ccvBLCOM.o
LOAD C:\Users\Bhagawat\AppData\Local\Temp\cc4ulDLW.o
LOAD C:\Users\Bhagawat\AppData\Local\Temp\ccL8oyRh.o
LOAD C:\Users\Bhagawat\AppData\Local\Temp\cc0Fw3XN.o
LOAD C:\Users\Bhagawat\AppData\Local\Temp\cc3mYYMF.o
LOAD C:\Users\Bhagawat\AppData\Local\Temp\ccfkUOWK.o
LOAD C:\Users\Bhagawat\AppData\Local\Temp\ccTzSej7.o
LOAD C:\Users\Bhagawat\AppData\Local\Temp\cc5uTzbU.o
LOAD C:\Users\Bhagawat\AppData\Local\Temp\ccto8VdS.o
LOAD C:\Users\Bhagawat\AppData\Local\Temp\ccRS8WVk.o
LOAD C:\Users\Bhagawat\AppData\Local\Temp\ccWu4cXl.o
LOAD C:\Users\Bhagawat\AppData\Local\Temp\ccn8cIhx.o
LOAD C:\Users\Bhagawat\AppData\Local\Temp\cc20Fjnl.o
LOAD C:\Users\Bhagawat\AppData\Local\Temp\ccABHWUm.o
LOAD C:\Users\Bhagawat\AppData\Local\Temp\ccNdQ3h9.o
LOAD C:\Users\Bhagawat\AppData\Local\Temp\ccKYnVyC.o
LOAD C:\Users\Bhagawat\AppData\Local\Temp\ccnxmtke.o
LOAD C:\Users\Bhagawat\AppData\Local\Temp\cc7ySlhF.o
LOAD C:\Users\Bhagawat\AppData\Local\Temp\cc1tWkht.o
LOAD C:\Users\Bhagawat\AppData\Local\Temp\ccZOEw4u.o
LOAD c:/opt/bcc-2.0.2-gcc/bin/../lib/gcc/sparc-gaisler-elf/7.2.0/../../../../sparc-gaisler-elf/lib/leon/mfix-at697f\libm.a
                0x0000000000000000                PROVIDE (__bcc_cfg_skip_clear_bss, 0x0)

.text           0x0000000040000000    0x46ed0
 CREATE_OBJECT_SYMBOLS
                0x0000000040000000                __text_start = .
                0x0000000040000000                . = ALIGN (0x1000)
 *(.text.traptable)
 .text.traptable
                0x0000000040000000     0x1000 c:/opt/bcc-2.0.2-gcc/bin/../sparc-gaisler-elf/bsp/leon2/leon/mfix-at697f/trap_table_mvt.S.o
                0x0000000040000000                __bcc_entry_point
                0x0000000040000000                __bcc_trap_table
 *(.text .text.*)
 .text          0x0000000040001000        0x0 c:/opt/bcc-2.0.2-gcc/bin/../sparc-gaisler-elf/bsp/leon2/leon/mfix-at697f/trap_table_mvt.S.o
 .text          0x0000000040001000       0xb8 c:/opt/bcc-2.0.2-gcc/bin/../sparc-gaisler-elf/bsp/leon2/leon/mfix-at697f/crt0.S.o
                0x0000000040001000                __bcc_crt0
 .text          0x00000000400010b8        0x0 c:/opt/bcc-2.0.2-gcc/bin/../lib/gcc/sparc-gaisler-elf/7.2.0/leon/mfix-at697f/crti.o
 .text          0x00000000400010b8      0x180 c:/opt/bcc-2.0.2-gcc/bin/../lib/gcc/sparc-gaisler-elf/7.2.0/leon/mfix-at697f/crtbegin.o
 .text          0x0000000040001238      0x974 C:\Users\Bhagawat\AppData\Local\Temp\ccWOtHc0.o
                0x0000000040001238                rMinCycle_Wait
                0x00000000400012d4                OBC_Process
                0x0000000040001b5c                rMinCycle_Flag_Reset
 .text.startup  0x0000000040001bac       0xa0 C:\Users\Bhagawat\AppData\Local\Temp\ccWOtHc0.o
                0x0000000040001bac                main
 .text          0x0000000040001c4c      0xab0 C:\Users\Bhagawat\AppData\Local\Temp\ccj5e6Ld.o
                0x0000000040001c6c                Init_Memory
                0x0000000040001ca0                checksum_u32
                0x0000000040001d0c                checksum_u8
                0x0000000040001d60                rOutput_Latch_Update
                0x0000000040001f3c                ST_output_update
                0x0000000040002154                NMI_interrupt_test
                0x0000000040002210                MUX_Output
                0x0000000040002550                EEPROM_RST
                0x0000000040002584                EEPROM_RES
                0x00000000400025b4                s_ram_scrub
                0x0000000040002630                prom_chksum
 .text          0x00000000400026fc     0xd824 C:\Users\Bhagawat\AppData\Local\Temp\ccPkWKso.o
                0x00000000400028e8                rHAL_TM_Write
                0x0000000040002b48                rHAL_TM_HW_Status_Update
                0x0000000040002c80                rTM_Address_Table_Init
                0x000000004000c900                rTM_Copy_Subframe
                0x000000004000c970                Sampling_Rate_Select
                0x000000004000c9cc                Frame_Address_Select
                0x000000004000cb38                rTCH_full_dump_cpy_buf
                0x000000004000ccac                rTCH_dump_cpy_buf
                0x000000004000d050                TC_Hist_dumping
                0x000000004000d09c                copy_frame
                0x000000004000d154                ST_Copy_Subframe
                0x000000004000d618                StorageTelemetry
                0x000000004000d6b0                Storage_Telemetry_Write
                0x000000004000d6d8                Norm_ST_1_Table_Init
                0x000000004000ef9c                Spec_ST_Table_Init
                0x000000004000fc38                ST_DUMPING
                0x000000004000fd9c                rTM_Real_st_write
                0x000000004000fedc                ST_full_dump
 .text          0x000000004000ff20     0x73fc C:\Users\Bhagawat\AppData\Local\Temp\cckBiMS5.o
                0x0000000040010118                TC_IMU1_On
                0x0000000040010158                TC_IMU2_On
                0x0000000040010198                TC_IMU1_Off
                0x00000000400101d8                TC_IMU2_Off
                0x0000000040010218                TC_NMI_count_reset
                0x000000004001022c                TC_GPS1_ON
                0x000000004001025c                TC_GPS1_OFF
                0x0000000040010290                TC_GPS2_on
                0x00000000400102c4                TC_GPS2_off
                0x00000000400102fc                TC_W1_ON
                0x000000004001032c                TC_W2_ON
                0x0000000040010360                TC_W3_ON
                0x0000000040010390                TC_W4_ON
                0x00000000400103c0                TC_W1_OFF
                0x00000000400103f0                TC_W2_OFF
                0x0000000040010420                TC_W3_OFF
                0x0000000040010450                TC_W4_OFF
                0x0000000040010480                rTC_Detumbling_ModePreprocessing_BDOT
                0x0000000040010490                rTC_Detumbling_ModePreprocessing_GYRO
                0x00000000400104a0                rTC_SunAcquisition_ModePreprocessing
                0x00000000400104b0                rTC_ThreeAxis_ModePreprocessing
                0x00000000400104c0                rTC_Suspended_ModePreprocessing
                0x00000000400104cc                PL_K_CMD_HLT
                0x00000000400104fc                rTLE_Update
                0x000000004001080c                Antenna_mechanism_ON
                0x000000004001083c                Antenna_mechanism_OFF
                0x000000004001086c                S_band_tx_on
                0x000000004001089c                S_band_tx_off
                0x00000000400108cc                SA_DEPLOYMENT_MECHANISM_MAIN_OFF
                0x0000000040010900                SA_DEPLOYMENT_MECHANISM_RED_OFF
                0x0000000040010934                sunlit
                0x0000000040010944                eclipse
                0x0000000040010950                Sunlit_eclipse_both
                0x0000000040010960                rSafe_mode_PreProcessing
                0x0000000040010970                eeprom_en
                0x0000000040010980                eeprom_dis
                0x000000004001098c                TC_ATTC_CMD_clear
                0x0000000040010a4c                rElapsedTimerAssign
                0x0000000040010a9c                imu1_db_execute
                0x0000000040010aa8                imu2_db_execute
                0x0000000040010ab4                TC_ACC_Ang_RESET
                0x0000000040010ac0                TC_GPS1_NMEA_VTG_enable
                0x0000000040010aec                TC_GPS1_NMEA_VTG_disable
                0x0000000040010b18                TC_GPS1_NMEA_GGA_enable
                0x0000000040010b44                TC_GPS1_NMEA_GGA_disable
                0x0000000040010b70                TC_GPS1_NMEA_GSA_enable
                0x0000000040010b9c                TC_GPS1_NMEA_GSA_disable
                0x0000000040010bc8                TC_GPS1_cold_start
                0x0000000040010bf4                TC_GPS1_factory_reset
                0x0000000040010c20                TC_GPS2_NMEA_VTG_enable
                0x0000000040010c4c                TC_GPS2_NMEA_VTG_disable
                0x0000000040010c78                TC_GPS2_NMEA_GGA_enable
                0x0000000040010ca4                TC_GPS2_NMEA_GGA_disable
                0x0000000040010cd0                TC_GPS2_NMEA_GSA_enable
                0x0000000040010cfc                TC_GPS2_NMEA_GSA_disable
                0x0000000040010d28                TC_GPS2_cold_start
                0x0000000040010d54                TC_GPS2_factory_reset
                0x0000000040010d80                TC_GPS1_NMEA_NMEA_GSV_Enable
                0x0000000040010dac                TC_GPS1_NMEA_NMEA_GSV_disable
                0x0000000040010dd8                TC_GPS2_NMEA_NMEA_GSV_Enable
                0x0000000040010e04                TC_GPS2_NMEA_NMEA_GSV_disable
                0x0000000040010e30                TC_MTR_ON
                0x0000000040010e3c                TC_MTR_OFF
                0x0000000040010e48                payload_1_on
                0x0000000040010e70                payload_1_off
                0x0000000040010e7c                PL_K_CMD_STS
                0x0000000040010e88                PL_K_CMD_ACQ
                0x0000000040010e94                PL_K_DIAG
                0x0000000040010ea0                PL_K_CMD_OFF
                0x0000000040010eac                PL_K_CMD_ON
                0x0000000040010eb8                ss_main_db_execute
                0x0000000040010ec4                ss_redundant_db_execute
                0x0000000040010ed0                TC_init_RW1
                0x0000000040010f04                TC_init_RW2
                0x0000000040010f38                TC_init_RW3
                0x0000000040010f6c                TC_init_RW4
                0x0000000040010fa0                TC_MTR_Yaw_Positive
                0x0000000040010fb4                TC_MTR_Yaw_Negative
                0x0000000040010fc8                TC_MTR_Pitch_Positive
                0x0000000040010fdc                TC_MTR_Pitch_Negative
                0x0000000040010ff0                TC_MTR_Roll_Positive
                0x0000000040011004                TC_MTR_Roll_Negative
                0x0000000040011018                TC_MTR_Roll_No_cuurent
                0x000000004001102c                TC_MTR_Pitch_No_cuurent
                0x0000000040011040                TC_MTR_Yaw_No_cuurent
                0x0000000040011054                payload_2_on
                0x000000004001107c                payload_2_off
                0x0000000040011088                X_band_tx_on
                0x00000000400110b0                X_band_tx_off
                0x00000000400110bc                SA_DEPLOYMENT_MECHANISM_MAIN_ON
                0x00000000400110c8                SA_DEPLOYMENT_MECHANISM_RED_ON
                0x00000000400110d4                Antenna_mechanism_arm
                0x00000000400110e0                Antenna_deploy
                0x00000000400110ec                Antenna_mechanism_disarm
                0x00000000400110f8                TC_pl_debug
                0x0000000040011104                TC_TM_DS_EN
                0x0000000040011110                Antenna_RESET_command
                0x000000004001111c                Antenna_deploy_with_override
                0x0000000040011128                Antenna_system_temp
                0x0000000040011134                Antenna_deploy_status_report
                0x0000000040011140                Antenna_deploy_activation_count
                0x000000004001114c                Antenna_deploy_activation_time
                0x0000000040011158                rTC_ref_snv_bias_q_update
                0x0000000040011228                rTC_ref_stn_bias_q_update
                0x0000000040011354                rTC_ref_q_gnd_update
                0x0000000040011480                TC_q_body_init
                0x00000000400116b0                TC_pl_tm
                0x00000000400116b8                imu1_db_checksum
                0x00000000400116c0                imu2_db_checksum
                0x00000000400116c8                imu_test_sys_sel
                0x00000000400116d0                TC_Drift_Uplink_Compenstation_Update_IMU1
                0x00000000400116d8                TC_Drift_Uplink_Compenstation_Update_IMU2
                0x00000000400116e0                TC_Gyro_Misalignment_Update_IMU1
                0x00000000400116e8                TC_Gyro_Misalignment_Update_IMU2
                0x00000000400116f0                TC_Gyro_Scale_Factor_Update_IMU1
                0x00000000400116f8                TC_Gyro_Scale_Factor_Update_IMU2
                0x0000000040011700                TC_MagBias_Uplink_Compenstation_Update_IMU1
                0x0000000040011708                TC_MagBias_Uplink_Compenstation_Update_IMU2
                0x0000000040011710                TC_Mag_Misalignment_Update_IMU1
                0x0000000040011718                TC_Mag_Misalignment_Update_IMU2
                0x0000000040011720                TC_Mag_Scale_Factor_Update_IMU1
                0x0000000040011728                TC_Mag_Scale_Factor_Update_IMU2
                0x0000000040011730                TC_Mag_LPF_Gain_Update_IMU1
                0x0000000040011738                TC_Mag_LPF_Gain_Update_IMU2
                0x0000000040011740                TC_Gyro_LPF_Gain_Update_IMU1
                0x0000000040011748                TC_Gyro_LPF_Gain_Update_IMU2
                0x0000000040011750                TC_Panel2_Deploy
                0x0000000040011758                TC_Nominal_wheel_speed_execute
                0x0000000040011760                Pitch_Torquer_ON
                0x0000000040011768                Yaw_Torquer_ON
                0x0000000040011770                Pitch_Torquer_OFF
                0x0000000040011778                Yaw_Torquer_OFF
                0x0000000040011780                rHeater1_on
                0x0000000040011788                rHeater1_off
                0x0000000040011790                rHeater2_on
                0x0000000040011798                rHeater2_off
                0x00000000400117a0                rHeater3_on
                0x00000000400117a8                rHeater3_off
                0x00000000400117b0                rHeater4_on
                0x00000000400117b8                rHeater4_off
                0x00000000400117c0                rHeater5_on
                0x00000000400117c8                rHeater5_off
                0x00000000400117d0                rHeater6_on
                0x00000000400117d8                rHeater6_off
                0x00000000400117e0                RX_TX_deployed
                0x00000000400117e8                ss_main_db_checksum
                0x00000000400117f0                ss_redundant_db_checksum
                0x00000000400117f8                OBC_ON
                0x0000000040011800                OBC_OFF
                0x0000000040011808                SA1_DEPLOYMENT_AND_SA2_DEPLOYMENT_REDUNDANT_SPARE_BUS_ON
                0x0000000040011810                SA1_DEPLOYMENT_AND_SA2_DEPLOYMENT_REDUNDANT_SPARE_BUS_OFF
                0x0000000040011818                Test_ON
                0x0000000040011820                Test_OFF
                0x0000000040011828                rTC_write_tC_history
                0x0000000040011850                TC_status_reset
                0x0000000040011864                rContingency_TC
                0x000000004001186c                rData_TC
                0x0000000040011dd0                rADCS_Data_TC
                0x000000004001324c                rRemote_base_addr_TC
                0x00000000400132fc                rRemote_data_view
                0x0000000040013378                rBoolean_TC
                0x00000000400133c8                rFuncExecute_TC
                0x000000004001342c                rRemoteProgram_Addr_TC
                0x0000000040013480                rRemoteProgram_Data_TC
                0x00000000400134ac                rDifferential_TimeTag_TC
                0x0000000040013508                initNodetable
                0x0000000040013544                getNode
                0x0000000040013580                freeNode
                0x00000000400135b8                rAbsoluteTTC_Update
                0x0000000040013770                rAbsolute_TimeTag_TC
                0x000000004001377c                rDifferential_TimeTag_Update
                0x00000000400137d8                rDifferential_TimeTag_Execute
                0x0000000040013930                rDifferentialTTC_Execute
                0x000000004001393c                rAbsoluteTTC_Delete
                0x0000000040013b44                rAbsoluteTTC_Clear
                0x0000000040013c04                rInit_Block
                0x0000000040013c4c                Block_update
                0x0000000040013ec8                rBlock_TC
                0x0000000040013ed4                TMTC_Assignment
                0x00000000400147a8                invertReverse
                0x00000000400147d0                BCHEncoder
                0x0000000040014970                rHAL_TC_Read
                0x0000000040014c3c                TC_detumbling_rate_gain_1
                0x0000000040015080                TC_detumbling_bdot_gain_1
                0x00000000400154c4                TC_BDOT_Det_Thresh_1
                0x0000000040015658                TC_GYRO_Det_Min_Thres_1
                0x00000000400157ec                rTc_nominal_speed_RW1
                0x00000000400158c8                rTc_nominal_speed_RW2
                0x00000000400159a4                rTc_nominal_speed_RW3
                0x0000000040015a80                rTc_nominal_speed_RW4
                0x0000000040015b5c                TC_AngMomDump_Thrsld_1
                0x0000000040015cf0                TC_SpeedDump_Thrsld_1
                0x0000000040015e1c                TC_SpeedDump_TimeSelect_1
                0x0000000040015fb0                TC_comd_pitch_rate_1
                0x0000000040016144                TC_Gyro_LPF_Gain_IMU1_1
                0x000000004001637c                TC_Gyro_LPF_Gain_IMU2_1
                0x00000000400165b4                TC_Mag_LPF_Gain_IMU1_1
                0x00000000400167ec                TC_Mag_LPF_Gain_IMU2_1
                0x0000000040016a24                TC_Wheel_Cutoff_Threshold_1
                0x0000000040016bb8                adcsgains
                0x0000000040016ccc                rGainSelect_TC
                0x0000000040016d20                rReal_Time_TC
                0x0000000040016fa4                rTelecommand
                0x000000004001711c                rAbsoluteTTC_Execute
                0x000000004001723c                rBlockTC_Execute
 .text          0x000000004001731c       0x38 C:\Users\Bhagawat\AppData\Local\Temp\cc3GPJLR.o
                0x000000004001731c                fdi_nmi_int_handler
 .text          0x0000000040017354     0x169c C:\Users\Bhagawat\AppData\Local\Temp\cczvf2rF.o
                0x0000000040017354                rPOR_Init
 .text          0x00000000400189f0      0xd00 C:\Users\Bhagawat\AppData\Local\Temp\ccvBLCOM.o
                0x0000000040018a18                rHAL_pl1_ON
                0x0000000040018a98                rHAL_pl1_OFF
                0x0000000040018ae8                rHAL_pl2_ON
                0x0000000040018b68                rHAL_pl2_OFF
                0x0000000040018bb8                rHAL_tm_ds_en
                0x0000000040018bf4                rHAL_X_Tx_ON
                0x0000000040018c28                rHAL_X_Tx_OFF
                0x0000000040018c5c                rHAL_pl_sts_check
                0x0000000040018c8c                rHAL_pl_cmd_hlt
                0x0000000040018d04                rHAL_pl_debug
                0x0000000040018dc4                rHAL_pl_x_tx_data_on
                0x0000000040018eb4                rHAL_pl_cmd_acq
                0x0000000040018f94                rHAL_pl_x_tx_data_off
                0x0000000040018fd4                rHAL_pl_diag
                0x000000004001904c                pl_tx_tm
                0x0000000040019174                pl_tx_tm_2
                0x0000000040019244                rpl_read
                0x0000000040019330                rpl_tm_write
 .text          0x00000000400196f0      0x4a8 C:\Users\Bhagawat\AppData\Local\Temp\cc4ulDLW.o
                0x00000000400196f0                rHAL_EPS_Hardware_Status
                0x0000000040019758                rHAL_Battery_load_shedding
                0x00000000400197b4                rHAL_EPS_shunt_switch
 .text          0x0000000040019b98      0x1b4 C:\Users\Bhagawat\AppData\Local\Temp\ccL8oyRh.o
                0x0000000040019b98                rIMU_Init
                0x0000000040019c04                HAL_IMU_Read
 .text          0x0000000040019d4c      0x3b4 C:\Users\Bhagawat\AppData\Local\Temp\cc0Fw3XN.o
                0x0000000040019d4c                rHAL_ADC_Read
                0x0000000040019da8                rHAL_ADC_TM_Copy
                0x0000000040019fd4                sun_Sensor_data
                0x000000004001a0e8                rHAL_ADC_StatusREG_Enable
 .text          0x000000004001a100      0xfe0 C:\Users\Bhagawat\AppData\Local\Temp\cc3mYYMF.o
                0x000000004001a100                rGPS_Buffer_Init
                0x000000004001a368                rGPS_pulsecheck
                0x000000004001a404                rHAL_GPS_Read
                0x000000004001a624                GPS_1_DATA
                0x000000004001a688                rHAL_GPS_Config
                0x000000004001ad88                rGPS_TM_Extract
                0x000000004001b07c                ST_TM_gps_data
 .text          0x000000004001b0e0     0x1114 C:\Users\Bhagawat\AppData\Local\Temp\ccfkUOWK.o
                0x000000004001b0e0                Thermister_select
                0x000000004001b124                UTP_selection
                0x000000004001b178                LTP_selection
                0x000000004001b1d8                Heater_1_auto_control
                0x000000004001b248                Heater_2_auto_control
                0x000000004001b2b8                Heater_3_auto_control
                0x000000004001b328                Heater_4_auto_control
                0x000000004001b398                Heater_5_auto_control
                0x000000004001b408                Heater_6_auto_control
                0x000000004001b478                Heater_7_auto_control
                0x000000004001b4cc                Heater_8_auto_control
                0x000000004001b520                Heater_9_auto_control
                0x000000004001b574                Heater_10_auto_control
                0x000000004001b5c8                Heater_11_auto_control
                0x000000004001b61c                Heater_12_auto_control
                0x000000004001b670                Heater_13_auto_control
                0x000000004001b6cc                Heater_14_auto_control
                0x000000004001b728                Heater_1_manual_control
                0x000000004001b794                Heater_2_manual_control
                0x000000004001b800                Heater_3_manual_control
                0x000000004001b86c                Heater_4_manual_control
                0x000000004001b8d8                Heater_5_manual_control
                0x000000004001b944                Heater_6_manual_control
                0x000000004001b9b0                Heater_control_auto_manual
                0x000000004001c054                Heater_7_manual_control
                0x000000004001c084                Heater_8_manual_control
                0x000000004001c0b4                Heater_9_manual_control
                0x000000004001c0e4                Heater_10_manual_control
                0x000000004001c114                Heater_11_manual_control
                0x000000004001c144                Heater_12_manual_control
                0x000000004001c174                Heater_13_manual_control
                0x000000004001c1b4                Heater_14_manual_control
 .text          0x000000004001c1f4      0x8dc C:\Users\Bhagawat\AppData\Local\Temp\ccTzSej7.o
                0x000000004001c1f4                rHAL_MTR_ON
                0x000000004001c228                rHAL_MTR_OFF
                0x000000004001c25c                rHAL_MTR
                0x000000004001c894                MTR_Monitoring
                0x000000004001c8c0                rHAL_MTR_TC
 .text          0x000000004001cad0     0x143c C:\Users\Bhagawat\AppData\Local\Temp\cc5uTzbU.o
                0x000000004001cad0                RW_Init
                0x000000004001cc4c                HAL_RW_CRC_Check
                0x000000004001ccb8                rHAL_RW_TM_Read
                0x000000004001d088                rRW_SlipFrame_Check
                0x000000004001d2cc                rHAL_RW_TC_Write
                0x000000004001d4a4                rHAL_RW_TM_Write
                0x000000004001d604                rHAL_RW_ConfigBuffer_Write
                0x000000004001d6a8                rRW_Data_Write
                0x000000004001d8b4                rRW_Data_Request
                0x000000004001d9f0                rRW_Data_Read
                0x000000004001dd9c                rRW_init_cmd
 .text          0x000000004001df0c      0x6f8 C:\Users\Bhagawat\AppData\Local\Temp\ccto8VdS.o
                0x000000004001df0c                antennaCommand1
                0x000000004001df58                antennaCommand2
                0x000000004001dfa4                antennaCommand3
                0x000000004001dff0                antennaCommand4
                0x000000004001e03c                antennaCommand5
                0x000000004001e088                antennaCommand6
                0x000000004001e0d4                antennaCommand7
                0x000000004001e11c                antennaCommand8
                0x000000004001e168                antennaCommand9
                0x000000004001e1b4                rHAL_Antenna_Read
                0x000000004001e1fc                rHAL_SA_MAIN_Deploy_on
                0x000000004001e274                rHAL_SA_RED_Deploy_on
                0x000000004001e2dc                rHAL_SA1_Deploy_status_check
                0x000000004001e3c4                rHAL_SA2_Deploy_status_check
                0x000000004001e4ac                rHAL_SA_Deploy_Status_new
 .text          0x000000004001e604     0x64a4 C:\Users\Bhagawat\AppData\Local\Temp\ccRS8WVk.o
                0x000000004001e734                rQ_Propagation
                0x000000004001e764                rQuestDataProcessing
                0x000000004001eacc                rDAD_quest
                0x000000004001fe04                rErrorComputation
                0x00000000400204a8                rExtendedKalmanFilter1_p1
                0x00000000400211e4                rExtendedKalmanFilter1_p2
                0x0000000040021b80                rExtendedKalmanFilter2_p1
                0x0000000040023544                rExtendedKalmanFilter2_p2
                0x0000000040023e48                rEKF_dy_int
                0x0000000040024168                rEKFDynamics
                0x00000000400248d4                rExtendedKalmanFilter2_Prop
 .text          0x0000000040024aa8     0x2af0 C:\Users\Bhagawat\AppData\Local\Temp\ccWu4cXl.o
                0x0000000040024aa8                rGH_generation
                0x0000000040024c50                rMagFieldComp
                0x000000004002575c                rSun_Ephemeris
                0x0000000040025ac0                rReferenceQuatComputation
                0x000000004002691c                rRefVectorGeneration
                0x0000000040027140                rRefRate_Computation
                0x00000000400272f0                rSl_Ecl_OnBrd_detection
 .text          0x0000000040027598        0x0 C:\Users\Bhagawat\AppData\Local\Temp\ccn8cIhx.o
 .text          0x0000000040027598     0x29e0 C:\Users\Bhagawat\AppData\Local\Temp\cc20Fjnl.o
                0x000000004002862c                rDutyCycleGeneration
                0x000000004002876c                rTorquer_Polarity_Check
                0x00000000400288f0                rAngularMomentumDumping
                0x0000000040029518                rLinearController
                0x0000000040029ee0                rSpeedBasedMomentumDumping
                0x0000000040029f18                rWheel_Spin_updown
                0x0000000040029f40                rWheel_Auto_Reconfiguration
 .text          0x0000000040029f78     0x1138 C:\Users\Bhagawat\AppData\Local\Temp\ccABHWUm.o
                0x0000000040029f90                rSuspended_ModePreprocessing
                0x000000004002a00c                rDetumbling_ModePreprocessing_BDOT_Logic
                0x000000004002a420                rDetumbling_ModePreprocessing_GYRO_Logic
                0x000000004002a880                rSunAcquisition_ModePreprocessing
                0x000000004002abfc                rThreeAxis_ModePreprocessing
                0x000000004002ae50                rRateReductionCheck
                0x000000004002af4c                rSafeMode_Preprocessing
                0x000000004002b040                rScModeSelection
 .text          0x000000004002b0b0     0x4a5c C:\Users\Bhagawat\AppData\Local\Temp\ccNdQ3h9.o
                0x000000004002b0b0                rADCS_Pon_vars
 .text          0x000000004002fb0c     0x982c C:\Users\Bhagawat\AppData\Local\Temp\ccKYnVyC.o
                0x000000004002fb0c                rIMUDataCorrection
                0x0000000040030ea8                rIMU_1_DB_Copy
                0x0000000040031748                rIMU_2_DB_Copy
                0x0000000040031fe8                rIMU_1_DB_Init
                0x0000000040032888                rIMU_2_DB_Init
                0x0000000040033128                rIMU_Angle_Reset
                0x0000000040033170                rIMUDataProcessing
                0x00000000400347d0                rTheta_Limit
                0x0000000040034830                rIMU1_DB_Execute
                0x0000000040034854                rIMU2_DB_Execute
                0x0000000040034878                rBDOT_Computation
                0x0000000040034aa4                rSunSensorVectorComp
                0x0000000040037ad8                rSunSensorDataProcessing
                0x0000000040037f3c                rSS_Read_Data
                0x0000000040037f9c                rSS_Main_DB_Init
                0x0000000040037fb4                rSS_Redundant_DB_Init
                0x0000000040037fc0                rSS_Main_DB_Copy
                0x0000000040038918                rSS_Redundant_DB_Copy
                0x0000000040039270                rSS_Main_DB_Execute
                0x00000000400392d4                rSS_Redundant_DB_Execute
 .text          0x0000000040039338        0x0 C:\Users\Bhagawat\AppData\Local\Temp\ccnxmtke.o
 .text          0x0000000040039338     0x4a04 C:\Users\Bhagawat\AppData\Local\Temp\cc7ySlhF.o
                0x000000004003af58                rOrbit_Initialization
                0x000000004003c0bc                rOrbit_Propagation
                0x000000004003d440                rOrbitalElements_computation
                0x000000004003d468                rTLEDataProcessing
                0x000000004003d4a0                rJulian_Day
                0x000000004003d4dc                rNEDtoECEF
                0x000000004003d5d0                rECEFtoECItoECEF
                0x000000004003d5f8                rGPSDataProcessing
                0x000000004003dccc                rGPSTLEProcessing
 .text          0x000000004003dd3c      0xd4c C:\Users\Bhagawat\AppData\Local\Temp\cc1tWkht.o
                0x000000004003dd3c                rxRot
                0x000000004003ddcc                ryRot
                0x000000004003de5c                rzRot
                0x000000004003dee4                rMatInv
                0x000000004003e09c                rCross_Product
                0x000000004003e104                rMatMul3x1
                0x000000004003e17c                rMatMul3x3
                0x000000004003e234                rRM_to_Quat
                0x000000004003e568                rQs_Normalization
                0x000000004003e670                rQs_Multiplication
                0x000000004003e74c                rVectorNorm
                0x000000004003e81c                rMat_adjoint3
                0x000000004003e918                rMatMul34x1
                0x000000004003e994                rMatMul43x1
                0x000000004003ea10                rMatMul44x1
 .text          0x000000004003ea88     0x3330 C:\Users\Bhagawat\AppData\Local\Temp\ccZOEw4u.o
                0x000000004003ea88                rSus_mode_remote_entry_hook
                0x000000004003ea94                rSus_mode_remote_exit_hook
                0x000000004003eaa0                rDBDOT_mode_remote_entry_hook
                0x000000004003eaac                rDBDOT_mode_remote_exit_hook
                0x000000004003eab8                rDGYRO_mode_remote_entry_hook
                0x000000004003eac4                rDGYRO_mode_remote_exit_hook
                0x000000004003ead0                rSACQ_mode_remote_entry_hook
                0x000000004003eadc                rSACQ_mode_remote_exit_hook
                0x000000004003eae8                r3AXIS_mode_remote_entry_hook
                0x000000004003eaf4                r3AXIS_mode_remote_exit_hook
                0x000000004003eb00                rSAFE_mode_remote_entry_hook
                0x000000004003eb0c                rSAFE_mode_remote_exit_hook
                0x000000004003eb18                rRemote_patch_area_S1
                0x000000004003ee4c                rRemote_patch_area_S2
                0x000000004003f180                rRemote_patch_area_S3
                0x000000004003f4b4                rRemote_patch_area_S4
                0x000000004003f7e8                rRemote_patch_area_S5
                0x000000004003fb1c                rRemote_patch_area_S6
                0x000000004003fe50                rRemote_patch_area_L1
                0x0000000040040e04                rRemote_patch_area_L2
 .text          0x0000000040041db8      0x2d0 c:/opt/bcc-2.0.2-gcc/bin/../lib/gcc/sparc-gaisler-elf/7.2.0/../../../../sparc-gaisler-elf/lib/leon/mfix-at697f\libm.a(lib_a-s_atan.o)
                0x0000000040041db8                atan
 .text          0x0000000040042088       0xe4 c:/opt/bcc-2.0.2-gcc/bin/../lib/gcc/sparc-gaisler-elf/7.2.0/../../../../sparc-gaisler-elf/lib/leon/mfix-at697f\libm.a(lib_a-s_cos.o)
                0x0000000040042088                cos
 .text          0x000000004004216c       0x28 c:/opt/bcc-2.0.2-gcc/bin/../lib/gcc/sparc-gaisler-elf/7.2.0/../../../../sparc-gaisler-elf/lib/leon/mfix-at697f\libm.a(lib_a-s_fabs.o)
                0x000000004004216c                fabs
 .text          0x0000000040042194      0x1f0 c:/opt/bcc-2.0.2-gcc/bin/../lib/gcc/sparc-gaisler-elf/7.2.0/../../../../sparc-gaisler-elf/lib/leon/mfix-at697f\libm.a(lib_a-s_floor.o)
                0x0000000040042194                floor
 .text          0x0000000040042384       0xf4 c:/opt/bcc-2.0.2-gcc/bin/../lib/gcc/sparc-gaisler-elf/7.2.0/../../../../sparc-gaisler-elf/lib/leon/mfix-at697f\libm.a(lib_a-s_round.o)
                0x0000000040042384                round
 .text          0x0000000040042478       0xe8 c:/opt/bcc-2.0.2-gcc/bin/../lib/gcc/sparc-gaisler-elf/7.2.0/../../../../sparc-gaisler-elf/lib/leon/mfix-at697f\libm.a(lib_a-s_sin.o)
                0x0000000040042478                sin
 .text          0x0000000040042560       0x9c c:/opt/bcc-2.0.2-gcc/bin/../lib/gcc/sparc-gaisler-elf/7.2.0/../../../../sparc-gaisler-elf/lib/leon/mfix-at697f\libm.a(lib_a-s_tan.o)
                0x0000000040042560                tan
 .text          0x00000000400425fc      0x128 c:/opt/bcc-2.0.2-gcc/bin/../lib/gcc/sparc-gaisler-elf/7.2.0/../../../../sparc-gaisler-elf/lib/leon/mfix-at697f\libm.a(lib_a-w_acos.o)
                0x00000000400425fc                acos
 .text          0x0000000040042724      0x128 c:/opt/bcc-2.0.2-gcc/bin/../lib/gcc/sparc-gaisler-elf/7.2.0/../../../../sparc-gaisler-elf/lib/leon/mfix-at697f\libm.a(lib_a-w_asin.o)
                0x0000000040042724                asin
 .text          0x000000004004284c        0xc c:/opt/bcc-2.0.2-gcc/bin/../lib/gcc/sparc-gaisler-elf/7.2.0/../../../../sparc-gaisler-elf/lib/leon/mfix-at697f\libm.a(lib_a-w_atan2.o)
                0x000000004004284c                atan2
 .text          0x0000000040042858      0x148 c:/opt/bcc-2.0.2-gcc/bin/../lib/gcc/sparc-gaisler-elf/7.2.0/../../../../sparc-gaisler-elf/lib/leon/mfix-at697f\libm.a(lib_a-w_fmod.o)
                0x0000000040042858                fmod
 .text          0x00000000400429a0      0x4a8 c:/opt/bcc-2.0.2-gcc/bin/../lib/gcc/sparc-gaisler-elf/7.2.0/../../../../sparc-gaisler-elf/lib/leon/mfix-at697f\libm.a(lib_a-w_pow.o)
                0x00000000400429a0                pow
 .text          0x0000000040042e48       0xfc c:/opt/bcc-2.0.2-gcc/bin/../lib/gcc/sparc-gaisler-elf/7.2.0/../../../../sparc-gaisler-elf/lib/leon/mfix-at697f\libm.a(lib_a-w_sqrt.o)
                0x0000000040042e48                sqrt
 .text          0x0000000040042f44      0x37c c:/opt/bcc-2.0.2-gcc/bin/../lib/gcc/sparc-gaisler-elf/7.2.0/../../../../sparc-gaisler-elf/lib/leon/mfix-at697f\libm.a(lib_a-e_acos.o)
                0x0000000040042f44                __ieee754_acos
 .text          0x00000000400432c0      0x310 c:/opt/bcc-2.0.2-gcc/bin/../lib/gcc/sparc-gaisler-elf/7.2.0/../../../../sparc-gaisler-elf/lib/leon/mfix-at697f\libm.a(lib_a-e_asin.o)
                0x00000000400432c0                __ieee754_asin
 .text          0x00000000400435d0      0x2b4 c:/opt/bcc-2.0.2-gcc/bin/../lib/gcc/sparc-gaisler-elf/7.2.0/../../../../sparc-gaisler-elf/lib/leon/mfix-at697f\libm.a(lib_a-e_atan2.o)
                0x00000000400435d0                __ieee754_atan2
 .text          0x0000000040043884      0x3ac c:/opt/bcc-2.0.2-gcc/bin/../lib/gcc/sparc-gaisler-elf/7.2.0/../../../../sparc-gaisler-elf/lib/leon/mfix-at697f\libm.a(lib_a-e_fmod.o)
                0x0000000040043884                __ieee754_fmod
 .text          0x0000000040043c30      0x8dc c:/opt/bcc-2.0.2-gcc/bin/../lib/gcc/sparc-gaisler-elf/7.2.0/../../../../sparc-gaisler-elf/lib/leon/mfix-at697f\libm.a(lib_a-e_pow.o)
                0x0000000040043c30                __ieee754_pow
 .text          0x000000004004450c      0x39c c:/opt/bcc-2.0.2-gcc/bin/../lib/gcc/sparc-gaisler-elf/7.2.0/../../../../sparc-gaisler-elf/lib/leon/mfix-at697f\libm.a(lib_a-e_rem_pio2.o)
                0x000000004004450c                __ieee754_rem_pio2
 .text          0x00000000400448a8      0x270 c:/opt/bcc-2.0.2-gcc/bin/../lib/gcc/sparc-gaisler-elf/7.2.0/../../../../sparc-gaisler-elf/lib/leon/mfix-at697f\libm.a(lib_a-e_sqrt.o)
                0x00000000400448a8                __ieee754_sqrt
 .text          0x0000000040044b18      0x1bc c:/opt/bcc-2.0.2-gcc/bin/../lib/gcc/sparc-gaisler-elf/7.2.0/../../../../sparc-gaisler-elf/lib/leon/mfix-at697f\libm.a(lib_a-k_cos.o)
                0x0000000040044b18                __kernel_cos
 .text          0x0000000040044cd4      0xbdc c:/opt/bcc-2.0.2-gcc/bin/../lib/gcc/sparc-gaisler-elf/7.2.0/../../../../sparc-gaisler-elf/lib/leon/mfix-at697f\libm.a(lib_a-k_rem_pio2.o)
                0x0000000040044cd4                __kernel_rem_pio2
 .text          0x00000000400458b0      0x100 c:/opt/bcc-2.0.2-gcc/bin/../lib/gcc/sparc-gaisler-elf/7.2.0/../../../../sparc-gaisler-elf/lib/leon/mfix-at697f\libm.a(lib_a-k_sin.o)
                0x00000000400458b0                __kernel_sin
 .text          0x00000000400459b0      0x290 c:/opt/bcc-2.0.2-gcc/bin/../lib/gcc/sparc-gaisler-elf/7.2.0/../../../../sparc-gaisler-elf/lib/leon/mfix-at697f\libm.a(lib_a-k_tan.o)
                0x00000000400459b0                __kernel_tan
 .text          0x0000000040045c40       0x18 c:/opt/bcc-2.0.2-gcc/bin/../lib/gcc/sparc-gaisler-elf/7.2.0/../../../../sparc-gaisler-elf/lib/leon/mfix-at697f\libm.a(lib_a-s_finite.o)
                0x0000000040045c40                finite
 .text          0x0000000040045c58        0x0 c:/opt/bcc-2.0.2-gcc/bin/../lib/gcc/sparc-gaisler-elf/7.2.0/../../../../sparc-gaisler-elf/lib/leon/mfix-at697f\libm.a(lib_a-s_lib_ver.o)
 .text          0x0000000040045c58        0x8 c:/opt/bcc-2.0.2-gcc/bin/../lib/gcc/sparc-gaisler-elf/7.2.0/../../../../sparc-gaisler-elf/lib/leon/mfix-at697f\libm.a(lib_a-s_matherr.o)
                0x0000000040045c58                matherr
 .text          0x0000000040045c60        0xc c:/opt/bcc-2.0.2-gcc/bin/../lib/gcc/sparc-gaisler-elf/7.2.0/../../../../sparc-gaisler-elf/lib/leon/mfix-at697f\libm.a(lib_a-s_nan.o)
                0x0000000040045c60                nan
 .text          0x0000000040045c6c      0x1ac c:/opt/bcc-2.0.2-gcc/bin/../lib/gcc/sparc-gaisler-elf/7.2.0/../../../../sparc-gaisler-elf/lib/leon/mfix-at697f\libm.a(lib_a-s_rint.o)
                0x0000000040045c6c                rint
 .text          0x0000000040045e18      0x14c c:/opt/bcc-2.0.2-gcc/bin/../lib/gcc/sparc-gaisler-elf/7.2.0/../../../../sparc-gaisler-elf/lib/leon/mfix-at697f\libm.a(lib_a-s_scalbn.o)
                0x0000000040045e18                scalbn
 .text          0x0000000040045f64       0x30 c:/opt/bcc-2.0.2-gcc/bin/../lib/gcc/sparc-gaisler-elf/7.2.0/../../../../sparc-gaisler-elf/lib/leon/mfix-at697f\libm.a(lib_a-s_copysign.o)
                0x0000000040045f64                copysign
 .text          0x0000000040045f94       0x7c c:/opt/bcc-2.0.2-gcc/bin/../sparc-gaisler-elf/bsp/leon2/leon/mfix-at697f\libbcc.a(reset_trap_mvt.S.o)
                0x0000000040045f94                __bcc_trap_reset_mvt
 .text          0x0000000040046010       0xb0 c:/opt/bcc-2.0.2-gcc/bin/../sparc-gaisler-elf/bsp/leon2/leon/mfix-at697f\libbcc.a(window_trap.S.o)
                0x0000000040046010                __bcc_trap_window_overflow
                0x0000000040046060                __bcc_trap_window_underflow
 .text          0x00000000400460c0      0x1b4 c:/opt/bcc-2.0.2-gcc/bin/../sparc-gaisler-elf/bsp/leon2/leon/mfix-at697f\libbcc.a(interrupt_trap.S.o)
                0x00000000400460c0                __bcc_trap_interrupt_svt
                0x00000000400460c4                __bcc_trap_interrupt
 .text          0x0000000040046274       0x88 c:/opt/bcc-2.0.2-gcc/bin/../sparc-gaisler-elf/bsp/leon2/leon/mfix-at697f\libbcc.a(flush_windows_trap.S.o)
                0x0000000040046274                __bcc_trap_flush_windows
 .text          0x00000000400462fc       0x2c c:/opt/bcc-2.0.2-gcc/bin/../sparc-gaisler-elf/bsp/leon2/leon/mfix-at697f\libbcc.a(sw_trap_set_pil.S.o)
                0x00000000400462fc                __bcc_trap_sw_set_pil
 .text          0x0000000040046328       0xb0 c:/opt/bcc-2.0.2-gcc/bin/../sparc-gaisler-elf/bsp/leon2/leon/mfix-at697f\libbcc.a(trap.c.o)
                0x0000000040046328                bcc_set_trap
 .text          0x00000000400463d8        0x0 c:/opt/bcc-2.0.2-gcc/bin/../sparc-gaisler-elf/bsp/leon2/leon/mfix-at697f\libbcc.a(isr.c.o)
 .text          0x00000000400463d8        0x0 c:/opt/bcc-2.0.2-gcc/bin/../sparc-gaisler-elf/bsp/leon2/leon/mfix-at697f\libbcc.a(int_nest.c.o)
 .text          0x00000000400463d8        0x8 c:/opt/bcc-2.0.2-gcc/bin/../sparc-gaisler-elf/bsp/leon2/leon/mfix-at697f\libbcc.a(init.S.o)
                0x00000000400463d8                __bcc_init40
                0x00000000400463d8                __bcc_init70
                0x00000000400463d8                __bcc_init60
                0x00000000400463d8                __bcc_init50
 .text          0x00000000400463e0       0x84 c:/opt/bcc-2.0.2-gcc/bin/../sparc-gaisler-elf/bsp/leon2/leon/mfix-at697f\libbcc.a(leon_info.S.o)
                0x00000000400463e0                __bcc_get_leon_info
                0x0000000040046454                bcc_get_cpuid
 .text          0x0000000040046464       0x2c c:/opt/bcc-2.0.2-gcc/bin/../sparc-gaisler-elf/bsp/leon2/leon/mfix-at697f\libbcc.a(dwzero.S.o)
                0x0000000040046464                bcc_dwzero
 .text          0x0000000040046490       0x5c c:/opt/bcc-2.0.2-gcc/bin/../sparc-gaisler-elf/bsp/leon2/leon/mfix-at697f\libbcc.a(copy_data.c.o)
                0x0000000040046490                __bcc_copy_data
 *fill*         0x00000000400464ec        0x4 
 .text          0x00000000400464f0       0x90 c:/opt/bcc-2.0.2-gcc/bin/../sparc-gaisler-elf/bsp/leon2/leon/mfix-at697f\libbcc.a(lowlevel.S.o)
                0x00000000400464f0                bcc_loadnocache
                0x00000000400464fc                bcc_loadnocache16
                0x0000000040046508                bcc_loadnocache8
                0x0000000040046520                bcc_ldstub
                0x000000004004652c                bcc_set_psr
                0x0000000040046544                bcc_get_psr
                0x000000004004654c                bcc_get_pil
                0x000000004004655c                bcc_set_tbr
                0x0000000040046574                bcc_get_tbr
 .text          0x0000000040046580       0x50 c:/opt/bcc-2.0.2-gcc/bin/../sparc-gaisler-elf/bsp/leon2/leon/mfix-at697f\libbcc.a(lowlevel_leon2.S.o)
                0x0000000040046580                bcc_set_ccr
                0x0000000040046590                bcc_get_ccr
                0x00000000400465a0                bcc_flush_cache
                0x00000000400465ac                bcc_flush_icache
                0x00000000400465b4                bcc_flush_dcache
                0x00000000400465bc                bcc_power_down
 .text          0x00000000400465d0      0x160 c:/opt/bcc-2.0.2-gcc/bin/../sparc-gaisler-elf/bsp/leon2/leon/mfix-at697f\libbcc.a(int_leon2.c.o)
                0x00000000400465d0                bcc_int_mask
                0x0000000040046620                bcc_int_unmask
                0x0000000040046670                bcc_int_clear
                0x00000000400466a8                bcc_int_force
                0x00000000400466ec                bcc_int_pend
 .text          0x0000000040046730        0x8 c:/opt/bcc-2.0.2-gcc/bin/../sparc-gaisler-elf/bsp/leon2/leon/mfix-at697f\libbcc.a(int_leon2_get_source.c.o)
                0x0000000040046730                __bcc_int_get_source
 .text          0x0000000040046738        0x8 c:/opt/bcc-2.0.2-gcc/bin/../sparc-gaisler-elf/bsp/leon2/leon/mfix-at697f\libbcc.a(int_leon2_init.c.o)
                0x0000000040046738                __bcc_int_init
 .text          0x0000000040046740       0x70 c:/opt/bcc-2.0.2-gcc/bin/../sparc-gaisler-elf/bsp/leon2/leon/mfix-at697f\libbcc.a(con_leon2.c.o)
                0x0000000040046740                __bcc_con_init
                0x0000000040046748                __bcc_con_outbyte
                0x000000004004677c                __bcc_con_inbyte
 .text          0x00000000400467b0       0x30 c:/opt/bcc-2.0.2-gcc/bin/../sparc-gaisler-elf/bsp/leon2/leon/mfix-at697f\libbcc.a(timer_leon2.c.o)
                0x00000000400467b0                __bcc_timer_init
                0x00000000400467b8                bcc_timer_get_us
 .text          0x00000000400467e0        0xc c:/opt/bcc-2.0.2-gcc/bin/../sparc-gaisler-elf/bsp/leon2/leon/mfix-at697f\libbcc.a(set_pil.S.o)
                0x00000000400467e0                bcc_set_pil
 .text          0x00000000400467ec        0x0 c:/opt/bcc-2.0.2-gcc/bin/../sparc-gaisler-elf/bsp/leon2/leon/mfix-at697f\libbcc.a(int_leon2_handle.c.o)
 .text          0x00000000400467ec        0x0 c:/opt/bcc-2.0.2-gcc/bin/../sparc-gaisler-elf/bsp/leon2/leon/mfix-at697f\libbcc.a(con_handle.c.o)
 .text          0x00000000400467ec        0x0 c:/opt/bcc-2.0.2-gcc/bin/../sparc-gaisler-elf/bsp/leon2/leon/mfix-at697f\libbcc.a(timer_handle.c.o)
 .text          0x00000000400467ec       0x1c c:/opt/bcc-2.0.2-gcc/bin/../lib/gcc/sparc-gaisler-elf/7.2.0/../../../../sparc-gaisler-elf/lib/leon/mfix-at697f\libc.a(lib_a-atexit.o)
                0x00000000400467ec                atexit
 .text          0x0000000040046808        0xc c:/opt/bcc-2.0.2-gcc/bin/../lib/gcc/sparc-gaisler-elf/7.2.0/../../../../sparc-gaisler-elf/lib/leon/mfix-at697f\libc.a(lib_a-errno.o)
                0x0000000040046808                __errno
 .text          0x0000000040046814       0x3c c:/opt/bcc-2.0.2-gcc/bin/../lib/gcc/sparc-gaisler-elf/7.2.0/../../../../sparc-gaisler-elf/lib/leon/mfix-at697f\libc.a(lib_a-exit.o)
                0x0000000040046814                exit
 .text          0x0000000040046850        0x0 c:/opt/bcc-2.0.2-gcc/bin/../lib/gcc/sparc-gaisler-elf/7.2.0/../../../../sparc-gaisler-elf/lib/leon/mfix-at697f\libc.a(lib_a-impure.o)
 .text          0x0000000040046850      0x19c c:/opt/bcc-2.0.2-gcc/bin/../lib/gcc/sparc-gaisler-elf/7.2.0/../../../../sparc-gaisler-elf/lib/leon/mfix-at697f\libc.a(lib_a-memcpy.o)
                0x0000000040046850                memcpy
 .text          0x00000000400469ec      0x158 c:/opt/bcc-2.0.2-gcc/bin/../lib/gcc/sparc-gaisler-elf/7.2.0/../../../../sparc-gaisler-elf/lib/leon/mfix-at697f\libc.a(lib_a-__atexit.o)
                0x00000000400469ec                __register_exitproc
 .text          0x0000000040046b44      0x2b4 c:/opt/bcc-2.0.2-gcc/bin/../lib/gcc/sparc-gaisler-elf/7.2.0/../../../../sparc-gaisler-elf/lib/leon/mfix-at697f\libc.a(lib_a-__call_atexit.o)
                0x0000000040046b44                __call_exitprocs
 .text          0x0000000040046df8       0x18 c:/opt/bcc-2.0.2-gcc/bin/../sparc-gaisler-elf/bsp/leon2/leon/mfix-at697f\libbcc.a(_exit.S.o)
                0x0000000040046df8                _exit
 .text          0x0000000040046e10       0x48 c:/opt/bcc-2.0.2-gcc/bin/../lib/gcc/sparc-gaisler-elf/7.2.0/leon/mfix-at697f/crtend.o
 .text          0x0000000040046e58        0x0 c:/opt/bcc-2.0.2-gcc/bin/../lib/gcc/sparc-gaisler-elf/7.2.0/leon/mfix-at697f/crtn.o
                0x0000000040046e60                . = ALIGN (0x10)
 *fill*         0x0000000040046e58        0x8 
 *(.eh_frame)
 .eh_frame      0x0000000040046e60        0x0 c:/opt/bcc-2.0.2-gcc/bin/../lib/gcc/sparc-gaisler-elf/7.2.0/leon/mfix-at697f/crtbegin.o
 .eh_frame      0x0000000040046e60        0x4 c:/opt/bcc-2.0.2-gcc/bin/../lib/gcc/sparc-gaisler-elf/7.2.0/leon/mfix-at697f/crtend.o
                0x0000000040046e70                . = ALIGN (0x10)
 *fill*         0x0000000040046e64        0xc 
 *(.gnu.linkonce.t*)
                0x0000000040046e70                ___CTOR_LIST__ = .
                0x0000000040046e70        0x4 LONG 0x2 (((___CTOR_END__ - ___CTOR_LIST__) / 0x4) - 0x2)
 *(SORT(.ctors.*))
 *(.ctors)
 .ctors         0x0000000040046e74        0x4 c:/opt/bcc-2.0.2-gcc/bin/../lib/gcc/sparc-gaisler-elf/7.2.0/leon/mfix-at697f/crtbegin.o
 .ctors         0x0000000040046e78        0x4 c:/opt/bcc-2.0.2-gcc/bin/../lib/gcc/sparc-gaisler-elf/7.2.0/leon/mfix-at697f/crtend.o
                0x0000000040046e7c        0x4 LONG 0x0
                0x0000000040046e80                ___CTOR_END__ = .
                0x0000000040046e80                ___DTOR_LIST__ = .
                0x0000000040046e80        0x4 LONG 0x2 (((___DTOR_END__ - ___DTOR_LIST__) / 0x4) - 0x2)
 *(SORT(.dtors.*))
 *(.dtors)
 .dtors         0x0000000040046e84        0x4 c:/opt/bcc-2.0.2-gcc/bin/../lib/gcc/sparc-gaisler-elf/7.2.0/leon/mfix-at697f/crtbegin.o
 .dtors         0x0000000040046e88        0x4 c:/opt/bcc-2.0.2-gcc/bin/../lib/gcc/sparc-gaisler-elf/7.2.0/leon/mfix-at697f/crtend.o
                0x0000000040046e88                __DTOR_END__
                0x0000000040046e8c        0x4 LONG 0x0
                0x0000000040046e90                ___DTOR_END__ = .
 *(.gnu.linkonce*)
 *(.init)
 .init          0x0000000040046e90        0x4 c:/opt/bcc-2.0.2-gcc/bin/../lib/gcc/sparc-gaisler-elf/7.2.0/leon/mfix-at697f/crti.o
                0x0000000040046e90                _init
 .init          0x0000000040046e94        0x8 c:/opt/bcc-2.0.2-gcc/bin/../lib/gcc/sparc-gaisler-elf/7.2.0/leon/mfix-at697f/crtbegin.o
 .init          0x0000000040046e9c        0x8 c:/opt/bcc-2.0.2-gcc/bin/../lib/gcc/sparc-gaisler-elf/7.2.0/leon/mfix-at697f/crtend.o
 .init          0x0000000040046ea4        0xc c:/opt/bcc-2.0.2-gcc/bin/../lib/gcc/sparc-gaisler-elf/7.2.0/leon/mfix-at697f/crtn.o
 *(.fini)
 .fini          0x0000000040046eb0        0x4 c:/opt/bcc-2.0.2-gcc/bin/../lib/gcc/sparc-gaisler-elf/7.2.0/leon/mfix-at697f/crti.o
                0x0000000040046eb0                _fini
 .fini          0x0000000040046eb4        0x8 c:/opt/bcc-2.0.2-gcc/bin/../lib/gcc/sparc-gaisler-elf/7.2.0/leon/mfix-at697f/crtbegin.o
 .fini          0x0000000040046ebc        0xc c:/opt/bcc-2.0.2-gcc/bin/../lib/gcc/sparc-gaisler-elf/7.2.0/leon/mfix-at697f/crtn.o
 *(.lit)
 *(.shdata)
                0x0000000040046ed0                . = ALIGN (0x10)
 *fill*         0x0000000040046ec8        0x8 
                0x0000000040046ed0                __text_end = .

.gcc_except_table
 *(.gcc_except_table)

.rodata         0x0000000040046ed0     0x30e0
                0x0000000040046ed0                __rodata_start = .
 *(.rodata*)
 .rodata.cst8   0x0000000040046ed0       0x38 C:\Users\Bhagawat\AppData\Local\Temp\ccWOtHc0.o
 .rodata        0x0000000040046f08        0x0 C:\Users\Bhagawat\AppData\Local\Temp\ccj5e6Ld.o
 .rodata        0x0000000040046f08       0x10 C:\Users\Bhagawat\AppData\Local\Temp\ccPkWKso.o
 .rodata.cst8   0x0000000040046f18       0x10 C:\Users\Bhagawat\AppData\Local\Temp\cckBiMS5.o
 .rodata.cst4   0x0000000040046f28        0x4 C:\Users\Bhagawat\AppData\Local\Temp\cckBiMS5.o
 .rodata        0x0000000040046f2c        0x0 C:\Users\Bhagawat\AppData\Local\Temp\cckBiMS5.o
 .rodata        0x0000000040046f2c        0x0 C:\Users\Bhagawat\AppData\Local\Temp\ccvBLCOM.o
 *fill*         0x0000000040046f2c        0x4 
 .rodata.cst8   0x0000000040046f30        0x8 C:\Users\Bhagawat\AppData\Local\Temp\cc5uTzbU.o
 .rodata.cst8   0x0000000040046f38       0x68 C:\Users\Bhagawat\AppData\Local\Temp\ccRS8WVk.o
                                        0x140 (size before relaxing)
 .rodata.cst4   0x0000000040046fa0        0x4 C:\Users\Bhagawat\AppData\Local\Temp\ccRS8WVk.o
 *fill*         0x0000000040046fa4        0x4 
 .rodata.cst8   0x0000000040046fa8       0x20 C:\Users\Bhagawat\AppData\Local\Temp\ccWu4cXl.o
                                         0x80 (size before relaxing)
 .rodata        0x0000000040046fc8     0x2684 C:\Users\Bhagawat\AppData\Local\Temp\ccn8cIhx.o
                0x0000000040046fc8                c_I_nine_cross_nine
                0x0000000040047250                c_I_three_cross_three
                0x0000000040047298                c_DPM_Pol_LookUpTable
                0x00000000400473e0                c_Tv_wof_0034
                0x0000000040047428                c_Tv_wof_0204
                0x0000000040047470                c_Tv_wof_0230
                0x00000000400474b8                c_Tv_wof_1004
                0x0000000040047500                c_Tv_wof_1030
                0x0000000040047548                c_Tv_wof_1200
                0x0000000040047590                c_B2wh_mat_0034
                0x00000000400475f0                c_B2wh_mat_0204
                0x0000000040047650                c_B2wh_mat_0230
                0x00000000400476b0                c_B2wh_mat_1004
                0x0000000040047710                c_B2wh_mat_1030
                0x0000000040047770                c_B2wh_mat_1200
                0x00000000400477d0                c_B2wh_mat_0234
                0x0000000040047830                c_B2wh_mat_1034
                0x0000000040047890                c_B2wh_mat_1204
                0x00000000400478f0                c_B2wh_mat_1230
                0x0000000040047950                c_B2wh_mat_4RW
                0x00000000400479b0                c_wh2B_mat_0034
                0x0000000040047a10                c_wh2B_mat_0204
                0x0000000040047a70                c_wh2B_mat_0230
                0x0000000040047ad0                c_wh2B_mat_1004
                0x0000000040047b30                c_wh2B_mat_1030
                0x0000000040047b90                c_wh2B_mat_1200
                0x0000000040047bf0                c_wh2B_mat_0234
                0x0000000040047c50                c_wh2B_mat_1034
                0x0000000040047cb0                c_wh2B_mat_1204
                0x0000000040047d10                c_wh2B_mat_1230
                0x0000000040047d70                c_wh2B_mat_4RW
                0x0000000040047dd0                c_MOI_wh
                0x0000000040047dd8                c_MOI_wh4
                0x0000000040047de0                c_MOI_wh3
                0x0000000040047de8                c_MOI_wh2
                0x0000000040047df0                c_MOI_wh1
                0x0000000040047df8                TC_T_RW_MAX
                0x0000000040047e00                c_RADps2RPM
                0x0000000040047e08                c_RPM2RADpS
                0x0000000040047e10                c_DPMMAX
                0x0000000040047e18                c_wkm_sunmag
                0x0000000040047e20                c_wks_sunmag
                0x0000000040047e28                c_wkm_mag
                0x0000000040047e30                c_wks_mag
                0x0000000040047e38                c_ss2b4156
                0x0000000040047e80                c_ss2b3456
                0x0000000040047ec8                c_ss2b2356
                0x0000000040047f10                c_ss2b1256
                0x0000000040047f58                c_misaln_cor146
                0x0000000040047fa0                c_misaln_cor145
                0x0000000040047fe8                c_misaln_cor346
                0x0000000040048030                c_misaln_cor345
                0x0000000040048078                c_misaln_cor326
                0x00000000400480c0                c_misaln_cor325
                0x0000000040048108                c_misaln_cor126
                0x0000000040048150                c_misaln_cor125
                0x0000000040048198                c_AngDev_SAMtransit_thrsld
                0x00000000400481a0                c_AngDev_SMtransit_thrsld
                0x00000000400481a8                c_Sunlit_Thrsld
                0x00000000400481b0                c_SSThrsld
                0x00000000400481b8                c_Imax_YN_Main
                0x00000000400481c0                c_Imax_YP_Main
                0x00000000400481c8                c_Imax_PN_Main
                0x00000000400481d0                c_Imax_PP_Main
                0x00000000400481d8                c_Imax_RNND_Main
                0x00000000400481e0                c_Imax_RPND_Main
                0x00000000400481e8                c_Imax_RND_Main
                0x00000000400481f0                c_Imax_RPD_Main
                0x00000000400481f8                c_Imax_YN_Red
                0x0000000040048200                c_Imax_YP_Red
                0x0000000040048208                c_Imax_PN_Red
                0x0000000040048210                c_Imax_PP_Red
                0x0000000040048218                c_Imax_RNND_Red
                0x0000000040048220                c_Imax_RPND_Red
                0x0000000040048228                c_Imax_RND_Red
                0x0000000040048230                c_Imax_RPD_Red
                0x0000000040048238                c_KDset3
                0x0000000040048240                c_KDset2
                0x0000000040048248                c_KDset1
                0x0000000040048250                c_Epsilon2
                0x0000000040048258                c_Epsilon1
                0x0000000040048260                c_Sun_Dis3
                0x0000000040048268                c_Sun_Dis2
                0x0000000040048270                c_Sun_Dis1
                0x0000000040048278                c_L_Ecliptic2
                0x0000000040048280                c_L_Ecliptic1
                0x0000000040048288                c_Msun2
                0x0000000040048290                c_Msun1
                0x0000000040048298                c_L_Msun2
                0x00000000400482a0                c_L_Msun1
                0x00000000400482a8                c_hsval
                0x00000000400485e8                c_hval
                0x0000000040048928                c_gsval
                0x0000000040048c68                c_gval
                0x0000000040048fa8                c_sdmax
                0x0000000040048fb0                c_a
                0x0000000040048fb8                c_Pibytwo
                0x0000000040048fc0                c_Kmax
                0x0000000040048fc4                c_Nmax
                0x0000000040048fc8                c_rk_T
                0x0000000040049250                c_rk
                0x00000000400494d8                c_I_four_cross_four
                0x0000000040049518                c_onesecond
                0x0000000040049520                c_oneminute
                0x0000000040049528                c_halfhour
                0x0000000040049530                c_Mmax
                0x0000000040049538                c_AS2R
                0x0000000040049540                c_R2D
                0x0000000040049548                c_D2R
                0x0000000040049550                c_min_per_day
                0x0000000040049558                c_temp4
                0x0000000040049560                c_j4
                0x0000000040049568                c_j3oj2
                0x0000000040049570                c_qzms2t
                0x0000000040049578                c_ss
                0x0000000040049580                c_xpdotp
                0x0000000040049588                c_Pi
                0x0000000040049590                c_Day_To_Seconds
                0x0000000040049598                c_invmu
                0x00000000400495a0                c_mu
                0x00000000400495a8                c_dividebyzerovalue
                0x00000000400495b0                c_xke
                0x00000000400495b8                c_x2o3
                0x00000000400495c0                c_Twopi
                0x00000000400495c8                c_j2
                0x00000000400495d0                c_au
                0x00000000400495d8                c_auer
                0x00000000400495e0                c_radiusearthkm
                0x00000000400495e8                c_vkmpersec
                0x00000000400495f0                c_OMEGAE
                0x00000000400495f8                c_tsince_min
                0x0000000040049600                c_twomu
                0x0000000040049608                c_MiC
                0x0000000040049610                c_MaC
                0x0000000040049618                c_TM_RW_Resol
                0x0000000040049620                c_TM_Resol_B
                0x0000000040049628                c_TM_Resol_w
                0x0000000040049630                c_TM_Resol_DelThta
                0x0000000040049638                c_Resol_DelThta
                0x0000000040049640                c_Resol_B
                0x0000000040049648                c_FFFF
 *fill*         0x000000004004964c        0x4 
 .rodata.cst8   0x0000000040049650       0x50 C:\Users\Bhagawat\AppData\Local\Temp\cc20Fjnl.o
                                         0xa0 (size before relaxing)
 .rodata.cst8   0x00000000400496a0       0x28 C:\Users\Bhagawat\AppData\Local\Temp\ccABHWUm.o
                                         0x78 (size before relaxing)
 .rodata.cst4   0x00000000400496c8        0x4 C:\Users\Bhagawat\AppData\Local\Temp\ccABHWUm.o
                                          0xc (size before relaxing)
 .rodata        0x00000000400496cc        0x0 C:\Users\Bhagawat\AppData\Local\Temp\ccABHWUm.o
 *fill*         0x00000000400496cc        0x4 
 .rodata.cst8   0x00000000400496d0       0x48 C:\Users\Bhagawat\AppData\Local\Temp\ccNdQ3h9.o
                                         0x68 (size before relaxing)
 .rodata.cst4   0x0000000040049718        0x4 C:\Users\Bhagawat\AppData\Local\Temp\ccNdQ3h9.o
                                          0x8 (size before relaxing)
 *fill*         0x000000004004971c        0x4 
 .rodata.cst8   0x0000000040049720       0x30 C:\Users\Bhagawat\AppData\Local\Temp\ccKYnVyC.o
                                         0xa8 (size before relaxing)
 .rodata.cst8   0x0000000040049750      0x2e0 C:\Users\Bhagawat\AppData\Local\Temp\cc7ySlhF.o
                                        0x408 (size before relaxing)
 .rodata.cst8   0x0000000040049a30       0x88 C:\Users\Bhagawat\AppData\Local\Temp\cc1tWkht.o
 .rodata.cst8   0x0000000040049a30       0xa8 c:/opt/bcc-2.0.2-gcc/bin/../lib/gcc/sparc-gaisler-elf/7.2.0/../../../../sparc-gaisler-elf/lib/leon/mfix-at697f\libm.a(lib_a-s_atan.o)
                                         0xd0 (size before relaxing)
 .rodata.cst8   0x0000000040049ad8       0x10 c:/opt/bcc-2.0.2-gcc/bin/../lib/gcc/sparc-gaisler-elf/7.2.0/../../../../sparc-gaisler-elf/lib/leon/mfix-at697f\libm.a(lib_a-s_floor.o)
 .rodata.str1.8
                0x0000000040049ad8        0x9 c:/opt/bcc-2.0.2-gcc/bin/../lib/gcc/sparc-gaisler-elf/7.2.0/../../../../sparc-gaisler-elf/lib/leon/mfix-at697f\libm.a(lib_a-w_acos.o)
 .rodata.cst8   0x0000000040049ae1        0x8 c:/opt/bcc-2.0.2-gcc/bin/../lib/gcc/sparc-gaisler-elf/7.2.0/../../../../sparc-gaisler-elf/lib/leon/mfix-at697f\libm.a(lib_a-w_acos.o)
 *fill*         0x0000000040049ae1        0x7 
 .rodata.str1.8
                0x0000000040049ae8        0x5 c:/opt/bcc-2.0.2-gcc/bin/../lib/gcc/sparc-gaisler-elf/7.2.0/../../../../sparc-gaisler-elf/lib/leon/mfix-at697f\libm.a(lib_a-w_asin.o)
                                          0x9 (size before relaxing)
 .rodata.cst8   0x0000000040049aed        0x8 c:/opt/bcc-2.0.2-gcc/bin/../lib/gcc/sparc-gaisler-elf/7.2.0/../../../../sparc-gaisler-elf/lib/leon/mfix-at697f\libm.a(lib_a-w_asin.o)
 *fill*         0x0000000040049aed        0x3 
 .rodata.str1.8
                0x0000000040049af0        0x5 c:/opt/bcc-2.0.2-gcc/bin/../lib/gcc/sparc-gaisler-elf/7.2.0/../../../../sparc-gaisler-elf/lib/leon/mfix-at697f\libm.a(lib_a-w_fmod.o)
 .rodata.cst8   0x0000000040049af5        0x8 c:/opt/bcc-2.0.2-gcc/bin/../lib/gcc/sparc-gaisler-elf/7.2.0/../../../../sparc-gaisler-elf/lib/leon/mfix-at697f\libm.a(lib_a-w_fmod.o)
 *fill*         0x0000000040049af5        0x3 
 .rodata.str1.8
                0x0000000040049af8        0x4 c:/opt/bcc-2.0.2-gcc/bin/../lib/gcc/sparc-gaisler-elf/7.2.0/../../../../sparc-gaisler-elf/lib/leon/mfix-at697f\libm.a(lib_a-w_pow.o)
 *fill*         0x0000000040049afc        0x4 
 .rodata.cst8   0x0000000040049b00       0x20 c:/opt/bcc-2.0.2-gcc/bin/../lib/gcc/sparc-gaisler-elf/7.2.0/../../../../sparc-gaisler-elf/lib/leon/mfix-at697f\libm.a(lib_a-w_pow.o)
                                         0x38 (size before relaxing)
 .rodata.str1.8
                0x0000000040049b20        0x8 c:/opt/bcc-2.0.2-gcc/bin/../lib/gcc/sparc-gaisler-elf/7.2.0/../../../../sparc-gaisler-elf/lib/leon/mfix-at697f\libm.a(lib_a-w_sqrt.o)
                                          0x5 (size before relaxing)
 .rodata.cst8   0x0000000040049b28        0x8 c:/opt/bcc-2.0.2-gcc/bin/../lib/gcc/sparc-gaisler-elf/7.2.0/../../../../sparc-gaisler-elf/lib/leon/mfix-at697f\libm.a(lib_a-w_sqrt.o)
 .rodata.cst8   0x0000000040049b28       0x50 c:/opt/bcc-2.0.2-gcc/bin/../lib/gcc/sparc-gaisler-elf/7.2.0/../../../../sparc-gaisler-elf/lib/leon/mfix-at697f\libm.a(lib_a-e_acos.o)
                                         0x80 (size before relaxing)
 .rodata.cst8   0x0000000040049b78       0x80 c:/opt/bcc-2.0.2-gcc/bin/../lib/gcc/sparc-gaisler-elf/7.2.0/../../../../sparc-gaisler-elf/lib/leon/mfix-at697f\libm.a(lib_a-e_asin.o)
 .rodata.cst8   0x0000000040049b78       0x28 c:/opt/bcc-2.0.2-gcc/bin/../lib/gcc/sparc-gaisler-elf/7.2.0/../../../../sparc-gaisler-elf/lib/leon/mfix-at697f\libm.a(lib_a-e_atan2.o)
                                         0x58 (size before relaxing)
 .rodata        0x0000000040049ba0       0x10 c:/opt/bcc-2.0.2-gcc/bin/../lib/gcc/sparc-gaisler-elf/7.2.0/../../../../sparc-gaisler-elf/lib/leon/mfix-at697f\libm.a(lib_a-e_fmod.o)
 .rodata.str1.8
                0x0000000040049bb0        0x1 c:/opt/bcc-2.0.2-gcc/bin/../lib/gcc/sparc-gaisler-elf/7.2.0/../../../../sparc-gaisler-elf/lib/leon/mfix-at697f\libm.a(lib_a-e_pow.o)
 .rodata.cst8   0x0000000040049bb0       0xc8 c:/opt/bcc-2.0.2-gcc/bin/../lib/gcc/sparc-gaisler-elf/7.2.0/../../../../sparc-gaisler-elf/lib/leon/mfix-at697f\libm.a(lib_a-e_pow.o)
                                        0x120 (size before relaxing)
 .rodata.cst8   0x0000000040049c78       0x40 c:/opt/bcc-2.0.2-gcc/bin/../lib/gcc/sparc-gaisler-elf/7.2.0/../../../../sparc-gaisler-elf/lib/leon/mfix-at697f\libm.a(lib_a-e_rem_pio2.o)
                                         0x50 (size before relaxing)
 .rodata        0x0000000040049cb8      0x188 c:/opt/bcc-2.0.2-gcc/bin/../lib/gcc/sparc-gaisler-elf/7.2.0/../../../../sparc-gaisler-elf/lib/leon/mfix-at697f\libm.a(lib_a-e_rem_pio2.o)
 .rodata.cst8   0x0000000040049e40       0x40 c:/opt/bcc-2.0.2-gcc/bin/../lib/gcc/sparc-gaisler-elf/7.2.0/../../../../sparc-gaisler-elf/lib/leon/mfix-at697f\libm.a(lib_a-k_cos.o)
                                         0x50 (size before relaxing)
 .rodata.cst8   0x0000000040049e80       0x50 c:/opt/bcc-2.0.2-gcc/bin/../lib/gcc/sparc-gaisler-elf/7.2.0/../../../../sparc-gaisler-elf/lib/leon/mfix-at697f\libm.a(lib_a-k_rem_pio2.o)
                                         0x78 (size before relaxing)
 .rodata        0x0000000040049ed0       0x10 c:/opt/bcc-2.0.2-gcc/bin/../lib/gcc/sparc-gaisler-elf/7.2.0/../../../../sparc-gaisler-elf/lib/leon/mfix-at697f\libm.a(lib_a-k_rem_pio2.o)
 .rodata.cst8   0x0000000040049ee0       0x30 c:/opt/bcc-2.0.2-gcc/bin/../lib/gcc/sparc-gaisler-elf/7.2.0/../../../../sparc-gaisler-elf/lib/leon/mfix-at697f\libm.a(lib_a-k_sin.o)
                                         0x38 (size before relaxing)
 .rodata.cst8   0x0000000040049f10       0x68 c:/opt/bcc-2.0.2-gcc/bin/../lib/gcc/sparc-gaisler-elf/7.2.0/../../../../sparc-gaisler-elf/lib/leon/mfix-at697f\libm.a(lib_a-k_tan.o)
                                         0x90 (size before relaxing)
 .rodata.cst8   0x0000000040049f78        0x8 c:/opt/bcc-2.0.2-gcc/bin/../lib/gcc/sparc-gaisler-elf/7.2.0/../../../../sparc-gaisler-elf/lib/leon/mfix-at697f\libm.a(lib_a-s_nan.o)
 .rodata        0x0000000040049f80       0x10 c:/opt/bcc-2.0.2-gcc/bin/../lib/gcc/sparc-gaisler-elf/7.2.0/../../../../sparc-gaisler-elf/lib/leon/mfix-at697f\libm.a(lib_a-s_rint.o)
 .rodata.cst8   0x0000000040049f90       0x18 c:/opt/bcc-2.0.2-gcc/bin/../lib/gcc/sparc-gaisler-elf/7.2.0/../../../../sparc-gaisler-elf/lib/leon/mfix-at697f\libm.a(lib_a-s_scalbn.o)
                                         0x20 (size before relaxing)
 .rodata        0x0000000040049fa8        0x4 c:/opt/bcc-2.0.2-gcc/bin/../lib/gcc/sparc-gaisler-elf/7.2.0/../../../../sparc-gaisler-elf/lib/leon/mfix-at697f\libc.a(lib_a-impure.o)
                0x0000000040049fa8                _global_impure_ptr
 *(.gnu.linkonce.r*)
                0x0000000040049fb0                . = ALIGN (0x10)
 *fill*         0x0000000040049fac        0x4 
                0x0000000040049fb0                __rodata_end = .

.rela.dyn       0x0000000040049fb0        0x0
 .rela.iplt     0x0000000040049fb0        0x0 c:/opt/bcc-2.0.2-gcc/bin/../sparc-gaisler-elf/bsp/leon2/leon/mfix-at697f/trap_table_mvt.S.o
 .rela.text.traptable
                0x0000000040049fb0        0x0 c:/opt/bcc-2.0.2-gcc/bin/../sparc-gaisler-elf/bsp/leon2/leon/mfix-at697f/trap_table_mvt.S.o
 .rela.text     0x0000000040049fb0        0x0 c:/opt/bcc-2.0.2-gcc/bin/../sparc-gaisler-elf/bsp/leon2/leon/mfix-at697f/trap_table_mvt.S.o
 .rela.text.startup
                0x0000000040049fb0        0x0 c:/opt/bcc-2.0.2-gcc/bin/../sparc-gaisler-elf/bsp/leon2/leon/mfix-at697f/trap_table_mvt.S.o
 .rela.data     0x0000000040049fb0        0x0 c:/opt/bcc-2.0.2-gcc/bin/../sparc-gaisler-elf/bsp/leon2/leon/mfix-at697f/trap_table_mvt.S.o

.ext.data       0x0000000040049fb0        0x0
                0x0000000040049fb0                . = ALIGN (0x8)
                0x0000000040049fb0                __extdata_start = .
 *(.data.ext)
                0x0000000040049fb0                . = ALIGN (0x8)
                0x0000000040049fb0                __extdata_end = .
                0x0000000040049fb0                __extdata_start_lma = LOADADDR (.ext.data)
                0x0000000000000000                __extdata_size = SIZEOF (.ext.data)

.data           0x0000000040049fb0      0x568
                0x0000000040049fb0                . = ALIGN (0x8)
                0x0000000040049fb0                __data_start = .
 *(.data .data.*)
 .data          0x0000000040049fb0        0x0 c:/opt/bcc-2.0.2-gcc/bin/../sparc-gaisler-elf/bsp/leon2/leon/mfix-at697f/trap_table_mvt.S.o
 .data          0x0000000040049fb0        0x0 c:/opt/bcc-2.0.2-gcc/bin/../sparc-gaisler-elf/bsp/leon2/leon/mfix-at697f/crt0.S.o
 .data          0x0000000040049fb0        0x0 c:/opt/bcc-2.0.2-gcc/bin/../lib/gcc/sparc-gaisler-elf/7.2.0/leon/mfix-at697f/crti.o
 .data          0x0000000040049fb0        0x4 c:/opt/bcc-2.0.2-gcc/bin/../lib/gcc/sparc-gaisler-elf/7.2.0/leon/mfix-at697f/crtbegin.o
                0x0000000040049fb0                __dso_handle
 .data          0x0000000040049fb4        0x0 C:\Users\Bhagawat\AppData\Local\Temp\ccWOtHc0.o
 .data          0x0000000040049fb4        0x0 C:\Users\Bhagawat\AppData\Local\Temp\ccj5e6Ld.o
 .data          0x0000000040049fb4       0x18 C:\Users\Bhagawat\AppData\Local\Temp\ccPkWKso.o
                0x0000000040049fc8                real_tm_wait
 .data          0x0000000040049fcc      0x3c4 C:\Users\Bhagawat\AppData\Local\Temp\cckBiMS5.o
                0x0000000040049fcc                Resol_Table_Adcs
                0x000000004004a0b0                BlkExe_Status
                0x000000004004a0b4                FuncExecute_Table
                0x000000004004a324                Resol_Table
 .data          0x000000004004a390        0x0 C:\Users\Bhagawat\AppData\Local\Temp\cc3GPJLR.o
 .data          0x000000004004a390        0x0 C:\Users\Bhagawat\AppData\Local\Temp\cczvf2rF.o
 .data          0x000000004004a390        0x8 C:\Users\Bhagawat\AppData\Local\Temp\ccvBLCOM.o
                0x000000004004a390                PL_Debug_Data
 .data          0x000000004004a398       0x20 C:\Users\Bhagawat\AppData\Local\Temp\cc4ulDLW.o
                0x000000004004a398                inter_HAL_EPS_Hardware_Status_SEL
 .data          0x000000004004a3b8        0x0 C:\Users\Bhagawat\AppData\Local\Temp\ccL8oyRh.o
 .data          0x000000004004a3b8        0x0 C:\Users\Bhagawat\AppData\Local\Temp\cc0Fw3XN.o
 .data          0x000000004004a3b8        0x0 C:\Users\Bhagawat\AppData\Local\Temp\cc3mYYMF.o
 .data          0x000000004004a3b8       0xbc C:\Users\Bhagawat\AppData\Local\Temp\ccfkUOWK.o
                0x000000004004a3b8                Auto_manual
                0x000000004004a3bc                UTP
                0x000000004004a3fc                LTP
                0x000000004004a43c                Thermister_index_select
 .data          0x000000004004a474        0x0 C:\Users\Bhagawat\AppData\Local\Temp\ccTzSej7.o
 *fill*         0x000000004004a474        0x4 
 .data          0x000000004004a478        0x4 C:\Users\Bhagawat\AppData\Local\Temp\cc5uTzbU.o
                0x000000004004a478                NSP_addr_table
 .data          0x000000004004a47c        0x0 C:\Users\Bhagawat\AppData\Local\Temp\ccto8VdS.o
 .data          0x000000004004a47c        0x0 C:\Users\Bhagawat\AppData\Local\Temp\ccRS8WVk.o
 .data          0x000000004004a47c        0x0 C:\Users\Bhagawat\AppData\Local\Temp\ccWu4cXl.o
 .data          0x000000004004a47c        0x0 C:\Users\Bhagawat\AppData\Local\Temp\ccn8cIhx.o
 .data          0x000000004004a47c        0x0 C:\Users\Bhagawat\AppData\Local\Temp\cc20Fjnl.o
 .data          0x000000004004a47c        0x0 C:\Users\Bhagawat\AppData\Local\Temp\ccABHWUm.o
 .data          0x000000004004a47c        0x0 C:\Users\Bhagawat\AppData\Local\Temp\ccNdQ3h9.o
 .data          0x000000004004a47c        0x0 C:\Users\Bhagawat\AppData\Local\Temp\ccKYnVyC.o
 .data          0x000000004004a47c        0x0 C:\Users\Bhagawat\AppData\Local\Temp\ccnxmtke.o
 .data          0x000000004004a47c        0x0 C:\Users\Bhagawat\AppData\Local\Temp\cc7ySlhF.o
 .data          0x000000004004a47c        0x0 C:\Users\Bhagawat\AppData\Local\Temp\cc1tWkht.o
 .data          0x000000004004a47c        0x0 C:\Users\Bhagawat\AppData\Local\Temp\ccZOEw4u.o
 .data          0x000000004004a47c        0x0 c:/opt/bcc-2.0.2-gcc/bin/../lib/gcc/sparc-gaisler-elf/7.2.0/../../../../sparc-gaisler-elf/lib/leon/mfix-at697f\libm.a(lib_a-s_atan.o)
 .data          0x000000004004a47c        0x0 c:/opt/bcc-2.0.2-gcc/bin/../lib/gcc/sparc-gaisler-elf/7.2.0/../../../../sparc-gaisler-elf/lib/leon/mfix-at697f\libm.a(lib_a-s_cos.o)
 .data          0x000000004004a47c        0x0 c:/opt/bcc-2.0.2-gcc/bin/../lib/gcc/sparc-gaisler-elf/7.2.0/../../../../sparc-gaisler-elf/lib/leon/mfix-at697f\libm.a(lib_a-s_fabs.o)
 .data          0x000000004004a47c        0x0 c:/opt/bcc-2.0.2-gcc/bin/../lib/gcc/sparc-gaisler-elf/7.2.0/../../../../sparc-gaisler-elf/lib/leon/mfix-at697f\libm.a(lib_a-s_floor.o)
 .data          0x000000004004a47c        0x0 c:/opt/bcc-2.0.2-gcc/bin/../lib/gcc/sparc-gaisler-elf/7.2.0/../../../../sparc-gaisler-elf/lib/leon/mfix-at697f\libm.a(lib_a-s_round.o)
 .data          0x000000004004a47c        0x0 c:/opt/bcc-2.0.2-gcc/bin/../lib/gcc/sparc-gaisler-elf/7.2.0/../../../../sparc-gaisler-elf/lib/leon/mfix-at697f\libm.a(lib_a-s_sin.o)
 .data          0x000000004004a47c        0x0 c:/opt/bcc-2.0.2-gcc/bin/../lib/gcc/sparc-gaisler-elf/7.2.0/../../../../sparc-gaisler-elf/lib/leon/mfix-at697f\libm.a(lib_a-s_tan.o)
 .data          0x000000004004a47c        0x0 c:/opt/bcc-2.0.2-gcc/bin/../lib/gcc/sparc-gaisler-elf/7.2.0/../../../../sparc-gaisler-elf/lib/leon/mfix-at697f\libm.a(lib_a-w_acos.o)
 .data          0x000000004004a47c        0x0 c:/opt/bcc-2.0.2-gcc/bin/../lib/gcc/sparc-gaisler-elf/7.2.0/../../../../sparc-gaisler-elf/lib/leon/mfix-at697f\libm.a(lib_a-w_asin.o)
 .data          0x000000004004a47c        0x0 c:/opt/bcc-2.0.2-gcc/bin/../lib/gcc/sparc-gaisler-elf/7.2.0/../../../../sparc-gaisler-elf/lib/leon/mfix-at697f\libm.a(lib_a-w_atan2.o)
 .data          0x000000004004a47c        0x0 c:/opt/bcc-2.0.2-gcc/bin/../lib/gcc/sparc-gaisler-elf/7.2.0/../../../../sparc-gaisler-elf/lib/leon/mfix-at697f\libm.a(lib_a-w_fmod.o)
 .data          0x000000004004a47c        0x0 c:/opt/bcc-2.0.2-gcc/bin/../lib/gcc/sparc-gaisler-elf/7.2.0/../../../../sparc-gaisler-elf/lib/leon/mfix-at697f\libm.a(lib_a-w_pow.o)
 .data          0x000000004004a47c        0x0 c:/opt/bcc-2.0.2-gcc/bin/../lib/gcc/sparc-gaisler-elf/7.2.0/../../../../sparc-gaisler-elf/lib/leon/mfix-at697f\libm.a(lib_a-w_sqrt.o)
 .data          0x000000004004a47c        0x0 c:/opt/bcc-2.0.2-gcc/bin/../lib/gcc/sparc-gaisler-elf/7.2.0/../../../../sparc-gaisler-elf/lib/leon/mfix-at697f\libm.a(lib_a-e_acos.o)
 .data          0x000000004004a47c        0x0 c:/opt/bcc-2.0.2-gcc/bin/../lib/gcc/sparc-gaisler-elf/7.2.0/../../../../sparc-gaisler-elf/lib/leon/mfix-at697f\libm.a(lib_a-e_asin.o)
 .data          0x000000004004a47c        0x0 c:/opt/bcc-2.0.2-gcc/bin/../lib/gcc/sparc-gaisler-elf/7.2.0/../../../../sparc-gaisler-elf/lib/leon/mfix-at697f\libm.a(lib_a-e_atan2.o)
 .data          0x000000004004a47c        0x0 c:/opt/bcc-2.0.2-gcc/bin/../lib/gcc/sparc-gaisler-elf/7.2.0/../../../../sparc-gaisler-elf/lib/leon/mfix-at697f\libm.a(lib_a-e_fmod.o)
 .data          0x000000004004a47c        0x0 c:/opt/bcc-2.0.2-gcc/bin/../lib/gcc/sparc-gaisler-elf/7.2.0/../../../../sparc-gaisler-elf/lib/leon/mfix-at697f\libm.a(lib_a-e_pow.o)
 .data          0x000000004004a47c        0x0 c:/opt/bcc-2.0.2-gcc/bin/../lib/gcc/sparc-gaisler-elf/7.2.0/../../../../sparc-gaisler-elf/lib/leon/mfix-at697f\libm.a(lib_a-e_rem_pio2.o)
 .data          0x000000004004a47c        0x0 c:/opt/bcc-2.0.2-gcc/bin/../lib/gcc/sparc-gaisler-elf/7.2.0/../../../../sparc-gaisler-elf/lib/leon/mfix-at697f\libm.a(lib_a-e_sqrt.o)
 .data          0x000000004004a47c        0x0 c:/opt/bcc-2.0.2-gcc/bin/../lib/gcc/sparc-gaisler-elf/7.2.0/../../../../sparc-gaisler-elf/lib/leon/mfix-at697f\libm.a(lib_a-k_cos.o)
 .data          0x000000004004a47c        0x0 c:/opt/bcc-2.0.2-gcc/bin/../lib/gcc/sparc-gaisler-elf/7.2.0/../../../../sparc-gaisler-elf/lib/leon/mfix-at697f\libm.a(lib_a-k_rem_pio2.o)
 .data          0x000000004004a47c        0x0 c:/opt/bcc-2.0.2-gcc/bin/../lib/gcc/sparc-gaisler-elf/7.2.0/../../../../sparc-gaisler-elf/lib/leon/mfix-at697f\libm.a(lib_a-k_sin.o)
 .data          0x000000004004a47c        0x0 c:/opt/bcc-2.0.2-gcc/bin/../lib/gcc/sparc-gaisler-elf/7.2.0/../../../../sparc-gaisler-elf/lib/leon/mfix-at697f\libm.a(lib_a-k_tan.o)
 .data          0x000000004004a47c        0x0 c:/opt/bcc-2.0.2-gcc/bin/../lib/gcc/sparc-gaisler-elf/7.2.0/../../../../sparc-gaisler-elf/lib/leon/mfix-at697f\libm.a(lib_a-s_finite.o)
 .data          0x000000004004a47c        0x4 c:/opt/bcc-2.0.2-gcc/bin/../lib/gcc/sparc-gaisler-elf/7.2.0/../../../../sparc-gaisler-elf/lib/leon/mfix-at697f\libm.a(lib_a-s_lib_ver.o)
                0x000000004004a47c                __fdlib_version
 .data          0x000000004004a480        0x0 c:/opt/bcc-2.0.2-gcc/bin/../lib/gcc/sparc-gaisler-elf/7.2.0/../../../../sparc-gaisler-elf/lib/leon/mfix-at697f\libm.a(lib_a-s_matherr.o)
 .data          0x000000004004a480        0x0 c:/opt/bcc-2.0.2-gcc/bin/../lib/gcc/sparc-gaisler-elf/7.2.0/../../../../sparc-gaisler-elf/lib/leon/mfix-at697f\libm.a(lib_a-s_nan.o)
 .data          0x000000004004a480        0x0 c:/opt/bcc-2.0.2-gcc/bin/../lib/gcc/sparc-gaisler-elf/7.2.0/../../../../sparc-gaisler-elf/lib/leon/mfix-at697f\libm.a(lib_a-s_rint.o)
 .data          0x000000004004a480        0x0 c:/opt/bcc-2.0.2-gcc/bin/../lib/gcc/sparc-gaisler-elf/7.2.0/../../../../sparc-gaisler-elf/lib/leon/mfix-at697f\libm.a(lib_a-s_scalbn.o)
 .data          0x000000004004a480        0x0 c:/opt/bcc-2.0.2-gcc/bin/../lib/gcc/sparc-gaisler-elf/7.2.0/../../../../sparc-gaisler-elf/lib/leon/mfix-at697f\libm.a(lib_a-s_copysign.o)
 .data          0x000000004004a480        0x0 c:/opt/bcc-2.0.2-gcc/bin/../sparc-gaisler-elf/bsp/leon2/leon/mfix-at697f\libbcc.a(reset_trap_mvt.S.o)
 .data          0x000000004004a480        0x0 c:/opt/bcc-2.0.2-gcc/bin/../sparc-gaisler-elf/bsp/leon2/leon/mfix-at697f\libbcc.a(window_trap.S.o)
 .data          0x000000004004a480        0x0 c:/opt/bcc-2.0.2-gcc/bin/../sparc-gaisler-elf/bsp/leon2/leon/mfix-at697f\libbcc.a(interrupt_trap.S.o)
 .data          0x000000004004a480        0x0 c:/opt/bcc-2.0.2-gcc/bin/../sparc-gaisler-elf/bsp/leon2/leon/mfix-at697f\libbcc.a(flush_windows_trap.S.o)
 .data          0x000000004004a480        0x0 c:/opt/bcc-2.0.2-gcc/bin/../sparc-gaisler-elf/bsp/leon2/leon/mfix-at697f\libbcc.a(sw_trap_set_pil.S.o)
 .data          0x000000004004a480        0x0 c:/opt/bcc-2.0.2-gcc/bin/../sparc-gaisler-elf/bsp/leon2/leon/mfix-at697f\libbcc.a(trap.c.o)
 .data          0x000000004004a480        0x0 c:/opt/bcc-2.0.2-gcc/bin/../sparc-gaisler-elf/bsp/leon2/leon/mfix-at697f\libbcc.a(isr.c.o)
 .data          0x000000004004a480       0x10 c:/opt/bcc-2.0.2-gcc/bin/../sparc-gaisler-elf/bsp/leon2/leon/mfix-at697f\libbcc.a(int_nest.c.o)
                0x000000004004a480                __bcc_int_nest
 .data          0x000000004004a490        0x0 c:/opt/bcc-2.0.2-gcc/bin/../sparc-gaisler-elf/bsp/leon2/leon/mfix-at697f\libbcc.a(init.S.o)
 .data          0x000000004004a490       0x10 c:/opt/bcc-2.0.2-gcc/bin/../sparc-gaisler-elf/bsp/leon2/leon/mfix-at697f\libbcc.a(leon_info.S.o)
                0x000000004004a490                __bcc_leon_version
                0x000000004004a494                __bcc_nwindows_min1
                0x000000004004a498                __bcc_nwindows
                0x000000004004a49c                __bcc_cpuid
 .data          0x000000004004a4a0        0x0 c:/opt/bcc-2.0.2-gcc/bin/../sparc-gaisler-elf/bsp/leon2/leon/mfix-at697f\libbcc.a(dwzero.S.o)
 .data          0x000000004004a4a0        0x0 c:/opt/bcc-2.0.2-gcc/bin/../sparc-gaisler-elf/bsp/leon2/leon/mfix-at697f\libbcc.a(copy_data.c.o)
 .data          0x000000004004a4a0        0x0 c:/opt/bcc-2.0.2-gcc/bin/../sparc-gaisler-elf/bsp/leon2/leon/mfix-at697f\libbcc.a(lowlevel.S.o)
 .data          0x000000004004a4a0        0x0 c:/opt/bcc-2.0.2-gcc/bin/../sparc-gaisler-elf/bsp/leon2/leon/mfix-at697f\libbcc.a(lowlevel_leon2.S.o)
 .data          0x000000004004a4a0        0x0 c:/opt/bcc-2.0.2-gcc/bin/../sparc-gaisler-elf/bsp/leon2/leon/mfix-at697f\libbcc.a(int_leon2.c.o)
 .data          0x000000004004a4a0        0x0 c:/opt/bcc-2.0.2-gcc/bin/../sparc-gaisler-elf/bsp/leon2/leon/mfix-at697f\libbcc.a(int_leon2_get_source.c.o)
 .data          0x000000004004a4a0        0x0 c:/opt/bcc-2.0.2-gcc/bin/../sparc-gaisler-elf/bsp/leon2/leon/mfix-at697f\libbcc.a(int_leon2_init.c.o)
 .data          0x000000004004a4a0        0x0 c:/opt/bcc-2.0.2-gcc/bin/../sparc-gaisler-elf/bsp/leon2/leon/mfix-at697f\libbcc.a(con_leon2.c.o)
 .data          0x000000004004a4a0        0x0 c:/opt/bcc-2.0.2-gcc/bin/../sparc-gaisler-elf/bsp/leon2/leon/mfix-at697f\libbcc.a(timer_leon2.c.o)
 .data          0x000000004004a4a0        0x0 c:/opt/bcc-2.0.2-gcc/bin/../sparc-gaisler-elf/bsp/leon2/leon/mfix-at697f\libbcc.a(set_pil.S.o)
 .data          0x000000004004a4a0        0x4 c:/opt/bcc-2.0.2-gcc/bin/../sparc-gaisler-elf/bsp/leon2/leon/mfix-at697f\libbcc.a(int_leon2_handle.c.o)
                0x000000004004a4a0                __bcc_int_handle
 .data          0x000000004004a4a4        0x4 c:/opt/bcc-2.0.2-gcc/bin/../sparc-gaisler-elf/bsp/leon2/leon/mfix-at697f\libbcc.a(con_handle.c.o)
                0x000000004004a4a4                __bcc_con_handle
 .data          0x000000004004a4a8        0x8 c:/opt/bcc-2.0.2-gcc/bin/../sparc-gaisler-elf/bsp/leon2/leon/mfix-at697f\libbcc.a(timer_handle.c.o)
                0x000000004004a4a8                __bcc_timer_interrupt
                0x000000004004a4ac                __bcc_timer_handle
 .data          0x000000004004a4b0        0x0 c:/opt/bcc-2.0.2-gcc/bin/../lib/gcc/sparc-gaisler-elf/7.2.0/../../../../sparc-gaisler-elf/lib/leon/mfix-at697f\libc.a(lib_a-atexit.o)
 .data          0x000000004004a4b0        0x0 c:/opt/bcc-2.0.2-gcc/bin/../lib/gcc/sparc-gaisler-elf/7.2.0/../../../../sparc-gaisler-elf/lib/leon/mfix-at697f\libc.a(lib_a-errno.o)
 .data          0x000000004004a4b0        0x0 c:/opt/bcc-2.0.2-gcc/bin/../lib/gcc/sparc-gaisler-elf/7.2.0/../../../../sparc-gaisler-elf/lib/leon/mfix-at697f\libc.a(lib_a-exit.o)
 .data          0x000000004004a4b0       0x64 c:/opt/bcc-2.0.2-gcc/bin/../lib/gcc/sparc-gaisler-elf/7.2.0/../../../../sparc-gaisler-elf/lib/leon/mfix-at697f\libc.a(lib_a-impure.o)
                0x000000004004a4b0                _impure_ptr
 .data          0x000000004004a514        0x0 c:/opt/bcc-2.0.2-gcc/bin/../lib/gcc/sparc-gaisler-elf/7.2.0/../../../../sparc-gaisler-elf/lib/leon/mfix-at697f\libc.a(lib_a-memcpy.o)
 .data          0x000000004004a514        0x0 c:/opt/bcc-2.0.2-gcc/bin/../lib/gcc/sparc-gaisler-elf/7.2.0/../../../../sparc-gaisler-elf/lib/leon/mfix-at697f\libc.a(lib_a-__atexit.o)
 .data          0x000000004004a514        0x0 c:/opt/bcc-2.0.2-gcc/bin/../lib/gcc/sparc-gaisler-elf/7.2.0/../../../../sparc-gaisler-elf/lib/leon/mfix-at697f\libc.a(lib_a-__call_atexit.o)
 .data          0x000000004004a514        0x0 c:/opt/bcc-2.0.2-gcc/bin/../sparc-gaisler-elf/bsp/leon2/leon/mfix-at697f\libbcc.a(_exit.S.o)
 .data          0x000000004004a514        0x0 c:/opt/bcc-2.0.2-gcc/bin/../lib/gcc/sparc-gaisler-elf/7.2.0/leon/mfix-at697f/crtend.o
 .data          0x000000004004a514        0x0 c:/opt/bcc-2.0.2-gcc/bin/../lib/gcc/sparc-gaisler-elf/7.2.0/leon/mfix-at697f/crtn.o
                0x000000004004a518                . = ALIGN (0x8)
 *fill*         0x000000004004a514        0x4 
                0x000000004004a518                __data_end = .
                0x0000000040049fb0                __data_start_lma = LOADADDR (.data)
                0x0000000000000568                __data_size = SIZEOF (.data)

.iplt           0x000000004004a518        0x0
 .iplt          0x000000004004a518        0x0 c:/opt/bcc-2.0.2-gcc/bin/../sparc-gaisler-elf/bsp/leon2/leon/mfix-at697f/trap_table_mvt.S.o

.tm_clone_table
                0x000000004004a518        0x0
 .tm_clone_table
                0x000000004004a518        0x0 c:/opt/bcc-2.0.2-gcc/bin/../lib/gcc/sparc-gaisler-elf/7.2.0/leon/mfix-at697f/crtbegin.o
 .tm_clone_table
                0x000000004004a518        0x0 c:/opt/bcc-2.0.2-gcc/bin/../lib/gcc/sparc-gaisler-elf/7.2.0/leon/mfix-at697f/crtend.o

.bss            0x000000004004a518    0x91df0
                0x000000004004a518                . = ALIGN (0x8)
                0x000000004004a518                __bss_start = .
 *(.bss .bss.*)
 .bss           0x000000004004a518        0x0 c:/opt/bcc-2.0.2-gcc/bin/../sparc-gaisler-elf/bsp/leon2/leon/mfix-at697f/trap_table_mvt.S.o
 .bss           0x000000004004a518        0x4 c:/opt/bcc-2.0.2-gcc/bin/../sparc-gaisler-elf/bsp/leon2/leon/mfix-at697f/crt0.S.o
                0x000000004004a518                __bcc_sp_at_entry
 .bss           0x000000004004a51c        0x0 c:/opt/bcc-2.0.2-gcc/bin/../lib/gcc/sparc-gaisler-elf/7.2.0/leon/mfix-at697f/crti.o
 .bss           0x000000004004a51c       0x20 c:/opt/bcc-2.0.2-gcc/bin/../lib/gcc/sparc-gaisler-elf/7.2.0/leon/mfix-at697f/crtbegin.o
 .bss           0x000000004004a53c        0x0 C:\Users\Bhagawat\AppData\Local\Temp\ccWOtHc0.o
 .bss           0x000000004004a53c        0x0 C:\Users\Bhagawat\AppData\Local\Temp\ccj5e6Ld.o
 .bss           0x000000004004a53c        0x8 C:\Users\Bhagawat\AppData\Local\Temp\ccPkWKso.o
                0x000000004004a53c                test_st_sp
                0x000000004004a53d                filler_byte
                0x000000004004a540                repeat_count
 .bss           0x000000004004a544       0x22 C:\Users\Bhagawat\AppData\Local\Temp\cckBiMS5.o
                0x000000004004a544                Diff_stop_srl_num
                0x000000004004a548                Diff_start_srl_num
                0x000000004004a54c                DTTC_count
                0x000000004004a550                head
                0x000000004004a554                ATTC_count
                0x000000004004a558                ATTC_exe_en
                0x000000004004a55c                ATTC_Master_en
                0x000000004004a560                Nodeptrempty_flag
                0x000000004004a564                ComputedParity
                0x000000004004a565                RcvdParity
 .bss           0x000000004004a566        0x0 C:\Users\Bhagawat\AppData\Local\Temp\cc3GPJLR.o
 .bss           0x000000004004a566        0x0 C:\Users\Bhagawat\AppData\Local\Temp\cczvf2rF.o
 .bss           0x000000004004a566        0x0 C:\Users\Bhagawat\AppData\Local\Temp\ccvBLCOM.o
 *fill*         0x000000004004a566        0x2 
 .bss           0x000000004004a568        0x8 C:\Users\Bhagawat\AppData\Local\Temp\cc4ulDLW.o
                0x000000004004a568                load_shedding_flag
                0x000000004004a569                low_battery_voltage
                0x000000004004a56c                inter_HAL_EPS_Hardware_Status_count
 .bss           0x000000004004a570        0x4 C:\Users\Bhagawat\AppData\Local\Temp\ccL8oyRh.o
                0x000000004004a570                imu_count
 .bss           0x000000004004a574        0x0 C:\Users\Bhagawat\AppData\Local\Temp\cc0Fw3XN.o
 .bss           0x000000004004a574        0xc C:\Users\Bhagawat\AppData\Local\Temp\cc3mYYMF.o
                0x000000004004a574                gpstest
                0x000000004004a578                gps_ready_bit
                0x000000004004a57c                gps_count
 .bss           0x000000004004a580        0x0 C:\Users\Bhagawat\AppData\Local\Temp\ccfkUOWK.o
 .bss           0x000000004004a580        0x4 C:\Users\Bhagawat\AppData\Local\Temp\ccTzSej7.o
                0x000000004004a580                MTR_Reset_Flag
 .bss           0x000000004004a584        0xe C:\Users\Bhagawat\AppData\Local\Temp\cc5uTzbU.o
                0x000000004004a590                crc_test
 *fill*         0x000000004004a592        0x2 
 .bss           0x000000004004a594       0x18 C:\Users\Bhagawat\AppData\Local\Temp\ccto8VdS.o
                0x000000004004a594                SA2_status
                0x000000004004a598                SA1_status
                0x000000004004a59c                TC_HAL_SA_Deploy
                0x000000004004a5a0                SA_Command_Type
                0x000000004004a5a4                SA2_Deploy_cmd_rcvd_time