Archive member included to satisfy reference by file (symbol)

c:/opt/bcc-2.0.2-gcc/bin/../lib/gcc/sparc-gaisler-elf/7.2.0/../../../../sparc-gaisler-elf/lib/leon/mfix-at697f\libm.a(lib_a-s_atan.o)
                              C:\Users\ajarr\AppData\Local\Temp\ccw6IUt3.o (atan)
c:/opt/bcc-2.0.2-gcc/bin/../lib/gcc/sparc-gaisler-elf/7.2.0/../../../../sparc-gaisler-elf/lib/leon/mfix-at697f\libm.a(lib_a-s_cos.o)
                              C:\Users\ajarr\AppData\Local\Temp\ccieaQZP.o (cos)
c:/opt/bcc-2.0.2-gcc/bin/../lib/gcc/sparc-gaisler-elf/7.2.0/../../../../sparc-gaisler-elf/lib/leon/mfix-at697f\libm.a(lib_a-s_fabs.o)
                              c:/opt/bcc-2.0.2-gcc/bin/../lib/gcc/sparc-gaisler-elf/7.2.0/../../../../sparc-gaisler-elf/lib/leon/mfix-at697f\libm.a(lib_a-s_atan.o) (fabs)
c:/opt/bcc-2.0.2-gcc/bin/../lib/gcc/sparc-gaisler-elf/7.2.0/../../../../sparc-gaisler-elf/lib/leon/mfix-at697f\libm.a(lib_a-s_floor.o)
                              C:\Users\ajarr\AppData\Local\Temp\ccSdHgfU.o (floor)
c:/opt/bcc-2.0.2-gcc/bin/../lib/gcc/sparc-gaisler-elf/7.2.0/../../../../sparc-gaisler-elf/lib/leon/mfix-at697f\libm.a(lib_a-s_round.o)
                              C:\Users\ajarr\AppData\Local\Temp\ccLMCJzT.o (round)
c:/opt/bcc-2.0.2-gcc/bin/../lib/gcc/sparc-gaisler-elf/7.2.0/../../../../sparc-gaisler-elf/lib/leon/mfix-at697f\libm.a(lib_a-s_sin.o)
                              C:\Users\ajarr\AppData\Local\Temp\ccieaQZP.o (sin)
c:/opt/bcc-2.0.2-gcc/bin/../lib/gcc/sparc-gaisler-elf/7.2.0/../../../../sparc-gaisler-elf/lib/leon/mfix-at697f\libm.a(lib_a-s_tan.o)
                              C:\Users\ajarr\AppData\Local\Temp\ccw6IUt3.o (tan)
c:/opt/bcc-2.0.2-gcc/bin/../lib/gcc/sparc-gaisler-elf/7.2.0/../../../../sparc-gaisler-elf/lib/leon/mfix-at697f\libm.a(lib_a-w_acos.o)
                              C:\Users\ajarr\AppData\Local\Temp\ccP1FmVg.o (acos)
c:/opt/bcc-2.0.2-gcc/bin/../lib/gcc/sparc-gaisler-elf/7.2.0/../../../../sparc-gaisler-elf/lib/leon/mfix-at697f\libm.a(lib_a-w_asin.o)
                              C:\Users\ajarr\AppData\Local\Temp\ccSdHgfU.o (asin)
c:/opt/bcc-2.0.2-gcc/bin/../lib/gcc/sparc-gaisler-elf/7.2.0/../../../../sparc-gaisler-elf/lib/leon/mfix-at697f\libm.a(lib_a-w_atan2.o)
                              C:\Users\ajarr\AppData\Local\Temp\ccP1FmVg.o (atan2)
c:/opt/bcc-2.0.2-gcc/bin/../lib/gcc/sparc-gaisler-elf/7.2.0/../../../../sparc-gaisler-elf/lib/leon/mfix-at697f\libm.a(lib_a-w_fmod.o)
                              C:\Users\ajarr\AppData\Local\Temp\ccSdHgfU.o (fmod)
c:/opt/bcc-2.0.2-gcc/bin/../lib/gcc/sparc-gaisler-elf/7.2.0/../../../../sparc-gaisler-elf/lib/leon/mfix-at697f\libm.a(lib_a-w_pow.o)
                              C:\Users\ajarr\AppData\Local\Temp\ccP1FmVg.o (pow)
c:/opt/bcc-2.0.2-gcc/bin/../lib/gcc/sparc-gaisler-elf/7.2.0/../../../../sparc-gaisler-elf/lib/leon/mfix-at697f\libm.a(lib_a-w_sqrt.o)
                              C:\Users\ajarr\AppData\Local\Temp\ccieaQZP.o (sqrt)
c:/opt/bcc-2.0.2-gcc/bin/../lib/gcc/sparc-gaisler-elf/7.2.0/../../../../sparc-gaisler-elf/lib/leon/mfix-at697f\libm.a(lib_a-e_acos.o)
                              c:/opt/bcc-2.0.2-gcc/bin/../lib/gcc/sparc-gaisler-elf/7.2.0/../../../../sparc-gaisler-elf/lib/leon/mfix-at697f\libm.a(lib_a-w_acos.o) (__ieee754_acos)
c:/opt/bcc-2.0.2-gcc/bin/../lib/gcc/sparc-gaisler-elf/7.2.0/../../../../sparc-gaisler-elf/lib/leon/mfix-at697f\libm.a(lib_a-e_asin.o)
                              c:/opt/bcc-2.0.2-gcc/bin/../lib/gcc/sparc-gaisler-elf/7.2.0/../../../../sparc-gaisler-elf/lib/leon/mfix-at697f\libm.a(lib_a-w_asin.o) (__ieee754_asin)
c:/opt/bcc-2.0.2-gcc/bin/../lib/gcc/sparc-gaisler-elf/7.2.0/../../../../sparc-gaisler-elf/lib/leon/mfix-at697f\libm.a(lib_a-e_atan2.o)
                              c:/opt/bcc-2.0.2-gcc/bin/../lib/gcc/sparc-gaisler-elf/7.2.0/../../../../sparc-gaisler-elf/lib/leon/mfix-at697f\libm.a(lib_a-w_atan2.o) (__ieee754_atan2)
c:/opt/bcc-2.0.2-gcc/bin/../lib/gcc/sparc-gaisler-elf/7.2.0/../../../../sparc-gaisler-elf/lib/leon/mfix-at697f\libm.a(lib_a-e_fmod.o)
                              c:/opt/bcc-2.0.2-gcc/bin/../lib/gcc/sparc-gaisler-elf/7.2.0/../../../../sparc-gaisler-elf/lib/leon/mfix-at697f\libm.a(lib_a-w_fmod.o) (__ieee754_fmod)
c:/opt/bcc-2.0.2-gcc/bin/../lib/gcc/sparc-gaisler-elf/7.2.0/../../../../sparc-gaisler-elf/lib/leon/mfix-at697f\libm.a(lib_a-e_pow.o)
                              c:/opt/bcc-2.0.2-gcc/bin/../lib/gcc/sparc-gaisler-elf/7.2.0/../../../../sparc-gaisler-elf/lib/leon/mfix-at697f\libm.a(lib_a-w_pow.o) (__ieee754_pow)
c:/opt/bcc-2.0.2-gcc/bin/../lib/gcc/sparc-gaisler-elf/7.2.0/../../../../sparc-gaisler-elf/lib/leon/mfix-at697f\libm.a(lib_a-e_rem_pio2.o)
                              c:/opt/bcc-2.0.2-gcc/bin/../lib/gcc/sparc-gaisler-elf/7.2.0/../../../../sparc-gaisler-elf/lib/leon/mfix-at697f\libm.a(lib_a-s_cos.o) (__ieee754_rem_pio2)
c:/opt/bcc-2.0.2-gcc/bin/../lib/gcc/sparc-gaisler-elf/7.2.0/../../../../sparc-gaisler-elf/lib/leon/mfix-at697f\libm.a(lib_a-e_sqrt.o)
[...]
Memory Configuration

Name             Origin             Length             Attributes
rom              0x0000000000000000 0x0000000020000000
ram              0x0000000040000000 0x0000000040000000
*default*        0x0000000000000000 0xffffffffffffffff

Linker script and memory map

LOAD c:/opt/bcc-2.0.2-gcc/bin/../sparc-gaisler-elf/bsp/leon2/leon/mfix-at697f/trap_table_mvt.S.o
LOAD c:/opt/bcc-2.0.2-gcc/bin/../sparc-gaisler-elf/bsp/leon2/leon/mfix-at697f/crt0.S.o
LOAD c:/opt/bcc-2.0.2-gcc/bin/../lib/gcc/sparc-gaisler-elf/7.2.0/leon/mfix-at697f/crti.o
LOAD c:/opt/bcc-2.0.2-gcc/bin/../lib/gcc/sparc-gaisler-elf/7.2.0/leon/mfix-at697f/crtbegin.o
LOAD C:\Users\ajarr\AppData\Local\Temp\cccwhr31.o
LOAD C:\Users\ajarr\AppData\Local\Temp\cckfuVq9.o
LOAD C:\Users\ajarr\AppData\Local\Temp\ccOZLjOX.o
LOAD C:\Users\ajarr\AppData\Local\Temp\cc1SGHVJ.o
LOAD C:\Users\ajarr\AppData\Local\Temp\cceCAb5z.o
LOAD C:\Users\ajarr\AppData\Local\Temp\ccgT0Hlk.o
LOAD C:\Users\ajarr\AppData\Local\Temp\cccf7p4m.o
LOAD C:\Users\ajarr\AppData\Local\Temp\ccVPKNCo.o
LOAD C:\Users\ajarr\AppData\Local\Temp\ccMIxoTx.o
LOAD C:\Users\ajarr\AppData\Local\Temp\ccpoxl1M.o
LOAD C:\Users\ajarr\AppData\Local\Temp\ccIlRRBk.o
LOAD C:\Users\ajarr\AppData\Local\Temp\ccB9CVMb.o
LOAD C:\Users\ajarr\AppData\Local\Temp\ccCNl5Je.o
LOAD C:\Users\ajarr\AppData\Local\Temp\ccGQU5Jq.o
LOAD C:\Users\ajarr\AppData\Local\Temp\ccuFkVTN.o
LOAD C:\Users\ajarr\AppData\Local\Temp\ccieaQZP.o
LOAD C:\Users\ajarr\AppData\Local\Temp\ccP1FmVg.o
LOAD C:\Users\ajarr\AppData\Local\Temp\cceZybKN.o
LOAD C:\Users\ajarr\AppData\Local\Temp\ccLMCJzT.o
LOAD C:\Users\ajarr\AppData\Local\Temp\ccN1aej4.o
LOAD C:\Users\ajarr\AppData\Local\Temp\ccFQuYJY.o
LOAD C:\Users\ajarr\AppData\Local\Temp\ccw6IUt3.o
LOAD C:\Users\ajarr\AppData\Local\Temp\ccASYiQ9.o
LOAD C:\Users\ajarr\AppData\Local\Temp\ccSdHgfU.o
LOAD C:\Users\ajarr\AppData\Local\Temp\ccw8bhmV.o
LOAD C:\Users\ajarr\AppData\Local\Temp\cc6sbk02.o
LOAD c:/opt/bcc-2.0.2-gcc/bin/../lib/gcc/sparc-gaisler-elf/7.2.0/../../../../sparc-gaisler-elf/lib/leon/mfix-at697f\libm.a
                0x0000000000000000                PROVIDE (__bcc_cfg_skip_clear_bss, 0x0)

.text           0x0000000040000000    0x3f630
 CREATE_OBJECT_SYMBOLS
                0x0000000040000000                __text_start = .
                0x0000000040000000                . = ALIGN (0x1000)
 *(.text.traptable)
 .text.traptable
                0x0000000040000000     0x1000 c:/opt/bcc-2.0.2-gcc/bin/../sparc-gaisler-elf/bsp/leon2/leon/mfix-at697f/trap_table_mvt.S.o
                0x0000000040000000                __bcc_entry_point
                0x0000000040000000                __bcc_trap_table
 *(.text .text.*)
 .text          0x0000000040001000        0x0 c:/opt/bcc-2.0.2-gcc/bin/../sparc-gaisler-elf/bsp/leon2/leon/mfix-at697f/trap_table_mvt.S.o
 .text          0x0000000040001000       0xb8 c:/opt/bcc-2.0.2-gcc/bin/../sparc-gaisler-elf/bsp/leon2/leon/mfix-at697f/crt0.S.o
                0x0000000040001000                __bcc_crt0
 .text          0x00000000400010b8        0x0 c:/opt/bcc-2.0.2-gcc/bin/../lib/gcc/sparc-gaisler-elf/7.2.0/leon/mfix-at697f/crti.o
 .text          0x00000000400010b8      0x180 c:/opt/bcc-2.0.2-gcc/bin/../lib/gcc/sparc-gaisler-elf/7.2.0/leon/mfix-at697f/crtbegin.o
 .text          0x0000000040001238      0x974 C:\Users\ajarr\AppData\Local\Temp\cccwhr31.o
                0x0000000040001238                rMinCycle_Wait
                0x00000000400012d4                OBC_Process
                0x0000000040001b5c                rMinCycle_Flag_Reset
 .text.startup  0x0000000040001bac       0xa0 C:\Users\ajarr\AppData\Local\Temp\cccwhr31.o
                0x0000000040001bac                main
 .text          0x0000000040001c4c      0xaac C:\Users\ajarr\AppData\Local\Temp\cckfuVq9.o
                0x0000000040001c6c                Init_Memory
                0x0000000040001ca0                checksum_u32
                0x0000000040001d0c                checksum_u8
                0x0000000040001d5c                rOutput_Latch_Update
                0x0000000040001f38                ST_output_update
                0x0000000040002150                NMI_interrupt_test
                0x000000004000220c                MUX_Output
                0x000000004000254c                EEPROM_RST
                0x0000000040002580                EEPROM_RES
                0x00000000400025b0                s_ram_scrub
                0x000000004000262c                prom_chksum
 .text          0x00000000400026f8     0xd7ec C:\Users\ajarr\AppData\Local\Temp\ccOZLjOX.o
                0x00000000400028e4                rHAL_TM_Write
                0x0000000040002b48                rHAL_TM_HW_Status_Update
                0x0000000040002c6c                rTM_Address_Table_Init
                0x000000004000c8ec                rTM_Copy_Subframe
                0x000000004000c95c                Sampling_Rate_Select
                0x000000004000c9b8                Frame_Address_Select
                0x000000004000cb24                rTCH_full_dump_cpy_buf
                0x000000004000cca0                rTCH_dump_cpy_buf
                0x000000004000d048                TC_Hist_dumping
                0x000000004000d094                copy_frame
                0x000000004000d14c                ST_Copy_Subframe
                0x000000004000d5e4                StorageTelemetry
                0x000000004000d67c                Storage_Telemetry_Write
                0x000000004000d6a4                Norm_ST_1_Table_Init
                0x000000004000ef60                Spec_ST_Table_Init
                0x000000004000fbfc                ST_DUMPING
                0x000000004000fd60                rTM_Real_st_write
                0x000000004000fea0                ST_full_dump
 .text          0x000000004000fee4     0x64dc C:\Users\ajarr\AppData\Local\Temp\cc1SGHVJ.o
                0x00000000400100c0                TC_IMU1_On
                0x0000000040010100                TC_IMU2_On
                0x0000000040010140                TC_IMU1_Off
                0x0000000040010180                TC_IMU2_Off
                0x00000000400101c0                TC_NMI_count_reset
                0x00000000400101d4                TC_GPS1_ON
                0x0000000040010204                TC_GPS1_OFF
                0x0000000040010238                TC_GPS2_on
                0x000000004001026c                TC_GPS2_off
                0x00000000400102a4                TC_W1_ON
                0x00000000400102d4                TC_W2_ON
                0x0000000040010308                TC_W3_ON
                0x0000000040010338                TC_W4_ON
                0x0000000040010368                TC_W1_OFF
                0x0000000040010398                TC_W2_OFF
                0x00000000400103c8                TC_W3_OFF
                0x00000000400103f8                TC_W4_OFF
                0x0000000040010428                rTC_Detumbling_ModePreprocessing_BDOT
                0x0000000040010438                rTC_Detumbling_ModePreprocessing_GYRO
                0x0000000040010448                rTC_SunAcquisition_ModePreprocessing
                0x0000000040010458                rTC_ThreeAxis_ModePreprocessing
                0x0000000040010468                rTC_Suspended_ModePreprocessing
                0x0000000040010474                PL_K_CMD_HLT
                0x00000000400104a4                Antenna_mechanism_ON
                0x00000000400104d4                Antenna_mechanism_OFF
                0x0000000040010504                S_band_tx_on
                0x0000000040010534                S_band_tx_off
                0x0000000040010564                SA_DEPLOYMENT_MECHANISM_MAIN_OFF
                0x0000000040010598                SA_DEPLOYMENT_MECHANISM_RED_OFF
                0x00000000400105cc                sunlit
                0x00000000400105dc                eclipse
                0x00000000400105e8                Sunlit_eclipse_both
                0x00000000400105f8                rSafe_mode_PreProcessing
                0x0000000040010608                eeprom_en
                0x0000000040010618                eeprom_dis
                0x0000000040010624                TC_ATTC_CMD_clear
                0x00000000400106e4                imu1_db_execute
                0x00000000400106f0                imu2_db_execute
                0x00000000400106fc                TC_ACC_Ang_RESET
                0x0000000040010708                TC_GPS1_NMEA_VTG_enable
                0x0000000040010734                TC_GPS1_NMEA_VTG_disable
                0x0000000040010760                TC_GPS1_NMEA_GGA_enable
                0x000000004001078c                TC_GPS1_NMEA_GGA_disable
                0x00000000400107b8                TC_GPS1_NMEA_GSA_enable
                0x00000000400107e4                TC_GPS1_NMEA_GSA_disable
                0x0000000040010810                TC_GPS1_cold_start
                0x000000004001083c                TC_GPS1_factory_reset
                0x0000000040010868                TC_GPS2_NMEA_VTG_enable
                0x0000000040010894                TC_GPS2_NMEA_VTG_disable
                0x00000000400108c0                TC_GPS2_NMEA_GGA_enable
                0x00000000400108ec                TC_GPS2_NMEA_GGA_disable
                0x0000000040010918                TC_GPS2_NMEA_GSA_enable
                0x0000000040010944                TC_GPS2_NMEA_GSA_disable
                0x0000000040010970                TC_GPS2_cold_start
                0x000000004001099c                TC_GPS2_factory_reset
                0x00000000400109c8                TC_GPS1_NMEA_NMEA_GSV_Enable
                0x00000000400109f4                TC_GPS1_NMEA_NMEA_GSV_disable
                0x0000000040010a20                TC_GPS2_NMEA_NMEA_GSV_Enable
                0x0000000040010a4c                TC_GPS2_NMEA_NMEA_GSV_disable
                0x0000000040010a78                TC_MTR_ON
                0x0000000040010a84                TC_MTR_OFF
                0x0000000040010a90                payload_1_on
                0x0000000040010ab8                payload_1_off
                0x0000000040010ac4                PL_K_CMD_STS
                0x0000000040010ad0                PL_K_CMD_ACQ
                0x0000000040010adc                PL_K_DIAG
                0x0000000040010ae8                PL_K_CMD_OFF
                0x0000000040010af4                PL_K_CMD_ON
                0x0000000040010b00                ss_main_db_execute
                0x0000000040010b0c                ss_redundant_db_execute
                0x0000000040010b18                TC_init_RW1
                0x0000000040010b4c                TC_init_RW2
                0x0000000040010b80                TC_init_RW3
                0x0000000040010bb4                TC_init_RW4
                0x0000000040010be8                TC_MTR_Yaw_Positive
                0x0000000040010bfc                TC_MTR_Yaw_Negative
                0x0000000040010c10                TC_MTR_Pitch_Positive
                0x0000000040010c24                TC_MTR_Pitch_Negative
                0x0000000040010c38                TC_MTR_Roll_Positive
                0x0000000040010c4c                TC_MTR_Roll_Negative
                0x0000000040010c60                TC_MTR_Roll_No_cuurent
                0x0000000040010c74                TC_MTR_Pitch_No_cuurent
                0x0000000040010c88                TC_MTR_Yaw_No_cuurent
                0x0000000040010c9c                payload_2_on
                0x0000000040010cc4                payload_2_off
                0x0000000040010cd0                X_band_tx_on
                0x0000000040010cf8                X_band_tx_off
                0x0000000040010d04                SA_DEPLOYMENT_MECHANISM_MAIN_ON
                0x0000000040010d10                SA_DEPLOYMENT_MECHANISM_RED_ON
                0x0000000040010d1c                Antenna_mechanism_arm
                0x0000000040010d28                Antenna_deploy
                0x0000000040010d34                Antenna_mechanism_disarm
                0x0000000040010d40                TC_pl_debug
                0x0000000040010d4c                TC_TM_DS_EN
                0x0000000040010d58                Antenna_RESET_command
                0x0000000040010d64                Antenna_deploy_with_override
                0x0000000040010d70                Antenna_system_temp
                0x0000000040010d7c                Antenna_deploy_status_report
                0x0000000040010d88                Antenna_deploy_activation_count
                0x0000000040010d94                Antenna_deploy_activation_time
                0x0000000040010ea4                TC_pl_tm
                0x0000000040010eac                imu1_db_checksum
                0x0000000040010eb4                imu2_db_checksum
                0x0000000040010ebc                imu_test_sys_sel
                0x0000000040010ec4                TC_Drift_Uplink_Compenstation_Update_IMU1
                0x0000000040010ecc                TC_Drift_Uplink_Compenstation_Update_IMU2
                0x0000000040010ed4                TC_Gyro_Misalignment_Update_IMU1
                0x0000000040010edc                TC_Gyro_Misalignment_Update_IMU2
                0x0000000040010ee4                TC_Gyro_Scale_Factor_Update_IMU1
                0x0000000040010eec                TC_Gyro_Scale_Factor_Update_IMU2
                0x0000000040010ef4                TC_MagBias_Uplink_Compenstation_Update_IMU1
                0x0000000040010efc                TC_MagBias_Uplink_Compenstation_Update_IMU2
                0x0000000040010f04                TC_Mag_Misalignment_Update_IMU1
                0x0000000040010f0c                TC_Mag_Misalignment_Update_IMU2
                0x0000000040010f14                TC_Mag_Scale_Factor_Update_IMU1
                0x0000000040010f1c                TC_Mag_Scale_Factor_Update_IMU2
                0x0000000040010f24                TC_Mag_LPF_Gain_Update_IMU1
                0x0000000040010f2c                TC_Mag_LPF_Gain_Update_IMU2
                0x0000000040010f34                TC_Gyro_LPF_Gain_Update_IMU1
                0x0000000040010f3c                TC_Gyro_LPF_Gain_Update_IMU2
                0x0000000040010f44                TC_Panel2_Deploy
                0x0000000040010f4c                TC_Nominal_wheel_speed_execute
                0x0000000040010f54                Pitch_Torquer_ON
                0x0000000040010f5c                Yaw_Torquer_ON
                0x0000000040010f64                Pitch_Torquer_OFF
                0x0000000040010f6c                Yaw_Torquer_OFF
                0x0000000040010f74                rHeater1_on
                0x0000000040010f7c                rHeater1_off
                0x0000000040010f84                rHeater2_on
                0x0000000040010f8c                rHeater2_off
                0x0000000040010f94                rHeater3_on
                0x0000000040010f9c                rHeater3_off
                0x0000000040010fa4                rHeater4_on
                0x0000000040010fac                rHeater4_off
                0x0000000040010fb4                rHeater5_on
                0x0000000040010fbc                rHeater5_off
                0x0000000040010fc4                rHeater6_on
                0x0000000040010fcc                rHeater6_off
                0x0000000040010fd4                RX_TX_deployed
                0x0000000040010fdc                ss_main_db_checksum
                0x0000000040010fe4                ss_redundant_db_checksum
                0x0000000040010fec                TC_Qinit
                0x0000000040010ff4                OBC_ON
                0x0000000040010ffc                OBC_OFF
                0x0000000040011004                SA1_DEPLOYMENT_AND_SA2_DEPLOYMENT_REDUNDANT_SPARE_BUS_ON
                0x000000004001100c                SA1_DEPLOYMENT_AND_SA2_DEPLOYMENT_REDUNDANT_SPARE_BUS_OFF
                0x0000000040011014                Test_ON
                0x000000004001101c                Test_OFF
                0x0000000040011024                rTC_write_tC_history
                0x000000004001104c                TC_status_reset
                0x0000000040011060                rContingency_TC
                0x0000000040011068                rData_TC
                0x00000000400115cc                rADCS_Data_TC
                0x00000000400129b0                rRemote_base_addr_TC
                0x0000000040012a60                rRemote_data_view
                0x0000000040012a68                rBoolean_TC
                0x0000000040012ab8                rFuncExecute_TC
                0x0000000040012b1c                rRemoteProgram_Addr_TC
                0x0000000040012b70                rRemoteProgram_Data_TC
                0x0000000040012b9c                rDifferential_TimeTag_TC
                0x0000000040012bf8                initNodetable
                0x0000000040012c34                getNode
                0x0000000040012c70                freeNode
                0x0000000040012ca8                rAbsoluteTTC_Update
                0x0000000040012e60                rAbsolute_TimeTag_TC
                0x0000000040012e6c                rDifferential_TimeTag_Update
                0x0000000040012ec8                rDifferential_TimeTag_Execute
                0x0000000040013020                rDifferentialTTC_Execute
                0x000000004001302c                rAbsoluteTTC_Delete
                0x00000000400131b0                rAbsoluteTTC_Clear
                0x0000000040013270                rInit_Block
                0x00000000400132b8                Block_update
                0x0000000040013490                rBlock_TC
                0x000000004001349c                TMTC_Assignment
                0x0000000040013bec                invertReverse
                0x0000000040013c14                BCHEncoder
                0x0000000040013db4                rHAL_TC_Read
                0x0000000040014080                TC_detumbling_rate_gain_1
                0x00000000400144c4                TC_detumbling_bdot_gain_1
                0x0000000040014908                TC_BDOT_Det_Thresh_1
                0x0000000040014a9c                TC_GYRO_Det_Min_Thres_1
                0x0000000040014c30                TC_AngMomDump_Thrsld_1
                0x0000000040014dc4                TC_SpeedDump_Thrsld_1
                0x0000000040014ef0                TC_SpeedDump_TimeSelect_1
                0x0000000040015084                TC_comd_pitch_rate_1
                0x0000000040015218                TC_Gyro_LPF_Gain_IMU1_1
                0x0000000040015450                TC_Gyro_LPF_Gain_IMU2_1
                0x0000000040015688                TC_Mag_LPF_Gain_IMU1_1
                0x00000000400158c0                TC_Mag_LPF_Gain_IMU2_1
                0x0000000040015af8                TC_Wheel_Cutoff_Threshold_1
                0x0000000040015c8c                adcsgains
                0x0000000040015d70                rGainSelect_TC
                0x0000000040015dc4                rReal_Time_TC
                0x0000000040016048                rTelecommand
                0x00000000400161c0                rAbsoluteTTC_Execute
                0x00000000400162e0                rBlockTC_Execute
 .text          0x00000000400163c0       0x38 C:\Users\ajarr\AppData\Local\Temp\cceCAb5z.o
                0x00000000400163c0                fdi_nmi_int_handler
 .text          0x00000000400163f8     0x1670 C:\Users\ajarr\AppData\Local\Temp\ccgT0Hlk.o
                0x00000000400163f8                rPOR_Init
 .text          0x0000000040017a68      0xd78 C:\Users\ajarr\AppData\Local\Temp\cccf7p4m.o
                0x0000000040017a90                rHAL_pl1_ON
                0x0000000040017b10                rHAL_pl1_OFF
                0x0000000040017b60                rHAL_pl2_ON
                0x0000000040017be0                rHAL_pl2_OFF
                0x0000000040017c30                rHAL_tm_ds_en
                0x0000000040017c6c                rHAL_X_Tx_ON
                0x0000000040017ca0                rHAL_X_Tx_OFF
                0x0000000040017cd4                rpl_init
                0x0000000040017d44                rHAL_pl_sts_check
                0x0000000040017d74                rHAL_pl_cmd_hlt
                0x0000000040017df4                rHAL_pl_debug
                0x0000000040017eb4                rHAL_pl_x_tx_data_on
                0x0000000040017fa4                rHAL_pl_cmd_acq
                0x0000000040018084                rHAL_pl_x_tx_data_off
                0x00000000400180c4                rHAL_pl_diag
                0x000000004001813c                pl_tx_tm
                0x0000000040018264                pl_tx_tm_2
                0x000000004001833c                rpl_read
                0x0000000040018428                rpl_tm_write
 .text          0x00000000400187e0      0x4a8 C:\Users\ajarr\AppData\Local\Temp\ccVPKNCo.o
                0x00000000400187e0                rHAL_EPS_Hardware_Status
                0x0000000040018848                rHAL_Battery_load_shedding
                0x00000000400188a4                rHAL_EPS_shunt_switch
 .text          0x0000000040018c88      0x1b4 C:\Users\ajarr\AppData\Local\Temp\ccMIxoTx.o
                0x0000000040018c88                rIMU_Init
                0x0000000040018cf4                HAL_IMU_Read
 .text          0x0000000040018e3c      0x3b4 C:\Users\ajarr\AppData\Local\Temp\ccpoxl1M.o
                0x0000000040018e3c                rHAL_ADC_Read
                0x0000000040018e98                rHAL_ADC_TM_Copy
                0x00000000400190c4                sun_Sensor_data
                0x00000000400191d8                rHAL_ADC_StatusREG_Enable
 .text          0x00000000400191f0     0x1010 C:\Users\ajarr\AppData\Local\Temp\ccIlRRBk.o
                0x00000000400191f0                rGPS_Buffer_Init
                0x0000000040019458                rGPS_pulsecheck
                0x00000000400194f4                rHAL_GPS_Read
                0x0000000040019764                GPS_1_DATA
                0x00000000400197c8                rHAL_GPS_Config
                0x0000000040019ec8                rGPS_TM_Extract
                0x000000004001a19c                ST_TM_gps_data
 .text          0x000000004001a200     0x1114 C:\Users\ajarr\AppData\Local\Temp\ccB9CVMb.o
                0x000000004001a200                Thermister_select
                0x000000004001a244                UTP_selection
                0x000000004001a298                LTP_selection
                0x000000004001a2f8                Heater_1_auto_control
                0x000000004001a368                Heater_2_auto_control
                0x000000004001a3d8                Heater_3_auto_control
                0x000000004001a448                Heater_4_auto_control
                0x000000004001a4b8                Heater_5_auto_control
                0x000000004001a528                Heater_6_auto_control
                0x000000004001a598                Heater_7_auto_control
                0x000000004001a5ec                Heater_8_auto_control
                0x000000004001a640                Heater_9_auto_control
                0x000000004001a694                Heater_10_auto_control
                0x000000004001a6e8                Heater_11_auto_control
                0x000000004001a73c                Heater_12_auto_control
                0x000000004001a790                Heater_13_auto_control
                0x000000004001a7ec                Heater_14_auto_control
                0x000000004001a848                Heater_1_manual_control
                0x000000004001a8b4                Heater_2_manual_control
                0x000000004001a920                Heater_3_manual_control
                0x000000004001a98c                Heater_4_manual_control
                0x000000004001a9f8                Heater_5_manual_control
                0x000000004001aa64                Heater_6_manual_control
                0x000000004001aad0                Heater_control_auto_manual
                0x000000004001b174                Heater_7_manual_control
                0x000000004001b1a4                Heater_8_manual_control
                0x000000004001b1d4                Heater_9_manual_control
                0x000000004001b204                Heater_10_manual_control
                0x000000004001b234                Heater_11_manual_control
                0x000000004001b264                Heater_12_manual_control
                0x000000004001b294                Heater_13_manual_control
                0x000000004001b2d4                Heater_14_manual_control
 .text          0x000000004001b314      0x8dc C:\Users\ajarr\AppData\Local\Temp\ccCNl5Je.o
                0x000000004001b314                rHAL_MTR_ON
                0x000000004001b348                rHAL_MTR_OFF
                0x000000004001b37c                rHAL_MTR
                0x000000004001b9b4                MTR_Monitoring
                0x000000004001b9e0                rHAL_MTR_TC
 .text          0x000000004001bbf0     0x143c C:\Users\ajarr\AppData\Local\Temp\ccGQU5Jq.o
                0x000000004001bbf0                RW_Init
                0x000000004001bd6c                HAL_RW_CRC_Check
                0x000000004001bdd8                rHAL_RW_TM_Read
                0x000000004001c1a8                rRW_SlipFrame_Check
                0x000000004001c3ec                rHAL_RW_TC_Write
                0x000000004001c5c4                rHAL_RW_TM_Write
                0x000000004001c724                rHAL_RW_ConfigBuffer_Write
                0x000000004001c7c8                rRW_Data_Write
                0x000000004001c9d4                rRW_Data_Request
                0x000000004001cb10                rRW_Data_Read
                0x000000004001cebc                rRW_init_cmd
 .text          0x000000004001d02c      0x6dc C:\Users\ajarr\AppData\Local\Temp\ccuFkVTN.o
                0x000000004001d02c                antennaCommand1
                0x000000004001d078                antennaCommand2
                0x000000004001d0c4                antennaCommand3
                0x000000004001d110                antennaCommand4
                0x000000004001d15c                antennaCommand5
                0x000000004001d1a8                antennaCommand6
                0x000000004001d1f4                antennaCommand7
                0x000000004001d23c                antennaCommand8
                0x000000004001d288                antennaCommand9
                0x000000004001d2d4                rHAL_Antenna_Read
                0x000000004001d31c                rHAL_SA_MAIN_Deploy_on
                0x000000004001d394                rHAL_SA_RED_Deploy_on
                0x000000004001d3fc                rHAL_SA1_Deploy_status_check
                0x000000004001d4e4                rHAL_SA2_Deploy_status_check
                0x000000004001d5cc                rHAL_SA_Deploy_Status_new
 .text          0x000000004001d708     0x32f0 C:\Users\ajarr\AppData\Local\Temp\ccieaQZP.o
                0x000000004001d838                rQ_Propagation
                0x000000004001d868                rQuestDataProcessing
                0x000000004001ddb4                rDAD_quest
                0x000000004001ed44                rErrorComputation
                0x000000004001f320                rExtendedKalmanFilter1_p1
                0x000000004002005c                rExtendedKalmanFilter1_p2
 .text          0x00000000400209f8     0x2bec C:\Users\ajarr\AppData\Local\Temp\ccP1FmVg.o
                0x00000000400209f8                rGH_generation
                0x0000000040020bbc                rMagFieldComp1
                0x000000004002160c                rMagFieldComp2
                0x0000000040021d24                rSun_Ephemeris
                0x0000000040021f64                rReferenceQuatComputation
                0x0000000040022a38                rRefVectorGeneration
                0x0000000040023134                rRefRate_Computation
                0x0000000040023418                rSl_Ecl_OnBrd_detection
 .text          0x00000000400235e4        0x0 C:\Users\ajarr\AppData\Local\Temp\cceZybKN.o
 .text          0x00000000400235e4     0x2868 C:\Users\ajarr\AppData\Local\Temp\ccLMCJzT.o
                0x0000000040023720                rLinearController
                0x000000004002410c                rDutyCycleGeneration
                0x0000000040024290                rAngularMomentumDumping
                0x000000004002472c                rTorquer_Polarity_Check
                0x0000000040024760                rSpeedBasedMomentumDumping
                0x0000000040024eb8                rWheel_Spin_updown
                0x0000000040025248                rWheel_Auto_Reconfiguration
 .text          0x0000000040025e4c     0x10f8 C:\Users\ajarr\AppData\Local\Temp\ccN1aej4.o
                0x0000000040025e64                rSuspended_ModePreprocessing
                0x0000000040025ed8                rDetumbling_ModePreprocessing_BDOT_Logic
                0x0000000040026348                rDetumbling_ModePreprocessing_GYRO_Logic
                0x0000000040026790                rSunAcquisition_ModePreprocessing
                0x0000000040026b48                rThreeAxis_ModePreprocessing
                0x0000000040026d94                rRateReductionCheck
                0x0000000040026e90                rSafeMode_Preprocessing
                0x0000000040026ecc                rScModeSelection
 .text          0x0000000040026f44     0x4a04 C:\Users\ajarr\AppData\Local\Temp\ccFQuYJY.o
                0x0000000040026f44                rADCS_Pon_vars
 .text          0x000000004002b948     0x9494 C:\Users\ajarr\AppData\Local\Temp\ccw6IUt3.o
                0x000000004002b948                rIMUDataCorrection
                0x000000004002cce4                rIMU_1_DB_Copy
                0x000000004002d584                rIMU_2_DB_Copy
                0x000000004002de24                rIMU_1_DB_Init
                0x000000004002e6c4                rIMU_2_DB_Init
                0x000000004002ef64                rIMU_Angle_Reset
                0x000000004002efac                rIMUDataProcessing
                0x0000000040030240                rTheta_Limit
                0x00000000400302a0                rIMU1_DB_Execute
                0x00000000400302c4                rIMU2_DB_Execute
                0x00000000400302e8                rBDOT_Computation
                0x0000000040030514                rSunSensorVectorComp
                0x0000000040033604                rSunSensorDataProcessing
                0x00000000400339e0                rSS_Read_Data
                0x0000000040033a40                rSS_Main_DB_Init
                0x0000000040033a58                rSS_Redundant_DB_Init
                0x0000000040033a64                rSS_Main_DB_Copy
                0x00000000400343bc                rSS_Redundant_DB_Copy
                0x0000000040034d14                rSS_Main_DB_Execute
                0x0000000040034d78                rSS_Redundant_DB_Execute
 .text          0x0000000040034ddc        0x0 C:\Users\ajarr\AppData\Local\Temp\ccASYiQ9.o
 .text          0x0000000040034ddc     0x4768 C:\Users\ajarr\AppData\Local\Temp\ccSdHgfU.o
                0x00000000400364bc                rOrbit_Initialization
                0x000000004003788c                rOrbit_Propagation
                0x0000000040038c10                rOrbitalElements_computation
                0x0000000040038c38                rOrbitalElements_TLE
                0x0000000040038c70                rGPS_data_validity
                0x0000000040038c78                rJulian_Day
                0x0000000040038cb4                rNEDtoECEF
                0x0000000040038da8                rECEFtoECItoECEF
                0x0000000040038dd0                rast_args
                0x0000000040038edc                rnut_iau1980
                0x0000000040039038                rGPS2OE
                0x00000000400394bc                rGPSDataProcessing
 .text          0x0000000040039544      0xd4c C:\Users\ajarr\AppData\Local\Temp\ccw8bhmV.o
                0x0000000040039544                rxRot
                0x00000000400395d4                ryRot
                0x0000000040039664                rzRot
                0x00000000400396ec                rMatInv
                0x00000000400398a4                rCross_Product
                0x000000004003990c                rMatMul3x1
                0x0000000040039984                rMatMul3x3
                0x0000000040039a3c                rRM_to_Quat
                0x0000000040039d70                rQs_Normalization
                0x0000000040039e78                rQs_Multiplication
                0x0000000040039f54                rVectorNorm
                0x000000004003a024                rMat_adjoint3
                0x000000004003a120                rMatMul34x1
                0x000000004003a19c                rMatMul43x1
                0x000000004003a218                rMatMul44x1
 .text          0x000000004003a290      0x284 C:\Users\ajarr\AppData\Local\Temp\cc6sbk02.o
                0x000000004003a290                rSus_mode_remote_entry_hook
                0x000000004003a2bc                rSus_mode_remote_exit_hook
                0x000000004003a2c8                rDBDOT_mode_remote_entry_hook
                0x000000004003a2d4                rDBDOT_mode_remote_exit_hook
                0x000000004003a2e0                rDGYRO_mode_remote_entry_hook
                0x000000004003a2ec                rDGYRO_mode_remote_exit_hook
                0x000000004003a2f8                rSACQ_mode_remote_entry_hook
                0x000000004003a304                rSACQ_mode_remote_exit_hook
                0x000000004003a310                r3AXIS_mode_remote_entry_hook
                0x000000004003a31c                r3AXIS_mode_remote_exit_hook
                0x000000004003a328                rSAFE_mode_remote_entry_hook
                0x000000004003a334                rSAFE_mode_remote_exit_hook
                0x000000004003a340                rRemote_patch_area_1
                0x000000004003a4d8                rRemote_patch_area_2
                0x000000004003a4e4                rRemote_patch_area_3
                0x000000004003a4f0                rRemote_patch_area_4
                0x000000004003a4fc                rRemote_patch_area_5
                0x000000004003a508                rRemote_patch_area_6
 .text          0x000000004003a514      0x2d0 c:/opt/bcc-2.0.2-gcc/bin/../lib/gcc/sparc-gaisler-elf/7.2.0/../../../../sparc-gaisler-elf/lib/leon/mfix-at697f\libm.a(lib_a-s_atan.o)
                0x000000004003a514                atan
 .text          0x000000004003a7e4       0xe4 c:/opt/bcc-2.0.2-gcc/bin/../lib/gcc/sparc-gaisler-elf/7.2.0/../../../../sparc-gaisler-elf/lib/leon/mfix-at697f\libm.a(lib_a-s_cos.o)
                0x000000004003a7e4                cos
 .text          0x000000004003a8c8       0x28 c:/opt/bcc-2.0.2-gcc/bin/../lib/gcc/sparc-gaisler-elf/7.2.0/../../../../sparc-gaisler-elf/lib/leon/mfix-at697f\libm.a(lib_a-s_fabs.o)
                0x000000004003a8c8                fabs
 .text          0x000000004003a8f0      0x1f0 c:/opt/bcc-2.0.2-gcc/bin/../lib/gcc/sparc-gaisler-elf/7.2.0/../../../../sparc-gaisler-elf/lib/leon/mfix-at697f\libm.a(lib_a-s_floor.o)
                0x000000004003a8f0                floor
 .text          0x000000004003aae0       0xf4 c:/opt/bcc-2.0.2-gcc/bin/../lib/gcc/sparc-gaisler-elf/7.2.0/../../../../sparc-gaisler-elf/lib/leon/mfix-at697f\libm.a(lib_a-s_round.o)
                0x000000004003aae0                round
 .text          0x000000004003abd4       0xe8 c:/opt/bcc-2.0.2-gcc/bin/../lib/gcc/sparc-gaisler-elf/7.2.0/../../../../sparc-gaisler-elf/lib/leon/mfix-at697f\libm.a(lib_a-s_sin.o)
                0x000000004003abd4                sin
 .text          0x000000004003acbc       0x9c c:/opt/bcc-2.0.2-gcc/bin/../lib/gcc/sparc-gaisler-elf/7.2.0/../../../../sparc-gaisler-elf/lib/leon/mfix-at697f\libm.a(lib_a-s_tan.o)
                0x000000004003acbc                tan
 .text          0x000000004003ad58      0x128 c:/opt/bcc-2.0.2-gcc/bin/../lib/gcc/sparc-gaisler-elf/7.2.0/../../../../sparc-gaisler-elf/lib/leon/mfix-at697f\libm.a(lib_a-w_acos.o)
                0x000000004003ad58                acos
 .text          0x000000004003ae80      0x128 c:/opt/bcc-2.0.2-gcc/bin/../lib/gcc/sparc-gaisler-elf/7.2.0/../../../../sparc-gaisler-elf/lib/leon/mfix-at697f\libm.a(lib_a-w_asin.o)
                0x000000004003ae80                asin
 .text          0x000000004003afa8        0xc c:/opt/bcc-2.0.2-gcc/bin/../lib/gcc/sparc-gaisler-elf/7.2.0/../../../../sparc-gaisler-elf/lib/leon/mfix-at697f\libm.a(lib_a-w_atan2.o)
                0x000000004003afa8                atan2
 .text          0x000000004003afb4      0x148 c:/opt/bcc-2.0.2-gcc/bin/../lib/gcc/sparc-gaisler-elf/7.2.0/../../../../sparc-gaisler-elf/lib/leon/mfix-at697f\libm.a(lib_a-w_fmod.o)
                0x000000004003afb4                fmod
 .text          0x000000004003b0fc      0x4a8 c:/opt/bcc-2.0.2-gcc/bin/../lib/gcc/sparc-gaisler-elf/7.2.0/../../../../sparc-gaisler-elf/lib/leon/mfix-at697f\libm.a(lib_a-w_pow.o)
                0x000000004003b0fc                pow
 .text          0x000000004003b5a4       0xfc c:/opt/bcc-2.0.2-gcc/bin/../lib/gcc/sparc-gaisler-elf/7.2.0/../../../../sparc-gaisler-elf/lib/leon/mfix-at697f\libm.a(lib_a-w_sqrt.o)
                0x000000004003b5a4                sqrt
 .text          0x000000004003b6a0      0x37c c:/opt/bcc-2.0.2-gcc/bin/../lib/gcc/sparc-gaisler-elf/7.2.0/../../../../sparc-gaisler-elf/lib/leon/mfix-at697f\libm.a(lib_a-e_acos.o)
                0x000000004003b6a0                __ieee754_acos
 .text          0x000000004003ba1c      0x310 c:/opt/bcc-2.0.2-gcc/bin/../lib/gcc/sparc-gaisler-elf/7.2.0/../../../../sparc-gaisler-elf/lib/leon/mfix-at697f\libm.a(lib_a-e_asin.o)
                0x000000004003ba1c                __ieee754_asin
 .text          0x000000004003bd2c      0x2b4 c:/opt/bcc-2.0.2-gcc/bin/../lib/gcc/sparc-gaisler-elf/7.2.0/../../../../sparc-gaisler-elf/lib/leon/mfix-at697f\libm.a(lib_a-e_atan2.o)
                0x000000004003bd2c                __ieee754_atan2
 .text          0x000000004003bfe0      0x3ac c:/opt/bcc-2.0.2-gcc/bin/../lib/gcc/sparc-gaisler-elf/7.2.0/../../../../sparc-gaisler-elf/lib/leon/mfix-at697f\libm.a(lib_a-e_fmod.o)
                0x000000004003bfe0                __ieee754_fmod
 .text          0x000000004003c38c      0x8dc c:/opt/bcc-2.0.2-gcc/bin/../lib/gcc/sparc-gaisler-elf/7.2.0/../../../../sparc-gaisler-elf/lib/leon/mfix-at697f\libm.a(lib_a-e_pow.o)
                0x000000004003c38c                __ieee754_pow
 .text          0x000000004003cc68      0x39c c:/opt/bcc-2.0.2-gcc/bin/../lib/gcc/sparc-gaisler-elf/7.2.0/../../../../sparc-gaisler-elf/lib/leon/mfix-at697f\libm.a(lib_a-e_rem_pio2.o)
                0x000000004003cc68                __ieee754_rem_pio2
 .text          0x000000004003d004      0x270 c:/opt/bcc-2.0.2-gcc/bin/../lib/gcc/sparc-gaisler-elf/7.2.0/../../../../sparc-gaisler-elf/lib/leon/mfix-at697f\libm.a(lib_a-e_sqrt.o)
                0x000000004003d004                __ieee754_sqrt
 .text          0x000000004003d274      0x1bc c:/opt/bcc-2.0.2-gcc/bin/../lib/gcc/sparc-gaisler-elf/7.2.0/../../../../sparc-gaisler-elf/lib/leon/mfix-at697f\libm.a(lib_a-k_cos.o)
                0x000000004003d274                __kernel_cos
 .text          0x000000004003d430      0xbdc c:/opt/bcc-2.0.2-gcc/bin/../lib/gcc/sparc-gaisler-elf/7.2.0/../../../../sparc-gaisler-elf/lib/leon/mfix-at697f\libm.a(lib_a-k_rem_pio2.o)
                0x000000004003d430                __kernel_rem_pio2
 .text          0x000000004003e00c      0x100 c:/opt/bcc-2.0.2-gcc/bin/../lib/gcc/sparc-gaisler-elf/7.2.0/../../../../sparc-gaisler-elf/lib/leon/mfix-at697f\libm.a(lib_a-k_sin.o)
                0x000000004003e00c                __kernel_sin
 .text          0x000000004003e10c      0x290 c:/opt/bcc-2.0.2-gcc/bin/../lib/gcc/sparc-gaisler-elf/7.2.0/../../../../sparc-gaisler-elf/lib/leon/mfix-at697f\libm.a(lib_a-k_tan.o)
                0x000000004003e10c                __kernel_tan
 .text          0x000000004003e39c       0x18 c:/opt/bcc-2.0.2-gcc/bin/../lib/gcc/sparc-gaisler-elf/7.2.0/../../../../sparc-gaisler-elf/lib/leon/mfix-at697f\libm.a(lib_a-s_finite.o)
                0x000000004003e39c                finite
 .text          0x000000004003e3b4        0x0 c:/opt/bcc-2.0.2-gcc/bin/../lib/gcc/sparc-gaisler-elf/7.2.0/../../../../sparc-gaisler-elf/lib/leon/mfix-at697f\libm.a(lib_a-s_lib_ver.o)
 .text          0x000000004003e3b4        0x8 c:/opt/bcc-2.0.2-gcc/bin/../lib/gcc/sparc-gaisler-elf/7.2.0/../../../../sparc-gaisler-elf/lib/leon/mfix-at697f\libm.a(lib_a-s_matherr.o)
                0x000000004003e3b4                matherr
 .text          0x000000004003e3bc        0xc c:/opt/bcc-2.0.2-gcc/bin/../lib/gcc/sparc-gaisler-elf/7.2.0/../../../../sparc-gaisler-elf/lib/leon/mfix-at697f\libm.a(lib_a-s_nan.o)
                0x000000004003e3bc                nan
 .text          0x000000004003e3c8      0x1ac c:/opt/bcc-2.0.2-gcc/bin/../lib/gcc/sparc-gaisler-elf/7.2.0/../../../../sparc-gaisler-elf/lib/leon/mfix-at697f\libm.a(lib_a-s_rint.o)
                0x000000004003e3c8                rint
 .text          0x000000004003e574      0x14c c:/opt/bcc-2.0.2-gcc/bin/../lib/gcc/sparc-gaisler-elf/7.2.0/../../../../sparc-gaisler-elf/lib/leon/mfix-at697f\libm.a(lib_a-s_scalbn.o)
                0x000000004003e574                scalbn
 .text          0x000000004003e6c0       0x30 c:/opt/bcc-2.0.2-gcc/bin/../lib/gcc/sparc-gaisler-elf/7.2.0/../../../../sparc-gaisler-elf/lib/leon/mfix-at697f\libm.a(lib_a-s_copysign.o)
                0x000000004003e6c0                copysign
 .text          0x000000004003e6f0       0x7c c:/opt/bcc-2.0.2-gcc/bin/../sparc-gaisler-elf/bsp/leon2/leon/mfix-at697f\libbcc.a(reset_trap_mvt.S.o)
                0x000000004003e6f0                __bcc_trap_reset_mvt
 .text          0x000000004003e76c       0xb0 c:/opt/bcc-2.0.2-gcc/bin/../sparc-gaisler-elf/bsp/leon2/leon/mfix-at697f\libbcc.a(window_trap.S.o)
                0x000000004003e76c                __bcc_trap_window_overflow
                0x000000004003e7bc                __bcc_trap_window_underflow
 .text          0x000000004003e81c      0x1b4 c:/opt/bcc-2.0.2-gcc/bin/../sparc-gaisler-elf/bsp/leon2/leon/mfix-at697f\libbcc.a(interrupt_trap.S.o)
                0x000000004003e81c                __bcc_trap_interrupt_svt
                0x000000004003e820                __bcc_trap_interrupt
 .text          0x000000004003e9d0       0x88 c:/opt/bcc-2.0.2-gcc/bin/../sparc-gaisler-elf/bsp/leon2/leon/mfix-at697f\libbcc.a(flush_windows_trap.S.o)
                0x000000004003e9d0                __bcc_trap_flush_windows
 .text          0x000000004003ea58       0x2c c:/opt/bcc-2.0.2-gcc/bin/../sparc-gaisler-elf/bsp/leon2/leon/mfix-at697f\libbcc.a(sw_trap_set_pil.S.o)
                0x000000004003ea58                __bcc_trap_sw_set_pil
 .text          0x000000004003ea84       0xb0 c:/opt/bcc-2.0.2-gcc/bin/../sparc-gaisler-elf/bsp/leon2/leon/mfix-at697f\libbcc.a(trap.c.o)
                0x000000004003ea84                bcc_set_trap
 .text          0x000000004003eb34        0x0 c:/opt/bcc-2.0.2-gcc/bin/../sparc-gaisler-elf/bsp/leon2/leon/mfix-at697f\libbcc.a(isr.c.o)
 .text          0x000000004003eb34        0x0 c:/opt/bcc-2.0.2-gcc/bin/../sparc-gaisler-elf/bsp/leon2/leon/mfix-at697f\libbcc.a(int_nest.c.o)
 .text          0x000000004003eb34        0x8 c:/opt/bcc-2.0.2-gcc/bin/../sparc-gaisler-elf/bsp/leon2/leon/mfix-at697f\libbcc.a(init.S.o)
                0x000000004003eb34                __bcc_init40
                0x000000004003eb34                __bcc_init70
                0x000000004003eb34                __bcc_init60
                0x000000004003eb34                __bcc_init50
 .text          0x000000004003eb3c       0x84 c:/opt/bcc-2.0.2-gcc/bin/../sparc-gaisler-elf/bsp/leon2/leon/mfix-at697f\libbcc.a(leon_info.S.o)
                0x000000004003eb3c                __bcc_get_leon_info
                0x000000004003ebb0                bcc_get_cpuid
 .text          0x000000004003ebc0       0x2c c:/opt/bcc-2.0.2-gcc/bin/../sparc-gaisler-elf/bsp/leon2/leon/mfix-at697f\libbcc.a(dwzero.S.o)
                0x000000004003ebc0                bcc_dwzero
 .text          0x000000004003ebec       0x5c c:/opt/bcc-2.0.2-gcc/bin/../sparc-gaisler-elf/bsp/leon2/leon/mfix-at697f\libbcc.a(copy_data.c.o)
                0x000000004003ebec                __bcc_copy_data
 *fill*         0x000000004003ec48        0x8 
 .text          0x000000004003ec50       0x90 c:/opt/bcc-2.0.2-gcc/bin/../sparc-gaisler-elf/bsp/leon2/leon/mfix-at697f\libbcc.a(lowlevel.S.o)
                0x000000004003ec50                bcc_loadnocache
                0x000000004003ec5c                bcc_loadnocache16
                0x000000004003ec68                bcc_loadnocache8
                0x000000004003ec80                bcc_ldstub
                0x000000004003ec8c                bcc_set_psr
                0x000000004003eca4                bcc_get_psr
                0x000000004003ecac                bcc_get_pil
                0x000000004003ecbc                bcc_set_tbr
                0x000000004003ecd4                bcc_get_tbr
 .text          0x000000004003ece0       0x50 c:/opt/bcc-2.0.2-gcc/bin/../sparc-gaisler-elf/bsp/leon2/leon/mfix-at697f\libbcc.a(lowlevel_leon2.S.o)
                0x000000004003ece0                bcc_set_ccr
                0x000000004003ecf0                bcc_get_ccr
                0x000000004003ed00                bcc_flush_cache
                0x000000004003ed0c                bcc_flush_icache
                0x000000004003ed14                bcc_flush_dcache
                0x000000004003ed1c                bcc_power_down
 .text          0x000000004003ed30      0x160 c:/opt/bcc-2.0.2-gcc/bin/../sparc-gaisler-elf/bsp/leon2/leon/mfix-at697f\libbcc.a(int_leon2.c.o)
                0x000000004003ed30                bcc_int_mask
                0x000000004003ed80                bcc_int_unmask
                0x000000004003edd0                bcc_int_clear
                0x000000004003ee08                bcc_int_force
                0x000000004003ee4c                bcc_int_pend
 .text          0x000000004003ee90        0x8 c:/opt/bcc-2.0.2-gcc/bin/../sparc-gaisler-elf/bsp/leon2/leon/mfix-at697f\libbcc.a(int_leon2_get_source.c.o)
                0x000000004003ee90                __bcc_int_get_source
 .text          0x000000004003ee98        0x8 c:/opt/bcc-2.0.2-gcc/bin/../sparc-gaisler-elf/bsp/leon2/leon/mfix-at697f\libbcc.a(int_leon2_init.c.o)
                0x000000004003ee98                __bcc_int_init
 .text          0x000000004003eea0       0x70 c:/opt/bcc-2.0.2-gcc/bin/../sparc-gaisler-elf/bsp/leon2/leon/mfix-at697f\libbcc.a(con_leon2.c.o)
                0x000000004003eea0                __bcc_con_init
                0x000000004003eea8                __bcc_con_outbyte
                0x000000004003eedc                __bcc_con_inbyte
 .text          0x000000004003ef10       0x30 c:/opt/bcc-2.0.2-gcc/bin/../sparc-gaisler-elf/bsp/leon2/leon/mfix-at697f\libbcc.a(timer_leon2.c.o)
                0x000000004003ef10                __bcc_timer_init
                0x000000004003ef18                bcc_timer_get_us
 .text          0x000000004003ef40        0xc c:/opt/bcc-2.0.2-gcc/bin/../sparc-gaisler-elf/bsp/leon2/leon/mfix-at697f\libbcc.a(set_pil.S.o)
                0x000000004003ef40                bcc_set_pil
 .text          0x000000004003ef4c        0x0 c:/opt/bcc-2.0.2-gcc/bin/../sparc-gaisler-elf/bsp/leon2/leon/mfix-at697f\libbcc.a(int_leon2_handle.c.o)
 .text          0x000000004003ef4c        0x0 c:/opt/bcc-2.0.2-gcc/bin/../sparc-gaisler-elf/bsp/leon2/leon/mfix-at697f\libbcc.a(con_handle.c.o)
 .text          0x000000004003ef4c        0x0 c:/opt/bcc-2.0.2-gcc/bin/../sparc-gaisler-elf/bsp/leon2/leon/mfix-at697f\libbcc.a(timer_handle.c.o)
 .text          0x000000004003ef4c       0x1c c:/opt/bcc-2.0.2-gcc/bin/../lib/gcc/sparc-gaisler-elf/7.2.0/../../../../sparc-gaisler-elf/lib/leon/mfix-at697f\libc.a(lib_a-atexit.o)
                0x000000004003ef4c                atexit
 .text          0x000000004003ef68        0xc c:/opt/bcc-2.0.2-gcc/bin/../lib/gcc/sparc-gaisler-elf/7.2.0/../../../../sparc-gaisler-elf/lib/leon/mfix-at697f\libc.a(lib_a-errno.o)
                0x000000004003ef68                __errno
 .text          0x000000004003ef74       0x3c c:/opt/bcc-2.0.2-gcc/bin/../lib/gcc/sparc-gaisler-elf/7.2.0/../../../../sparc-gaisler-elf/lib/leon/mfix-at697f\libc.a(lib_a-exit.o)
                0x000000004003ef74                exit
 .text          0x000000004003efb0        0x0 c:/opt/bcc-2.0.2-gcc/bin/../lib/gcc/sparc-gaisler-elf/7.2.0/../../../../sparc-gaisler-elf/lib/leon/mfix-at697f\libc.a(lib_a-impure.o)
 .text          0x000000004003efb0      0x19c c:/opt/bcc-2.0.2-gcc/bin/../lib/gcc/sparc-gaisler-elf/7.2.0/../../../../sparc-gaisler-elf/lib/leon/mfix-at697f\libc.a(lib_a-memcpy.o)
                0x000000004003efb0                memcpy
 .text          0x000000004003f14c      0x158 c:/opt/bcc-2.0.2-gcc/bin/../lib/gcc/sparc-gaisler-elf/7.2.0/../../../../sparc-gaisler-elf/lib/leon/mfix-at697f\libc.a(lib_a-__atexit.o)
                0x000000004003f14c                __register_exitproc
 .text          0x000000004003f2a4      0x2b4 c:/opt/bcc-2.0.2-gcc/bin/../lib/gcc/sparc-gaisler-elf/7.2.0/../../../../sparc-gaisler-elf/lib/leon/mfix-at697f\libc.a(lib_a-__call_atexit.o)
                0x000000004003f2a4                __call_exitprocs
 .text          0x000000004003f558       0x18 c:/opt/bcc-2.0.2-gcc/bin/../sparc-gaisler-elf/bsp/leon2/leon/mfix-at697f\libbcc.a(_exit.S.o)
                0x000000004003f558                _exit
 .text          0x000000004003f570       0x48 c:/opt/bcc-2.0.2-gcc/bin/../lib/gcc/sparc-gaisler-elf/7.2.0/leon/mfix-at697f/crtend.o
 .text          0x000000004003f5b8        0x0 c:/opt/bcc-2.0.2-gcc/bin/../lib/gcc/sparc-gaisler-elf/7.2.0/leon/mfix-at697f/crtn.o
                0x000000004003f5c0                . = ALIGN (0x10)
 *fill*         0x000000004003f5b8        0x8 
 *(.eh_frame)
 .eh_frame      0x000000004003f5c0        0x0 c:/opt/bcc-2.0.2-gcc/bin/../lib/gcc/sparc-gaisler-elf/7.2.0/leon/mfix-at697f/crtbegin.o
 .eh_frame      0x000000004003f5c0        0x4 c:/opt/bcc-2.0.2-gcc/bin/../lib/gcc/sparc-gaisler-elf/7.2.0/leon/mfix-at697f/crtend.o
                0x000000004003f5d0                . = ALIGN (0x10)
 *fill*         0x000000004003f5c4        0xc 
 *(.gnu.linkonce.t*)
                0x000000004003f5d0                ___CTOR_LIST__ = .
                0x000000004003f5d0        0x4 LONG 0x2 (((___CTOR_END__ - ___CTOR_LIST__) / 0x4) - 0x2)
 *(SORT(.ctors.*))
 *(.ctors)
 .ctors         0x000000004003f5d4        0x4 c:/opt/bcc-2.0.2-gcc/bin/../lib/gcc/sparc-gaisler-elf/7.2.0/leon/mfix-at697f/crtbegin.o
 .ctors         0x000000004003f5d8        0x4 c:/opt/bcc-2.0.2-gcc/bin/../lib/gcc/sparc-gaisler-elf/7.2.0/leon/mfix-at697f/crtend.o
                0x000000004003f5dc        0x4 LONG 0x0
                0x000000004003f5e0                ___CTOR_END__ = .
                0x000000004003f5e0                ___DTOR_LIST__ = .
                0x000000004003f5e0        0x4 LONG 0x2 (((___DTOR_END__ - ___DTOR_LIST__) / 0x4) - 0x2)
 *(SORT(.dtors.*))
 *(.dtors)
 .dtors         0x000000004003f5e4        0x4 c:/opt/bcc-2.0.2-gcc/bin/../lib/gcc/sparc-gaisler-elf/7.2.0/leon/mfix-at697f/crtbegin.o
 .dtors         0x000000004003f5e8        0x4 c:/opt/bcc-2.0.2-gcc/bin/../lib/gcc/sparc-gaisler-elf/7.2.0/leon/mfix-at697f/crtend.o
                0x000000004003f5e8                __DTOR_END__
                0x000000004003f5ec        0x4 LONG 0x0
                0x000000004003f5f0                ___DTOR_END__ = .
 *(.gnu.linkonce*)
 *(.init)
 .init          0x000000004003f5f0        0x4 c:/opt/bcc-2.0.2-gcc/bin/../lib/gcc/sparc-gaisler-elf/7.2.0/leon/mfix-at697f/crti.o
                0x000000004003f5f0                _init
 .init          0x000000004003f5f4        0x8 c:/opt/bcc-2.0.2-gcc/bin/../lib/gcc/sparc-gaisler-elf/7.2.0/leon/mfix-at697f/crtbegin.o
 .init          0x000000004003f5fc        0x8 c:/opt/bcc-2.0.2-gcc/bin/../lib/gcc/sparc-gaisler-elf/7.2.0/leon/mfix-at697f/crtend.o
 .init          0x000000004003f604        0xc c:/opt/bcc-2.0.2-gcc/bin/../lib/gcc/sparc-gaisler-elf/7.2.0/leon/mfix-at697f/crtn.o
 *(.fini)
 .fini          0x000000004003f610        0x4 c:/opt/bcc-2.0.2-gcc/bin/../lib/gcc/sparc-gaisler-elf/7.2.0/leon/mfix-at697f/crti.o
                0x000000004003f610                _fini
 .fini          0x000000004003f614        0x8 c:/opt/bcc-2.0.2-gcc/bin/../lib/gcc/sparc-gaisler-elf/7.2.0/leon/mfix-at697f/crtbegin.o
 .fini          0x000000004003f61c        0xc c:/opt/bcc-2.0.2-gcc/bin/../lib/gcc/sparc-gaisler-elf/7.2.0/leon/mfix-at697f/crtn.o
 *(.lit)
 *(.shdata)
                0x000000004003f630                . = ALIGN (0x10)
 *fill*         0x000000004003f628        0x8 
                0x000000004003f630                __text_end = .

.gcc_except_table
 *(.gcc_except_table)

.rodata         0x000000004003f630     0x5130
                0x000000004003f630                __rodata_start = .
 *(.rodata*)
 .rodata.cst8   0x000000004003f630       0x38 C:\Users\ajarr\AppData\Local\Temp\cccwhr31.o
 .rodata        0x000000004003f668        0x0 C:\Users\ajarr\AppData\Local\Temp\cckfuVq9.o
 .rodata        0x000000004003f668       0x10 C:\Users\ajarr\AppData\Local\Temp\ccOZLjOX.o
 .rodata.cst4   0x000000004003f678        0x4 C:\Users\ajarr\AppData\Local\Temp\cc1SGHVJ.o
 .rodata        0x000000004003f67c        0x0 C:\Users\ajarr\AppData\Local\Temp\cc1SGHVJ.o
 .rodata        0x000000004003f67c        0x0 C:\Users\ajarr\AppData\Local\Temp\cccf7p4m.o
 *fill*         0x000000004003f67c        0x4 
 .rodata.cst8   0x000000004003f680        0x8 C:\Users\ajarr\AppData\Local\Temp\ccGQU5Jq.o
 .rodata.cst8   0x000000004003f688       0x58 C:\Users\ajarr\AppData\Local\Temp\ccieaQZP.o
                                         0xc8 (size before relaxing)
 .rodata.cst4   0x000000004003f6e0        0x4 C:\Users\ajarr\AppData\Local\Temp\ccieaQZP.o
 *fill*         0x000000004003f6e4        0x4 
 .rodata.cst8   0x000000004003f6e8       0x18 C:\Users\ajarr\AppData\Local\Temp\ccP1FmVg.o
                                         0x78 (size before relaxing)
 .rodata        0x000000004003f700     0x4724 C:\Users\ajarr\AppData\Local\Temp\cceZybKN.o
                0x000000004003f700                c_I_nine_cross_nine
                0x000000004003f988                c_I_three_cross_three
                0x000000004003f9d0                c_Tv_wof_0034
                0x000000004003fa18                c_Tv_wof_0204
                0x000000004003fa60                c_Tv_wof_0230
                0x000000004003faa8                c_Tv_wof_1004
                0x000000004003faf0                c_Tv_wof_1030
                0x000000004003fb38                c_Tv_wof_1200
                0x000000004003fb80                c_B2wh_mat_0034
                0x000000004003fbe0                c_B2wh_mat_0204
                0x000000004003fc40                c_B2wh_mat_0230
                0x000000004003fca0                c_B2wh_mat_1004
                0x000000004003fd00                c_B2wh_mat_1030
                0x000000004003fd60                c_B2wh_mat_1200
                0x000000004003fdc0                c_B2wh_mat_0234
                0x000000004003fe20                c_B2wh_mat_1034
                0x000000004003fe80                c_B2wh_mat_1204
                0x000000004003fee0                c_B2wh_mat_1230
                0x000000004003ff40                c_B2wh_mat_4RW
                0x000000004003ffa0                c_wh2B_mat_0034
                0x0000000040040000                c_wh2B_mat_0204
                0x0000000040040060                c_wh2B_mat_0230
                0x00000000400400c0                c_wh2B_mat_1004
                0x0000000040040120                c_wh2B_mat_1030
                0x0000000040040180                c_wh2B_mat_1200
                0x00000000400401e0                c_wh2B_mat_0234
                0x0000000040040240                c_wh2B_mat_1034
                0x00000000400402a0                c_wh2B_mat_1204
                0x0000000040040300                c_wh2B_mat_1230
                0x0000000040040360                c_wh2B_mat_4RW
                0x00000000400403c0                c_MOI_wh
                0x00000000400403c8                c_MOI_wh4
                0x00000000400403d0                c_MOI_wh3
                0x00000000400403d8                c_MOI_wh2
                0x00000000400403e0                c_MOI_wh1
                0x00000000400403e8                TC_T_RW_MAX
                0x00000000400403f0                c_RADps2RPM
                0x00000000400403f8                c_RPM2RADpS
                0x0000000040040400                c_DPMMAX
                0x0000000040040408                c_wkm_sunmag
                0x0000000040040410                c_wks_sunmag
                0x0000000040040418                c_wkm_mag
                0x0000000040040420                c_wks_mag
                0x0000000040040428                c_ss2b4156
                0x0000000040040470                c_ss2b3456
                0x00000000400404b8                c_ss2b2356
                0x0000000040040500                c_ss2b1256
                0x0000000040040548                c_misaln_cor146
                0x0000000040040590                c_misaln_cor145
                0x00000000400405d8                c_misaln_cor346
                0x0000000040040620                c_misaln_cor345
                0x0000000040040668                c_misaln_cor326
                0x00000000400406b0                c_misaln_cor325
                0x00000000400406f8                c_misaln_cor126
                0x0000000040040740                c_misaln_cor125
                0x0000000040040788                c_AngDev_SAMtransit_thrsld
                0x0000000040040790                c_AngDev_SMtransit_thrsld
                0x0000000040040798                c_Sunlit_Thrsld
                0x00000000400407a0                c_SSThrsld
                0x00000000400407a8                c_Imax_YN_Main
                0x00000000400407b0                c_Imax_YP_Main
                0x00000000400407b8                c_Imax_PN_Main
                0x00000000400407c0                c_Imax_PP_Main
                0x00000000400407c8                c_Imax_RNND_Main
                0x00000000400407d0                c_Imax_RPND_Main
                0x00000000400407d8                c_Imax_RND_Main
                0x00000000400407e0                c_Imax_RPD_Main
                0x00000000400407e8                c_Imax_YN_Red
                0x00000000400407f0                c_Imax_YP_Red
                0x00000000400407f8                c_Imax_PN_Red
                0x0000000040040800                c_Imax_PP_Red
                0x0000000040040808                c_Imax_RNND_Red
                0x0000000040040810                c_Imax_RPND_Red
                0x0000000040040818                c_Imax_RND_Red
                0x0000000040040820                c_Imax_RPD_Red
                0x0000000040040828                c_KDset3
                0x0000000040040830                c_KDset2
                0x0000000040040838                c_KDset1
                0x0000000040040840                c_Epsilon2
                0x0000000040040848                c_Epsilon1
                0x0000000040040850                c_Sun_Dis3
                0x0000000040040858                c_Sun_Dis2
                0x0000000040040860                c_Sun_Dis1
                0x0000000040040868                c_L_Ecliptic2
                0x0000000040040870                c_L_Ecliptic1
                0x0000000040040878                c_Msun2
                0x0000000040040880                c_Msun1
                0x0000000040040888                c_L_Msun2
                0x0000000040040890                c_L_Msun1
                0x0000000040040898                c_hsval
                0x0000000040040bd8                c_hval
                0x0000000040040f18                c_gsval
                0x0000000040041258                c_gval
                0x0000000040041598                c_sdmax
                0x00000000400415a0                c_a
                0x00000000400415a8                c_Pibytwo
                0x00000000400415b0                c_Kmax
                0x00000000400415b4                c_Nmax
                0x00000000400415b8                nut
                0x00000000400436d8                fc
                0x00000000400437a0                c_rk_T
                0x0000000040043a28                c_rk
                0x0000000040043cb0                c_I_four_cross_four
                0x0000000040043cf0                c_onesecond
                0x0000000040043cf8                c_oneminute
                0x0000000040043d00                c_halfhour
                0x0000000040043d08                c_Mmax
                0x0000000040043d10                c_AS2R
                0x0000000040043d18                c_R2D
                0x0000000040043d20                c_D2R
                0x0000000040043d28                c_min_per_day
                0x0000000040043d30                c_temp4
                0x0000000040043d38                c_j4
                0x0000000040043d40                c_j3oj2
                0x0000000040043d48                c_qzms2t
                0x0000000040043d50                c_ss
                0x0000000040043d58                c_xpdotp
                0x0000000040043d60                c_Pi
                0x0000000040043d68                c_Day_To_Seconds
                0x0000000040043d70                c_invmu
                0x0000000040043d78                c_mu
                0x0000000040043d80                c_dividebyzerovalue
                0x0000000040043d88                c_xke
                0x0000000040043d90                c_x2o3
                0x0000000040043d98                c_Twopi
                0x0000000040043da0                c_j2
                0x0000000040043da8                c_au
                0x0000000040043db0                c_auer
                0x0000000040043db8                c_radiusearthkm
                0x0000000040043dc0                c_vkmpersec
                0x0000000040043dc8                c_OMEGAE
                0x0000000040043dd0                c_tsince_min
                0x0000000040043dd8                c_twomu
                0x0000000040043de0                c_MiC
                0x0000000040043de8                c_MaC
                0x0000000040043df0                c_TM_RW_Resol
                0x0000000040043df8                c_TM_Resol_B
                0x0000000040043e00                c_TM_Resol_w
                0x0000000040043e08                c_TM_Resol_DelThta
                0x0000000040043e10                c_Resol_DelThta
                0x0000000040043e18                c_Resol_B
                0x0000000040043e20                c_FFFF
 *fill*         0x0000000040043e24        0x4 
 .rodata.cst8   0x0000000040043e28       0x58 C:\Users\ajarr\AppData\Local\Temp\ccLMCJzT.o
                                         0xb0 (size before relaxing)
 .rodata.cst8   0x0000000040043e80       0x30 C:\Users\ajarr\AppData\Local\Temp\ccN1aej4.o
                                         0x78 (size before relaxing)
 .rodata        0x0000000040043eb0        0x0 C:\Users\ajarr\AppData\Local\Temp\ccN1aej4.o
 .rodata.cst8   0x0000000040043eb0       0x48 C:\Users\ajarr\AppData\Local\Temp\ccFQuYJY.o
                                         0x68 (size before relaxing)
 .rodata.cst4   0x0000000040043ef8        0x8 C:\Users\ajarr\AppData\Local\Temp\ccFQuYJY.o
 .rodata.cst8   0x0000000040043f00       0x38 C:\Users\ajarr\AppData\Local\Temp\ccw6IUt3.o
                                         0xa0 (size before relaxing)
 .rodata.cst4   0x0000000040043f38        0x8 C:\Users\ajarr\AppData\Local\Temp\ccw6IUt3.o
                                          0xc (size before relaxing)
 .rodata.cst8   0x0000000040043f40      0x290 C:\Users\ajarr\AppData\Local\Temp\ccSdHgfU.o
                                        0x3c0 (size before relaxing)
 .rodata.cst8   0x00000000400441d0       0x88 C:\Users\ajarr\AppData\Local\Temp\ccw8bhmV.o
 .rodata.cst8   0x00000000400441d0       0xa8 c:/opt/bcc-2.0.2-gcc/bin/../lib/gcc/sparc-gaisler-elf/7.2.0/../../../../sparc-gaisler-elf/lib/leon/mfix-at697f\libm.a(lib_a-s_atan.o)
                                         0xd0 (size before relaxing)
 .rodata.cst8   0x0000000040044278       0x10 c:/opt/bcc-2.0.2-gcc/bin/../lib/gcc/sparc-gaisler-elf/7.2.0/../../../../sparc-gaisler-elf/lib/leon/mfix-at697f\libm.a(lib_a-s_floor.o)
 .rodata.str1.8
                0x0000000040044278        0x9 c:/opt/bcc-2.0.2-gcc/bin/../lib/gcc/sparc-gaisler-elf/7.2.0/../../../../sparc-gaisler-elf/lib/leon/mfix-at697f\libm.a(lib_a-w_acos.o)
 .rodata.cst8   0x0000000040044281        0x8 c:/opt/bcc-2.0.2-gcc/bin/../lib/gcc/sparc-gaisler-elf/7.2.0/../../../../sparc-gaisler-elf/lib/leon/mfix-at697f\libm.a(lib_a-w_acos.o)
 *fill*         0x0000000040044281        0x7 
 .rodata.str1.8
                0x0000000040044288        0x5 c:/opt/bcc-2.0.2-gcc/bin/../lib/gcc/sparc-gaisler-elf/7.2.0/../../../../sparc-gaisler-elf/lib/leon/mfix-at697f\libm.a(lib_a-w_asin.o)
                                          0x9 (size before relaxing)
 .rodata.cst8   0x000000004004428d        0x8 c:/opt/bcc-2.0.2-gcc/bin/../lib/gcc/sparc-gaisler-elf/7.2.0/../../../../sparc-gaisler-elf/lib/leon/mfix-at697f\libm.a(lib_a-w_asin.o)
 *fill*         0x000000004004428d        0x3 
 .rodata.str1.8
                0x0000000040044290        0x5 c:/opt/bcc-2.0.2-gcc/bin/../lib/gcc/sparc-gaisler-elf/7.2.0/../../../../sparc-gaisler-elf/lib/leon/mfix-at697f\libm.a(lib_a-w_fmod.o)
 .rodata.cst8   0x0000000040044295        0x8 c:/opt/bcc-2.0.2-gcc/bin/../lib/gcc/sparc-gaisler-elf/7.2.0/../../../../sparc-gaisler-elf/lib/leon/mfix-at697f\libm.a(lib_a-w_fmod.o)
 *fill*         0x0000000040044295        0x3 
 .rodata.str1.8
                0x0000000040044298        0x4 c:/opt/bcc-2.0.2-gcc/bin/../lib/gcc/sparc-gaisler-elf/7.2.0/../../../../sparc-gaisler-elf/lib/leon/mfix-at697f\libm.a(lib_a-w_pow.o)
 *fill*         0x000000004004429c        0x4 
 .rodata.cst8   0x00000000400442a0       0x20 c:/opt/bcc-2.0.2-gcc/bin/../lib/gcc/sparc-gaisler-elf/7.2.0/../../../../sparc-gaisler-elf/lib/leon/mfix-at697f\libm.a(lib_a-w_pow.o)
                                         0x38 (size before relaxing)
 .rodata.str1.8
                0x00000000400442c0        0x8 c:/opt/bcc-2.0.2-gcc/bin/../lib/gcc/sparc-gaisler-elf/7.2.0/../../../../sparc-gaisler-elf/lib/leon/mfix-at697f\libm.a(lib_a-w_sqrt.o)
                                          0x5 (size before relaxing)
 .rodata.cst8   0x00000000400442c8        0x8 c:/opt/bcc-2.0.2-gcc/bin/../lib/gcc/sparc-gaisler-elf/7.2.0/../../../../sparc-gaisler-elf/lib/leon/mfix-at697f\libm.a(lib_a-w_sqrt.o)
 .rodata.cst8   0x00000000400442c8       0x58 c:/opt/bcc-2.0.2-gcc/bin/../lib/gcc/sparc-gaisler-elf/7.2.0/../../../../sparc-gaisler-elf/lib/leon/mfix-at697f\libm.a(lib_a-e_acos.o)
                                         0x80 (size before relaxing)
 .rodata.cst8   0x0000000040044320       0x80 c:/opt/bcc-2.0.2-gcc/bin/../lib/gcc/sparc-gaisler-elf/7.2.0/../../../../sparc-gaisler-elf/lib/leon/mfix-at697f\libm.a(lib_a-e_asin.o)
 .rodata.cst8   0x0000000040044320       0x28 c:/opt/bcc-2.0.2-gcc/bin/../lib/gcc/sparc-gaisler-elf/7.2.0/../../../../sparc-gaisler-elf/lib/leon/mfix-at697f\libm.a(lib_a-e_atan2.o)
                                         0x58 (size before relaxing)
 .rodata        0x0000000040044348       0x10 c:/opt/bcc-2.0.2-gcc/bin/../lib/gcc/sparc-gaisler-elf/7.2.0/../../../../sparc-gaisler-elf/lib/leon/mfix-at697f\libm.a(lib_a-e_fmod.o)
 .rodata.str1.8
                0x0000000040044358        0x1 c:/opt/bcc-2.0.2-gcc/bin/../lib/gcc/sparc-gaisler-elf/7.2.0/../../../../sparc-gaisler-elf/lib/leon/mfix-at697f\libm.a(lib_a-e_pow.o)
 .rodata.cst8   0x0000000040044358       0xc8 c:/opt/bcc-2.0.2-gcc/bin/../lib/gcc/sparc-gaisler-elf/7.2.0/../../../../sparc-gaisler-elf/lib/leon/mfix-at697f\libm.a(lib_a-e_pow.o)
                                        0x120 (size before relaxing)
 .rodata.cst8   0x0000000040044420       0x40 c:/opt/bcc-2.0.2-gcc/bin/../lib/gcc/sparc-gaisler-elf/7.2.0/../../../../sparc-gaisler-elf/lib/leon/mfix-at697f\libm.a(lib_a-e_rem_pio2.o)
                                         0x50 (size before relaxing)
 .rodata        0x0000000040044460      0x188 c:/opt/bcc-2.0.2-gcc/bin/../lib/gcc/sparc-gaisler-elf/7.2.0/../../../../sparc-gaisler-elf/lib/leon/mfix-at697f\libm.a(lib_a-e_rem_pio2.o)
 .rodata.cst8   0x00000000400445e8       0x40 c:/opt/bcc-2.0.2-gcc/bin/../lib/gcc/sparc-gaisler-elf/7.2.0/../../../../sparc-gaisler-elf/lib/leon/mfix-at697f\libm.a(lib_a-k_cos.o)
                                         0x50 (size before relaxing)
 .rodata.cst8   0x0000000040044628       0x50 c:/opt/bcc-2.0.2-gcc/bin/../lib/gcc/sparc-gaisler-elf/7.2.0/../../../../sparc-gaisler-elf/lib/leon/mfix-at697f\libm.a(lib_a-k_rem_pio2.o)
                                         0x78 (size before relaxing)
 .rodata        0x0000000040044678       0x10 c:/opt/bcc-2.0.2-gcc/bin/../lib/gcc/sparc-gaisler-elf/7.2.0/../../../../sparc-gaisler-elf/lib/leon/mfix-at697f\libm.a(lib_a-k_rem_pio2.o)
 .rodata.cst8   0x0000000040044688       0x30 c:/opt/bcc-2.0.2-gcc/bin/../lib/gcc/sparc-gaisler-elf/7.2.0/../../../../sparc-gaisler-elf/lib/leon/mfix-at697f\libm.a(lib_a-k_sin.o)
                                         0x38 (size before relaxing)
 .rodata.cst8   0x00000000400446b8       0x68 c:/opt/bcc-2.0.2-gcc/bin/../lib/gcc/sparc-gaisler-elf/7.2.0/../../../../sparc-gaisler-elf/lib/leon/mfix-at697f\libm.a(lib_a-k_tan.o)
                                         0x90 (size before relaxing)
 .rodata.cst8   0x0000000040044720        0x8 c:/opt/bcc-2.0.2-gcc/bin/../lib/gcc/sparc-gaisler-elf/7.2.0/../../../../sparc-gaisler-elf/lib/leon/mfix-at697f\libm.a(lib_a-s_nan.o)
 .rodata        0x0000000040044728       0x10 c:/opt/bcc-2.0.2-gcc/bin/../lib/gcc/sparc-gaisler-elf/7.2.0/../../../../sparc-gaisler-elf/lib/leon/mfix-at697f\libm.a(lib_a-s_rint.o)
 .rodata.cst8   0x0000000040044738       0x18 c:/opt/bcc-2.0.2-gcc/bin/../lib/gcc/sparc-gaisler-elf/7.2.0/../../../../sparc-gaisler-elf/lib/leon/mfix-at697f\libm.a(lib_a-s_scalbn.o)
                                         0x20 (size before relaxing)
 .rodata        0x0000000040044750        0x4 c:/opt/bcc-2.0.2-gcc/bin/../lib/gcc/sparc-gaisler-elf/7.2.0/../../../../sparc-gaisler-elf/lib/leon/mfix-at697f\libc.a(lib_a-impure.o)
                0x0000000040044750                _global_impure_ptr
 *(.gnu.linkonce.r*)
                0x0000000040044760                . = ALIGN (0x10)
 *fill*         0x0000000040044754        0xc 
                0x0000000040044760                __rodata_end = .

.rela.dyn       0x0000000040044760        0x0
 .rela.iplt     0x0000000040044760        0x0 c:/opt/bcc-2.0.2-gcc/bin/../sparc-gaisler-elf/bsp/leon2/leon/mfix-at697f/trap_table_mvt.S.o
 .rela.text.traptable
                0x0000000040044760        0x0 c:/opt/bcc-2.0.2-gcc/bin/../sparc-gaisler-elf/bsp/leon2/leon/mfix-at697f/trap_table_mvt.S.o
 .rela.text     0x0000000040044760        0x0 c:/opt/bcc-2.0.2-gcc/bin/../sparc-gaisler-elf/bsp/leon2/leon/mfix-at697f/trap_table_mvt.S.o
 .rela.text.startup
                0x0000000040044760        0x0 c:/opt/bcc-2.0.2-gcc/bin/../sparc-gaisler-elf/bsp/leon2/leon/mfix-at697f/trap_table_mvt.S.o
 .rela.data     0x0000000040044760        0x0 c:/opt/bcc-2.0.2-gcc/bin/../sparc-gaisler-elf/bsp/leon2/leon/mfix-at697f/trap_table_mvt.S.o

.ext.data       0x0000000040044760        0x0
                0x0000000040044760                . = ALIGN (0x8)
                0x0000000040044760                __extdata_start = .
 *(.data.ext)
                0x0000000040044760                . = ALIGN (0x8)
                0x0000000040044760                __extdata_end = .
                0x0000000040044760                __extdata_start_lma = LOADADDR (.ext.data)
                0x0000000000000000                __extdata_size = SIZEOF (.ext.data)

.data           0x0000000040044760      0x550
                0x0000000040044760                . = ALIGN (0x8)
                0x0000000040044760                __data_start = .
 *(.data .data.*)
 .data          0x0000000040044760        0x0 c:/opt/bcc-2.0.2-gcc/bin/../sparc-gaisler-elf/bsp/leon2/leon/mfix-at697f/trap_table_mvt.S.o
 .data          0x0000000040044760        0x0 c:/opt/bcc-2.0.2-gcc/bin/../sparc-gaisler-elf/bsp/leon2/leon/mfix-at697f/crt0.S.o
 .data          0x0000000040044760        0x0 c:/opt/bcc-2.0.2-gcc/bin/../lib/gcc/sparc-gaisler-elf/7.2.0/leon/mfix-at697f/crti.o
 .data          0x0000000040044760        0x4 c:/opt/bcc-2.0.2-gcc/bin/../lib/gcc/sparc-gaisler-elf/7.2.0/leon/mfix-at697f/crtbegin.o
                0x0000000040044760                __dso_handle
 .data          0x0000000040044764        0x0 C:\Users\ajarr\AppData\Local\Temp\cccwhr31.o
 .data          0x0000000040044764        0x0 C:\Users\ajarr\AppData\Local\Temp\cckfuVq9.o
 .data          0x0000000040044764       0x18 C:\Users\ajarr\AppData\Local\Temp\ccOZLjOX.o
                0x0000000040044778                real_tm_wait
 .data          0x000000004004477c      0x3ac C:\Users\ajarr\AppData\Local\Temp\cc1SGHVJ.o
                0x000000004004477c                Resol_Table_Adcs
                0x0000000040044860                BlkExe_Status
                0x0000000040044864                FuncExecute_Table
                0x0000000040044abc                Resol_Table
 .data          0x0000000040044b28        0x0 C:\Users\ajarr\AppData\Local\Temp\cceCAb5z.o
 .data          0x0000000040044b28        0x0 C:\Users\ajarr\AppData\Local\Temp\ccgT0Hlk.o
 .data          0x0000000040044b28        0x8 C:\Users\ajarr\AppData\Local\Temp\cccf7p4m.o
                0x0000000040044b28                PL_Debug_Data
 .data          0x0000000040044b30       0x20 C:\Users\ajarr\AppData\Local\Temp\ccVPKNCo.o
                0x0000000040044b30                inter_HAL_EPS_Hardware_Status_SEL
 .data          0x0000000040044b50        0x0 C:\Users\ajarr\AppData\Local\Temp\ccMIxoTx.o
 .data          0x0000000040044b50        0x0 C:\Users\ajarr\AppData\Local\Temp\ccpoxl1M.o
 .data          0x0000000040044b50        0x0 C:\Users\ajarr\AppData\Local\Temp\ccIlRRBk.o
 .data          0x0000000040044b50       0xbc C:\Users\ajarr\AppData\Local\Temp\ccB9CVMb.o
                0x0000000040044b50                Auto_manual
                0x0000000040044b54                UTP
                0x0000000040044b94                LTP
                0x0000000040044bd4                Thermister_index_select
 .data          0x0000000040044c0c        0x0 C:\Users\ajarr\AppData\Local\Temp\ccCNl5Je.o
 *fill*         0x0000000040044c0c        0x4 
 .data          0x0000000040044c10        0x4 C:\Users\ajarr\AppData\Local\Temp\ccGQU5Jq.o
                0x0000000040044c10                NSP_addr_table
 .data          0x0000000040044c14        0x0 C:\Users\ajarr\AppData\Local\Temp\ccuFkVTN.o
 .data          0x0000000040044c14        0x0 C:\Users\ajarr\AppData\Local\Temp\ccieaQZP.o
 .data          0x0000000040044c14        0x0 C:\Users\ajarr\AppData\Local\Temp\ccP1FmVg.o
 .data          0x0000000040044c14        0x0 C:\Users\ajarr\AppData\Local\Temp\cceZybKN.o
 .data          0x0000000040044c14        0x0 C:\Users\ajarr\AppData\Local\Temp\ccLMCJzT.o
 .data          0x0000000040044c14        0x0 C:\Users\ajarr\AppData\Local\Temp\ccN1aej4.o
 .data          0x0000000040044c14        0x0 C:\Users\ajarr\AppData\Local\Temp\ccFQuYJY.o
 .data          0x0000000040044c14        0x0 C:\Users\ajarr\AppData\Local\Temp\ccw6IUt3.o
 .data          0x0000000040044c14        0x0 C:\Users\ajarr\AppData\Local\Temp\ccASYiQ9.o
 .data          0x0000000040044c14        0x0 C:\Users\ajarr\AppData\Local\Temp\ccSdHgfU.o
 .data          0x0000000040044c14        0x0 C:\Users\ajarr\AppData\Local\Temp\ccw8bhmV.o
 .data          0x0000000040044c14        0x0 C:\Users\ajarr\AppData\Local\Temp\cc6sbk02.o
 .data          0x0000000040044c14        0x0 c:/opt/bcc-2.0.2-gcc/bin/../lib/gcc/sparc-gaisler-elf/7.2.0/../../../../sparc-gaisler-elf/lib/leon/mfix-at697f\libm.a(lib_a-s_atan.o)
 .data          0x0000000040044c14        0x0 c:/opt/bcc-2.0.2-gcc/bin/../lib/gcc/sparc-gaisler-elf/7.2.0/../../../../sparc-gaisler-elf/lib/leon/mfix-at697f\libm.a(lib_a-s_cos.o)
 .data          0x0000000040044c14        0x0 c:/opt/bcc-2.0.2-gcc/bin/../lib/gcc/sparc-gaisler-elf/7.2.0/../../../../sparc-gaisler-elf/lib/leon/mfix-at697f\libm.a(lib_a-s_fabs.o)
 .data          0x0000000040044c14        0x0 c:/opt/bcc-2.0.2-gcc/bin/../lib/gcc/sparc-gaisler-elf/7.2.0/../../../../sparc-gaisler-elf/lib/leon/mfix-at697f\libm.a(lib_a-s_floor.o)
 .data          0x0000000040044c14        0x0 c:/opt/bcc-2.0.2-gcc/bin/../lib/gcc/sparc-gaisler-elf/7.2.0/../../../../sparc-gaisler-elf/lib/leon/mfix-at697f\libm.a(lib_a-s_round.o)
 .data          0x0000000040044c14        0x0 c:/opt/bcc-2.0.2-gcc/bin/../lib/gcc/sparc-gaisler-elf/7.2.0/../../../../sparc-gaisler-elf/lib/leon/mfix-at697f\libm.a(lib_a-s_sin.o)
 .data          0x0000000040044c14        0x0 c:/opt/bcc-2.0.2-gcc/bin/../lib/gcc/sparc-gaisler-elf/7.2.0/../../../../sparc-gaisler-elf/lib/leon/mfix-at697f\libm.a(lib_a-s_tan.o)
 .data          0x0000000040044c14        0x0 c:/opt/bcc-2.0.2-gcc/bin/../lib/gcc/sparc-gaisler-elf/7.2.0/../../../../sparc-gaisler-elf/lib/leon/mfix-at697f\libm.a(lib_a-w_acos.o)
 .data          0x0000000040044c14        0x0 c:/opt/bcc-2.0.2-gcc/bin/../lib/gcc/sparc-gaisler-elf/7.2.0/../../../../sparc-gaisler-elf/lib/leon/mfix-at697f\libm.a(lib_a-w_asin.o)
 .data          0x0000000040044c14        0x0 c:/opt/bcc-2.0.2-gcc/bin/../lib/gcc/sparc-gaisler-elf/7.2.0/../../../../sparc-gaisler-elf/lib/leon/mfix-at697f\libm.a(lib_a-w_atan2.o)
 .data          0x0000000040044c14        0x0 c:/opt/bcc-2.0.2-gcc/bin/../lib/gcc/sparc-gaisler-elf/7.2.0/../../../../sparc-gaisler-elf/lib/leon/mfix-at697f\libm.a(lib_a-w_fmod.o)
 .data          0x0000000040044c14        0x0 c:/opt/bcc-2.0.2-gcc/bin/../lib/gcc/sparc-gaisler-elf/7.2.0/../../../../sparc-gaisler-elf/lib/leon/mfix-at697f\libm.a(lib_a-w_pow.o)
 .data          0x0000000040044c14        0x0 c:/opt/bcc-2.0.2-gcc/bin/../lib/gcc/sparc-gaisler-elf/7.2.0/../../../../sparc-gaisler-elf/lib/leon/mfix-at697f\libm.a(lib_a-w_sqrt.o)
 .data          0x0000000040044c14        0x0 c:/opt/bcc-2.0.2-gcc/bin/../lib/gcc/sparc-gaisler-elf/7.2.0/../../../../sparc-gaisler-elf/lib/leon/mfix-at697f\libm.a(lib_a-e_acos.o)
 .data          0x0000000040044c14        0x0 c:/opt/bcc-2.0.2-gcc/bin/../lib/gcc/sparc-gaisler-elf/7.2.0/../../../../sparc-gaisler-elf/lib/leon/mfix-at697f\libm.a(lib_a-e_asin.o)
 .data          0x0000000040044c14        0x0 c:/opt/bcc-2.0.2-gcc/bin/../lib/gcc/sparc-gaisler-elf/7.2.0/../../../../sparc-gaisler-elf/lib/leon/mfix-at697f\libm.a(lib_a-e_atan2.o)
 .data          0x0000000040044c14        0x0 c:/opt/bcc-2.0.2-gcc/bin/../lib/gcc/sparc-gaisler-elf/7.2.0/../../../../sparc-gaisler-elf/lib/leon/mfix-at697f\libm.a(lib_a-e_fmod.o)
 .data          0x0000000040044c14        0x0 c:/opt/bcc-2.0.2-gcc/bin/../lib/gcc/sparc-gaisler-elf/7.2.0/../../../../sparc-gaisler-elf/lib/leon/mfix-at697f\libm.a(lib_a-e_pow.o)
 .data          0x0000000040044c14        0x0 c:/opt/bcc-2.0.2-gcc/bin/../lib/gcc/sparc-gaisler-elf/7.2.0/../../../../sparc-gaisler-elf/lib/leon/mfix-at697f\libm.a(lib_a-e_rem_pio2.o)
 .data          0x0000000040044c14        0x0 c:/opt/bcc-2.0.2-gcc/bin/../lib/gcc/sparc-gaisler-elf/7.2.0/../../../../sparc-gaisler-elf/lib/leon/mfix-at697f\libm.a(lib_a-e_sqrt.o)
 .data          0x0000000040044c14        0x0 c:/opt/bcc-2.0.2-gcc/bin/../lib/gcc/sparc-gaisler-elf/7.2.0/../../../../sparc-gaisler-elf/lib/leon/mfix-at697f\libm.a(lib_a-k_cos.o)
 .data          0x0000000040044c14        0x0 c:/opt/bcc-2.0.2-gcc/bin/../lib/gcc/sparc-gaisler-elf/7.2.0/../../../../sparc-gaisler-elf/lib/leon/mfix-at697f\libm.a(lib_a-k_rem_pio2.o)
 .data          0x0000000040044c14        0x0 c:/opt/bcc-2.0.2-gcc/bin/../lib/gcc/sparc-gaisler-elf/7.2.0/../../../../sparc-gaisler-elf/lib/leon/mfix-at697f\libm.a(lib_a-k_sin.o)
 .data          0x0000000040044c14        0x0 c:/opt/bcc-2.0.2-gcc/bin/../lib/gcc/sparc-gaisler-elf/7.2.0/../../../../sparc-gaisler-elf/lib/leon/mfix-at697f\libm.a(lib_a-k_tan.o)
 .data          0x0000000040044c14        0x0 c:/opt/bcc-2.0.2-gcc/bin/../lib/gcc/sparc-gaisler-elf/7.2.0/../../../../sparc-gaisler-elf/lib/leon/mfix-at697f\libm.a(lib_a-s_finite.o)
 .data          0x0000000040044c14        0x4 c:/opt/bcc-2.0.2-gcc/bin/../lib/gcc/sparc-gaisler-elf/7.2.0/../../../../sparc-gaisler-elf/lib/leon/mfix-at697f\libm.a(lib_a-s_lib_ver.o)
                0x0000000040044c14                __fdlib_version
 .data          0x0000000040044c18        0x0 c:/opt/bcc-2.0.2-gcc/bin/../lib/gcc/sparc-gaisler-elf/7.2.0/../../../../sparc-gaisler-elf/lib/leon/mfix-at697f\libm.a(lib_a-s_matherr.o)
 .data          0x0000000040044c18        0x0 c:/opt/bcc-2.0.2-gcc/bin/../lib/gcc/sparc-gaisler-elf/7.2.0/../../../../sparc-gaisler-elf/lib/leon/mfix-at697f\libm.a(lib_a-s_nan.o)
 .data          0x0000000040044c18        0x0 c:/opt/bcc-2.0.2-gcc/bin/../lib/gcc/sparc-gaisler-elf/7.2.0/../../../../sparc-gaisler-elf/lib/leon/mfix-at697f\libm.a(lib_a-s_rint.o)
 .data          0x0000000040044c18        0x0 c:/opt/bcc-2.0.2-gcc/bin/../lib/gcc/sparc-gaisler-elf/7.2.0/../../../../sparc-gaisler-elf/lib/leon/mfix-at697f\libm.a(lib_a-s_scalbn.o)
 .data          0x0000000040044c18        0x0 c:/opt/bcc-2.0.2-gcc/bin/../lib/gcc/sparc-gaisler-elf/7.2.0/../../../../sparc-gaisler-elf/lib/leon/mfix-at697f\libm.a(lib_a-s_copysign.o)
 .data          0x0000000040044c18        0x0 c:/opt/bcc-2.0.2-gcc/bin/../sparc-gaisler-elf/bsp/leon2/leon/mfix-at697f\libbcc.a(reset_trap_mvt.S.o)
 .data          0x0000000040044c18        0x0 c:/opt/bcc-2.0.2-gcc/bin/../sparc-gaisler-elf/bsp/leon2/leon/mfix-at697f\libbcc.a(window_trap.S.o)
 .data          0x0000000040044c18        0x0 c:/opt/bcc-2.0.2-gcc/bin/../sparc-gaisler-elf/bsp/leon2/leon/mfix-at697f\libbcc.a(interrupt_trap.S.o)
 .data          0x0000000040044c18        0x0 c:/opt/bcc-2.0.2-gcc/bin/../sparc-gaisler-elf/bsp/leon2/leon/mfix-at697f\libbcc.a(flush_windows_trap.S.o)
 .data          0x0000000040044c18        0x0 c:/opt/bcc-2.0.2-gcc/bin/../sparc-gaisler-elf/bsp/leon2/leon/mfix-at697f\libbcc.a(sw_trap_set_pil.S.o)
 .data          0x0000000040044c18        0x0 c:/opt/bcc-2.0.2-gcc/bin/../sparc-gaisler-elf/bsp/leon2/leon/mfix-at697f\libbcc.a(trap.c.o)
 .data          0x0000000040044c18        0x0 c:/opt/bcc-2.0.2-gcc/bin/../sparc-gaisler-elf/bsp/leon2/leon/mfix-at697f\libbcc.a(isr.c.o)
 .data          0x0000000040044c18       0x10 c:/opt/bcc-2.0.2-gcc/bin/../sparc-gaisler-elf/bsp/leon2/leon/mfix-at697f\libbcc.a(int_nest.c.o)
                0x0000000040044c18                __bcc_int_nest
 .data          0x0000000040044c28        0x0 c:/opt/bcc-2.0.2-gcc/bin/../sparc-gaisler-elf/bsp/leon2/leon/mfix-at697f\libbcc.a(init.S.o)
 .data          0x0000000040044c28       0x10 c:/opt/bcc-2.0.2-gcc/bin/../sparc-gaisler-elf/bsp/leon2/leon/mfix-at697f\libbcc.a(leon_info.S.o)
                0x0000000040044c28                __bcc_leon_version
                0x0000000040044c2c                __bcc_nwindows_min1
                0x0000000040044c30                __bcc_nwindows
                0x0000000040044c34                __bcc_cpuid
 .data          0x0000000040044c38        0x0 c:/opt/bcc-2.0.2-gcc/bin/../sparc-gaisler-elf/bsp/leon2/leon/mfix-at697f\libbcc.a(dwzero.S.o)
 .data          0x0000000040044c38        0x0 c:/opt/bcc-2.0.2-gcc/bin/../sparc-gaisler-elf/bsp/leon2/leon/mfix-at697f\libbcc.a(copy_data.c.o)
 .data          0x0000000040044c38        0x0 c:/opt/bcc-2.0.2-gcc/bin/../sparc-gaisler-elf/bsp/leon2/leon/mfix-at697f\libbcc.a(lowlevel.S.o)
 .data          0x0000000040044c38        0x0 c:/opt/bcc-2.0.2-gcc/bin/../sparc-gaisler-elf/bsp/leon2/leon/mfix-at697f\libbcc.a(lowlevel_leon2.S.o)
 .data          0x0000000040044c38        0x0 c:/opt/bcc-2.0.2-gcc/bin/../sparc-gaisler-elf/bsp/leon2/leon/mfix-at697f\libbcc.a(int_leon2.c.o)
 .data          0x0000000040044c38        0x0 c:/opt/bcc-2.0.2-gcc/bin/../sparc-gaisler-elf/bsp/leon2/leon/mfix-at697f\libbcc.a(int_leon2_get_source.c.o)
 .data          0x0000000040044c38        0x0 c:/opt/bcc-2.0.2-gcc/bin/../sparc-gaisler-elf/bsp/leon2/leon/mfix-at697f\libbcc.a(int_leon2_init.c.o)
 .data          0x0000000040044c38        0x0 c:/opt/bcc-2.0.2-gcc/bin/../sparc-gaisler-elf/bsp/leon2/leon/mfix-at697f\libbcc.a(con_leon2.c.o)
 .data          0x0000000040044c38        0x0 c:/opt/bcc-2.0.2-gcc/bin/../sparc-gaisler-elf/bsp/leon2/leon/mfix-at697f\libbcc.a(timer_leon2.c.o)
 .data          0x0000000040044c38        0x0 c:/opt/bcc-2.0.2-gcc/bin/../sparc-gaisler-elf/bsp/leon2/leon/mfix-at697f\libbcc.a(set_pil.S.o)
 .data          0x0000000040044c38        0x4 c:/opt/bcc-2.0.2-gcc/bin/../sparc-gaisler-elf/bsp/leon2/leon/mfix-at697f\libbcc.a(int_leon2_handle.c.o)
                0x0000000040044c38                __bcc_int_handle
 .data          0x0000000040044c3c        0x4 c:/opt/bcc-2.0.2-gcc/bin/../sparc-gaisler-elf/bsp/leon2/leon/mfix-at697f\libbcc.a(con_handle.c.o)
                0x0000000040044c3c                __bcc_con_handle
 .data          0x0000000040044c40        0x8 c:/opt/bcc-2.0.2-gcc/bin/../sparc-gaisler-elf/bsp/leon2/leon/mfix-at697f\libbcc.a(timer_handle.c.o)
                0x0000000040044c40                __bcc_timer_interrupt
                0x0000000040044c44                __bcc_timer_handle
 .data          0x0000000040044c48        0x0 c:/opt/bcc-2.0.2-gcc/bin/../lib/gcc/sparc-gaisler-elf/7.2.0/../../../../sparc-gaisler-elf/lib/leon/mfix-at697f\libc.a(lib_a-atexit.o)
 .data          0x0000000040044c48        0x0 c:/opt/bcc-2.0.2-gcc/bin/../lib/gcc/sparc-gaisler-elf/7.2.0/../../../../sparc-gaisler-elf/lib/leon/mfix-at697f\libc.a(lib_a-errno.o)
 .data          0x0000000040044c48        0x0 c:/opt/bcc-2.0.2-gcc/bin/../lib/gcc/sparc-gaisler-elf/7.2.0/../../../../sparc-gaisler-elf/lib/leon/mfix-at697f\libc.a(lib_a-exit.o)
 .data          0x0000000040044c48       0x64 c:/opt/bcc-2.0.2-gcc/bin/../lib/gcc/sparc-gaisler-elf/7.2.0/../../../../sparc-gaisler-elf/lib/leon/mfix-at697f\libc.a(lib_a-impure.o)
                0x0000000040044c48                _impure_ptr
 .data          0x0000000040044cac        0x0 c:/opt/bcc-2.0.2-gcc/bin/../lib/gcc/sparc-gaisler-elf/7.2.0/../../../../sparc-gaisler-elf/lib/leon/mfix-at697f\libc.a(lib_a-memcpy.o)
 .data          0x0000000040044cac        0x0 c:/opt/bcc-2.0.2-gcc/bin/../lib/gcc/sparc-gaisler-elf/7.2.0/../../../../sparc-gaisler-elf/lib/leon/mfix-at697f\libc.a(lib_a-__atexit.o)
 .data          0x0000000040044cac        0x0 c:/opt/bcc-2.0.2-gcc/bin/../lib/gcc/sparc-gaisler-elf/7.2.0/../../../../sparc-gaisler-elf/lib/leon/mfix-at697f\libc.a(lib_a-__call_atexit.o)
 .data          0x0000000040044cac        0x0 c:/opt/bcc-2.0.2-gcc/bin/../sparc-gaisler-elf/bsp/leon2/leon/mfix-at697f\libbcc.a(_exit.S.o)
 .data          0x0000000040044cac        0x0 c:/opt/bcc-2.0.2-gcc/bin/../lib/gcc/sparc-gaisler-elf/7.2.0/leon/mfix-at697f/crtend.o
 .data          0x0000000040044cac        0x0 c:/opt/bcc-2.0.2-gcc/bin/../lib/gcc/sparc-gaisler-elf/7.2.0/leon/mfix-at697f/crtn.o
                0x0000000040044cb0                . = ALIGN (0x8)
 *fill*         0x0000000040044cac        0x4 
                0x0000000040044cb0                __data_end = .
                0x0000000040044760                __data_start_lma = LOADADDR (.data)
                0x0000000000000550                __data_size = SIZEOF (.data)

.iplt           0x0000000040044cb0        0x0
 .iplt          0x0000000040044cb0        0x0 c:/opt/bcc-2.0.2-gcc/bin/../sparc-gaisler-elf/bsp/leon2/leon/mfix-at697f/trap_table_mvt.S.o

.tm_clone_table
                0x0000000040044cb0        0x0
 .tm_clone_table
                0x0000000040044cb0        0x0 c:/opt/bcc-2.0.2-gcc/bin/../lib/gcc/sparc-gaisler-elf/7.2.0/leon/mfix-at697f/crtbegin.o
 .tm_clone_table
                0x0000000040044cb0        0x0 c:/opt/bcc-2.0.2-gcc/bin/../lib/gcc/sparc-gaisler-elf/7.2.0/leon/mfix-at697f/crtend.o

.bss            0x0000000040044cb0    0x8e988
                0x0000000040044cb0                . = ALIGN (0x8)
                0x0000000040044cb0                __bss_start = .
 *(.bss .bss.*)
 .bss           0x0000000040044cb0        0x0 c:/opt/bcc-2.0.2-gcc/bin/../sparc-gaisler-elf/bsp/leon2/leon/mfix-at697f/trap_table_mvt.S.o
 .bss           0x0000000040044cb0        0x4 c:/opt/bcc-2.0.2-gcc/bin/../sparc-gaisler-elf/bsp/leon2/leon/mfix-at697f/crt0.S.o
                0x0000000040044cb0                __bcc_sp_at_entry
 .bss           0x0000000040044cb4        0x0 c:/opt/bcc-2.0.2-gcc/bin/../lib/gcc/sparc-gaisler-elf/7.2.0/leon/mfix-at697f/crti.o
 .bss           0x0000000040044cb4       0x20 c:/opt/bcc-2.0.2-gcc/bin/../lib/gcc/sparc-gaisler-elf/7.2.0/leon/mfix-at697f/crtbegin.o
 .bss           0x0000000040044cd4        0x0 C:\Users\ajarr\AppData\Local\Temp\cccwhr31.o
 .bss           0x0000000040044cd4        0x1 C:\Users\ajarr\AppData\Local\Temp\cckfuVq9.o
 *fill*         0x0000000040044cd5        0x3 
 .bss           0x0000000040044cd8        0x8 C:\Users\ajarr\AppData\Local\Temp\ccOZLjOX.o
                0x0000000040044cd8                test_st_sp
                0x0000000040044cd9                filler_byte
                0x0000000040044cdc                repeat_count
 .bss           0x0000000040044ce0       0x22 C:\Users\ajarr\AppData\Local\Temp\cc1SGHVJ.o
                0x0000000040044ce0                Diff_stop_srl_num
                0x0000000040044ce4                Diff_start_srl_num
                0x0000000040044ce8                DTTC_count
                0x0000000040044cec                head
                0x0000000040044cf0                ATTC_count
                0x0000000040044cf4                ATTC_exe_en
                0x0000000040044cf8                ATTC_Master_en
                0x0000000040044cfc                Nodeptrempty_flag
                0x0000000040044d00                ComputedParity
                0x0000000040044d01                RcvdParity
 .bss           0x0000000040044d02        0x0 C:\Users\ajarr\AppData\Local\Temp\cceCAb5z.o
 .bss           0x0000000040044d02        0x0 C:\Users\ajarr\AppData\Local\Temp\ccgT0Hlk.o
 .bss           0x0000000040044d02        0x0 C:\Users\ajarr\AppData\Local\Temp\cccf7p4m.o
 *fill*         0x0000000040044d02        0x2 
 .bss           0x0000000040044d04        0x8 C:\Users\ajarr\AppData\Local\Temp\ccVPKNCo.o
                0x0000000040044d04                load_shedding_flag
                0x0000000040044d05                low_battery_voltage
                0x0000000040044d08                inter_HAL_EPS_Hardware_Status_count
 .bss           0x0000000040044d0c        0x4 C:\Users\ajarr\AppData\Local\Temp\ccMIxoTx.o
                0x0000000040044d0c                imu_count
 .bss           0x0000000040044d10        0x0 C:\Users\ajarr\AppData\Local\Temp\ccpoxl1M.o
 .bss           0x0000000040044d10        0xc C:\Users\ajarr\AppData\Local\Temp\ccIlRRBk.o
                0x0000000040044d10                gpstest
                0x0000000040044d14                gps_ready_bit
                0x0000000040044d18                gps_count
 .bss           0x0000000040044d1c        0x0 C:\Users\ajarr\AppData\Local\Temp\ccB9CVMb.o
 .bss           0x0000000040044d1c        0x4 C:\Users\ajarr\AppData\Local\Temp\ccCNl5Je.o
                0x0000000040044d1c                MTR_Reset_Flag
 .bss           0x0000000040044d20        0xe C:\Users\ajarr\AppData\Local\Temp\ccGQU5Jq.o
                0x0000000040044d2c                crc_test
 *fill*         0x0000000040044d2e        0x2 
 .bss           0x0000000040044d30       0x18 C:\Users\ajarr\AppData\Local\Temp\ccuFkVTN.o
                0x0000000040044d30                SA2_status
                0x0000000040044d34                SA1_status
                0x0000000040044d38                TC_HAL_SA_Deploy
                0x0000000040044d3c                SA_Command_Type
                0x0000000040044d40                SA2_Deploy_cmd_rcvd_time
                0x0000000040044d44                SA1_Deploy_cmd_rcvd_time
 .bss           0x0000000040044d48        0x0 C:\Users\ajarr\AppData\Local\Temp\ccieaQZP.o
 .bss           0x0000000040044d48        0x0 C:\Users\ajarr\AppData\Local\Temp\ccP1FmVg.o
 .bss           0x0000000040044d48        0x0 C:\Users\ajarr\AppData\Local\Temp\cceZybKN.o
 .bss           0x0000000040044d48        0x0 C:\Users\ajarr\AppData\Local\Temp\ccLMCJzT.o
 .bss           0x0000000040044d48        0x0 C:\Users\ajarr\AppData\Local\Temp\ccN1aej4.o
 .bss           0x0000000040044d48        0x0 C:\Users\ajarr\AppData\Local\Temp\ccFQuYJY.o
 .bss           0x0000000040044d48        0x0 C:\Users\ajarr\AppData\Local\Temp\ccw6IUt3.o
 .bss           0x0000000040044d48       0x30 C:\Users\ajarr\AppData\Local\Temp\ccASYiQ9.o
                0x0000000040044d48                tmin
                0x0000000040044d50                distsqrd
                0x0000000040044d58                adotb
                0x0000000040044d60                asqrd
                0x0000000040044d68                bsqrd
                0x0000000040044d70                tempse
 .bss           0x0000000040044d78        0x0 C:\Users\ajarr\AppData\Local\Temp\ccSdHgfU.o
 .bss           0x0000000040044d78        0x0 C:\Users\ajarr\AppData\Local\Temp\ccw8bhmV.o