Archive member included to satisfy reference by file (symbol)

c:/opt/bcc-2.0.2-gcc/bin/../lib/gcc/sparc-gaisler-elf/7.2.0/../../../../sparc-gaisler-elf/lib/leon/mfix-at697f\libm.a(lib_a-s_atan.o)
                              C:\Users\Bhagawat\AppData\Local\Temp\cc5ogaUY.o (atan)
c:/opt/bcc-2.0.2-gcc/bin/../lib/gcc/sparc-gaisler-elf/7.2.0/../../../../sparc-gaisler-elf/lib/leon/mfix-at697f\libm.a(lib_a-s_cos.o)
                              C:\Users\Bhagawat\AppData\Local\Temp\ccSFvBJa.o (cos)
c:/opt/bcc-2.0.2-gcc/bin/../lib/gcc/sparc-gaisler-elf/7.2.0/../../../../sparc-gaisler-elf/lib/leon/mfix-at697f\libm.a(lib_a-s_fabs.o)
                              c:/opt/bcc-2.0.2-gcc/bin/../lib/gcc/sparc-gaisler-elf/7.2.0/../../../../sparc-gaisler-elf/lib/leon/mfix-at697f\libm.a(lib_a-s_atan.o) (fabs)
c:/opt/bcc-2.0.2-gcc/bin/../lib/gcc/sparc-gaisler-elf/7.2.0/../../../../sparc-gaisler-elf/lib/leon/mfix-at697f\libm.a(lib_a-s_floor.o)
                              C:\Users\Bhagawat\AppData\Local\Temp\ccQjljxZ.o (floor)
c:/opt/bcc-2.0.2-gcc/bin/../lib/gcc/sparc-gaisler-elf/7.2.0/../../../../sparc-gaisler-elf/lib/leon/mfix-at697f\libm.a(lib_a-s_sin.o)
                              C:\Users\Bhagawat\AppData\Local\Temp\ccSFvBJa.o (sin)
c:/opt/bcc-2.0.2-gcc/bin/../lib/gcc/sparc-gaisler-elf/7.2.0/../../../../sparc-gaisler-elf/lib/leon/mfix-at697f\libm.a(lib_a-s_tan.o)
                              C:\Users\Bhagawat\AppData\Local\Temp\cc5ogaUY.o (tan)
c:/opt/bcc-2.0.2-gcc/bin/../lib/gcc/sparc-gaisler-elf/7.2.0/../../../../sparc-gaisler-elf/lib/leon/mfix-at697f\libm.a(lib_a-w_acos.o)
                              C:\Users\Bhagawat\AppData\Local\Temp\ccRqxX1h.o (acos)
c:/opt/bcc-2.0.2-gcc/bin/../lib/gcc/sparc-gaisler-elf/7.2.0/../../../../sparc-gaisler-elf/lib/leon/mfix-at697f\libm.a(lib_a-w_atan2.o)
                              C:\Users\Bhagawat\AppData\Local\Temp\cc5ogaUY.o (atan2)
c:/opt/bcc-2.0.2-gcc/bin/../lib/gcc/sparc-gaisler-elf/7.2.0/../../../../sparc-gaisler-elf/lib/leon/mfix-at697f\libm.a(lib_a-w_fmod.o)
                              C:\Users\Bhagawat\AppData\Local\Temp\ccQjljxZ.o (fmod)
c:/opt/bcc-2.0.2-gcc/bin/../lib/gcc/sparc-gaisler-elf/7.2.0/../../../../sparc-gaisler-elf/lib/leon/mfix-at697f\libm.a(lib_a-w_pow.o)
                              C:\Users\Bhagawat\AppData\Local\Temp\ccRqxX1h.o (pow)
c:/opt/bcc-2.0.2-gcc/bin/../lib/gcc/sparc-gaisler-elf/7.2.0/../../../../sparc-gaisler-elf/lib/leon/mfix-at697f\libm.a(lib_a-w_sqrt.o)
                              C:\Users\Bhagawat\AppData\Local\Temp\ccAFUHm4.o (sqrt)
c:/opt/bcc-2.0.2-gcc/bin/../lib/gcc/sparc-gaisler-elf/7.2.0/../../../../sparc-gaisler-elf/lib/leon/mfix-at697f\libm.a(lib_a-e_acos.o)
                              c:/opt/bcc-2.0.2-gcc/bin/../lib/gcc/sparc-gaisler-elf/7.2.0/../../../../sparc-gaisler-elf/lib/leon/mfix-at697f\libm.a(lib_a-w_acos.o) (__ieee754_acos)
c:/opt/bcc-2.0.2-gcc/bin/../lib/gcc/sparc-gaisler-elf/7.2.0/../../../../sparc-gaisler-elf/lib/leon/mfix-at697f\libm.a(lib_a-e_atan2.o)
                              c:/opt/bcc-2.0.2-gcc/bin/../lib/gcc/sparc-gaisler-elf/7.2.0/../../../../sparc-gaisler-elf/lib/leon/mfix-at697f\libm.a(lib_a-w_atan2.o) (__ieee754_atan2)
c:/opt/bcc-2.0.2-gcc/bin/../lib/gcc/sparc-gaisler-elf/7.2.0/../../../../sparc-gaisler-elf/lib/leon/mfix-at697f\libm.a(lib_a-e_fmod.o)
                              c:/opt/bcc-2.0.2-gcc/bin/../lib/gcc/sparc-gaisler-elf/7.2.0/../../../../sparc-gaisler-elf/lib/leon/mfix-at697f\libm.a(lib_a-w_fmod.o) (__ieee754_fmod)
c:/opt/bcc-2.0.2-gcc/bin/../lib/gcc/sparc-gaisler-elf/7.2.0/../../../../sparc-gaisler-elf/lib/leon/mfix-at697f\libm.a(lib_a-e_pow.o)
                              c:/opt/bcc-2.0.2-gcc/bin/../lib/gcc/sparc-gaisler-elf/7.2.0/../../../../sparc-gaisler-elf/lib/leon/mfix-at697f\libm.a(lib_a-w_pow.o) (__ieee754_pow)
c:/opt/bcc-2.0.2-gcc/bin/../lib/gcc/sparc-gaisler-elf/7.2.0/../../../../sparc-gaisler-elf/lib/leon/mfix-at697f\libm.a(lib_a-e_rem_pio2.o)
                              c:/opt/bcc-2.0.2-gcc/bin/../lib/gcc/sparc-gaisler-elf/7.2.0/../../../../sparc-gaisler-elf/lib/leon/mfix-at697f\libm.a(lib_a-s_cos.o) (__ieee754_rem_pio2)
c:/opt/bcc-2.0.2-gcc/bin/../lib/gcc/sparc-gaisler-elf/7.2.0/../../../../sparc-gaisler-elf/lib/leon/mfix-at697f\libm.a(lib_a-e_sqrt.o)
                              c:/opt/bcc-2.0.2-gcc/bin/../lib/gcc/sparc-gaisler-elf/7.2.0/../../../../sparc-gaisler-elf/lib/leon/mfix-at697f\libm.a(lib_a-w_sqrt.o) (__ieee754_sqrt)
c:/opt/bcc-2.0.2-gcc/bin/../lib/gcc/sparc-gaisler-elf/7.2.0/../../../../sparc-gaisler-elf/lib/leon/mfix-at697f\libm.a(lib_a-k_cos.o)
                              c:/opt/bcc-2.0.2-gcc/bin/../lib/gcc/sparc-gaisler-elf/7.2.0/../../../../sparc-gaisler-elf/lib/leon/mfix-at697f\libm.a(lib_a-s_cos.o) (__kernel_cos)
c:/opt/bcc-2.0.2-gcc/bin/../lib/gcc/sparc-gaisler-elf/7.2.0/../../../../sparc-gaisler-elf/lib/leon/mfix-at697f\libm.a(lib_a-k_rem_pio2.o)
[...]
Memory Configuration

Name             Origin             Length             Attributes
rom              0x0000000000000000 0x0000000020000000
ram              0x0000000040000000 0x0000000040000000
*default*        0x0000000000000000 0xffffffffffffffff

Linker script and memory map

LOAD c:/opt/bcc-2.0.2-gcc/bin/../sparc-gaisler-elf/bsp/leon2/leon/mfix-at697f/trap_table_mvt.S.o
LOAD c:/opt/bcc-2.0.2-gcc/bin/../sparc-gaisler-elf/bsp/leon2/leon/mfix-at697f/crt0.S.o
LOAD c:/opt/bcc-2.0.2-gcc/bin/../lib/gcc/sparc-gaisler-elf/7.2.0/leon/mfix-at697f/crti.o
LOAD c:/opt/bcc-2.0.2-gcc/bin/../lib/gcc/sparc-gaisler-elf/7.2.0/leon/mfix-at697f/crtbegin.o
LOAD C:\Users\Bhagawat\AppData\Local\Temp\ccmG331P.o
LOAD C:\Users\Bhagawat\AppData\Local\Temp\ccFLNK2X.o
LOAD C:\Users\Bhagawat\AppData\Local\Temp\ccF3JHAe.o
LOAD C:\Users\Bhagawat\AppData\Local\Temp\ccSFvBJa.o
LOAD C:\Users\Bhagawat\AppData\Local\Temp\ccLxi9Ri.o
LOAD C:\Users\Bhagawat\AppData\Local\Temp\cc0Th2ok.o
LOAD C:\Users\Bhagawat\AppData\Local\Temp\ccbuJliF.o
LOAD C:\Users\Bhagawat\AppData\Local\Temp\ccA5VOh9.o
LOAD C:\Users\Bhagawat\AppData\Local\Temp\cclg7QQI.o
LOAD C:\Users\Bhagawat\AppData\Local\Temp\cc4J82Fr.o
LOAD C:\Users\Bhagawat\AppData\Local\Temp\ccP2pYow.o
LOAD C:\Users\Bhagawat\AppData\Local\Temp\cc5opyBQ.o
LOAD C:\Users\Bhagawat\AppData\Local\Temp\ccjU9hyn.o
LOAD C:\Users\Bhagawat\AppData\Local\Temp\ccBLkweo.o
LOAD C:\Users\Bhagawat\AppData\Local\Temp\ccsgz4so.o
LOAD C:\Users\Bhagawat\AppData\Local\Temp\ccAFUHm4.o
LOAD C:\Users\Bhagawat\AppData\Local\Temp\ccRqxX1h.o
LOAD C:\Users\Bhagawat\AppData\Local\Temp\ccyPto1B.o
LOAD C:\Users\Bhagawat\AppData\Local\Temp\ccZvvD0p.o
LOAD C:\Users\Bhagawat\AppData\Local\Temp\cciSMCHz.o
LOAD C:\Users\Bhagawat\AppData\Local\Temp\ccYmJqpt.o
LOAD C:\Users\Bhagawat\AppData\Local\Temp\cc5ogaUY.o
LOAD C:\Users\Bhagawat\AppData\Local\Temp\ccCmOWXC.o
LOAD C:\Users\Bhagawat\AppData\Local\Temp\ccQjljxZ.o
LOAD C:\Users\Bhagawat\AppData\Local\Temp\ccgDYObG.o
LOAD C:\Users\Bhagawat\AppData\Local\Temp\ccyKrZ4y.o
LOAD c:/opt/bcc-2.0.2-gcc/bin/../lib/gcc/sparc-gaisler-elf/7.2.0/../../../../sparc-gaisler-elf/lib/leon/mfix-at697f\libm.a
                0x0000000000000000                PROVIDE (__bcc_cfg_skip_clear_bss, 0x0)

.text           0x0000000040000000    0x40530
 CREATE_OBJECT_SYMBOLS
                0x0000000040000000                __text_start = .
                0x0000000040000000                . = ALIGN (0x1000)
 *(.text.traptable)
 .text.traptable
                0x0000000040000000     0x1000 c:/opt/bcc-2.0.2-gcc/bin/../sparc-gaisler-elf/bsp/leon2/leon/mfix-at697f/trap_table_mvt.S.o
                0x0000000040000000                __bcc_entry_point
                0x0000000040000000                __bcc_trap_table
 *(.text .text.*)
 .text          0x0000000040001000        0x0 c:/opt/bcc-2.0.2-gcc/bin/../sparc-gaisler-elf/bsp/leon2/leon/mfix-at697f/trap_table_mvt.S.o
 .text          0x0000000040001000       0xb8 c:/opt/bcc-2.0.2-gcc/bin/../sparc-gaisler-elf/bsp/leon2/leon/mfix-at697f/crt0.S.o
                0x0000000040001000                __bcc_crt0
 .text          0x00000000400010b8        0x0 c:/opt/bcc-2.0.2-gcc/bin/../lib/gcc/sparc-gaisler-elf/7.2.0/leon/mfix-at697f/crti.o
 .text          0x00000000400010b8      0x180 c:/opt/bcc-2.0.2-gcc/bin/../lib/gcc/sparc-gaisler-elf/7.2.0/leon/mfix-at697f/crtbegin.o
 .text          0x0000000040001238      0x974 C:\Users\Bhagawat\AppData\Local\Temp\ccmG331P.o
                0x0000000040001238                rMinCycle_Wait
                0x00000000400012d4                OBC_Process
                0x0000000040001b5c                rMinCycle_Flag_Reset
 .text.startup  0x0000000040001bac       0xa0 C:\Users\Bhagawat\AppData\Local\Temp\ccmG331P.o
                0x0000000040001bac                main
 .text          0x0000000040001c4c      0xe7c C:\Users\Bhagawat\AppData\Local\Temp\ccFLNK2X.o
                0x0000000040001c6c                Init_Memory
                0x0000000040001ca0                checksum_u32
                0x0000000040001d0c                chksum8
                0x0000000040001d44                rOutput_Latch_Update
                0x0000000040001f00                STS_reg_TM
                0x0000000040002014                ST_output_update
                0x000000004000222c                NMI_interrupt_test
                0x00000000400022e8                MUX_Output
                0x00000000400028a0                EEPROM_RST
                0x00000000400028d4                EEPROM_RES
                0x0000000040002904                s_ram_scrub
                0x00000000400029a4                prom_chksum
 .text          0x0000000040002ac8     0xd988 C:\Users\Bhagawat\AppData\Local\Temp\ccF3JHAe.o
                0x0000000040002cb4                rHAL_TM_Write
                0x0000000040002f14                rHAL_TM_HW_Status_Update
                0x0000000040003038                rTM_Address_Table_Init
                0x000000004000ce48                rTM_Copy_Subframe
                0x000000004000ceb8                Sampling_Rate_Select
                0x000000004000cf14                Frame_Address_Select
                0x000000004000d080                rTCH_full_dump_cpy_buf
                0x000000004000d1f0                rTCH_dump_cpy_buf
                0x000000004000d580                TC_Hist_dumping
                0x000000004000d5cc                copy_frame
                0x000000004000d684                ST_Copy_Subframe
                0x000000004000db48                StorageTelemetry
                0x000000004000dbe0                Storage_Telemetry_Write
                0x000000004000dc08                Norm_ST_1_Table_Init
                0x000000004000f4cc                Spec_ST_Table_Init
                0x0000000040010168                ST_DUMPING
                0x00000000400102cc                rTM_Real_st_write
                0x000000004001040c                ST_full_dump
 .text          0x0000000040010450     0x820c C:\Users\Bhagawat\AppData\Local\Temp\ccSFvBJa.o
                0x0000000040010648                TC_IMU1_On
                0x0000000040010688                TC_IMU2_On
                0x00000000400106c8                TC_IMU1_Off
                0x0000000040010708                TC_IMU2_Off
                0x0000000040010748                TC_Drift_Uplink_Compenstation_Update_IMU1
                0x00000000400107e8                TC_Drift_Uplink_Compenstation_Update_IMU2
                0x0000000040010888                TC_Gyro_Misalignment_Update_IMU1
                0x0000000040010aec                TC_Gyro_Misalignment_Update_IMU2
                0x0000000040010d50                TC_Gyro_Scale_Factor_Update_IMU1
                0x0000000040010ef8                TC_Gyro_Scale_Factor_Update_IMU2
                0x00000000400110a0                TC_MagBias_Uplink_Compenstation_Update_IMU1
                0x0000000040011140                TC_MagBias_Uplink_Compenstation_Update_IMU2
                0x00000000400111e0                rSSmain_ImaxF_update
                0x000000004001147c                rSSredt_ImaxF_update
                0x00000000400116f8                TC_NMI_count_reset
                0x000000004001170c                TC_GPS1_ON
                0x000000004001173c                TC_GPS1_OFF
                0x0000000040011770                TC_GPS2_on
                0x00000000400117a4                TC_GPS2_off
                0x00000000400117dc                TC_W1_ON
                0x000000004001180c                TC_W2_ON
                0x0000000040011840                TC_W3_ON
                0x0000000040011870                TC_W4_ON
                0x00000000400118a0                TC_W1_OFF
                0x00000000400118d0                TC_W2_OFF
                0x0000000040011900                TC_W3_OFF
                0x0000000040011930                TC_W4_OFF
                0x0000000040011960                rTC_Detumbling_ModePreprocessing_BDOT
                0x0000000040011970                rTC_Detumbling_ModePreprocessing_GYRO
                0x0000000040011980                rTC_SunAcquisition_ModePreprocessing
                0x0000000040011990                rTC_ThreeAxis_ModePreprocessing
                0x00000000400119ac                rTC_Suspended_ModePreprocessing
                0x00000000400119b8                PL_K_CMD_HLT
                0x00000000400119e8                rTC_HILS_MODE_IDLE
                0x00000000400119f8                rTC_HILS_MODE_START
                0x0000000040011a08                rTC_HILS_MODE_STOP
                0x0000000040011a18                Antenna_mechanism_ON
                0x0000000040011a48                Antenna_mechanism_OFF
                0x0000000040011a78                S_band_tx_on
                0x0000000040011aa8                S_band_tx_off
                0x0000000040011ad8                SA_DEPLOYMENT_MECHANISM_MAIN_OFF
                0x0000000040011b0c                SA_DEPLOYMENT_MECHANISM_RED_OFF
                0x0000000040011b40                sunlit
                0x0000000040011b50                eclipse
                0x0000000040011b5c                Sunlit_eclipse_both
                0x0000000040011b6c                rTC_Safe_mode_PreProcessing
                0x0000000040011b7c                eeprom_en
                0x0000000040011b8c                eeprom_dis
                0x0000000040011b98                TC_ATTC_CMD_clear
                0x0000000040011c58                rElapsedTimerAssign
                0x0000000040011c94                TC_ACC_Ang_RESET
                0x0000000040011ca0                rMag_Refeci_update
                0x0000000040011d34                rSun_Ephemeris_update
                0x0000000040011da0                TC_GPS1_NMEA_VTG_enable
                0x0000000040011dcc                TC_GPS1_NMEA_VTG_disable
                0x0000000040011df8                TC_GPS1_NMEA_GGA_enable
                0x0000000040011e24                TC_GPS1_NMEA_GGA_disable
                0x0000000040011e50                TC_GPS1_NMEA_GSA_enable
                0x0000000040011e7c                TC_GPS1_NMEA_GSA_disable
                0x0000000040011ea8                TC_GPS1_cold_start
                0x0000000040011ed4                TC_GPS1_factory_reset
                0x0000000040011f00                TC_GPS2_NMEA_VTG_enable
                0x0000000040011f2c                TC_GPS2_NMEA_VTG_disable
                0x0000000040011f58                TC_GPS2_NMEA_GGA_enable
                0x0000000040011f84                TC_GPS2_NMEA_GGA_disable
                0x0000000040011fb0                TC_GPS2_NMEA_GSA_enable
                0x0000000040011fdc                TC_GPS2_NMEA_GSA_disable
                0x0000000040012008                TC_GPS2_cold_start
                0x0000000040012034                TC_GPS2_factory_reset
                0x0000000040012060                TC_GPS1_NMEA_NMEA_GSV_Enable
                0x000000004001208c                TC_GPS1_NMEA_NMEA_GSV_disable
                0x00000000400120b8                TC_GPS2_NMEA_NMEA_GSV_Enable
                0x00000000400120e4                TC_GPS2_NMEA_NMEA_GSV_disable
                0x0000000040012110                TC_MTR_ON
                0x000000004001211c                TC_MTR_OFF
                0x0000000040012128                payload_1_on
                0x0000000040012150                payload_1_off
                0x000000004001215c                PL_K_CMD_STS
                0x0000000040012168                PL_K_CMD_ACQ
                0x0000000040012174                PL_K_DIAG
                0x0000000040012180                PL_K_CMD_OFF
                0x000000004001218c                PL_K_CMD_ON
                0x0000000040012198                rTLE_Update
                0x00000000400124bc                TC_init_RW1
                0x00000000400124f0                TC_init_RW2
                0x0000000040012524                TC_init_RW3
                0x0000000040012558                TC_init_RW4
                0x000000004001258c                TC_MTR_Yaw_Positive
                0x00000000400125a0                TC_MTR_Yaw_Negative
                0x00000000400125b4                TC_MTR_Pitch_Positive
                0x00000000400125c8                TC_MTR_Pitch_Negative
                0x00000000400125dc                TC_MTR_Roll_Positive
                0x00000000400125f0                TC_MTR_Roll_Negative
                0x0000000040012604                TC_MTR_Roll_No_cuurent
                0x0000000040012618                TC_MTR_Pitch_No_cuurent
                0x000000004001262c                TC_MTR_Yaw_No_cuurent
                0x0000000040012640                payload_2_on
                0x0000000040012668                payload_2_off
                0x0000000040012674                X_band_tx_on
                0x000000004001269c                X_band_tx_off
                0x00000000400126a8                SA_DEPLOYMENT_MECHANISM_MAIN_ON
                0x00000000400126b4                SA_DEPLOYMENT_MECHANISM_RED_ON
                0x00000000400126c0                Antenna_mechanism_arm
                0x00000000400126cc                Antenna_deploy
                0x00000000400126d8                Antenna_mechanism_disarm
                0x00000000400126e4                TC_pl_debug
                0x00000000400126f0                TC_TM_DS_EN
                0x00000000400126fc                Antenna_RESET_command
                0x0000000040012708                Antenna_deploy_with_override
                0x0000000040012714                Antenna_system_temp
                0x0000000040012720                Antenna_deploy_status_report
                0x000000004001272c                Antenna_deploy_activation_count
                0x0000000040012738                Antenna_deploy_activation_time
                0x0000000040012744                rTC_ref_snv_bias_q_update
                0x0000000040012814                rTC_ref_stn_bias_q_update
                0x0000000040012940                rTC_ref_q_gnd_update
                0x0000000040012a6c                TC_q_body_init
                0x0000000040012b98                rTC_HILS_ENABLE
                0x0000000040012ba4                rTC_HILS_DISABLE
                0x0000000040012cb4                TC_pl_tm
                0x0000000040012cbc                imu1_db_execute
                0x0000000040012cc4                imu2_db_execute
                0x0000000040012ccc                imu1_db_checksum
                0x0000000040012cd4                imu2_db_checksum
                0x0000000040012cdc                imu_test_sys_sel
                0x0000000040012ce4                TC_Mag_Misalignment_Update_IMU1
                0x0000000040012cec                TC_Mag_Misalignment_Update_IMU2
                0x0000000040012cf4                TC_Mag_Scale_Factor_Update_IMU1
                0x0000000040012cfc                TC_Mag_Scale_Factor_Update_IMU2
                0x0000000040012d04                TC_Gyro_LPF_Gain_Update_IMU1
                0x0000000040012d0c                TC_Gyro_LPF_Gain_Update_IMU2
                0x0000000040012d14                TC_Nominal_wheel_speed_execute
                0x0000000040012d1c                Pitch_Torquer_ON
                0x0000000040012d24                Yaw_Torquer_ON
                0x0000000040012d2c                rHeater1_on
                0x0000000040012d34                rHeater1_off
                0x0000000040012d3c                rHeater2_on
                0x0000000040012d44                rHeater2_off
                0x0000000040012d4c                rHeater3_on
                0x0000000040012d54                rHeater3_off
                0x0000000040012d5c                rHeater4_on
                0x0000000040012d64                rHeater4_off
                0x0000000040012d6c                rHeater5_on
                0x0000000040012d74                rHeater5_off
                0x0000000040012d7c                rHeater6_on
                0x0000000040012d84                rHeater6_off
                0x0000000040012d8c                RX_TX_deployed
                0x0000000040012d94                OBC_ON
                0x0000000040012d9c                OBC_OFF
                0x0000000040012da4                SA1_DEPLOYMENT_AND_SA2_DEPLOYMENT_REDUNDANT_SPARE_BUS_ON
                0x0000000040012dac                SA1_DEPLOYMENT_AND_SA2_DEPLOYMENT_REDUNDANT_SPARE_BUS_OFF
                0x0000000040012db4                Test_ON
                0x0000000040012dbc                Test_OFF
                0x0000000040012dc4                rTC_write_tC_history
                0x0000000040012dec                TC_status_reset
                0x0000000040012e00                rContingency_TC
                0x0000000040012e08                rData_TC
                0x000000004001336c                rADCS_Data_TC
                0x00000000400143ac                rRemote_base_addr_TC
                0x000000004001445c                rRemote_data_view
                0x00000000400144dc                rBoolean_TC
                0x000000004001452c                rFuncExecute_TC
                0x0000000040014590                rRemoteProgram_Addr_TC
                0x00000000400145e4                rRemoteProgram_Data_TC
                0x0000000040014610                rDifferential_TimeTag_TC
                0x000000004001466c                initNodetable
                0x00000000400146a8                getNode
                0x00000000400146e4                freeNode
                0x000000004001471c                rAbsoluteTTC_Update
                0x00000000400148d4                rAbsolute_TimeTag_TC
                0x00000000400148e0                rDifferential_TimeTag_Update
                0x000000004001493c                rDifferential_TimeTag_Execute
                0x0000000040014a94                rDifferentialTTC_Execute
                0x0000000040014aa0                rAbsoluteTTC_Delete
                0x0000000040014ca8                rAbsoluteTTC_Clear
                0x0000000040014d68                rInit_Block
                0x0000000040014db0                Block_update
                0x0000000040014fec                rBlock_TC
                0x0000000040014ff8                TMTC_Assignment
                0x0000000040015934                invertReverse
                0x000000004001595c                BCHEncoder
                0x0000000040015afc                rHAL_TC_Read
                0x0000000040015dc8                Pitch_Torquer_OFF
                0x0000000040015dd0                Yaw_Torquer_OFF
                0x0000000040015dd8                TC_detumbling_rate_gain_1
                0x000000004001621c                TC_detumbling_bdot_gain_1
                0x0000000040016660                TC_BDOT_Det_Thresh_1
                0x00000000400167f4                TC_GYRO_Det_Min_Thres_1
                0x0000000040016988                rTc_nominal_speed_RW1
                0x0000000040016a64                rTc_nominal_speed_RW2
                0x0000000040016b40                rTc_nominal_speed_RW3
                0x0000000040016c1c                rTc_nominal_speed_RW4
                0x0000000040016cf8                TC_AngMomDump_Thrsld_1
                0x0000000040016e8c                TC_SpeedDump_Thrsld_1
                0x0000000040017020                TC_SpeedDump_TimeSelect_1
                0x00000000400171b4                TC_comd_pitch_rate_1
                0x0000000040017348                TC_Gyro_LPF_Gain_IMU1_1
                0x0000000040017580                TC_Gyro_LPF_Gain_IMU2_1
                0x00000000400177b8                TC_Mag_LPF_Gain_IMU1_1
                0x00000000400179f0                TC_Mag_LPF_Gain_IMU2_1
                0x0000000040017c28                TC_Wheel_Cutoff_Threshold_1
                0x0000000040017dbc                adcsgains
                0x0000000040017ed0                rGainSelect_TC
                0x0000000040017f24                rReal_Time_TC
                0x00000000400181a8                rTelecommand
                0x000000004001846c                rAbsoluteTTC_Execute
                0x000000004001858c                rBlockTC_Execute
 .text          0x000000004001865c       0x38 C:\Users\Bhagawat\AppData\Local\Temp\ccLxi9Ri.o
                0x000000004001865c                fdi_nmi_int_handler
 .text          0x0000000040018694     0x1834 C:\Users\Bhagawat\AppData\Local\Temp\cc0Th2ok.o
                0x0000000040018694                rPOR_Init
 .text          0x0000000040019ec8      0xde4 C:\Users\Bhagawat\AppData\Local\Temp\ccbuJliF.o
                0x0000000040019ef0                rHILS_payload
                0x0000000040019f6c                HILS_mode_enable
                0x0000000040019fa0                HILS_mode_disable
                0x0000000040019fd4                rHAL_pl1_ON
                0x000000004001a054                rHAL_pl1_OFF
                0x000000004001a0a4                rHAL_pl2_ON
                0x000000004001a124                rHAL_pl2_OFF
                0x000000004001a174                rHAL_tm_ds_en
                0x000000004001a1b0                rHAL_X_Tx_ON
                0x000000004001a1e4                rHAL_X_Tx_OFF
                0x000000004001a218                rHAL_pl_sts_check
                0x000000004001a248                rHAL_pl_cmd_hlt
                0x000000004001a2c0                rHAL_pl_debug
                0x000000004001a380                rHAL_pl_x_tx_data_on
                0x000000004001a470                rHAL_pl_cmd_acq
                0x000000004001a550                rHAL_pl_x_tx_data_off
                0x000000004001a590                rHAL_pl_diag
                0x000000004001a608                pl_tx_tm
                0x000000004001a730                pl_tx_tm_2
                0x000000004001a800                rpl_read
                0x000000004001a8ec                rpl_tm_write
 .text          0x000000004001acac      0x4a8 C:\Users\Bhagawat\AppData\Local\Temp\ccA5VOh9.o
                0x000000004001acac                rHAL_EPS_Hardware_Status
                0x000000004001ad14                rHAL_Battery_load_shedding
                0x000000004001ad70                rHAL_EPS_shunt_switch
 .text          0x000000004001b154      0x188 C:\Users\Bhagawat\AppData\Local\Temp\cclg7QQI.o
                0x000000004001b154                rIMU_Init
                0x000000004001b1c0                HAL_IMU_Read
 .text          0x000000004001b2dc      0x44c C:\Users\Bhagawat\AppData\Local\Temp\cc4J82Fr.o
                0x000000004001b2dc                rHAL_ADC_Read
                0x000000004001b338                rHAL_ADC_TM_Copy
                0x000000004001b5e0                sun_Sensor_data
                0x000000004001b6f4                rHAL_ADC_StatusREG_Enable
 .text          0x000000004001b728     0x1064 C:\Users\Bhagawat\AppData\Local\Temp\ccP2pYow.o
                0x000000004001b728                rGPS_Buffer_Init
                0x000000004001b990                rHAL_GPS_Read
                0x000000004001bc44                GPS_1_DATA
                0x000000004001bc98                rGPS_OBT_timer
                0x000000004001bd0c                rHAL_GPS_Config
                0x000000004001c3ec                rGPS_TM_Extract
                0x000000004001c728                ST_TM_gps_data
 .text          0x000000004001c78c     0x1114 C:\Users\Bhagawat\AppData\Local\Temp\cc5opyBQ.o
                0x000000004001c78c                Thermister_select
                0x000000004001c7d0                UTP_selection
                0x000000004001c824                LTP_selection
                0x000000004001c884                Heater_1_auto_control
                0x000000004001c8f4                Heater_2_auto_control
                0x000000004001c964                Heater_3_auto_control
                0x000000004001c9d4                Heater_4_auto_control
                0x000000004001ca44                Heater_5_auto_control
                0x000000004001cab4                Heater_6_auto_control
                0x000000004001cb24                Heater_7_auto_control
                0x000000004001cb78                Heater_8_auto_control
                0x000000004001cbcc                Heater_9_auto_control
                0x000000004001cc20                Heater_10_auto_control
                0x000000004001cc74                Heater_11_auto_control
                0x000000004001ccc8                Heater_12_auto_control
                0x000000004001cd1c                Heater_13_auto_control
                0x000000004001cd78                Heater_14_auto_control
                0x000000004001cdd4                Heater_1_manual_control
                0x000000004001ce40                Heater_2_manual_control
                0x000000004001ceac                Heater_3_manual_control
                0x000000004001cf18                Heater_4_manual_control
                0x000000004001cf84                Heater_5_manual_control
                0x000000004001cff0                Heater_6_manual_control
                0x000000004001d05c                Heater_control_auto_manual
                0x000000004001d700                Heater_7_manual_control
                0x000000004001d730                Heater_8_manual_control
                0x000000004001d760                Heater_9_manual_control
                0x000000004001d790                Heater_10_manual_control
                0x000000004001d7c0                Heater_11_manual_control
                0x000000004001d7f0                Heater_12_manual_control
                0x000000004001d820                Heater_13_manual_control
                0x000000004001d860                Heater_14_manual_control
 .text          0x000000004001d8a0      0x8dc C:\Users\Bhagawat\AppData\Local\Temp\ccjU9hyn.o
                0x000000004001d8a0                rHAL_MTR_ON
                0x000000004001d8d4                rHAL_MTR_OFF
                0x000000004001d908                rHAL_MTR
                0x000000004001df40                MTR_Monitoring
                0x000000004001df6c                rHAL_MTR_TC
 .text          0x000000004001e17c     0x1910 C:\Users\Bhagawat\AppData\Local\Temp\ccBLkweo.o
                0x000000004001e17c                RW_Init
                0x000000004001e2f8                HAL_RW_CRC_Check
                0x000000004001e364                rHAL_RW_TM_Read
                0x000000004001e73c                rRW_SlipFrame_Check
                0x000000004001eafc                rHAL_RW_TC_Write
                0x000000004001ec54                rHAL_RW_TM_Write
                0x000000004001eca0                rHAL_RW_ConfigBuffer_Write
                0x000000004001ed44                rRW_Data_Write
                0x000000004001f4c0                rRW_Data_Request
                0x000000004001f648                rRW_Data_Read
                0x000000004001f914                rRW_init_cmd
 .text          0x000000004001fa8c      0x814 C:\Users\Bhagawat\AppData\Local\Temp\ccsgz4so.o
                0x000000004001fa8c                antennaCommand1
                0x000000004001fad8                antennaCommand2
                0x000000004001fb24                antennaCommand3
                0x000000004001fb70                antennaCommand4
                0x000000004001fbbc                antennaCommand5
                0x000000004001fc08                antennaCommand6
                0x000000004001fc60                antennaCommand7
                0x000000004001fcb4                antennaCommand8
                0x000000004001fd0c                antennaCommand9
                0x000000004001fd64                rHAL_Antenna_Read
                0x000000004001fdb0                antenna_TM
                0x000000004001fea0                rHAL_SA_MAIN_Deploy_on
                0x000000004001ff10                rHAL_SA_RED_Deploy_on
                0x000000004001ff78                rHAL_SA1_Deploy_status_check
                0x0000000040020060                rHAL_SA2_Deploy_status_check
                0x0000000040020148                rHAL_SA_Deploy_Status_new
 .text          0x00000000400202a0     0x66a0 C:\Users\Bhagawat\AppData\Local\Temp\ccAFUHm4.o
                0x0000000040020720                rQuestDataProcessing
                0x0000000040020a74                rDAD_quest
                0x0000000040021cd0                rErrorComputation
                0x0000000040022364                rExtendedKalmanFilter1_p1
                0x000000004002309c                rExtendedKalmanFilter1_p2
                0x0000000040023a38                rExtendedKalmanFilter2_p1
                0x00000000400254fc                rExtendedKalmanFilter2_Prop
                0x0000000040025f3c                rExtendedKalmanFilter2_p2
 .text          0x0000000040026940     0x2acc C:\Users\Bhagawat\AppData\Local\Temp\ccRqxX1h.o
                0x0000000040026940                rGH_generation
                0x0000000040026ae8                rMagFieldComp
                0x00000000400275c0                rSun_Ephemeris
                0x0000000040027810                rReferenceQuatComputation
                0x00000000400285f4                rRefVectorGeneration
                0x0000000040028e2c                rRefRate_Computation
                0x0000000040029064                rSl_Ecl_OnBrd_detection
 .text          0x000000004002940c        0x0 C:\Users\Bhagawat\AppData\Local\Temp\ccyPto1B.o
 .text          0x000000004002940c     0x1fbc C:\Users\Bhagawat\AppData\Local\Temp\ccZvvD0p.o
                0x000000004002940c                rDutyCycleGeneration
                0x0000000040029574                rTorquer_Polarity_Check
                0x00000000400296f4                rLinearController
                0x000000004002aff0                rAngularMomentumDumping
 .text          0x000000004002b3c8      0xe6c C:\Users\Bhagawat\AppData\Local\Temp\cciSMCHz.o
                0x000000004002b440                rScModeSelection
 .text          0x000000004002c234     0x3ae0 C:\Users\Bhagawat\AppData\Local\Temp\ccYmJqpt.o
                0x000000004002c234                rADCS_Pon_vars
 .text          0x000000004002fd14     0x36f4 C:\Users\Bhagawat\AppData\Local\Temp\cc5ogaUY.o
                0x0000000040031880                rIMU_Angle_Reset
                0x00000000400318c8                rIMUDataProcessing
                0x0000000040032d7c                rBDOT_Computation
                0x0000000040032f80                rSunSensorDataProcessing
 .text          0x0000000040033408        0x0 C:\Users\Bhagawat\AppData\Local\Temp\ccCmOWXC.o
 .text          0x0000000040033408     0x44c0 C:\Users\Bhagawat\AppData\Local\Temp\ccQjljxZ.o
                0x0000000040034ba8                rGPSTLEProcessing
                0x0000000040035570                rOrbit_Initialization
                0x00000000400364f4                rOrbit_Propagation
                0x0000000040037748                rOrbitalElements_computation
                0x0000000040037770                rJulian_Day
                0x00000000400377ac                rNEDtoECEF
                0x00000000400378a0                rECEFtoECItoECEF
 .text          0x00000000400378c8      0xd4c C:\Users\Bhagawat\AppData\Local\Temp\ccgDYObG.o
                0x00000000400378c8                rsign_f
                0x0000000040037908                rxRot
                0x0000000040037998                ryRot
                0x0000000040037a28                rzRot
                0x0000000040037ab0                rMatInv
                0x0000000040037c68                rCross_Product
                0x0000000040037cd0                rMatMul3x1
                0x0000000040037d48                rMatMul3x3
                0x0000000040037e00                rRM_to_Quat
                0x0000000040038120                rQs_Normalization
                0x0000000040038214                rQs_Multiplication
                0x00000000400382f0                rVectorNorm
                0x00000000400383a8                rMat_adjoint3
                0x00000000400384a4                rMatMul34x1
                0x0000000040038520                rMatMul43x1
                0x000000004003859c                rMatMul44x1
 .text          0x0000000040038614     0x3330 C:\Users\Bhagawat\AppData\Local\Temp\ccyKrZ4y.o
                0x0000000040038614                rSus_mode_remote_entry_hook
                0x0000000040038620                rSus_mode_remote_exit_hook
                0x000000004003862c                rDBDOT_mode_remote_entry_hook
                0x0000000040038638                rDBDOT_mode_remote_exit_hook
                0x0000000040038644                rDGYRO_mode_remote_entry_hook
                0x0000000040038650                rDGYRO_mode_remote_exit_hook
                0x000000004003865c                rSACQ_mode_remote_entry_hook
                0x0000000040038668                rSACQ_mode_remote_exit_hook
                0x0000000040038674                r3AXIS_mode_remote_entry_hook
                0x0000000040038680                r3AXIS_mode_remote_exit_hook
                0x000000004003868c                rSAFE_mode_remote_entry_hook
                0x0000000040038698                rSAFE_mode_remote_exit_hook
                0x00000000400386a4                rRemote_patch_area_S1
                0x00000000400389d8                rRemote_patch_area_S2
                0x0000000040038d0c                rRemote_patch_area_S3
                0x0000000040039040                rRemote_patch_area_S4
                0x0000000040039374                rRemote_patch_area_S5
                0x00000000400396a8                rRemote_patch_area_S6
                0x00000000400399dc                rRemote_patch_area_L1
                0x000000004003a990                rRemote_patch_area_L2
 .text          0x000000004003b944      0x2d0 c:/opt/bcc-2.0.2-gcc/bin/../lib/gcc/sparc-gaisler-elf/7.2.0/../../../../sparc-gaisler-elf/lib/leon/mfix-at697f\libm.a(lib_a-s_atan.o)
                0x000000004003b944                atan
 .text          0x000000004003bc14       0xe4 c:/opt/bcc-2.0.2-gcc/bin/../lib/gcc/sparc-gaisler-elf/7.2.0/../../../../sparc-gaisler-elf/lib/leon/mfix-at697f\libm.a(lib_a-s_cos.o)
                0x000000004003bc14                cos
 .text          0x000000004003bcf8       0x28 c:/opt/bcc-2.0.2-gcc/bin/../lib/gcc/sparc-gaisler-elf/7.2.0/../../../../sparc-gaisler-elf/lib/leon/mfix-at697f\libm.a(lib_a-s_fabs.o)
                0x000000004003bcf8                fabs
 .text          0x000000004003bd20      0x1f0 c:/opt/bcc-2.0.2-gcc/bin/../lib/gcc/sparc-gaisler-elf/7.2.0/../../../../sparc-gaisler-elf/lib/leon/mfix-at697f\libm.a(lib_a-s_floor.o)
                0x000000004003bd20                floor
 .text          0x000000004003bf10       0xe8 c:/opt/bcc-2.0.2-gcc/bin/../lib/gcc/sparc-gaisler-elf/7.2.0/../../../../sparc-gaisler-elf/lib/leon/mfix-at697f\libm.a(lib_a-s_sin.o)
                0x000000004003bf10                sin
 .text          0x000000004003bff8       0x9c c:/opt/bcc-2.0.2-gcc/bin/../lib/gcc/sparc-gaisler-elf/7.2.0/../../../../sparc-gaisler-elf/lib/leon/mfix-at697f\libm.a(lib_a-s_tan.o)
                0x000000004003bff8                tan
 .text          0x000000004003c094      0x128 c:/opt/bcc-2.0.2-gcc/bin/../lib/gcc/sparc-gaisler-elf/7.2.0/../../../../sparc-gaisler-elf/lib/leon/mfix-at697f\libm.a(lib_a-w_acos.o)
                0x000000004003c094                acos
 .text          0x000000004003c1bc        0xc c:/opt/bcc-2.0.2-gcc/bin/../lib/gcc/sparc-gaisler-elf/7.2.0/../../../../sparc-gaisler-elf/lib/leon/mfix-at697f\libm.a(lib_a-w_atan2.o)
                0x000000004003c1bc                atan2
 .text          0x000000004003c1c8      0x148 c:/opt/bcc-2.0.2-gcc/bin/../lib/gcc/sparc-gaisler-elf/7.2.0/../../../../sparc-gaisler-elf/lib/leon/mfix-at697f\libm.a(lib_a-w_fmod.o)
                0x000000004003c1c8                fmod
 .text          0x000000004003c310      0x4a8 c:/opt/bcc-2.0.2-gcc/bin/../lib/gcc/sparc-gaisler-elf/7.2.0/../../../../sparc-gaisler-elf/lib/leon/mfix-at697f\libm.a(lib_a-w_pow.o)
                0x000000004003c310                pow
 .text          0x000000004003c7b8       0xfc c:/opt/bcc-2.0.2-gcc/bin/../lib/gcc/sparc-gaisler-elf/7.2.0/../../../../sparc-gaisler-elf/lib/leon/mfix-at697f\libm.a(lib_a-w_sqrt.o)
                0x000000004003c7b8                sqrt
 .text          0x000000004003c8b4      0x37c c:/opt/bcc-2.0.2-gcc/bin/../lib/gcc/sparc-gaisler-elf/7.2.0/../../../../sparc-gaisler-elf/lib/leon/mfix-at697f\libm.a(lib_a-e_acos.o)
                0x000000004003c8b4                __ieee754_acos
 .text          0x000000004003cc30      0x2b4 c:/opt/bcc-2.0.2-gcc/bin/../lib/gcc/sparc-gaisler-elf/7.2.0/../../../../sparc-gaisler-elf/lib/leon/mfix-at697f\libm.a(lib_a-e_atan2.o)
                0x000000004003cc30                __ieee754_atan2
 .text          0x000000004003cee4      0x3ac c:/opt/bcc-2.0.2-gcc/bin/../lib/gcc/sparc-gaisler-elf/7.2.0/../../../../sparc-gaisler-elf/lib/leon/mfix-at697f\libm.a(lib_a-e_fmod.o)
                0x000000004003cee4                __ieee754_fmod
 .text          0x000000004003d290      0x8dc c:/opt/bcc-2.0.2-gcc/bin/../lib/gcc/sparc-gaisler-elf/7.2.0/../../../../sparc-gaisler-elf/lib/leon/mfix-at697f\libm.a(lib_a-e_pow.o)
                0x000000004003d290                __ieee754_pow
 .text          0x000000004003db6c      0x39c c:/opt/bcc-2.0.2-gcc/bin/../lib/gcc/sparc-gaisler-elf/7.2.0/../../../../sparc-gaisler-elf/lib/leon/mfix-at697f\libm.a(lib_a-e_rem_pio2.o)
                0x000000004003db6c                __ieee754_rem_pio2
 .text          0x000000004003df08      0x270 c:/opt/bcc-2.0.2-gcc/bin/../lib/gcc/sparc-gaisler-elf/7.2.0/../../../../sparc-gaisler-elf/lib/leon/mfix-at697f\libm.a(lib_a-e_sqrt.o)
                0x000000004003df08                __ieee754_sqrt
 .text          0x000000004003e178      0x1bc c:/opt/bcc-2.0.2-gcc/bin/../lib/gcc/sparc-gaisler-elf/7.2.0/../../../../sparc-gaisler-elf/lib/leon/mfix-at697f\libm.a(lib_a-k_cos.o)
                0x000000004003e178                __kernel_cos
 .text          0x000000004003e334      0xbdc c:/opt/bcc-2.0.2-gcc/bin/../lib/gcc/sparc-gaisler-elf/7.2.0/../../../../sparc-gaisler-elf/lib/leon/mfix-at697f\libm.a(lib_a-k_rem_pio2.o)
                0x000000004003e334                __kernel_rem_pio2
 .text          0x000000004003ef10      0x100 c:/opt/bcc-2.0.2-gcc/bin/../lib/gcc/sparc-gaisler-elf/7.2.0/../../../../sparc-gaisler-elf/lib/leon/mfix-at697f\libm.a(lib_a-k_sin.o)
                0x000000004003ef10                __kernel_sin
 .text          0x000000004003f010      0x290 c:/opt/bcc-2.0.2-gcc/bin/../lib/gcc/sparc-gaisler-elf/7.2.0/../../../../sparc-gaisler-elf/lib/leon/mfix-at697f\libm.a(lib_a-k_tan.o)
                0x000000004003f010                __kernel_tan
 .text          0x000000004003f2a0       0x18 c:/opt/bcc-2.0.2-gcc/bin/../lib/gcc/sparc-gaisler-elf/7.2.0/../../../../sparc-gaisler-elf/lib/leon/mfix-at697f\libm.a(lib_a-s_finite.o)
                0x000000004003f2a0                finite
 .text          0x000000004003f2b8        0x0 c:/opt/bcc-2.0.2-gcc/bin/../lib/gcc/sparc-gaisler-elf/7.2.0/../../../../sparc-gaisler-elf/lib/leon/mfix-at697f\libm.a(lib_a-s_lib_ver.o)
 .text          0x000000004003f2b8        0x8 c:/opt/bcc-2.0.2-gcc/bin/../lib/gcc/sparc-gaisler-elf/7.2.0/../../../../sparc-gaisler-elf/lib/leon/mfix-at697f\libm.a(lib_a-s_matherr.o)
                0x000000004003f2b8                matherr
 .text          0x000000004003f2c0        0xc c:/opt/bcc-2.0.2-gcc/bin/../lib/gcc/sparc-gaisler-elf/7.2.0/../../../../sparc-gaisler-elf/lib/leon/mfix-at697f\libm.a(lib_a-s_nan.o)
                0x000000004003f2c0                nan
 .text          0x000000004003f2cc      0x1ac c:/opt/bcc-2.0.2-gcc/bin/../lib/gcc/sparc-gaisler-elf/7.2.0/../../../../sparc-gaisler-elf/lib/leon/mfix-at697f\libm.a(lib_a-s_rint.o)
                0x000000004003f2cc                rint
 .text          0x000000004003f478      0x14c c:/opt/bcc-2.0.2-gcc/bin/../lib/gcc/sparc-gaisler-elf/7.2.0/../../../../sparc-gaisler-elf/lib/leon/mfix-at697f\libm.a(lib_a-s_scalbn.o)
                0x000000004003f478                scalbn
 .text          0x000000004003f5c4       0x30 c:/opt/bcc-2.0.2-gcc/bin/../lib/gcc/sparc-gaisler-elf/7.2.0/../../../../sparc-gaisler-elf/lib/leon/mfix-at697f\libm.a(lib_a-s_copysign.o)
                0x000000004003f5c4                copysign
 .text          0x000000004003f5f4       0x7c c:/opt/bcc-2.0.2-gcc/bin/../sparc-gaisler-elf/bsp/leon2/leon/mfix-at697f\libbcc.a(reset_trap_mvt.S.o)
                0x000000004003f5f4                __bcc_trap_reset_mvt
 .text          0x000000004003f670       0xb0 c:/opt/bcc-2.0.2-gcc/bin/../sparc-gaisler-elf/bsp/leon2/leon/mfix-at697f\libbcc.a(window_trap.S.o)
                0x000000004003f670                __bcc_trap_window_overflow
                0x000000004003f6c0                __bcc_trap_window_underflow
 .text          0x000000004003f720      0x1b4 c:/opt/bcc-2.0.2-gcc/bin/../sparc-gaisler-elf/bsp/leon2/leon/mfix-at697f\libbcc.a(interrupt_trap.S.o)
                0x000000004003f720                __bcc_trap_interrupt_svt
                0x000000004003f724                __bcc_trap_interrupt
 .text          0x000000004003f8d4       0x88 c:/opt/bcc-2.0.2-gcc/bin/../sparc-gaisler-elf/bsp/leon2/leon/mfix-at697f\libbcc.a(flush_windows_trap.S.o)
                0x000000004003f8d4                __bcc_trap_flush_windows
 .text          0x000000004003f95c       0x2c c:/opt/bcc-2.0.2-gcc/bin/../sparc-gaisler-elf/bsp/leon2/leon/mfix-at697f\libbcc.a(sw_trap_set_pil.S.o)
                0x000000004003f95c                __bcc_trap_sw_set_pil
 .text          0x000000004003f988       0xb0 c:/opt/bcc-2.0.2-gcc/bin/../sparc-gaisler-elf/bsp/leon2/leon/mfix-at697f\libbcc.a(trap.c.o)
                0x000000004003f988                bcc_set_trap
 .text          0x000000004003fa38        0x0 c:/opt/bcc-2.0.2-gcc/bin/../sparc-gaisler-elf/bsp/leon2/leon/mfix-at697f\libbcc.a(isr.c.o)
 .text          0x000000004003fa38        0x0 c:/opt/bcc-2.0.2-gcc/bin/../sparc-gaisler-elf/bsp/leon2/leon/mfix-at697f\libbcc.a(int_nest.c.o)
 .text          0x000000004003fa38        0x8 c:/opt/bcc-2.0.2-gcc/bin/../sparc-gaisler-elf/bsp/leon2/leon/mfix-at697f\libbcc.a(init.S.o)
                0x000000004003fa38                __bcc_init40
                0x000000004003fa38                __bcc_init70
                0x000000004003fa38                __bcc_init60
                0x000000004003fa38                __bcc_init50
 .text          0x000000004003fa40       0x84 c:/opt/bcc-2.0.2-gcc/bin/../sparc-gaisler-elf/bsp/leon2/leon/mfix-at697f\libbcc.a(leon_info.S.o)
                0x000000004003fa40                __bcc_get_leon_info
                0x000000004003fab4                bcc_get_cpuid
 .text          0x000000004003fac4       0x2c c:/opt/bcc-2.0.2-gcc/bin/../sparc-gaisler-elf/bsp/leon2/leon/mfix-at697f\libbcc.a(dwzero.S.o)
                0x000000004003fac4                bcc_dwzero
 .text          0x000000004003faf0       0x5c c:/opt/bcc-2.0.2-gcc/bin/../sparc-gaisler-elf/bsp/leon2/leon/mfix-at697f\libbcc.a(copy_data.c.o)
                0x000000004003faf0                __bcc_copy_data
 *fill*         0x000000004003fb4c        0x4 
 .text          0x000000004003fb50       0x90 c:/opt/bcc-2.0.2-gcc/bin/../sparc-gaisler-elf/bsp/leon2/leon/mfix-at697f\libbcc.a(lowlevel.S.o)
                0x000000004003fb50                bcc_loadnocache
                0x000000004003fb5c                bcc_loadnocache16
                0x000000004003fb68                bcc_loadnocache8
                0x000000004003fb80                bcc_ldstub
                0x000000004003fb8c                bcc_set_psr
                0x000000004003fba4                bcc_get_psr
                0x000000004003fbac                bcc_get_pil
                0x000000004003fbbc                bcc_set_tbr
                0x000000004003fbd4                bcc_get_tbr
 .text          0x000000004003fbe0       0x50 c:/opt/bcc-2.0.2-gcc/bin/../sparc-gaisler-elf/bsp/leon2/leon/mfix-at697f\libbcc.a(lowlevel_leon2.S.o)
                0x000000004003fbe0                bcc_set_ccr
                0x000000004003fbf0                bcc_get_ccr
                0x000000004003fc00                bcc_flush_cache
                0x000000004003fc0c                bcc_flush_icache
                0x000000004003fc14                bcc_flush_dcache
                0x000000004003fc1c                bcc_power_down
 .text          0x000000004003fc30      0x160 c:/opt/bcc-2.0.2-gcc/bin/../sparc-gaisler-elf/bsp/leon2/leon/mfix-at697f\libbcc.a(int_leon2.c.o)
                0x000000004003fc30                bcc_int_mask
                0x000000004003fc80                bcc_int_unmask
                0x000000004003fcd0                bcc_int_clear
                0x000000004003fd08                bcc_int_force
                0x000000004003fd4c                bcc_int_pend
 .text          0x000000004003fd90        0x8 c:/opt/bcc-2.0.2-gcc/bin/../sparc-gaisler-elf/bsp/leon2/leon/mfix-at697f\libbcc.a(int_leon2_get_source.c.o)
                0x000000004003fd90                __bcc_int_get_source
 .text          0x000000004003fd98        0x8 c:/opt/bcc-2.0.2-gcc/bin/../sparc-gaisler-elf/bsp/leon2/leon/mfix-at697f\libbcc.a(int_leon2_init.c.o)
                0x000000004003fd98                __bcc_int_init
 .text          0x000000004003fda0       0x70 c:/opt/bcc-2.0.2-gcc/bin/../sparc-gaisler-elf/bsp/leon2/leon/mfix-at697f\libbcc.a(con_leon2.c.o)
                0x000000004003fda0                __bcc_con_init
                0x000000004003fda8                __bcc_con_outbyte
                0x000000004003fddc                __bcc_con_inbyte
 .text          0x000000004003fe10       0x30 c:/opt/bcc-2.0.2-gcc/bin/../sparc-gaisler-elf/bsp/leon2/leon/mfix-at697f\libbcc.a(timer_leon2.c.o)
                0x000000004003fe10                __bcc_timer_init
                0x000000004003fe18                bcc_timer_get_us
 .text          0x000000004003fe40        0xc c:/opt/bcc-2.0.2-gcc/bin/../sparc-gaisler-elf/bsp/leon2/leon/mfix-at697f\libbcc.a(set_pil.S.o)
                0x000000004003fe40                bcc_set_pil
 .text          0x000000004003fe4c        0x0 c:/opt/bcc-2.0.2-gcc/bin/../sparc-gaisler-elf/bsp/leon2/leon/mfix-at697f\libbcc.a(int_leon2_handle.c.o)
 .text          0x000000004003fe4c        0x0 c:/opt/bcc-2.0.2-gcc/bin/../sparc-gaisler-elf/bsp/leon2/leon/mfix-at697f\libbcc.a(con_handle.c.o)
 .text          0x000000004003fe4c        0x0 c:/opt/bcc-2.0.2-gcc/bin/../sparc-gaisler-elf/bsp/leon2/leon/mfix-at697f\libbcc.a(timer_handle.c.o)
 .text          0x000000004003fe4c       0x1c c:/opt/bcc-2.0.2-gcc/bin/../lib/gcc/sparc-gaisler-elf/7.2.0/../../../../sparc-gaisler-elf/lib/leon/mfix-at697f\libc.a(lib_a-atexit.o)
                0x000000004003fe4c                atexit
 .text          0x000000004003fe68        0xc c:/opt/bcc-2.0.2-gcc/bin/../lib/gcc/sparc-gaisler-elf/7.2.0/../../../../sparc-gaisler-elf/lib/leon/mfix-at697f\libc.a(lib_a-errno.o)
                0x000000004003fe68                __errno
 .text          0x000000004003fe74       0x3c c:/opt/bcc-2.0.2-gcc/bin/../lib/gcc/sparc-gaisler-elf/7.2.0/../../../../sparc-gaisler-elf/lib/leon/mfix-at697f\libc.a(lib_a-exit.o)
                0x000000004003fe74                exit
 .text          0x000000004003feb0        0x0 c:/opt/bcc-2.0.2-gcc/bin/../lib/gcc/sparc-gaisler-elf/7.2.0/../../../../sparc-gaisler-elf/lib/leon/mfix-at697f\libc.a(lib_a-impure.o)
 .text          0x000000004003feb0      0x19c c:/opt/bcc-2.0.2-gcc/bin/../lib/gcc/sparc-gaisler-elf/7.2.0/../../../../sparc-gaisler-elf/lib/leon/mfix-at697f\libc.a(lib_a-memcpy.o)
                0x000000004003feb0                memcpy
 .text          0x000000004004004c      0x158 c:/opt/bcc-2.0.2-gcc/bin/../lib/gcc/sparc-gaisler-elf/7.2.0/../../../../sparc-gaisler-elf/lib/leon/mfix-at697f\libc.a(lib_a-__atexit.o)
                0x000000004004004c                __register_exitproc
 .text          0x00000000400401a4      0x2b4 c:/opt/bcc-2.0.2-gcc/bin/../lib/gcc/sparc-gaisler-elf/7.2.0/../../../../sparc-gaisler-elf/lib/leon/mfix-at697f\libc.a(lib_a-__call_atexit.o)
                0x00000000400401a4                __call_exitprocs
 .text          0x0000000040040458       0x18 c:/opt/bcc-2.0.2-gcc/bin/../sparc-gaisler-elf/bsp/leon2/leon/mfix-at697f\libbcc.a(_exit.S.o)
                0x0000000040040458                _exit
 .text          0x0000000040040470       0x48 c:/opt/bcc-2.0.2-gcc/bin/../lib/gcc/sparc-gaisler-elf/7.2.0/leon/mfix-at697f/crtend.o
 .text          0x00000000400404b8        0x0 c:/opt/bcc-2.0.2-gcc/bin/../lib/gcc/sparc-gaisler-elf/7.2.0/leon/mfix-at697f/crtn.o
                0x00000000400404c0                . = ALIGN (0x10)
 *fill*         0x00000000400404b8        0x8 
 *(.eh_frame)
 .eh_frame      0x00000000400404c0        0x0 c:/opt/bcc-2.0.2-gcc/bin/../lib/gcc/sparc-gaisler-elf/7.2.0/leon/mfix-at697f/crtbegin.o
 .eh_frame      0x00000000400404c0        0x4 c:/opt/bcc-2.0.2-gcc/bin/../lib/gcc/sparc-gaisler-elf/7.2.0/leon/mfix-at697f/crtend.o
                0x00000000400404d0                . = ALIGN (0x10)
 *fill*         0x00000000400404c4        0xc 
 *(.gnu.linkonce.t*)
                0x00000000400404d0                ___CTOR_LIST__ = .
                0x00000000400404d0        0x4 LONG 0x2 (((___CTOR_END__ - ___CTOR_LIST__) / 0x4) - 0x2)
 *(SORT(.ctors.*))
 *(.ctors)
 .ctors         0x00000000400404d4        0x4 c:/opt/bcc-2.0.2-gcc/bin/../lib/gcc/sparc-gaisler-elf/7.2.0/leon/mfix-at697f/crtbegin.o
 .ctors         0x00000000400404d8        0x4 c:/opt/bcc-2.0.2-gcc/bin/../lib/gcc/sparc-gaisler-elf/7.2.0/leon/mfix-at697f/crtend.o
                0x00000000400404dc        0x4 LONG 0x0
                0x00000000400404e0                ___CTOR_END__ = .
                0x00000000400404e0                ___DTOR_LIST__ = .
                0x00000000400404e0        0x4 LONG 0x2 (((___DTOR_END__ - ___DTOR_LIST__) / 0x4) - 0x2)
 *(SORT(.dtors.*))
 *(.dtors)
 .dtors         0x00000000400404e4        0x4 c:/opt/bcc-2.0.2-gcc/bin/../lib/gcc/sparc-gaisler-elf/7.2.0/leon/mfix-at697f/crtbegin.o
 .dtors         0x00000000400404e8        0x4 c:/opt/bcc-2.0.2-gcc/bin/../lib/gcc/sparc-gaisler-elf/7.2.0/leon/mfix-at697f/crtend.o
                0x00000000400404e8                __DTOR_END__
                0x00000000400404ec        0x4 LONG 0x0
                0x00000000400404f0                ___DTOR_END__ = .
 *(.gnu.linkonce*)
 *(.init)
 .init          0x00000000400404f0        0x4 c:/opt/bcc-2.0.2-gcc/bin/../lib/gcc/sparc-gaisler-elf/7.2.0/leon/mfix-at697f/crti.o
                0x00000000400404f0                _init
 .init          0x00000000400404f4        0x8 c:/opt/bcc-2.0.2-gcc/bin/../lib/gcc/sparc-gaisler-elf/7.2.0/leon/mfix-at697f/crtbegin.o
 .init          0x00000000400404fc        0x8 c:/opt/bcc-2.0.2-gcc/bin/../lib/gcc/sparc-gaisler-elf/7.2.0/leon/mfix-at697f/crtend.o
 .init          0x0000000040040504        0xc c:/opt/bcc-2.0.2-gcc/bin/../lib/gcc/sparc-gaisler-elf/7.2.0/leon/mfix-at697f/crtn.o
 *(.fini)
 .fini          0x0000000040040510        0x4 c:/opt/bcc-2.0.2-gcc/bin/../lib/gcc/sparc-gaisler-elf/7.2.0/leon/mfix-at697f/crti.o
                0x0000000040040510                _fini
 .fini          0x0000000040040514        0x8 c:/opt/bcc-2.0.2-gcc/bin/../lib/gcc/sparc-gaisler-elf/7.2.0/leon/mfix-at697f/crtbegin.o
 .fini          0x000000004004051c        0xc c:/opt/bcc-2.0.2-gcc/bin/../lib/gcc/sparc-gaisler-elf/7.2.0/leon/mfix-at697f/crtn.o
 *(.lit)
 *(.shdata)
                0x0000000040040530                . = ALIGN (0x10)
 *fill*         0x0000000040040528        0x8 
                0x0000000040040530                __text_end = .

.gcc_except_table
 *(.gcc_except_table)

.rodata         0x0000000040040530     0x2d90
                0x0000000040040530                __rodata_start = .
 *(.rodata*)
 .rodata.cst8   0x0000000040040530       0x38 C:\Users\Bhagawat\AppData\Local\Temp\ccmG331P.o
 .rodata        0x0000000040040568        0x0 C:\Users\Bhagawat\AppData\Local\Temp\ccFLNK2X.o
 .rodata        0x0000000040040568       0x10 C:\Users\Bhagawat\AppData\Local\Temp\ccF3JHAe.o
 .rodata.cst8   0x0000000040040578       0x18 C:\Users\Bhagawat\AppData\Local\Temp\ccSFvBJa.o
 .rodata.cst4   0x0000000040040590        0x4 C:\Users\Bhagawat\AppData\Local\Temp\ccSFvBJa.o
 .rodata        0x0000000040040594        0x0 C:\Users\Bhagawat\AppData\Local\Temp\ccSFvBJa.o
 .rodata        0x0000000040040594        0x0 C:\Users\Bhagawat\AppData\Local\Temp\ccbuJliF.o
 *fill*         0x0000000040040594        0x4 
 .rodata.cst8   0x0000000040040598        0x8 C:\Users\Bhagawat\AppData\Local\Temp\ccBLkweo.o
 .rodata.cst8   0x00000000400405a0       0x68 C:\Users\Bhagawat\AppData\Local\Temp\ccAFUHm4.o
                                        0x150 (size before relaxing)
 .rodata.cst8   0x0000000040040608       0x28 C:\Users\Bhagawat\AppData\Local\Temp\ccRqxX1h.o
                                         0x78 (size before relaxing)
 .rodata        0x0000000040040630     0x22cc C:\Users\Bhagawat\AppData\Local\Temp\ccyPto1B.o
                0x0000000040040630                c_I_nine_cross_nine
                0x00000000400408b8                c_I_three_cross_three
                0x0000000040040900                c_MagBias_act_LUT
                0x0000000040040b88                c_DPM_Pol_LookUpTable
                0x0000000040040cd0                c_B2wh_mat_0234
                0x0000000040040d30                c_B2wh_mat_1034
                0x0000000040040d90                c_B2wh_mat_1204
                0x0000000040040df0                c_B2wh_mat_1230
                0x0000000040040e50                c_B2wh_mat_4RW
                0x0000000040040eb0                c_wh2B_mat_0234
                0x0000000040040f10                c_wh2B_mat_1034
                0x0000000040040f70                c_wh2B_mat_1204
                0x0000000040040fd0                c_wh2B_mat_1230
                0x0000000040041030                c_wh2B_mat_4RW
                0x0000000040041090                c_MOI_wh
                0x0000000040041098                TC_Hmin
                0x00000000400410a0                TC_T_RW_MAX
                0x00000000400410a8                c_RADps2RPM
                0x00000000400410b0                c_RPM2RADpS
                0x00000000400410b8                c_DPMMAX
                0x00000000400410c0                c_wkm_sunmag
                0x00000000400410c8                c_wks_sunmag
                0x00000000400410d0                c_wkm_mag
                0x00000000400410d8                c_wks_mag
                0x00000000400410e0                c_ss2b4156
                0x0000000040041128                c_ss2b3456
                0x0000000040041170                c_ss2b2356
                0x00000000400411b8                c_ss2b1256
                0x0000000040041200                c_misaln_cor146
                0x0000000040041248                c_misaln_cor145
                0x0000000040041290                c_misaln_cor346
                0x00000000400412d8                c_misaln_cor345
                0x0000000040041320                c_misaln_cor326
                0x0000000040041368                c_misaln_cor325
                0x00000000400413b0                c_misaln_cor126
                0x00000000400413f8                c_misaln_cor125
                0x0000000040041440                c_AngDev_SAMtransit_thrsld
                0x0000000040041448                c_AngDev_SMtransit_thrsld
                0x0000000040041450                c_Sunlit_Thrsld
                0x0000000040041458                c_SSThrsld
                0x0000000040041460                c_Imax_YN_Main
                0x0000000040041468                c_Imax_YP_Main
                0x0000000040041470                c_Imax_PN_Main
                0x0000000040041478                c_Imax_PP_Main
                0x0000000040041480                c_Imax_RNND_Main
                0x0000000040041488                c_Imax_RPND_Main
                0x0000000040041490                c_Imax_RND_Main
                0x0000000040041498                c_Imax_RPD_Main
                0x00000000400414a0                c_Imax_YN_Red
                0x00000000400414a8                c_Imax_YP_Red
                0x00000000400414b0                c_Imax_PN_Red
                0x00000000400414b8                c_Imax_PP_Red
                0x00000000400414c0                c_Imax_RNND_Red
                0x00000000400414c8                c_Imax_RPND_Red
                0x00000000400414d0                c_Imax_RND_Red
                0x00000000400414d8                c_Imax_RPD_Red
                0x00000000400414e0                c_KDset3
                0x00000000400414e8                c_KDset2
                0x00000000400414f0                c_KDset1
                0x00000000400414f8                c_Epsilon2
                0x0000000040041500                c_Epsilon1
                0x0000000040041508                c_Sun_Dis3
                0x0000000040041510                c_Sun_Dis2
                0x0000000040041518                c_Sun_Dis1
                0x0000000040041520                c_L_Ecliptic2
                0x0000000040041528                c_L_Ecliptic1
                0x0000000040041530                c_Msun2
                0x0000000040041538                c_Msun1
                0x0000000040041540                c_L_Msun2
                0x0000000040041548                c_L_Msun1
                0x0000000040041550                c_hsval
                0x0000000040041890                c_hval
                0x0000000040041bd0                c_gsval
                0x0000000040041f10                c_gval
                0x0000000040042250                c_sdmax
                0x0000000040042258                c_a
                0x0000000040042260                c_Pibytwo
                0x0000000040042268                c_Kmax
                0x000000004004226c                c_Nmax
                0x0000000040042270                c_rk_T
                0x00000000400424f8                c_rk
                0x0000000040042780                c_I_four_cross_four
                0x00000000400427c0                c_onesecond
                0x00000000400427c4                c_oneminute
                0x00000000400427c8                c_halfhour
                0x00000000400427d0                c_Mmax
                0x00000000400427d8                c_AS2R
                0x00000000400427e0                c_R2D
                0x00000000400427e8                c_D2R
                0x00000000400427f0                c_min_per_day
                0x00000000400427f8                c_temp4
                0x0000000040042800                c_j4
                0x0000000040042808                c_j3oj2
                0x0000000040042810                c_qzms2t
                0x0000000040042818                c_ss
                0x0000000040042820                c_xpdotp
                0x0000000040042828                c_Pi
                0x0000000040042830                c_Day_To_Seconds
                0x0000000040042838                c_invmu
                0x0000000040042840                c_mu
                0x0000000040042848                c_dividebyzerovalue
                0x0000000040042850                c_xke
                0x0000000040042858                c_x2o3
                0x0000000040042860                c_Twopi
                0x0000000040042868                c_j2
                0x0000000040042870                c_au
                0x0000000040042878                c_auer
                0x0000000040042880                c_ecc_ellip
                0x0000000040042888                c_polarradiuskm
                0x0000000040042890                c_radiusearthkm
                0x0000000040042898                c_vkmpersec
                0x00000000400428a0                c_OMEGAE
                0x00000000400428a8                c_tsince_min
                0x00000000400428b0                c_twomu
                0x00000000400428b8                c_MiC
                0x00000000400428c0                c_MaC
                0x00000000400428c8                c_TM_RW_Resol
                0x00000000400428d0                c_TM_Resol_B
                0x00000000400428d8                c_TM_Resol_w
                0x00000000400428e0                c_TM_Resol_DelThta
                0x00000000400428e8                c_Resol_DelThta
                0x00000000400428f0                c_Resol_B
                0x00000000400428f8                c_FFFF
 *fill*         0x00000000400428fc        0x4 
 .rodata.cst8   0x0000000040042900       0x50 C:\Users\Bhagawat\AppData\Local\Temp\ccZvvD0p.o
                                         0x88 (size before relaxing)
 .rodata.cst8   0x0000000040042950       0x10 C:\Users\Bhagawat\AppData\Local\Temp\cciSMCHz.o
                                         0x38 (size before relaxing)
 .rodata        0x0000000040042960        0x0 C:\Users\Bhagawat\AppData\Local\Temp\cciSMCHz.o
 .rodata.cst8   0x0000000040042960      0x148 C:\Users\Bhagawat\AppData\Local\Temp\ccYmJqpt.o
                                        0x168 (size before relaxing)
 .rodata.cst8   0x0000000040042aa8       0x30 C:\Users\Bhagawat\AppData\Local\Temp\cc5ogaUY.o
                                         0x88 (size before relaxing)
 .rodata.cst8   0x0000000040042ad8      0x268 C:\Users\Bhagawat\AppData\Local\Temp\ccQjljxZ.o
                                        0x3a8 (size before relaxing)
 .rodata.cst8   0x0000000040042d40       0xa0 C:\Users\Bhagawat\AppData\Local\Temp\ccgDYObG.o
 .rodata.cst8   0x0000000040042d40       0xa8 c:/opt/bcc-2.0.2-gcc/bin/../lib/gcc/sparc-gaisler-elf/7.2.0/../../../../sparc-gaisler-elf/lib/leon/mfix-at697f\libm.a(lib_a-s_atan.o)
                                         0xd0 (size before relaxing)
 .rodata.cst8   0x0000000040042de8       0x10 c:/opt/bcc-2.0.2-gcc/bin/../lib/gcc/sparc-gaisler-elf/7.2.0/../../../../sparc-gaisler-elf/lib/leon/mfix-at697f\libm.a(lib_a-s_floor.o)
 .rodata.str1.8
                0x0000000040042de8        0x9 c:/opt/bcc-2.0.2-gcc/bin/../lib/gcc/sparc-gaisler-elf/7.2.0/../../../../sparc-gaisler-elf/lib/leon/mfix-at697f\libm.a(lib_a-w_acos.o)
 .rodata.cst8   0x0000000040042df1        0x8 c:/opt/bcc-2.0.2-gcc/bin/../lib/gcc/sparc-gaisler-elf/7.2.0/../../../../sparc-gaisler-elf/lib/leon/mfix-at697f\libm.a(lib_a-w_acos.o)
 *fill*         0x0000000040042df1        0x7 
 .rodata.str1.8
                0x0000000040042df8        0x5 c:/opt/bcc-2.0.2-gcc/bin/../lib/gcc/sparc-gaisler-elf/7.2.0/../../../../sparc-gaisler-elf/lib/leon/mfix-at697f\libm.a(lib_a-w_fmod.o)
 .rodata.cst8   0x0000000040042dfd        0x8 c:/opt/bcc-2.0.2-gcc/bin/../lib/gcc/sparc-gaisler-elf/7.2.0/../../../../sparc-gaisler-elf/lib/leon/mfix-at697f\libm.a(lib_a-w_fmod.o)
 *fill*         0x0000000040042dfd        0x3 
 .rodata.str1.8
                0x0000000040042e00        0x4 c:/opt/bcc-2.0.2-gcc/bin/../lib/gcc/sparc-gaisler-elf/7.2.0/../../../../sparc-gaisler-elf/lib/leon/mfix-at697f\libm.a(lib_a-w_pow.o)
 *fill*         0x0000000040042e04        0x4 
 .rodata.cst8   0x0000000040042e08       0x20 c:/opt/bcc-2.0.2-gcc/bin/../lib/gcc/sparc-gaisler-elf/7.2.0/../../../../sparc-gaisler-elf/lib/leon/mfix-at697f\libm.a(lib_a-w_pow.o)
                                         0x38 (size before relaxing)
 .rodata.str1.8
                0x0000000040042e28        0x8 c:/opt/bcc-2.0.2-gcc/bin/../lib/gcc/sparc-gaisler-elf/7.2.0/../../../../sparc-gaisler-elf/lib/leon/mfix-at697f\libm.a(lib_a-w_sqrt.o)
                                          0x5 (size before relaxing)
 .rodata.cst8   0x0000000040042e30        0x8 c:/opt/bcc-2.0.2-gcc/bin/../lib/gcc/sparc-gaisler-elf/7.2.0/../../../../sparc-gaisler-elf/lib/leon/mfix-at697f\libm.a(lib_a-w_sqrt.o)
 .rodata.cst8   0x0000000040042e30       0x50 c:/opt/bcc-2.0.2-gcc/bin/../lib/gcc/sparc-gaisler-elf/7.2.0/../../../../sparc-gaisler-elf/lib/leon/mfix-at697f\libm.a(lib_a-e_acos.o)
                                         0x80 (size before relaxing)
 .rodata.cst8   0x0000000040042e80       0x28 c:/opt/bcc-2.0.2-gcc/bin/../lib/gcc/sparc-gaisler-elf/7.2.0/../../../../sparc-gaisler-elf/lib/leon/mfix-at697f\libm.a(lib_a-e_atan2.o)
                                         0x58 (size before relaxing)
 .rodata        0x0000000040042ea8       0x10 c:/opt/bcc-2.0.2-gcc/bin/../lib/gcc/sparc-gaisler-elf/7.2.0/../../../../sparc-gaisler-elf/lib/leon/mfix-at697f\libm.a(lib_a-e_fmod.o)
 .rodata.str1.8
                0x0000000040042eb8        0x1 c:/opt/bcc-2.0.2-gcc/bin/../lib/gcc/sparc-gaisler-elf/7.2.0/../../../../sparc-gaisler-elf/lib/leon/mfix-at697f\libm.a(lib_a-e_pow.o)
 .rodata.cst8   0x0000000040042eb8       0xc8 c:/opt/bcc-2.0.2-gcc/bin/../lib/gcc/sparc-gaisler-elf/7.2.0/../../../../sparc-gaisler-elf/lib/leon/mfix-at697f\libm.a(lib_a-e_pow.o)
                                        0x120 (size before relaxing)
 .rodata.cst8   0x0000000040042f80       0x40 c:/opt/bcc-2.0.2-gcc/bin/../lib/gcc/sparc-gaisler-elf/7.2.0/../../../../sparc-gaisler-elf/lib/leon/mfix-at697f\libm.a(lib_a-e_rem_pio2.o)
                                         0x50 (size before relaxing)
 .rodata        0x0000000040042fc0      0x188 c:/opt/bcc-2.0.2-gcc/bin/../lib/gcc/sparc-gaisler-elf/7.2.0/../../../../sparc-gaisler-elf/lib/leon/mfix-at697f\libm.a(lib_a-e_rem_pio2.o)
 .rodata.cst8   0x0000000040043148       0x40 c:/opt/bcc-2.0.2-gcc/bin/../lib/gcc/sparc-gaisler-elf/7.2.0/../../../../sparc-gaisler-elf/lib/leon/mfix-at697f\libm.a(lib_a-k_cos.o)
                                         0x50 (size before relaxing)
 .rodata.cst8   0x0000000040043188       0x50 c:/opt/bcc-2.0.2-gcc/bin/../lib/gcc/sparc-gaisler-elf/7.2.0/../../../../sparc-gaisler-elf/lib/leon/mfix-at697f\libm.a(lib_a-k_rem_pio2.o)
                                         0x78 (size before relaxing)
 .rodata        0x00000000400431d8       0x10 c:/opt/bcc-2.0.2-gcc/bin/../lib/gcc/sparc-gaisler-elf/7.2.0/../../../../sparc-gaisler-elf/lib/leon/mfix-at697f\libm.a(lib_a-k_rem_pio2.o)
 .rodata.cst8   0x00000000400431e8       0x30 c:/opt/bcc-2.0.2-gcc/bin/../lib/gcc/sparc-gaisler-elf/7.2.0/../../../../sparc-gaisler-elf/lib/leon/mfix-at697f\libm.a(lib_a-k_sin.o)
                                         0x38 (size before relaxing)
 .rodata.cst8   0x0000000040043218       0x68 c:/opt/bcc-2.0.2-gcc/bin/../lib/gcc/sparc-gaisler-elf/7.2.0/../../../../sparc-gaisler-elf/lib/leon/mfix-at697f\libm.a(lib_a-k_tan.o)
                                         0x90 (size before relaxing)
 .rodata.cst8   0x0000000040043280        0x8 c:/opt/bcc-2.0.2-gcc/bin/../lib/gcc/sparc-gaisler-elf/7.2.0/../../../../sparc-gaisler-elf/lib/leon/mfix-at697f\libm.a(lib_a-s_nan.o)
 .rodata        0x0000000040043288       0x10 c:/opt/bcc-2.0.2-gcc/bin/../lib/gcc/sparc-gaisler-elf/7.2.0/../../../../sparc-gaisler-elf/lib/leon/mfix-at697f\libm.a(lib_a-s_rint.o)
 .rodata.cst8   0x0000000040043298       0x18 c:/opt/bcc-2.0.2-gcc/bin/../lib/gcc/sparc-gaisler-elf/7.2.0/../../../../sparc-gaisler-elf/lib/leon/mfix-at697f\libm.a(lib_a-s_scalbn.o)
                                         0x20 (size before relaxing)
 .rodata        0x00000000400432b0        0x4 c:/opt/bcc-2.0.2-gcc/bin/../lib/gcc/sparc-gaisler-elf/7.2.0/../../../../sparc-gaisler-elf/lib/leon/mfix-at697f\libc.a(lib_a-impure.o)
                0x00000000400432b0                _global_impure_ptr
 *(.gnu.linkonce.r*)
                0x00000000400432c0                . = ALIGN (0x10)
 *fill*         0x00000000400432b4        0xc 
                0x00000000400432c0                __rodata_end = .

.rela.dyn       0x00000000400432c0        0x0
 .rela.iplt     0x00000000400432c0        0x0 c:/opt/bcc-2.0.2-gcc/bin/../sparc-gaisler-elf/bsp/leon2/leon/mfix-at697f/trap_table_mvt.S.o
 .rela.text.traptable
                0x00000000400432c0        0x0 c:/opt/bcc-2.0.2-gcc/bin/../sparc-gaisler-elf/bsp/leon2/leon/mfix-at697f/trap_table_mvt.S.o
 .rela.text     0x00000000400432c0        0x0 c:/opt/bcc-2.0.2-gcc/bin/../sparc-gaisler-elf/bsp/leon2/leon/mfix-at697f/trap_table_mvt.S.o
 .rela.text.startup
                0x00000000400432c0        0x0 c:/opt/bcc-2.0.2-gcc/bin/../sparc-gaisler-elf/bsp/leon2/leon/mfix-at697f/trap_table_mvt.S.o
 .rela.data     0x00000000400432c0        0x0 c:/opt/bcc-2.0.2-gcc/bin/../sparc-gaisler-elf/bsp/leon2/leon/mfix-at697f/trap_table_mvt.S.o

.ext.data       0x00000000400432c0        0x0
                0x00000000400432c0                . = ALIGN (0x8)
                0x00000000400432c0                __extdata_start = .
 *(.data.ext)
                0x00000000400432c0                . = ALIGN (0x8)
                0x00000000400432c0                __extdata_end = .
                0x00000000400432c0                __extdata_start_lma = LOADADDR (.ext.data)
                0x0000000000000000                __extdata_size = SIZEOF (.ext.data)

.data           0x00000000400432c0      0x718
                0x00000000400432c0                . = ALIGN (0x8)
                0x00000000400432c0                __data_start = .
 *(.data .data.*)
 .data          0x00000000400432c0        0x0 c:/opt/bcc-2.0.2-gcc/bin/../sparc-gaisler-elf/bsp/leon2/leon/mfix-at697f/trap_table_mvt.S.o
 .data          0x00000000400432c0        0x0 c:/opt/bcc-2.0.2-gcc/bin/../sparc-gaisler-elf/bsp/leon2/leon/mfix-at697f/crt0.S.o
 .data          0x00000000400432c0        0x0 c:/opt/bcc-2.0.2-gcc/bin/../lib/gcc/sparc-gaisler-elf/7.2.0/leon/mfix-at697f/crti.o
 .data          0x00000000400432c0        0x4 c:/opt/bcc-2.0.2-gcc/bin/../lib/gcc/sparc-gaisler-elf/7.2.0/leon/mfix-at697f/crtbegin.o
                0x00000000400432c0                __dso_handle
 .data          0x00000000400432c4        0x0 C:\Users\Bhagawat\AppData\Local\Temp\ccmG331P.o
 .data          0x00000000400432c4        0x0 C:\Users\Bhagawat\AppData\Local\Temp\ccFLNK2X.o
 .data          0x00000000400432c4       0x18 C:\Users\Bhagawat\AppData\Local\Temp\ccF3JHAe.o
                0x00000000400432d8                real_tm_wait
 .data          0x00000000400432dc      0x3e0 C:\Users\Bhagawat\AppData\Local\Temp\ccSFvBJa.o
                0x00000000400432dc                Resol_Table_Adcs
                0x00000000400433dc                BlkExe_Status
                0x00000000400433e0                FuncExecute_Table
                0x0000000040043650                Resol_Table
 .data          0x00000000400436bc        0x0 C:\Users\Bhagawat\AppData\Local\Temp\ccLxi9Ri.o
 .data          0x00000000400436bc        0x0 C:\Users\Bhagawat\AppData\Local\Temp\cc0Th2ok.o
 .data          0x00000000400436bc        0x8 C:\Users\Bhagawat\AppData\Local\Temp\ccbuJliF.o
                0x00000000400436bc                PL_Debug_Data
 .data          0x00000000400436c4       0x20 C:\Users\Bhagawat\AppData\Local\Temp\ccA5VOh9.o
                0x00000000400436c4                inter_HAL_EPS_Hardware_Status_SEL
 .data          0x00000000400436e4        0x0 C:\Users\Bhagawat\AppData\Local\Temp\cclg7QQI.o
 .data          0x00000000400436e4        0x0 C:\Users\Bhagawat\AppData\Local\Temp\cc4J82Fr.o
 .data          0x00000000400436e4        0x0 C:\Users\Bhagawat\AppData\Local\Temp\ccP2pYow.o
 .data          0x00000000400436e4       0xbc C:\Users\Bhagawat\AppData\Local\Temp\cc5opyBQ.o
                0x00000000400436e4                Auto_manual
                0x00000000400436e8                UTP
                0x0000000040043728                LTP
                0x0000000040043768                Thermister_index_select
 .data          0x00000000400437a0        0x0 C:\Users\Bhagawat\AppData\Local\Temp\ccjU9hyn.o
 .data          0x00000000400437a0        0x4 C:\Users\Bhagawat\AppData\Local\Temp\ccBLkweo.o
                0x00000000400437a0                NSP_addr_table
 .data          0x00000000400437a4        0x0 C:\Users\Bhagawat\AppData\Local\Temp\ccsgz4so.o
 .data          0x00000000400437a4        0x0 C:\Users\Bhagawat\AppData\Local\Temp\ccAFUHm4.o
 .data          0x00000000400437a4        0x0 C:\Users\Bhagawat\AppData\Local\Temp\ccRqxX1h.o
 *fill*         0x00000000400437a4        0x4 
 .data          0x00000000400437a8      0x190 C:\Users\Bhagawat\AppData\Local\Temp\ccyPto1B.o
                0x00000000400437a8                c_MOI_wh_mat
                0x0000000040043828                c_MOI_wh_mat_Inv
                0x00000000400438a8                c_I_MAT_Inv
                0x00000000400438f0                c_I_MAT
 .data          0x0000000040043938        0x0 C:\Users\Bhagawat\AppData\Local\Temp\ccZvvD0p.o
 .data          0x0000000040043938        0x0 C:\Users\Bhagawat\AppData\Local\Temp\cciSMCHz.o
 .data          0x0000000040043938        0x0 C:\Users\Bhagawat\AppData\Local\Temp\ccYmJqpt.o
 .data          0x0000000040043938        0x0 C:\Users\Bhagawat\AppData\Local\Temp\cc5ogaUY.o
 .data          0x0000000040043938        0x0 C:\Users\Bhagawat\AppData\Local\Temp\ccCmOWXC.o
 .data          0x0000000040043938        0x0 C:\Users\Bhagawat\AppData\Local\Temp\ccQjljxZ.o
 .data          0x0000000040043938        0x0 C:\Users\Bhagawat\AppData\Local\Temp\ccgDYObG.o
 .data          0x0000000040043938        0x0 C:\Users\Bhagawat\AppData\Local\Temp\ccyKrZ4y.o
 .data          0x0000000040043938        0x0 c:/opt/bcc-2.0.2-gcc/bin/../lib/gcc/sparc-gaisler-elf/7.2.0/../../../../sparc-gaisler-elf/lib/leon/mfix-at697f\libm.a(lib_a-s_atan.o)
 .data          0x0000000040043938        0x0 c:/opt/bcc-2.0.2-gcc/bin/../lib/gcc/sparc-gaisler-elf/7.2.0/../../../../sparc-gaisler-elf/lib/leon/mfix-at697f\libm.a(lib_a-s_cos.o)
 .data          0x0000000040043938        0x0 c:/opt/bcc-2.0.2-gcc/bin/../lib/gcc/sparc-gaisler-elf/7.2.0/../../../../sparc-gaisler-elf/lib/leon/mfix-at697f\libm.a(lib_a-s_fabs.o)
 .data          0x0000000040043938        0x0 c:/opt/bcc-2.0.2-gcc/bin/../lib/gcc/sparc-gaisler-elf/7.2.0/../../../../sparc-gaisler-elf/lib/leon/mfix-at697f\libm.a(lib_a-s_floor.o)
 .data          0x0000000040043938        0x0 c:/opt/bcc-2.0.2-gcc/bin/../lib/gcc/sparc-gaisler-elf/7.2.0/../../../../sparc-gaisler-elf/lib/leon/mfix-at697f\libm.a(lib_a-s_sin.o)
 .data          0x0000000040043938        0x0 c:/opt/bcc-2.0.2-gcc/bin/../lib/gcc/sparc-gaisler-elf/7.2.0/../../../../sparc-gaisler-elf/lib/leon/mfix-at697f\libm.a(lib_a-s_tan.o)
 .data          0x0000000040043938        0x0 c:/opt/bcc-2.0.2-gcc/bin/../lib/gcc/sparc-gaisler-elf/7.2.0/../../../../sparc-gaisler-elf/lib/leon/mfix-at697f\libm.a(lib_a-w_acos.o)
 .data          0x0000000040043938        0x0 c:/opt/bcc-2.0.2-gcc/bin/../lib/gcc/sparc-gaisler-elf/7.2.0/../../../../sparc-gaisler-elf/lib/leon/mfix-at697f\libm.a(lib_a-w_atan2.o)
 .data          0x0000000040043938        0x0 c:/opt/bcc-2.0.2-gcc/bin/../lib/gcc/sparc-gaisler-elf/7.2.0/../../../../sparc-gaisler-elf/lib/leon/mfix-at697f\libm.a(lib_a-w_fmod.o)
 .data          0x0000000040043938        0x0 c:/opt/bcc-2.0.2-gcc/bin/../lib/gcc/sparc-gaisler-elf/7.2.0/../../../../sparc-gaisler-elf/lib/leon/mfix-at697f\libm.a(lib_a-w_pow.o)
 .data          0x0000000040043938        0x0 c:/opt/bcc-2.0.2-gcc/bin/../lib/gcc/sparc-gaisler-elf/7.2.0/../../../../sparc-gaisler-elf/lib/leon/mfix-at697f\libm.a(lib_a-w_sqrt.o)
 .data          0x0000000040043938        0x0 c:/opt/bcc-2.0.2-gcc/bin/../lib/gcc/sparc-gaisler-elf/7.2.0/../../../../sparc-gaisler-elf/lib/leon/mfix-at697f\libm.a(lib_a-e_acos.o)
 .data          0x0000000040043938        0x0 c:/opt/bcc-2.0.2-gcc/bin/../lib/gcc/sparc-gaisler-elf/7.2.0/../../../../sparc-gaisler-elf/lib/leon/mfix-at697f\libm.a(lib_a-e_atan2.o)
 .data          0x0000000040043938        0x0 c:/opt/bcc-2.0.2-gcc/bin/../lib/gcc/sparc-gaisler-elf/7.2.0/../../../../sparc-gaisler-elf/lib/leon/mfix-at697f\libm.a(lib_a-e_fmod.o)
 .data          0x0000000040043938        0x0 c:/opt/bcc-2.0.2-gcc/bin/../lib/gcc/sparc-gaisler-elf/7.2.0/../../../../sparc-gaisler-elf/lib/leon/mfix-at697f\libm.a(lib_a-e_pow.o)
 .data          0x0000000040043938        0x0 c:/opt/bcc-2.0.2-gcc/bin/../lib/gcc/sparc-gaisler-elf/7.2.0/../../../../sparc-gaisler-elf/lib/leon/mfix-at697f\libm.a(lib_a-e_rem_pio2.o)
 .data          0x0000000040043938        0x0 c:/opt/bcc-2.0.2-gcc/bin/../lib/gcc/sparc-gaisler-elf/7.2.0/../../../../sparc-gaisler-elf/lib/leon/mfix-at697f\libm.a(lib_a-e_sqrt.o)
 .data          0x0000000040043938        0x0 c:/opt/bcc-2.0.2-gcc/bin/../lib/gcc/sparc-gaisler-elf/7.2.0/../../../../sparc-gaisler-elf/lib/leon/mfix-at697f\libm.a(lib_a-k_cos.o)
 .data          0x0000000040043938        0x0 c:/opt/bcc-2.0.2-gcc/bin/../lib/gcc/sparc-gaisler-elf/7.2.0/../../../../sparc-gaisler-elf/lib/leon/mfix-at697f\libm.a(lib_a-k_rem_pio2.o)
 .data          0x0000000040043938        0x0 c:/opt/bcc-2.0.2-gcc/bin/../lib/gcc/sparc-gaisler-elf/7.2.0/../../../../sparc-gaisler-elf/lib/leon/mfix-at697f\libm.a(lib_a-k_sin.o)
 .data          0x0000000040043938        0x0 c:/opt/bcc-2.0.2-gcc/bin/../lib/gcc/sparc-gaisler-elf/7.2.0/../../../../sparc-gaisler-elf/lib/leon/mfix-at697f\libm.a(lib_a-k_tan.o)
 .data          0x0000000040043938        0x0 c:/opt/bcc-2.0.2-gcc/bin/../lib/gcc/sparc-gaisler-elf/7.2.0/../../../../sparc-gaisler-elf/lib/leon/mfix-at697f\libm.a(lib_a-s_finite.o)
 .data          0x0000000040043938        0x4 c:/opt/bcc-2.0.2-gcc/bin/../lib/gcc/sparc-gaisler-elf/7.2.0/../../../../sparc-gaisler-elf/lib/leon/mfix-at697f\libm.a(lib_a-s_lib_ver.o)
                0x0000000040043938                __fdlib_version
 .data          0x000000004004393c        0x0 c:/opt/bcc-2.0.2-gcc/bin/../lib/gcc/sparc-gaisler-elf/7.2.0/../../../../sparc-gaisler-elf/lib/leon/mfix-at697f\libm.a(lib_a-s_matherr.o)
 .data          0x000000004004393c        0x0 c:/opt/bcc-2.0.2-gcc/bin/../lib/gcc/sparc-gaisler-elf/7.2.0/../../../../sparc-gaisler-elf/lib/leon/mfix-at697f\libm.a(lib_a-s_nan.o)
 .data          0x000000004004393c        0x0 c:/opt/bcc-2.0.2-gcc/bin/../lib/gcc/sparc-gaisler-elf/7.2.0/../../../../sparc-gaisler-elf/lib/leon/mfix-at697f\libm.a(lib_a-s_rint.o)
 .data          0x000000004004393c        0x0 c:/opt/bcc-2.0.2-gcc/bin/../lib/gcc/sparc-gaisler-elf/7.2.0/../../../../sparc-gaisler-elf/lib/leon/mfix-at697f\libm.a(lib_a-s_scalbn.o)
 .data          0x000000004004393c        0x0 c:/opt/bcc-2.0.2-gcc/bin/../lib/gcc/sparc-gaisler-elf/7.2.0/../../../../sparc-gaisler-elf/lib/leon/mfix-at697f\libm.a(lib_a-s_copysign.o)
 .data          0x000000004004393c        0x0 c:/opt/bcc-2.0.2-gcc/bin/../sparc-gaisler-elf/bsp/leon2/leon/mfix-at697f\libbcc.a(reset_trap_mvt.S.o)
 .data          0x000000004004393c        0x0 c:/opt/bcc-2.0.2-gcc/bin/../sparc-gaisler-elf/bsp/leon2/leon/mfix-at697f\libbcc.a(window_trap.S.o)
 .data          0x000000004004393c        0x0 c:/opt/bcc-2.0.2-gcc/bin/../sparc-gaisler-elf/bsp/leon2/leon/mfix-at697f\libbcc.a(interrupt_trap.S.o)
 .data          0x000000004004393c        0x0 c:/opt/bcc-2.0.2-gcc/bin/../sparc-gaisler-elf/bsp/leon2/leon/mfix-at697f\libbcc.a(flush_windows_trap.S.o)
 .data          0x000000004004393c        0x0 c:/opt/bcc-2.0.2-gcc/bin/../sparc-gaisler-elf/bsp/leon2/leon/mfix-at697f\libbcc.a(sw_trap_set_pil.S.o)
 .data          0x000000004004393c        0x0 c:/opt/bcc-2.0.2-gcc/bin/../sparc-gaisler-elf/bsp/leon2/leon/mfix-at697f\libbcc.a(trap.c.o)
 .data          0x000000004004393c        0x0 c:/opt/bcc-2.0.2-gcc/bin/../sparc-gaisler-elf/bsp/leon2/leon/mfix-at697f\libbcc.a(isr.c.o)
 *fill*         0x000000004004393c        0x4 
 .data          0x0000000040043940       0x10 c:/opt/bcc-2.0.2-gcc/bin/../sparc-gaisler-elf/bsp/leon2/leon/mfix-at697f\libbcc.a(int_nest.c.o)
                0x0000000040043940                __bcc_int_nest
 .data          0x0000000040043950        0x0 c:/opt/bcc-2.0.2-gcc/bin/../sparc-gaisler-elf/bsp/leon2/leon/mfix-at697f\libbcc.a(init.S.o)
 .data          0x0000000040043950       0x10 c:/opt/bcc-2.0.2-gcc/bin/../sparc-gaisler-elf/bsp/leon2/leon/mfix-at697f\libbcc.a(leon_info.S.o)
                0x0000000040043950                __bcc_leon_version
                0x0000000040043954                __bcc_nwindows_min1
                0x0000000040043958                __bcc_nwindows
                0x000000004004395c                __bcc_cpuid
 .data          0x0000000040043960        0x0 c:/opt/bcc-2.0.2-gcc/bin/../sparc-gaisler-elf/bsp/leon2/leon/mfix-at697f\libbcc.a(dwzero.S.o)
 .data          0x0000000040043960        0x0 c:/opt/bcc-2.0.2-gcc/bin/../sparc-gaisler-elf/bsp/leon2/leon/mfix-at697f\libbcc.a(copy_data.c.o)
 .data          0x0000000040043960        0x0 c:/opt/bcc-2.0.2-gcc/bin/../sparc-gaisler-elf/bsp/leon2/leon/mfix-at697f\libbcc.a(lowlevel.S.o)
 .data          0x0000000040043960        0x0 c:/opt/bcc-2.0.2-gcc/bin/../sparc-gaisler-elf/bsp/leon2/leon/mfix-at697f\libbcc.a(lowlevel_leon2.S.o)
 .data          0x0000000040043960        0x0 c:/opt/bcc-2.0.2-gcc/bin/../sparc-gaisler-elf/bsp/leon2/leon/mfix-at697f\libbcc.a(int_leon2.c.o)
 .data          0x0000000040043960        0x0 c:/opt/bcc-2.0.2-gcc/bin/../sparc-gaisler-elf/bsp/leon2/leon/mfix-at697f\libbcc.a(int_leon2_get_source.c.o)
 .data          0x0000000040043960        0x0 c:/opt/bcc-2.0.2-gcc/bin/../sparc-gaisler-elf/bsp/leon2/leon/mfix-at697f\libbcc.a(int_leon2_init.c.o)
 .data          0x0000000040043960        0x0 c:/opt/bcc-2.0.2-gcc/bin/../sparc-gaisler-elf/bsp/leon2/leon/mfix-at697f\libbcc.a(con_leon2.c.o)
 .data          0x0000000040043960        0x0 c:/opt/bcc-2.0.2-gcc/bin/../sparc-gaisler-elf/bsp/leon2/leon/mfix-at697f\libbcc.a(timer_leon2.c.o)
 .data          0x0000000040043960        0x0 c:/opt/bcc-2.0.2-gcc/bin/../sparc-gaisler-elf/bsp/leon2/leon/mfix-at697f\libbcc.a(set_pil.S.o)
 .data          0x0000000040043960        0x4 c:/opt/bcc-2.0.2-gcc/bin/../sparc-gaisler-elf/bsp/leon2/leon/mfix-at697f\libbcc.a(int_leon2_handle.c.o)
                0x0000000040043960                __bcc_int_handle
 .data          0x0000000040043964        0x4 c:/opt/bcc-2.0.2-gcc/bin/../sparc-gaisler-elf/bsp/leon2/leon/mfix-at697f\libbcc.a(con_handle.c.o)
                0x0000000040043964                __bcc_con_handle
 .data          0x0000000040043968        0x8 c:/opt/bcc-2.0.2-gcc/bin/../sparc-gaisler-elf/bsp/leon2/leon/mfix-at697f\libbcc.a(timer_handle.c.o)
                0x0000000040043968                __bcc_timer_interrupt
                0x000000004004396c                __bcc_timer_handle
 .data          0x0000000040043970        0x0 c:/opt/bcc-2.0.2-gcc/bin/../lib/gcc/sparc-gaisler-elf/7.2.0/../../../../sparc-gaisler-elf/lib/leon/mfix-at697f\libc.a(lib_a-atexit.o)
 .data          0x0000000040043970        0x0 c:/opt/bcc-2.0.2-gcc/bin/../lib/gcc/sparc-gaisler-elf/7.2.0/../../../../sparc-gaisler-elf/lib/leon/mfix-at697f\libc.a(lib_a-errno.o)
 .data          0x0000000040043970        0x0 c:/opt/bcc-2.0.2-gcc/bin/../lib/gcc/sparc-gaisler-elf/7.2.0/../../../../sparc-gaisler-elf/lib/leon/mfix-at697f\libc.a(lib_a-exit.o)
 .data          0x0000000040043970       0x64 c:/opt/bcc-2.0.2-gcc/bin/../lib/gcc/sparc-gaisler-elf/7.2.0/../../../../sparc-gaisler-elf/lib/leon/mfix-at697f\libc.a(lib_a-impure.o)
                0x0000000040043970                _impure_ptr
 .data          0x00000000400439d4        0x0 c:/opt/bcc-2.0.2-gcc/bin/../lib/gcc/sparc-gaisler-elf/7.2.0/../../../../sparc-gaisler-elf/lib/leon/mfix-at697f\libc.a(lib_a-memcpy.o)
 .data          0x00000000400439d4        0x0 c:/opt/bcc-2.0.2-gcc/bin/../lib/gcc/sparc-gaisler-elf/7.2.0/../../../../sparc-gaisler-elf/lib/leon/mfix-at697f\libc.a(lib_a-__atexit.o)
 .data          0x00000000400439d4        0x0 c:/opt/bcc-2.0.2-gcc/bin/../lib/gcc/sparc-gaisler-elf/7.2.0/../../../../sparc-gaisler-elf/lib/leon/mfix-at697f\libc.a(lib_a-__call_atexit.o)
 .data          0x00000000400439d4        0x0 c:/opt/bcc-2.0.2-gcc/bin/../sparc-gaisler-elf/bsp/leon2/leon/mfix-at697f\libbcc.a(_exit.S.o)
 .data          0x00000000400439d4        0x0 c:/opt/bcc-2.0.2-gcc/bin/../lib/gcc/sparc-gaisler-elf/7.2.0/leon/mfix-at697f/crtend.o
 .data          0x00000000400439d4        0x0 c:/opt/bcc-2.0.2-gcc/bin/../lib/gcc/sparc-gaisler-elf/7.2.0/leon/mfix-at697f/crtn.o
                0x00000000400439d8                . = ALIGN (0x8)
 *fill*         0x00000000400439d4        0x4 
                0x00000000400439d8                __data_end = .
                0x00000000400432c0                __data_start_lma = LOADADDR (.data)
                0x0000000000000718                __data_size = SIZEOF (.data)

.iplt           0x00000000400439d8        0x0
 .iplt          0x00000000400439d8        0x0 c:/opt/bcc-2.0.2-gcc/bin/../sparc-gaisler-elf/bsp/leon2/leon/mfix-at697f/trap_table_mvt.S.o

.tm_clone_table
                0x00000000400439d8        0x0
 .tm_clone_table
                0x00000000400439d8        0x0 c:/opt/bcc-2.0.2-gcc/bin/../lib/gcc/sparc-gaisler-elf/7.2.0/leon/mfix-at697f/crtbegin.o
 .tm_clone_table
                0x00000000400439d8        0x0 c:/opt/bcc-2.0.2-gcc/bin/../lib/gcc/sparc-gaisler-elf/7.2.0/leon/mfix-at697f/crtend.o

.bss            0x00000000400439d8    0x8fc38
                0x00000000400439d8                . = ALIGN (0x8)
                0x00000000400439d8                __bss_start = .
 *(.bss .bss.*)
 .bss           0x00000000400439d8        0x0 c:/opt/bcc-2.0.2-gcc/bin/../sparc-gaisler-elf/bsp/leon2/leon/mfix-at697f/trap_table_mvt.S.o
 .bss           0x00000000400439d8        0x4 c:/opt/bcc-2.0.2-gcc/bin/../sparc-gaisler-elf/bsp/leon2/leon/mfix-at697f/crt0.S.o
                0x00000000400439d8                __bcc_sp_at_entry
 .bss           0x00000000400439dc        0x0 c:/opt/bcc-2.0.2-gcc/bin/../lib/gcc/sparc-gaisler-elf/7.2.0/leon/mfix-at697f/crti.o
 .bss           0x00000000400439dc       0x20 c:/opt/bcc-2.0.2-gcc/bin/../lib/gcc/sparc-gaisler-elf/7.2.0/leon/mfix-at697f/crtbegin.o
 .bss           0x00000000400439fc        0x0 C:\Users\Bhagawat\AppData\Local\Temp\ccmG331P.o
 .bss           0x00000000400439fc        0x0 C:\Users\Bhagawat\AppData\Local\Temp\ccFLNK2X.o
 .bss           0x00000000400439fc        0x8 C:\Users\Bhagawat\AppData\Local\Temp\ccF3JHAe.o
                0x00000000400439fc                test_st_sp
                0x00000000400439fd                filler_byte
                0x0000000040043a00                repeat_count
 .bss           0x0000000040043a04       0x24 C:\Users\Bhagawat\AppData\Local\Temp\ccSFvBJa.o
                0x0000000040043a04                Diff_stop_srl_num
                0x0000000040043a08                Diff_start_srl_num
                0x0000000040043a0c                DTTC_count
                0x0000000040043a10                ATTC_count
                0x0000000040043a14                ATTC_exe_en
                0x0000000040043a18                ATTC_Master_en
                0x0000000040043a1c                Nodeptrempty_flag
                0x0000000040043a20                ComputedParity
                0x0000000040043a21                RcvdParity
                0x0000000040043a24                head
 .bss           0x0000000040043a28        0x0 C:\Users\Bhagawat\AppData\Local\Temp\ccLxi9Ri.o
 .bss           0x0000000040043a28        0x0 C:\Users\Bhagawat\AppData\Local\Temp\cc0Th2ok.o
 .bss           0x0000000040043a28        0x0 C:\Users\Bhagawat\AppData\Local\Temp\ccbuJliF.o
 .bss           0x0000000040043a28        0x8 C:\Users\Bhagawat\AppData\Local\Temp\ccA5VOh9.o
                0x0000000040043a28                load_shedding_flag
                0x0000000040043a29                low_battery_voltage
                0x0000000040043a2c                inter_HAL_EPS_Hardware_Status_count
 .bss           0x0000000040043a30        0x0 C:\Users\Bhagawat\AppData\Local\Temp\cclg7QQI.o
 .bss           0x0000000040043a30        0x0 C:\Users\Bhagawat\AppData\Local\Temp\cc4J82Fr.o
 .bss           0x0000000040043a30        0x8 C:\Users\Bhagawat\AppData\Local\Temp\ccP2pYow.o
                0x0000000040043a30                GPS_GSV_FLAG
                0x0000000040043a34                gps_ready_bit
 .bss           0x0000000040043a38        0x0 C:\Users\Bhagawat\AppData\Local\Temp\cc5opyBQ.o
 .bss           0x0000000040043a38        0x4 C:\Users\Bhagawat\AppData\Local\Temp\ccjU9hyn.o
                0x0000000040043a38                MTR_Reset_Flag
 .bss           0x0000000040043a3c        0xe C:\Users\Bhagawat\AppData\Local\Temp\ccBLkweo.o
                0x0000000040043a48                crc_test
 *fill*         0x0000000040043a4a        0x2 
 .bss           0x0000000040043a4c       0x18 C:\Users\Bhagawat\AppData\Local\Temp\ccsgz4so.o
                0x0000000040043a4c                SA2_status
                0x0000000040043a50                SA1_status
                0x0000000040043a54                TC_HAL_SA_Deploy
                0x0000000040043a58                SA_Command_Type
                0x0000000040043a5c                SA2_Deploy_cmd_rcvd_time
                0x0000000040043a60                SA1_Deploy_cmd_rcvd_time
 .bss           0x0000000040043a64        0x0 C:\Users\Bhagawat\AppData\Local\Temp\ccAFUHm4.o
 .bss           0x0000000040043a64        0x0 C:\Users\Bhagawat\AppData\Local\Temp\ccRqxX1h.o
 .bss           0x0000000040043a64        0x0 C:\Users\Bhagawat\AppData\Local\Temp\ccyPto1B.o
 .bss           0x0000000040043a64        0x0 C:\Users\Bhagawat\AppData\Local\Temp\ccZvvD0p.o
 .bss           0x0000000040043a64        0x0 C:\Users\Bhagawat\AppData\Local\Temp\cciSMCHz.o
 .bss           0x0000000040043a64        0x0 C:\Users\Bhagawat\AppData\Local\Temp\ccYmJqpt.o
 .bss           0x0000000040043a64        0x0 C:\Users\Bhagawat\AppData\Local\Temp\cc5ogaUY.o
 .bss           0x0000000040043a64        0x0 C:\Users\Bhagawat\AppData\Local\Temp\ccCmOWXC.o
 .bss           0x0000000040043a64        0x0 C:\Users\Bhagawat\AppData\Local\Temp\ccQjljxZ.o
 .bss           0x0000000040043a64        0x0 C:\Users\Bhagawat\AppData\Local\Temp\ccgDYObG.o
 .bss           0x0000000040043a64        0x0 C:\Users\Bhagawat\AppData\Local\Temp\ccyKrZ4y.o
 .bss           0x0000000040043a64        0x0 c:/opt/bcc-2.0.2-gcc/bin/../lib/gcc/sparc-gaisler-elf/7.2.0/../../../../sparc-gaisler-elf/lib/leon/mfix-at697f\libm.a(lib_a-s_atan.o)
 .bss           0x0000000040043a64        0x0 c:/opt/bcc-2.0.2-gcc/bin/../lib/gcc/sparc-gaisler-elf/7.2.0/../../../../sparc-gaisler-elf/lib/leon/mfix-at697f\libm.a(lib_a-s_cos.o)
 .bss           0x0000000040043a64        0x0 c:/opt/bcc-2.0.2-gcc/bin/../lib/gcc/sparc-gaisler-elf/7.2.0/../../../../sparc-gaisler-elf/lib/leon/mfix-at697f\libm.a(lib_a-s_fabs.o)
 .bss           0x0000000040043a64        0x0 c:/opt/bcc-2.0.2-gcc/bin/../lib/gcc/sparc-gaisler-elf/7.2.0/../../../../sparc-gaisler-elf/lib/leon/mfix-at697f\libm.a(lib_a-s_floor.o)
 .bss           0x0000000040043a64        0x0 c:/opt/bcc-2.0.2-gcc/bin/../lib/gcc/sparc-gaisler-elf/7.2.0/../../../../sparc-gaisler-elf/lib/leon/mfix-at697f\libm.a(lib_a-s_sin.o)
 .bss           0x0000000040043a64        0x0 c:/opt/bcc-2.0.2-gcc/bin/../lib/gcc/sparc-gaisler-elf/7.2.0/../../../../sparc-gaisler-elf/lib/leon/mfix-at697f\libm.a(lib_a-s_tan.o)
 .bss           0x0000000040043a64        0x0 c:/opt/bcc-2.0.2-gcc/bin/../lib/gcc/sparc-gaisler-elf/7.2.0/../../../../sparc-gaisler-elf/lib/leon/mfix-at697f\libm.a(lib_a-w_acos.o)
 .bss           0x0000000040043a64        0x0 c:/opt/bcc-2.0.2-gcc/bin/../lib/gcc/sparc-gaisler-elf/7.2.0/../../../../sparc-gaisler-elf/lib/leon/mfix-at697f\libm.a(lib_a-w_atan2.o)
 .bss           0x0000000040043a64        0x0 c:/opt/bcc-2.0.2-gcc/bin/../lib/gcc/sparc-gaisler-elf/7.2.0/../../../../sparc-gaisler-elf/lib/leon/mfix-at697f\libm.a(lib_a-w_fmod.o)
 .bss           0x0000000040043a64        0x0 c:/opt/bcc-2.0.2-gcc/bin/../lib/gcc/sparc-gaisler-elf/7.2.0/../../../../sparc-gaisler-elf/lib/leon/mfix-at697f\libm.a(lib_a-w_pow.o)
 .bss           0x0000000040043a64        0x0 c:/opt/bcc-2.0.2-gcc/bin/../lib/gcc/sparc-gaisler-elf/7.2.0/../../../../sparc-gaisler-elf/lib/leon/mfix-at697f\libm.a(lib_a-w_sqrt.o)
 .bss           0x0000000040043a64        0x0 c:/opt/bcc-2.0.2-gcc/bin/../lib/gcc/sparc-gaisler-elf/7.2.0/../../../../sparc-gaisler-elf/lib/leon/mfix-at697f\libm.a(lib_a-e_acos.o)
 .bss           0x0000000040043a64        0x0 c:/opt/bcc-2.0.2-gcc/bin/../lib/gcc/sparc-gaisler-elf/7.2.0/../../../../sparc-gaisler-elf/lib/leon/mfix-at697f\libm.a(lib_a-e_atan2.o)
 .bss           0x0000000040043a64        0x0 c:/opt/bcc-2.0.2-gcc/bin/../lib/gcc/sparc-gaisler-elf/7.2.0/../../../../sparc-gaisler-elf/lib/leon/mfix-at697f\libm.a(lib_a-e_fmod.o)
 .bss           0x0000000040043a64        0x0 c:/opt/bcc-2.0.2-gcc/bin/../lib/gcc/sparc-gaisler-elf/7.2.0/../../../../sparc-gaisler-elf/lib/leon/mfix-at697f\libm.a(lib_a-e_pow.o)
 .bss           0x0000000040043a64        0x0 c:/opt/bcc-2.0.2-gcc/bin/../lib/gcc/sparc-gaisler-elf/7.2.0/../../../../sparc-gaisler-elf/lib/leon/mfix-at697f\libm.a(lib_a-e_rem_pio2.o)
 .bss           0x0000000040043a64        0x0 c:/opt/bcc-2.0.2-gcc/bin/../lib/gcc/sparc-gaisler-elf/7.2.0/../../../../sparc-gaisler-elf/lib/leon/mfix-at697f\libm.a(lib_a-e_sqrt.o)
 .bss           0x0000000040043a64        0x0 c:/opt/bcc-2.0.2-gcc/bin/../lib/gcc/sparc-gaisler-elf/7.2.0/../../../../sparc-gaisler-elf/lib/leon/mfix-at697f\libm.a(lib_a-k_cos.o)
 .bss           0x0000000040043a64        0x0 c:/opt/bcc-2.0.2-gcc/bin/../lib/gcc/sparc-gaisler-elf/7.2.0/../../../../sparc-gaisler-elf/lib/leon/mfix-at697f\libm.a(lib_a-k_rem_pio2.o)
 .bss           0x0000000040043a64        0x0 c:/opt/bcc-2.0.2-gcc/bin/../lib/gcc/sparc-gaisler-elf/7.2.0/../../../../sparc-gaisler-elf/lib/leon/mfix-at697f\libm.a(lib_a-k_sin.o)
 .bss           0x0000000040043a64        0x0 c:/opt/bcc-2.0.2-gcc/bin/../lib/gcc/sparc-gaisler-elf/7.2.0/../../../../sparc-gaisler-elf/lib/leon/mfix-at697f\libm.a(lib_a-k_tan.o)
 .bss           0x0000000040043a64        0x0 c:/opt/bcc-2.0.2-gcc/bin/../lib/gcc/sparc-gaisler-elf/7.2.0/../../../../sparc-gaisler-elf/lib/leon/mfix-at697f\libm.a(lib_a-s_finite.o)
 .bss           0x0000000040043a64        0x0 c:/opt/bcc-2.0.2-gcc/bin/../lib/gcc/sparc-gaisler-elf/7.2.0/../../../../sparc-gaisler-elf/lib/leon/mfix-at697f\libm.a(lib_a-s_lib_ver.o)